This file contains any messages produced by compilers while
running configure, to aid debugging if configure makes a mistake.

It was created by libSM configure 1.2.4, which was
generated by GNU Autoconf 2.71.  Invocation command line was

  $ ./configure --prefix=/usr --libdir=/usr/lib PKG_CONFIG_PATH=/home/mearvk/IdeaProjects/Ubuntu.Determinant.Alpha.Restricted/userland/x11/_build/sysroot/usr/lib/pkgconfig:/home/mearvk/IdeaProjects/Ubuntu.Determinant.Alpha.Restricted/userland/x11/_build/sysroot/usr/lib/x86_64-linux-gnu/pkgconfig:/home/mearvk/IdeaProjects/Ubuntu.Determinant.Alpha.Restricted/userland/x11/_build/sysroot/usr/share/pkgconfig:/usr/lib/x86_64-linux-gnu/pkgconfig:/usr/lib/pkgconfig:/usr/share/pkgconfig 'CFLAGS=-I/home/mearvk/IdeaProjects/Ubuntu.Determinant.Alpha.Restricted/userland/x11/_build/sysroot/usr/include -w' 'LDFLAGS=-L/home/mearvk/IdeaProjects/Ubuntu.Determinant.Alpha.Restricted/userland/x11/_build/sysroot/usr/lib -Wl,-rpath-link,/home/mearvk/IdeaProjects/Ubuntu.Determinant.Alpha.Restricted/userland/x11/_build/sysroot/usr/lib'

## --------- ##
## Platform. ##
## --------- ##

hostname = mearvk-X900-A8800
uname -m = x86_64
uname -r = 6.8.0-136-generic
uname -s = Linux
uname -v = #136-Ubuntu SMP PREEMPT_DYNAMIC Wed Jul  1 21:53:05 UTC 2026

/usr/bin/uname -p = x86_64
/bin/uname -X     = unknown

/bin/arch              = x86_64
/usr/bin/arch -k       = unknown
/usr/convex/getsysinfo = unknown
/usr/bin/hostinfo      = unknown
/bin/machine           = unknown
/usr/bin/oslevel       = unknown
/bin/universe          = unknown

PATH: /home/mearvk/.opencode/bin/
PATH: /home/mearvk/.nvm/versions/node/v24.16.0/bin/
PATH: /home/mearvk/.cargo/bin/
PATH: /home/mearvk/.local/bin/
PATH: /usr/local/sbin/
PATH: /usr/local/bin/
PATH: /usr/sbin/
PATH: /usr/bin/
PATH: /sbin/
PATH: /bin/
PATH: /usr/games/
PATH: /usr/local/games/
PATH: /snap/bin/
PATH: /snap/bin/


## ----------- ##
## Core tests. ##
## ----------- ##

configure:2686: looking for aux files: compile config.guess config.sub ltmain.sh missing install-sh
configure:2699:  trying ./
configure:2728:   ./compile found
configure:2728:   ./config.guess found
configure:2728:   ./config.sub found
configure:2728:   ./ltmain.sh found
configure:2728:   ./missing found
configure:2710:   ./install-sh found
configure:2862: checking for a BSD-compatible install
configure:2935: result: /usr/bin/install -c
configure:2946: checking whether build environment is sane
configure:3001: result: yes
configure:3160: checking for a race-free mkdir -p
configure:3204: result: /usr/bin/mkdir -p
configure:3211: checking for gawk
configure:3246: result: no
configure:3211: checking for mawk
configure:3232: found /usr/bin/mawk
configure:3243: result: mawk
configure:3254: checking whether make sets $(MAKE)
configure:3277: result: yes
configure:3307: checking whether make supports nested variables
configure:3325: result: yes
configure:3495: checking build system type
configure:3510: result: x86_64-pc-linux-gnu
configure:3530: checking host system type
configure:3544: result: x86_64-pc-linux-gnu
configure:3585: checking how to print strings
configure:3612: result: printf
configure:3646: checking whether make supports the include directive
configure:3661: make -f confmf.GNU && cat confinc.out
make[2]: Entering directory '/home/mearvk/IdeaProjects/Ubuntu.Determinant.Alpha.Restricted/userland/x11/_build/libSM-1.2.4'
make[2]: Leaving directory '/home/mearvk/IdeaProjects/Ubuntu.Determinant.Alpha.Restricted/userland/x11/_build/libSM-1.2.4'
this is the am__doit target
configure:3664: $? = 0
configure:3683: result: yes (GNU style)
configure:3759: checking for gcc
configure:3780: found /usr/bin/gcc
configure:3791: result: gcc
configure:4144: checking for C compiler version
configure:4153: gcc --version >&5
gcc (Ubuntu 13.3.0-6ubuntu2~24.04.1) 13.3.0
Copyright (C) 2023 Free Software Foundation, Inc.
This is free software; see the source for copying conditions.  There is NO
warranty; not even for MERCHANTABILITY or FITNESS FOR A PARTICULAR PURPOSE.

configure:4164: $? = 0
configure:4153: gcc -v >&5
Using built-in specs.
COLLECT_GCC=gcc
COLLECT_LTO_WRAPPER=/usr/libexec/gcc/x86_64-linux-gnu/13/lto-wrapper
OFFLOAD_TARGET_NAMES=nvptx-none:amdgcn-amdhsa
OFFLOAD_TARGET_DEFAULT=1
Target: x86_64-linux-gnu
Configured with: ../src/configure -v --with-pkgversion='Ubuntu 13.3.0-6ubuntu2~24.04.1' --with-bugurl=file:///usr/share/doc/gcc-13/README.Bugs --enable-languages=c,ada,c++,go,d,fortran,objc,obj-c++,m2 --prefix=/usr --with-gcc-major-version-only --program-suffix=-13 --program-prefix=x86_64-linux-gnu- --enable-shared --enable-linker-build-id --libexecdir=/usr/libexec --without-included-gettext --enable-threads=posix --libdir=/usr/lib --enable-nls --enable-bootstrap --enable-clocale=gnu --enable-libstdcxx-debug --enable-libstdcxx-time=yes --with-default-libstdcxx-abi=new --enable-libstdcxx-backtrace --enable-gnu-unique-object --disable-vtable-verify --enable-plugin --enable-default-pie --with-system-zlib --enable-libphobos-checking=release --with-target-system-zlib=auto --enable-objc-gc=auto --enable-multiarch --disable-werror --enable-cet --with-arch-32=i686 --with-abi=m64 --with-multilib-list=m32,m64,mx32 --enable-multilib --with-tune=generic --enable-offload-targets=nvptx-none=/build/gcc-13-EldibY/gcc-13-13.3.0/debian/tmp-nvptx/usr,amdgcn-amdhsa=/build/gcc-13-EldibY/gcc-13-13.3.0/debian/tmp-gcn/usr --enable-offload-defaulted --without-cuda-driver --enable-checking=release --build=x86_64-linux-gnu --host=x86_64-linux-gnu --target=x86_64-linux-gnu --with-build-config=bootstrap-lto-lean --enable-link-serialization=2
Thread model: posix
Supported LTO compression algorithms: zlib zstd
gcc version 13.3.0 (Ubuntu 13.3.0-6ubuntu2~24.04.1) 
... rest of stderr output deleted ...
configure:4164: $? = 0
configure:4153: gcc -V >&5
gcc: error: unrecognized command-line option '-V'
gcc: fatal error: no input files
compilation terminated.
configure:4164: $? = 1
configure:4153: gcc -qversion >&5
gcc: error: unrecognized command-line option '-qversion'; did you mean '--version'?
gcc: fatal error: no input files
compilation terminated.
configure:4164: $? = 1
configure:4153: gcc -version >&5
gcc: error: unrecognized command-line option '-version'
gcc: fatal error: no input files
compilation terminated.
configure:4164: $? = 1
configure:4184: checking whether the C compiler works
configure:4206: gcc -I/home/mearvk/IdeaProjects/Ubuntu.Determinant.Alpha.Restricted/userland/x11/_build/sysroot/usr/include -w  -L/home/mearvk/IdeaProjects/Ubuntu.Determinant.Alpha.Restricted/userland/x11/_build/sysroot/usr/lib -Wl,-rpath-link,/home/mearvk/IdeaProjects/Ubuntu.Determinant.Alpha.Restricted/userland/x11/_build/sysroot/usr/lib conftest.c  >&5
configure:4210: $? = 0
configure:4260: result: yes
configure:4263: checking for C compiler default output file name
configure:4265: result: a.out
configure:4271: checking for suffix of executables
configure:4278: gcc -o conftest -I/home/mearvk/IdeaProjects/Ubuntu.Determinant.Alpha.Restricted/userland/x11/_build/sysroot/usr/include -w  -L/home/mearvk/IdeaProjects/Ubuntu.Determinant.Alpha.Restricted/userland/x11/_build/sysroot/usr/lib -Wl,-rpath-link,/home/mearvk/IdeaProjects/Ubuntu.Determinant.Alpha.Restricted/userland/x11/_build/sysroot/usr/lib conftest.c  >&5
configure:4282: $? = 0
configure:4305: result: 
configure:4327: checking whether we are cross compiling
configure:4335: gcc -o conftest -I/home/mearvk/IdeaProjects/Ubuntu.Determinant.Alpha.Restricted/userland/x11/_build/sysroot/usr/include -w  -L/home/mearvk/IdeaProjects/Ubuntu.Determinant.Alpha.Restricted/userland/x11/_build/sysroot/usr/lib -Wl,-rpath-link,/home/mearvk/IdeaProjects/Ubuntu.Determinant.Alpha.Restricted/userland/x11/_build/sysroot/usr/lib conftest.c  >&5
configure:4339: $? = 0
configure:4346: ./conftest
configure:4350: $? = 0
configure:4365: result: no
configure:4370: checking for suffix of object files
configure:4393: gcc -c -I/home/mearvk/IdeaProjects/Ubuntu.Determinant.Alpha.Restricted/userland/x11/_build/sysroot/usr/include -w  conftest.c >&5
configure:4397: $? = 0
configure:4419: result: o
configure:4423: checking whether the compiler supports GNU C
configure:4443: gcc -c -I/home/mearvk/IdeaProjects/Ubuntu.Determinant.Alpha.Restricted/userland/x11/_build/sysroot/usr/include -w  conftest.c >&5
configure:4443: $? = 0
configure:4453: result: yes
configure:4464: checking whether gcc accepts -g
configure:4485: gcc -c -g  conftest.c >&5
configure:4485: $? = 0
configure:4529: result: yes
configure:4549: checking for gcc option to enable C11 features
configure:4564: gcc  -c -I/home/mearvk/IdeaProjects/Ubuntu.Determinant.Alpha.Restricted/userland/x11/_build/sysroot/usr/include -w  conftest.c >&5
configure:4564: $? = 0
configure:4582: result: none needed
configure:4698: checking whether gcc understands -c and -o together
configure:4721: gcc -c conftest.c -o conftest2.o
configure:4724: $? = 0
configure:4721: gcc -c conftest.c -o conftest2.o
configure:4724: $? = 0
configure:4736: result: yes
configure:4755: checking dependency style of gcc
configure:4867: result: gcc3
configure:4882: checking for a sed that does not truncate output
configure:4952: result: /usr/bin/sed
configure:4970: checking for grep that handles long lines and -e
configure:5034: result: /usr/bin/grep
configure:5039: checking for egrep
configure:5107: result: /usr/bin/grep -E
configure:5112: checking for fgrep
configure:5180: result: /usr/bin/grep -F
configure:5216: checking for ld used by gcc
configure:5284: result: /usr/bin/ld
configure:5291: checking if the linker (/usr/bin/ld) is GNU ld
configure:5307: result: yes
configure:5319: checking for BSD- or MS-compatible name lister (nm)
configure:5374: result: /usr/bin/nm -B
configure:5514: checking the name lister (/usr/bin/nm -B) interface
configure:5522: gcc -c -I/home/mearvk/IdeaProjects/Ubuntu.Determinant.Alpha.Restricted/userland/x11/_build/sysroot/usr/include -w  conftest.c >&5
configure:5525: /usr/bin/nm -B "conftest.o"
configure:5528: output
0000000000000000 B some_variable
configure:5535: result: BSD nm
configure:5538: checking whether ln -s works
configure:5542: result: yes
configure:5550: checking the maximum length of command line arguments
configure:5682: result: 1572864
configure:5730: checking how to convert x86_64-pc-linux-gnu file names to x86_64-pc-linux-gnu format
configure:5771: result: func_convert_file_noop
configure:5778: checking how to convert x86_64-pc-linux-gnu file names to toolchain format
configure:5799: result: func_convert_file_noop
configure:5806: checking for /usr/bin/ld option to reload object files
configure:5814: result: -r
configure:5893: checking for file
configure:5914: found /usr/bin/file
configure:5925: result: file
configure:6001: checking for objdump
configure:6022: found /usr/bin/objdump
configure:6033: result: objdump
configure:6065: checking how to recognize dependent libraries
configure:6266: result: pass_all
configure:6356: checking for dlltool
configure:6391: result: no
configure:6421: checking how to associate runtime and link libraries
configure:6449: result: printf %s\n
configure:6515: checking for ar
configure:6536: found /usr/bin/ar
configure:6547: result: ar
configure:6600: checking for archiver @FILE support
configure:6618: gcc -c -I/home/mearvk/IdeaProjects/Ubuntu.Determinant.Alpha.Restricted/userland/x11/_build/sysroot/usr/include -w  conftest.c >&5
configure:6618: $? = 0
configure:6622: ar cr libconftest.a @conftest.lst >&5
configure:6625: $? = 0
configure:6630: ar cr libconftest.a @conftest.lst >&5
ar: conftest.o: No such file or directory
configure:6633: $? = 1
configure:6645: result: @
configure:6708: checking for strip
configure:6729: found /usr/bin/strip
configure:6740: result: strip
configure:6817: checking for ranlib
configure:6838: found /usr/bin/ranlib
configure:6849: result: ranlib
configure:6951: checking command to parse /usr/bin/nm -B output from gcc object
configure:7105: gcc -c -I/home/mearvk/IdeaProjects/Ubuntu.Determinant.Alpha.Restricted/userland/x11/_build/sysroot/usr/include -w  conftest.c >&5
configure:7108: $? = 0
configure:7112: /usr/bin/nm -B conftest.o \| /usr/bin/sed -n -e 's/^.*[ ]\([ABCDGIRSTW][ABCDGIRSTW]*\)[ ][ ]*\([_A-Za-z][_A-Za-z0-9]*\)$/\1 \2 \2/p' | /usr/bin/sed '/ __gnu_lto/d' \> conftest.nm
configure:7115: $? = 0
configure:7181: gcc -o conftest -I/home/mearvk/IdeaProjects/Ubuntu.Determinant.Alpha.Restricted/userland/x11/_build/sysroot/usr/include -w  -L/home/mearvk/IdeaProjects/Ubuntu.Determinant.Alpha.Restricted/userland/x11/_build/sysroot/usr/lib -Wl,-rpath-link,/home/mearvk/IdeaProjects/Ubuntu.Determinant.Alpha.Restricted/userland/x11/_build/sysroot/usr/lib conftest.c conftstm.o >&5
configure:7184: $? = 0
configure:7222: result: ok
configure:7269: checking for sysroot
configure:7300: result: no
configure:7307: checking for a working dd
configure:7351: result: /usr/bin/dd
configure:7355: checking how to truncate binary pipes
configure:7371: result: /usr/bin/dd bs=4096 count=1
configure:7508: gcc -c -I/home/mearvk/IdeaProjects/Ubuntu.Determinant.Alpha.Restricted/userland/x11/_build/sysroot/usr/include -w  conftest.c >&5
configure:7511: $? = 0
configure:7708: checking for mt
configure:7729: found /usr/bin/mt
configure:7740: result: mt
configure:7763: checking if mt is a manifest tool
configure:7770: mt '-?'
configure:7778: result: no
configure:8503: checking for stdio.h
configure:8503: gcc -c -I/home/mearvk/IdeaProjects/Ubuntu.Determinant.Alpha.Restricted/userland/x11/_build/sysroot/usr/include -w  conftest.c >&5
configure:8503: $? = 0
configure:8503: result: yes
configure:8503: checking for stdlib.h
configure:8503: gcc -c -I/home/mearvk/IdeaProjects/Ubuntu.Determinant.Alpha.Restricted/userland/x11/_build/sysroot/usr/include -w  conftest.c >&5
configure:8503: $? = 0
configure:8503: result: yes
configure:8503: checking for string.h
configure:8503: gcc -c -I/home/mearvk/IdeaProjects/Ubuntu.Determinant.Alpha.Restricted/userland/x11/_build/sysroot/usr/include -w  conftest.c >&5
configure:8503: $? = 0
configure:8503: result: yes
configure:8503: checking for inttypes.h
configure:8503: gcc -c -I/home/mearvk/IdeaProjects/Ubuntu.Determinant.Alpha.Restricted/userland/x11/_build/sysroot/usr/include -w  conftest.c >&5
configure:8503: $? = 0
configure:8503: result: yes
configure:8503: checking for stdint.h
configure:8503: gcc -c -I/home/mearvk/IdeaProjects/Ubuntu.Determinant.Alpha.Restricted/userland/x11/_build/sysroot/usr/include -w  conftest.c >&5
configure:8503: $? = 0
configure:8503: result: yes
configure:8503: checking for strings.h
configure:8503: gcc -c -I/home/mearvk/IdeaProjects/Ubuntu.Determinant.Alpha.Restricted/userland/x11/_build/sysroot/usr/include -w  conftest.c >&5
configure:8503: $? = 0
configure:8503: result: yes
configure:8503: checking for sys/stat.h
configure:8503: gcc -c -I/home/mearvk/IdeaProjects/Ubuntu.Determinant.Alpha.Restricted/userland/x11/_build/sysroot/usr/include -w  conftest.c >&5
configure:8503: $? = 0
configure:8503: result: yes
configure:8503: checking for sys/types.h
configure:8503: gcc -c -I/home/mearvk/IdeaProjects/Ubuntu.Determinant.Alpha.Restricted/userland/x11/_build/sysroot/usr/include -w  conftest.c >&5
configure:8503: $? = 0
configure:8503: result: yes
configure:8503: checking for unistd.h
configure:8503: gcc -c -I/home/mearvk/IdeaProjects/Ubuntu.Determinant.Alpha.Restricted/userland/x11/_build/sysroot/usr/include -w  conftest.c >&5
configure:8503: $? = 0
configure:8503: result: yes
configure:8528: checking for dlfcn.h
configure:8528: gcc -c -I/home/mearvk/IdeaProjects/Ubuntu.Determinant.Alpha.Restricted/userland/x11/_build/sysroot/usr/include -w  conftest.c >&5
configure:8528: $? = 0
configure:8528: result: yes
configure:8787: checking for objdir
configure:8803: result: .libs
configure:9063: checking if gcc supports -fno-rtti -fno-exceptions
configure:9082: gcc -c -I/home/mearvk/IdeaProjects/Ubuntu.Determinant.Alpha.Restricted/userland/x11/_build/sysroot/usr/include -w  -fno-rtti -fno-exceptions conftest.c >&5
configure:9086: $? = 0
configure:9099: result: yes
configure:9457: checking for gcc option to produce PIC
configure:9465: result: -fPIC -DPIC
configure:9473: checking if gcc PIC flag -fPIC -DPIC works
configure:9492: gcc -c -I/home/mearvk/IdeaProjects/Ubuntu.Determinant.Alpha.Restricted/userland/x11/_build/sysroot/usr/include -w  -fPIC -DPIC -DPIC conftest.c >&5
configure:9496: $? = 0
configure:9509: result: yes
configure:9538: checking if gcc static flag -static works
configure:9567: result: yes
configure:9582: checking if gcc supports -c -o file.o
configure:9604: gcc -c -I/home/mearvk/IdeaProjects/Ubuntu.Determinant.Alpha.Restricted/userland/x11/_build/sysroot/usr/include -w  -o out/conftest2.o conftest.c >&5
configure:9608: $? = 0
configure:9630: result: yes
configure:9638: checking if gcc supports -c -o file.o
configure:9686: result: yes
configure:9719: checking whether the gcc linker (/usr/bin/ld -m elf_x86_64) supports shared libraries
configure:10987: result: yes
configure:11024: checking whether -lc should be explicitly linked in
configure:11033: gcc -c -I/home/mearvk/IdeaProjects/Ubuntu.Determinant.Alpha.Restricted/userland/x11/_build/sysroot/usr/include -w  conftest.c >&5
configure:11036: $? = 0
configure:11051: gcc -shared  -fPIC -DPIC conftest.o  -v -Wl,-soname -Wl,conftest -o conftest 2\>\&1 \| /usr/bin/grep  -lc  \>/dev/null 2\>\&1
configure:11054: $? = 0
configure:11068: result: no
configure:11228: checking dynamic linker characteristics
configure:11810: gcc -o conftest -I/home/mearvk/IdeaProjects/Ubuntu.Determinant.Alpha.Restricted/userland/x11/_build/sysroot/usr/include -w  -L/home/mearvk/IdeaProjects/Ubuntu.Determinant.Alpha.Restricted/userland/x11/_build/sysroot/usr/lib -Wl,-rpath-link,/home/mearvk/IdeaProjects/Ubuntu.Determinant.Alpha.Restricted/userland/x11/_build/sysroot/usr/lib -Wl,-rpath -Wl,/foo conftest.c  >&5
configure:11810: $? = 0
configure:12049: result: GNU/Linux ld.so
configure:12171: checking how to hardcode library paths into programs
configure:12196: result: immediate
configure:12748: checking whether stripping libraries is possible
configure:12757: result: yes
configure:12799: checking if libtool supports shared libraries
configure:12801: result: yes
configure:12804: checking whether to build shared libraries
configure:12829: result: yes
configure:12832: checking whether to build static libraries
configure:12836: result: yes
configure:12887: checking for gcc options needed to detect all undeclared functions
configure:12909: gcc -c -I/home/mearvk/IdeaProjects/Ubuntu.Determinant.Alpha.Restricted/userland/x11/_build/sysroot/usr/include -w   conftest.c >&5
conftest.c: In function 'main':
conftest.c:27:8: error: 'strchr' undeclared (first use in this function)
   27 | (void) strchr;
      |        ^~~~~~
conftest.c:1:1: note: 'strchr' is defined in header '<string.h>'; did you forget to '#include <string.h>'?
    1 | /* confdefs.h */
conftest.c:27:8: note: each undeclared identifier is reported only once for each function it appears in
   27 | (void) strchr;
      |        ^~~~~~
configure:12909: $? = 1
configure: failed program was:
| /* confdefs.h */
| #define PACKAGE_NAME "libSM"
| #define PACKAGE_TARNAME "libSM"
| #define PACKAGE_VERSION "1.2.4"
| #define PACKAGE_STRING "libSM 1.2.4"
| #define PACKAGE_BUGREPORT "https://gitlab.freedesktop.org/xorg/lib/libsm/-/issues"
| #define PACKAGE_URL ""
| #define PACKAGE "libSM"
| #define VERSION "1.2.4"
| #define HAVE_STDIO_H 1
| #define HAVE_STDLIB_H 1
| #define HAVE_STRING_H 1
| #define HAVE_INTTYPES_H 1
| #define HAVE_STDINT_H 1
| #define HAVE_STRINGS_H 1
| #define HAVE_SYS_STAT_H 1
| #define HAVE_SYS_TYPES_H 1
| #define HAVE_UNISTD_H 1
| #define STDC_HEADERS 1
| #define HAVE_DLFCN_H 1
| #define LT_OBJDIR ".libs/"
| /* end confdefs.h.  */
| 
| int
| main (void)
| {
| (void) strchr;
|   ;
|   return 0;
| }
configure:12936: gcc -c -I/home/mearvk/IdeaProjects/Ubuntu.Determinant.Alpha.Restricted/userland/x11/_build/sysroot/usr/include -w   conftest.c >&5
configure:12936: $? = 0
configure:12953: result: none needed
configure:12971: checking whether __clang__ is declared
configure:12971: gcc -c -I/home/mearvk/IdeaProjects/Ubuntu.Determinant.Alpha.Restricted/userland/x11/_build/sysroot/usr/include -w   conftest.c >&5
conftest.c: In function 'main':
conftest.c:58:10: error: '__clang__' undeclared (first use in this function)
   58 |   (void) __clang__;
      |          ^~~~~~~~~
conftest.c:58:10: note: each undeclared identifier is reported only once for each function it appears in
configure:12971: $? = 1
configure: failed program was:
| /* confdefs.h */
| #define PACKAGE_NAME "libSM"
| #define PACKAGE_TARNAME "libSM"
| #define PACKAGE_VERSION "1.2.4"
| #define PACKAGE_STRING "libSM 1.2.4"
| #define PACKAGE_BUGREPORT "https://gitlab.freedesktop.org/xorg/lib/libsm/-/issues"
| #define PACKAGE_URL ""
| #define PACKAGE "libSM"
| #define VERSION "1.2.4"
| #define HAVE_STDIO_H 1
| #define HAVE_STDLIB_H 1
| #define HAVE_STRING_H 1
| #define HAVE_INTTYPES_H 1
| #define HAVE_STDINT_H 1
| #define HAVE_STRINGS_H 1
| #define HAVE_SYS_STAT_H 1
| #define HAVE_SYS_TYPES_H 1
| #define HAVE_UNISTD_H 1
| #define STDC_HEADERS 1
| #define HAVE_DLFCN_H 1
| #define LT_OBJDIR ".libs/"
| /* end confdefs.h.  */
| #include <stddef.h>
| #ifdef HAVE_STDIO_H
| # include <stdio.h>
| #endif
| #ifdef HAVE_STDLIB_H
| # include <stdlib.h>
| #endif
| #ifdef HAVE_STRING_H
| # include <string.h>
| #endif
| #ifdef HAVE_INTTYPES_H
| # include <inttypes.h>
| #endif
| #ifdef HAVE_STDINT_H
| # include <stdint.h>
| #endif
| #ifdef HAVE_STRINGS_H
| # include <strings.h>
| #endif
| #ifdef HAVE_SYS_TYPES_H
| # include <sys/types.h>
| #endif
| #ifdef HAVE_SYS_STAT_H
| # include <sys/stat.h>
| #endif
| #ifdef HAVE_UNISTD_H
| # include <unistd.h>
| #endif
| int
| main (void)
| {
| #ifndef __clang__
| #ifdef __cplusplus
|   (void) __clang__;
| #else
|   (void) __clang__;
| #endif
| #endif
| 
|   ;
|   return 0;
| }
configure:12971: result: no
configure:12978: checking whether __INTEL_COMPILER is declared
configure:12978: gcc -c -I/home/mearvk/IdeaProjects/Ubuntu.Determinant.Alpha.Restricted/userland/x11/_build/sysroot/usr/include -w   conftest.c >&5
conftest.c: In function 'main':
conftest.c:58:10: error: '__INTEL_COMPILER' undeclared (first use in this function)
   58 |   (void) __INTEL_COMPILER;
      |          ^~~~~~~~~~~~~~~~
conftest.c:58:10: note: each undeclared identifier is reported only once for each function it appears in
configure:12978: $? = 1
configure: failed program was:
| /* confdefs.h */
| #define PACKAGE_NAME "libSM"
| #define PACKAGE_TARNAME "libSM"
| #define PACKAGE_VERSION "1.2.4"
| #define PACKAGE_STRING "libSM 1.2.4"
| #define PACKAGE_BUGREPORT "https://gitlab.freedesktop.org/xorg/lib/libsm/-/issues"
| #define PACKAGE_URL ""
| #define PACKAGE "libSM"
| #define VERSION "1.2.4"
| #define HAVE_STDIO_H 1
| #define HAVE_STDLIB_H 1
| #define HAVE_STRING_H 1
| #define HAVE_INTTYPES_H 1
| #define HAVE_STDINT_H 1
| #define HAVE_STRINGS_H 1
| #define HAVE_SYS_STAT_H 1
| #define HAVE_SYS_TYPES_H 1
| #define HAVE_UNISTD_H 1
| #define STDC_HEADERS 1
| #define HAVE_DLFCN_H 1
| #define LT_OBJDIR ".libs/"
| /* end confdefs.h.  */
| #include <stddef.h>
| #ifdef HAVE_STDIO_H
| # include <stdio.h>
| #endif
| #ifdef HAVE_STDLIB_H
| # include <stdlib.h>
| #endif
| #ifdef HAVE_STRING_H
| # include <string.h>
| #endif
| #ifdef HAVE_INTTYPES_H
| # include <inttypes.h>
| #endif
| #ifdef HAVE_STDINT_H
| # include <stdint.h>
| #endif
| #ifdef HAVE_STRINGS_H
| # include <strings.h>
| #endif
| #ifdef HAVE_SYS_TYPES_H
| # include <sys/types.h>
| #endif
| #ifdef HAVE_SYS_STAT_H
| # include <sys/stat.h>
| #endif
| #ifdef HAVE_UNISTD_H
| # include <unistd.h>
| #endif
| int
| main (void)
| {
| #ifndef __INTEL_COMPILER
| #ifdef __cplusplus
|   (void) __INTEL_COMPILER;
| #else
|   (void) __INTEL_COMPILER;
| #endif
| #endif
| 
|   ;
|   return 0;
| }
configure:12978: result: no
configure:12985: checking whether __SUNPRO_C is declared
configure:12985: gcc -c -I/home/mearvk/IdeaProjects/Ubuntu.Determinant.Alpha.Restricted/userland/x11/_build/sysroot/usr/include -w   conftest.c >&5
conftest.c: In function 'main':
conftest.c:58:10: error: '__SUNPRO_C' undeclared (first use in this function)
   58 |   (void) __SUNPRO_C;
      |          ^~~~~~~~~~
conftest.c:58:10: note: each undeclared identifier is reported only once for each function it appears in
configure:12985: $? = 1
configure: failed program was:
| /* confdefs.h */
| #define PACKAGE_NAME "libSM"
| #define PACKAGE_TARNAME "libSM"
| #define PACKAGE_VERSION "1.2.4"
| #define PACKAGE_STRING "libSM 1.2.4"
| #define PACKAGE_BUGREPORT "https://gitlab.freedesktop.org/xorg/lib/libsm/-/issues"
| #define PACKAGE_URL ""
| #define PACKAGE "libSM"
| #define VERSION "1.2.4"
| #define HAVE_STDIO_H 1
| #define HAVE_STDLIB_H 1
| #define HAVE_STRING_H 1
| #define HAVE_INTTYPES_H 1
| #define HAVE_STDINT_H 1
| #define HAVE_STRINGS_H 1
| #define HAVE_SYS_STAT_H 1
| #define HAVE_SYS_TYPES_H 1
| #define HAVE_UNISTD_H 1
| #define STDC_HEADERS 1
| #define HAVE_DLFCN_H 1
| #define LT_OBJDIR ".libs/"
| /* end confdefs.h.  */
| #include <stddef.h>
| #ifdef HAVE_STDIO_H
| # include <stdio.h>
| #endif
| #ifdef HAVE_STDLIB_H
| # include <stdlib.h>
| #endif
| #ifdef HAVE_STRING_H
| # include <string.h>
| #endif
| #ifdef HAVE_INTTYPES_H
| # include <inttypes.h>
| #endif
| #ifdef HAVE_STDINT_H
| # include <stdint.h>
| #endif
| #ifdef HAVE_STRINGS_H
| # include <strings.h>
| #endif
| #ifdef HAVE_SYS_TYPES_H
| # include <sys/types.h>
| #endif
| #ifdef HAVE_SYS_STAT_H
| # include <sys/stat.h>
| #endif
| #ifdef HAVE_UNISTD_H
| # include <unistd.h>
| #endif
| int
| main (void)
| {
| #ifndef __SUNPRO_C
| #ifdef __cplusplus
|   (void) __SUNPRO_C;
| #else
|   (void) __SUNPRO_C;
| #endif
| #endif
| 
|   ;
|   return 0;
| }
configure:12985: result: no
configure:13052: checking for pkg-config
configure:13075: found /usr/bin/pkg-config
configure:13087: result: /usr/bin/pkg-config
configure:13112: checking pkg-config is at least version 0.9.0
configure:13115: result: yes
configure:13165: checking if gcc supports -Werror=unknown-warning-option
configure:13175: gcc -c -I/home/mearvk/IdeaProjects/Ubuntu.Determinant.Alpha.Restricted/userland/x11/_build/sysroot/usr/include -w -Werror=unknown-warning-option  conftest.c >&5
cc1: error: '-Werror=unknown-warning-option': no option '-Wunknown-warning-option'
configure:13175: $? = 1
configure: failed program was:
| /* confdefs.h */
| #define PACKAGE_NAME "libSM"
| #define PACKAGE_TARNAME "libSM"
| #define PACKAGE_VERSION "1.2.4"
| #define PACKAGE_STRING "libSM 1.2.4"
| #define PACKAGE_BUGREPORT "https://gitlab.freedesktop.org/xorg/lib/libsm/-/issues"
| #define PACKAGE_URL ""
| #define PACKAGE "libSM"
| #define VERSION "1.2.4"
| #define HAVE_STDIO_H 1
| #define HAVE_STDLIB_H 1
| #define HAVE_STRING_H 1
| #define HAVE_INTTYPES_H 1
| #define HAVE_STDINT_H 1
| #define HAVE_STRINGS_H 1
| #define HAVE_SYS_STAT_H 1
| #define HAVE_SYS_TYPES_H 1
| #define HAVE_UNISTD_H 1
| #define STDC_HEADERS 1
| #define HAVE_DLFCN_H 1
| #define LT_OBJDIR ".libs/"
| /* end confdefs.h.  */
| int i;
configure:13183: result: no
configure:13194: checking if gcc supports -Werror=unused-command-line-argument
configure:13204: gcc -c -I/home/mearvk/IdeaProjects/Ubuntu.Determinant.Alpha.Restricted/userland/x11/_build/sysroot/usr/include -w -Werror=unused-command-line-argument  conftest.c >&5
cc1: error: '-Werror=unused-command-line-argument': no option '-Wunused-command-line-argument'; did you mean '-Wunused-dummy-argument'?
configure:13204: $? = 1
configure: failed program was:
| /* confdefs.h */
| #define PACKAGE_NAME "libSM"
| #define PACKAGE_TARNAME "libSM"
| #define PACKAGE_VERSION "1.2.4"
| #define PACKAGE_STRING "libSM 1.2.4"
| #define PACKAGE_BUGREPORT "https://gitlab.freedesktop.org/xorg/lib/libsm/-/issues"
| #define PACKAGE_URL ""
| #define PACKAGE "libSM"
| #define VERSION "1.2.4"
| #define HAVE_STDIO_H 1
| #define HAVE_STDLIB_H 1
| #define HAVE_STRING_H 1
| #define HAVE_INTTYPES_H 1
| #define HAVE_STDINT_H 1
| #define HAVE_STRINGS_H 1
| #define HAVE_SYS_STAT_H 1
| #define HAVE_SYS_TYPES_H 1
| #define HAVE_UNISTD_H 1
| #define STDC_HEADERS 1
| #define HAVE_DLFCN_H 1
| #define LT_OBJDIR ".libs/"
| /* end confdefs.h.  */
| int i;
configure:13212: result: no
configure:13231: checking if gcc supports -Wall
configure:13249: gcc -o conftest -I/home/mearvk/IdeaProjects/Ubuntu.Determinant.Alpha.Restricted/userland/x11/_build/sysroot/usr/include -w -Wall  -L/home/mearvk/IdeaProjects/Ubuntu.Determinant.Alpha.Restricted/userland/x11/_build/sysroot/usr/lib -Wl,-rpath-link,/home/mearvk/IdeaProjects/Ubuntu.Determinant.Alpha.Restricted/userland/x11/_build/sysroot/usr/lib conftest.c  >&5
configure:13249: $? = 0
configure:13263: result: yes
configure:13355: checking if gcc supports -Wpointer-arith
configure:13373: gcc -o conftest -I/home/mearvk/IdeaProjects/Ubuntu.Determinant.Alpha.Restricted/userland/x11/_build/sysroot/usr/include -w -Wpointer-arith  -L/home/mearvk/IdeaProjects/Ubuntu.Determinant.Alpha.Restricted/userland/x11/_build/sysroot/usr/lib -Wl,-rpath-link,/home/mearvk/IdeaProjects/Ubuntu.Determinant.Alpha.Restricted/userland/x11/_build/sysroot/usr/lib conftest.c  >&5
configure:13373: $? = 0
configure:13387: result: yes
configure:13479: checking if gcc supports -Wmissing-declarations
configure:13497: gcc -o conftest -I/home/mearvk/IdeaProjects/Ubuntu.Determinant.Alpha.Restricted/userland/x11/_build/sysroot/usr/include -w -Wmissing-declarations  -L/home/mearvk/IdeaProjects/Ubuntu.Determinant.Alpha.Restricted/userland/x11/_build/sysroot/usr/lib -Wl,-rpath-link,/home/mearvk/IdeaProjects/Ubuntu.Determinant.Alpha.Restricted/userland/x11/_build/sysroot/usr/lib conftest.c  >&5
configure:13497: $? = 0
configure:13511: result: yes
configure:13603: checking if gcc supports -Wformat=2
configure:13621: gcc -o conftest -I/home/mearvk/IdeaProjects/Ubuntu.Determinant.Alpha.Restricted/userland/x11/_build/sysroot/usr/include -w -Wformat=2  -L/home/mearvk/IdeaProjects/Ubuntu.Determinant.Alpha.Restricted/userland/x11/_build/sysroot/usr/lib -Wl,-rpath-link,/home/mearvk/IdeaProjects/Ubuntu.Determinant.Alpha.Restricted/userland/x11/_build/sysroot/usr/lib conftest.c  >&5
configure:13621: $? = 0
configure:13635: result: yes
configure:13780: checking if gcc supports -Wstrict-prototypes
configure:13798: gcc -o conftest -I/home/mearvk/IdeaProjects/Ubuntu.Determinant.Alpha.Restricted/userland/x11/_build/sysroot/usr/include -w -Wstrict-prototypes  -L/home/mearvk/IdeaProjects/Ubuntu.Determinant.Alpha.Restricted/userland/x11/_build/sysroot/usr/lib -Wl,-rpath-link,/home/mearvk/IdeaProjects/Ubuntu.Determinant.Alpha.Restricted/userland/x11/_build/sysroot/usr/lib conftest.c  >&5
configure:13798: $? = 0
configure:13812: result: yes
configure:13904: checking if gcc supports -Wmissing-prototypes
configure:13922: gcc -o conftest -I/home/mearvk/IdeaProjects/Ubuntu.Determinant.Alpha.Restricted/userland/x11/_build/sysroot/usr/include -w -Wmissing-prototypes  -L/home/mearvk/IdeaProjects/Ubuntu.Determinant.Alpha.Restricted/userland/x11/_build/sysroot/usr/lib -Wl,-rpath-link,/home/mearvk/IdeaProjects/Ubuntu.Determinant.Alpha.Restricted/userland/x11/_build/sysroot/usr/lib conftest.c  >&5
configure:13922: $? = 0
configure:13936: result: yes
configure:14028: checking if gcc supports -Wnested-externs
configure:14046: gcc -o conftest -I/home/mearvk/IdeaProjects/Ubuntu.Determinant.Alpha.Restricted/userland/x11/_build/sysroot/usr/include -w -Wnested-externs  -L/home/mearvk/IdeaProjects/Ubuntu.Determinant.Alpha.Restricted/userland/x11/_build/sysroot/usr/lib -Wl,-rpath-link,/home/mearvk/IdeaProjects/Ubuntu.Determinant.Alpha.Restricted/userland/x11/_build/sysroot/usr/lib conftest.c  >&5
configure:14046: $? = 0
configure:14060: result: yes
configure:14152: checking if gcc supports -Wbad-function-cast
configure:14170: gcc -o conftest -I/home/mearvk/IdeaProjects/Ubuntu.Determinant.Alpha.Restricted/userland/x11/_build/sysroot/usr/include -w -Wbad-function-cast  -L/home/mearvk/IdeaProjects/Ubuntu.Determinant.Alpha.Restricted/userland/x11/_build/sysroot/usr/lib -Wl,-rpath-link,/home/mearvk/IdeaProjects/Ubuntu.Determinant.Alpha.Restricted/userland/x11/_build/sysroot/usr/lib conftest.c  >&5
configure:14170: $? = 0
configure:14184: result: yes
configure:14276: checking if gcc supports -Wold-style-definition
configure:14294: gcc -o conftest -I/home/mearvk/IdeaProjects/Ubuntu.Determinant.Alpha.Restricted/userland/x11/_build/sysroot/usr/include -w -Wold-style-definition  -L/home/mearvk/IdeaProjects/Ubuntu.Determinant.Alpha.Restricted/userland/x11/_build/sysroot/usr/lib -Wl,-rpath-link,/home/mearvk/IdeaProjects/Ubuntu.Determinant.Alpha.Restricted/userland/x11/_build/sysroot/usr/lib conftest.c  >&5
configure:14294: $? = 0
configure:14308: result: yes
configure:14451: checking if gcc supports -Wdeclaration-after-statement
configure:14469: gcc -o conftest -I/home/mearvk/IdeaProjects/Ubuntu.Determinant.Alpha.Restricted/userland/x11/_build/sysroot/usr/include -w -Wdeclaration-after-statement  -L/home/mearvk/IdeaProjects/Ubuntu.Determinant.Alpha.Restricted/userland/x11/_build/sysroot/usr/lib -Wl,-rpath-link,/home/mearvk/IdeaProjects/Ubuntu.Determinant.Alpha.Restricted/userland/x11/_build/sysroot/usr/lib conftest.c  >&5
configure:14469: $? = 0
configure:14483: result: yes
configure:14579: checking if gcc supports -Wunused
configure:14597: gcc -o conftest -I/home/mearvk/IdeaProjects/Ubuntu.Determinant.Alpha.Restricted/userland/x11/_build/sysroot/usr/include -w -Wunused  -L/home/mearvk/IdeaProjects/Ubuntu.Determinant.Alpha.Restricted/userland/x11/_build/sysroot/usr/lib -Wl,-rpath-link,/home/mearvk/IdeaProjects/Ubuntu.Determinant.Alpha.Restricted/userland/x11/_build/sysroot/usr/lib conftest.c  >&5
configure:14597: $? = 0
configure:14611: result: yes
configure:14703: checking if gcc supports -Wuninitialized
configure:14721: gcc -o conftest -I/home/mearvk/IdeaProjects/Ubuntu.Determinant.Alpha.Restricted/userland/x11/_build/sysroot/usr/include -w -Wuninitialized  -L/home/mearvk/IdeaProjects/Ubuntu.Determinant.Alpha.Restricted/userland/x11/_build/sysroot/usr/lib -Wl,-rpath-link,/home/mearvk/IdeaProjects/Ubuntu.Determinant.Alpha.Restricted/userland/x11/_build/sysroot/usr/lib conftest.c  >&5
configure:14721: $? = 0
configure:14735: result: yes
configure:14827: checking if gcc supports -Wshadow
configure:14845: gcc -o conftest -I/home/mearvk/IdeaProjects/Ubuntu.Determinant.Alpha.Restricted/userland/x11/_build/sysroot/usr/include -w -Wshadow  -L/home/mearvk/IdeaProjects/Ubuntu.Determinant.Alpha.Restricted/userland/x11/_build/sysroot/usr/lib -Wl,-rpath-link,/home/mearvk/IdeaProjects/Ubuntu.Determinant.Alpha.Restricted/userland/x11/_build/sysroot/usr/lib conftest.c  >&5
configure:14845: $? = 0
configure:14859: result: yes
configure:14951: checking if gcc supports -Wmissing-noreturn
configure:14969: gcc -o conftest -I/home/mearvk/IdeaProjects/Ubuntu.Determinant.Alpha.Restricted/userland/x11/_build/sysroot/usr/include -w -Wmissing-noreturn  -L/home/mearvk/IdeaProjects/Ubuntu.Determinant.Alpha.Restricted/userland/x11/_build/sysroot/usr/lib -Wl,-rpath-link,/home/mearvk/IdeaProjects/Ubuntu.Determinant.Alpha.Restricted/userland/x11/_build/sysroot/usr/lib conftest.c  >&5
configure:14969: $? = 0
configure:14983: result: yes
configure:15075: checking if gcc supports -Wmissing-format-attribute
configure:15093: gcc -o conftest -I/home/mearvk/IdeaProjects/Ubuntu.Determinant.Alpha.Restricted/userland/x11/_build/sysroot/usr/include -w -Wmissing-format-attribute  -L/home/mearvk/IdeaProjects/Ubuntu.Determinant.Alpha.Restricted/userland/x11/_build/sysroot/usr/lib -Wl,-rpath-link,/home/mearvk/IdeaProjects/Ubuntu.Determinant.Alpha.Restricted/userland/x11/_build/sysroot/usr/lib conftest.c  >&5
configure:15093: $? = 0
configure:15107: result: yes
configure:15199: checking if gcc supports -Wredundant-decls
configure:15217: gcc -o conftest -I/home/mearvk/IdeaProjects/Ubuntu.Determinant.Alpha.Restricted/userland/x11/_build/sysroot/usr/include -w -Wredundant-decls  -L/home/mearvk/IdeaProjects/Ubuntu.Determinant.Alpha.Restricted/userland/x11/_build/sysroot/usr/lib -Wl,-rpath-link,/home/mearvk/IdeaProjects/Ubuntu.Determinant.Alpha.Restricted/userland/x11/_build/sysroot/usr/lib conftest.c  >&5
configure:15217: $? = 0
configure:15231: result: yes
configure:15323: checking if gcc supports -Wlogical-op
configure:15341: gcc -o conftest -I/home/mearvk/IdeaProjects/Ubuntu.Determinant.Alpha.Restricted/userland/x11/_build/sysroot/usr/include -w -Wlogical-op  -L/home/mearvk/IdeaProjects/Ubuntu.Determinant.Alpha.Restricted/userland/x11/_build/sysroot/usr/lib -Wl,-rpath-link,/home/mearvk/IdeaProjects/Ubuntu.Determinant.Alpha.Restricted/userland/x11/_build/sysroot/usr/lib conftest.c  >&5
configure:15341: $? = 0
configure:15355: result: yes
configure:15459: checking if gcc supports -Werror=implicit
configure:15477: gcc -o conftest -I/home/mearvk/IdeaProjects/Ubuntu.Determinant.Alpha.Restricted/userland/x11/_build/sysroot/usr/include -w -Werror=implicit  -L/home/mearvk/IdeaProjects/Ubuntu.Determinant.Alpha.Restricted/userland/x11/_build/sysroot/usr/lib -Wl,-rpath-link,/home/mearvk/IdeaProjects/Ubuntu.Determinant.Alpha.Restricted/userland/x11/_build/sysroot/usr/lib conftest.c  >&5
configure:15477: $? = 0
configure:15491: result: yes
configure:15634: checking if gcc supports -Werror=nonnull
configure:15652: gcc -o conftest -I/home/mearvk/IdeaProjects/Ubuntu.Determinant.Alpha.Restricted/userland/x11/_build/sysroot/usr/include -w -Werror=nonnull  -L/home/mearvk/IdeaProjects/Ubuntu.Determinant.Alpha.Restricted/userland/x11/_build/sysroot/usr/lib -Wl,-rpath-link,/home/mearvk/IdeaProjects/Ubuntu.Determinant.Alpha.Restricted/userland/x11/_build/sysroot/usr/lib conftest.c  >&5
configure:15652: $? = 0
configure:15666: result: yes
configure:15758: checking if gcc supports -Werror=init-self
configure:15776: gcc -o conftest -I/home/mearvk/IdeaProjects/Ubuntu.Determinant.Alpha.Restricted/userland/x11/_build/sysroot/usr/include -w -Werror=init-self  -L/home/mearvk/IdeaProjects/Ubuntu.Determinant.Alpha.Restricted/userland/x11/_build/sysroot/usr/lib -Wl,-rpath-link,/home/mearvk/IdeaProjects/Ubuntu.Determinant.Alpha.Restricted/userland/x11/_build/sysroot/usr/lib conftest.c  >&5
configure:15776: $? = 0
configure:15790: result: yes
configure:15882: checking if gcc supports -Werror=main
configure:15900: gcc -o conftest -I/home/mearvk/IdeaProjects/Ubuntu.Determinant.Alpha.Restricted/userland/x11/_build/sysroot/usr/include -w -Werror=main  -L/home/mearvk/IdeaProjects/Ubuntu.Determinant.Alpha.Restricted/userland/x11/_build/sysroot/usr/lib -Wl,-rpath-link,/home/mearvk/IdeaProjects/Ubuntu.Determinant.Alpha.Restricted/userland/x11/_build/sysroot/usr/lib conftest.c  >&5
configure:15900: $? = 0
configure:15914: result: yes
configure:16006: checking if gcc supports -Werror=missing-braces
configure:16024: gcc -o conftest -I/home/mearvk/IdeaProjects/Ubuntu.Determinant.Alpha.Restricted/userland/x11/_build/sysroot/usr/include -w -Werror=missing-braces  -L/home/mearvk/IdeaProjects/Ubuntu.Determinant.Alpha.Restricted/userland/x11/_build/sysroot/usr/lib -Wl,-rpath-link,/home/mearvk/IdeaProjects/Ubuntu.Determinant.Alpha.Restricted/userland/x11/_build/sysroot/usr/lib conftest.c  >&5
configure:16024: $? = 0
configure:16038: result: yes
configure:16130: checking if gcc supports -Werror=sequence-point
configure:16148: gcc -o conftest -I/home/mearvk/IdeaProjects/Ubuntu.Determinant.Alpha.Restricted/userland/x11/_build/sysroot/usr/include -w -Werror=sequence-point  -L/home/mearvk/IdeaProjects/Ubuntu.Determinant.Alpha.Restricted/userland/x11/_build/sysroot/usr/lib -Wl,-rpath-link,/home/mearvk/IdeaProjects/Ubuntu.Determinant.Alpha.Restricted/userland/x11/_build/sysroot/usr/lib conftest.c  >&5
configure:16148: $? = 0
configure:16162: result: yes
configure:16254: checking if gcc supports -Werror=return-type
configure:16272: gcc -o conftest -I/home/mearvk/IdeaProjects/Ubuntu.Determinant.Alpha.Restricted/userland/x11/_build/sysroot/usr/include -w -Werror=return-type  -L/home/mearvk/IdeaProjects/Ubuntu.Determinant.Alpha.Restricted/userland/x11/_build/sysroot/usr/lib -Wl,-rpath-link,/home/mearvk/IdeaProjects/Ubuntu.Determinant.Alpha.Restricted/userland/x11/_build/sysroot/usr/lib conftest.c  >&5
configure:16272: $? = 0
configure:16286: result: yes
configure:16429: checking if gcc supports -Werror=trigraphs
configure:16447: gcc -o conftest -I/home/mearvk/IdeaProjects/Ubuntu.Determinant.Alpha.Restricted/userland/x11/_build/sysroot/usr/include -w -Werror=trigraphs  -L/home/mearvk/IdeaProjects/Ubuntu.Determinant.Alpha.Restricted/userland/x11/_build/sysroot/usr/lib -Wl,-rpath-link,/home/mearvk/IdeaProjects/Ubuntu.Determinant.Alpha.Restricted/userland/x11/_build/sysroot/usr/lib conftest.c  >&5
configure:16447: $? = 0
configure:16461: result: yes
configure:16553: checking if gcc supports -Werror=array-bounds
configure:16571: gcc -o conftest -I/home/mearvk/IdeaProjects/Ubuntu.Determinant.Alpha.Restricted/userland/x11/_build/sysroot/usr/include -w -Werror=array-bounds  -L/home/mearvk/IdeaProjects/Ubuntu.Determinant.Alpha.Restricted/userland/x11/_build/sysroot/usr/lib -Wl,-rpath-link,/home/mearvk/IdeaProjects/Ubuntu.Determinant.Alpha.Restricted/userland/x11/_build/sysroot/usr/lib conftest.c  >&5
configure:16571: $? = 0
configure:16585: result: yes
configure:16677: checking if gcc supports -Werror=write-strings
configure:16695: gcc -o conftest -I/home/mearvk/IdeaProjects/Ubuntu.Determinant.Alpha.Restricted/userland/x11/_build/sysroot/usr/include -w -Werror=write-strings  -L/home/mearvk/IdeaProjects/Ubuntu.Determinant.Alpha.Restricted/userland/x11/_build/sysroot/usr/lib -Wl,-rpath-link,/home/mearvk/IdeaProjects/Ubuntu.Determinant.Alpha.Restricted/userland/x11/_build/sysroot/usr/lib conftest.c  >&5
configure:16695: $? = 0
configure:16709: result: yes
configure:16801: checking if gcc supports -Werror=address
configure:16819: gcc -o conftest -I/home/mearvk/IdeaProjects/Ubuntu.Determinant.Alpha.Restricted/userland/x11/_build/sysroot/usr/include -w -Werror=address  -L/home/mearvk/IdeaProjects/Ubuntu.Determinant.Alpha.Restricted/userland/x11/_build/sysroot/usr/lib -Wl,-rpath-link,/home/mearvk/IdeaProjects/Ubuntu.Determinant.Alpha.Restricted/userland/x11/_build/sysroot/usr/lib conftest.c  >&5
configure:16819: $? = 0
configure:16833: result: yes
configure:16925: checking if gcc supports -Werror=int-to-pointer-cast
configure:16943: gcc -o conftest -I/home/mearvk/IdeaProjects/Ubuntu.Determinant.Alpha.Restricted/userland/x11/_build/sysroot/usr/include -w -Werror=int-to-pointer-cast  -L/home/mearvk/IdeaProjects/Ubuntu.Determinant.Alpha.Restricted/userland/x11/_build/sysroot/usr/lib -Wl,-rpath-link,/home/mearvk/IdeaProjects/Ubuntu.Determinant.Alpha.Restricted/userland/x11/_build/sysroot/usr/lib conftest.c  >&5
configure:16943: $? = 0
configure:16957: result: yes
configure:17100: checking if gcc supports -Werror=pointer-to-int-cast
configure:17118: gcc -o conftest -I/home/mearvk/IdeaProjects/Ubuntu.Determinant.Alpha.Restricted/userland/x11/_build/sysroot/usr/include -w -Werror=pointer-to-int-cast  -L/home/mearvk/IdeaProjects/Ubuntu.Determinant.Alpha.Restricted/userland/x11/_build/sysroot/usr/lib -Wl,-rpath-link,/home/mearvk/IdeaProjects/Ubuntu.Determinant.Alpha.Restricted/userland/x11/_build/sysroot/usr/lib conftest.c  >&5
configure:17118: $? = 0
configure:17132: result: yes
configure:18873: checking if gcc supports -pedantic
configure:18891: gcc -o conftest -I/home/mearvk/IdeaProjects/Ubuntu.Determinant.Alpha.Restricted/userland/x11/_build/sysroot/usr/include -w -pedantic  -L/home/mearvk/IdeaProjects/Ubuntu.Determinant.Alpha.Restricted/userland/x11/_build/sysroot/usr/lib -Wl,-rpath-link,/home/mearvk/IdeaProjects/Ubuntu.Determinant.Alpha.Restricted/userland/x11/_build/sysroot/usr/lib conftest.c  >&5
configure:18891: $? = 0
configure:18905: result: yes
configure:18997: checking if gcc supports -Werror
configure:19015: gcc -o conftest -I/home/mearvk/IdeaProjects/Ubuntu.Determinant.Alpha.Restricted/userland/x11/_build/sysroot/usr/include -w -Werror  -L/home/mearvk/IdeaProjects/Ubuntu.Determinant.Alpha.Restricted/userland/x11/_build/sysroot/usr/lib -Wl,-rpath-link,/home/mearvk/IdeaProjects/Ubuntu.Determinant.Alpha.Restricted/userland/x11/_build/sysroot/usr/lib conftest.c  >&5
configure:19015: $? = 0
configure:19029: result: yes
configure:19175: checking if gcc supports -Werror=attributes
configure:19193: gcc -o conftest -I/home/mearvk/IdeaProjects/Ubuntu.Determinant.Alpha.Restricted/userland/x11/_build/sysroot/usr/include -w -Werror=attributes  -L/home/mearvk/IdeaProjects/Ubuntu.Determinant.Alpha.Restricted/userland/x11/_build/sysroot/usr/lib -Wl,-rpath-link,/home/mearvk/IdeaProjects/Ubuntu.Determinant.Alpha.Restricted/userland/x11/_build/sysroot/usr/lib conftest.c  >&5
configure:19193: $? = 0
configure:19207: result: yes
configure:19398: checking whether make supports nested variables
configure:19416: result: yes
configure:19447: checking whether to build documentation
configure:19449: result: yes
configure:19469: checking for xmlto
configure:19492: found /usr/bin/xmlto
configure:19504: result: /usr/bin/xmlto
configure:19582: checking the xmlto version
configure:19585: result: 0.0.28
configure:19631: WARNING: xmlto cannot generate text format, this format skipped
configure:19671: checking for fop
configure:19694: found /usr/bin/fop
configure:19706: result: /usr/bin/fop
configure:19811: checking for xsltproc
configure:19834: found /usr/bin/xsltproc
configure:19846: result: /usr/bin/xsltproc
configure:19931: checking for X.Org SGML entities >= 1.8
configure:19935: $PKG_CONFIG --exists --print-errors "xorg-sgml-doctools >= 1.8"
configure:19938: $? = 0
configure:19949: result: /usr/share/sgml
configure:19974: checking for SM
configure:19981: $PKG_CONFIG --exists --print-errors "ice >= 1.1.0 xproto xtrans"
configure:19984: $? = 0
configure:19998: $PKG_CONFIG --exists --print-errors "ice >= 1.1.0 xproto xtrans"
configure:20001: $? = 0
configure:20059: result: yes
configure:20079: checking if Xtrans should support UNIX socket connections
configure:20086: result: yes
configure:20096: checking if Xtrans should support TCP socket connections
configure:20098: result: yes
configure:20106: checking for library containing socket
configure:20136: gcc -o conftest -I/home/mearvk/IdeaProjects/Ubuntu.Determinant.Alpha.Restricted/userland/x11/_build/sysroot/usr/include -w  -L/home/mearvk/IdeaProjects/Ubuntu.Determinant.Alpha.Restricted/userland/x11/_build/sysroot/usr/lib -Wl,-rpath-link,/home/mearvk/IdeaProjects/Ubuntu.Determinant.Alpha.Restricted/userland/x11/_build/sysroot/usr/lib conftest.c  >&5
configure:20136: $? = 0
configure:20156: result: none required
configure:20165: checking for library containing gethostbyname
configure:20195: gcc -o conftest -I/home/mearvk/IdeaProjects/Ubuntu.Determinant.Alpha.Restricted/userland/x11/_build/sysroot/usr/include -w  -L/home/mearvk/IdeaProjects/Ubuntu.Determinant.Alpha.Restricted/userland/x11/_build/sysroot/usr/lib -Wl,-rpath-link,/home/mearvk/IdeaProjects/Ubuntu.Determinant.Alpha.Restricted/userland/x11/_build/sysroot/usr/lib conftest.c  >&5
configure:20195: $? = 0
configure:20215: result: none required
configure:20273: checking for getaddrinfo
configure:20273: gcc -o conftest -I/home/mearvk/IdeaProjects/Ubuntu.Determinant.Alpha.Restricted/userland/x11/_build/sysroot/usr/include -w  -L/home/mearvk/IdeaProjects/Ubuntu.Determinant.Alpha.Restricted/userland/x11/_build/sysroot/usr/lib -Wl,-rpath-link,/home/mearvk/IdeaProjects/Ubuntu.Determinant.Alpha.Restricted/userland/x11/_build/sysroot/usr/lib conftest.c  >&5
configure:20273: $? = 0
configure:20273: result: yes
configure:20283: checking if IPv6 support should be built
configure:20290: result: yes
configure:20294: checking for struct sockaddr_in.sin_len
configure:20294: gcc -c -I/home/mearvk/IdeaProjects/Ubuntu.Determinant.Alpha.Restricted/userland/x11/_build/sysroot/usr/include -w  conftest.c >&5
conftest.c: In function 'main':
conftest.c:39:12: error: 'struct sockaddr_in' has no member named 'sin_len'
   39 | if (ac_aggr.sin_len)
      |            ^
configure:20294: $? = 1
configure: failed program was:
| /* confdefs.h */
| #define PACKAGE_NAME "libSM"
| #define PACKAGE_TARNAME "libSM"
| #define PACKAGE_VERSION "1.2.4"
| #define PACKAGE_STRING "libSM 1.2.4"
| #define PACKAGE_BUGREPORT "https://gitlab.freedesktop.org/xorg/lib/libsm/-/issues"
| #define PACKAGE_URL ""
| #define PACKAGE "libSM"
| #define VERSION "1.2.4"
| #define HAVE_STDIO_H 1
| #define HAVE_STDLIB_H 1
| #define HAVE_STRING_H 1
| #define HAVE_INTTYPES_H 1
| #define HAVE_STDINT_H 1
| #define HAVE_STRINGS_H 1
| #define HAVE_SYS_STAT_H 1
| #define HAVE_SYS_TYPES_H 1
| #define HAVE_UNISTD_H 1
| #define STDC_HEADERS 1
| #define HAVE_DLFCN_H 1
| #define LT_OBJDIR ".libs/"
| #define PACKAGE_VERSION_MAJOR 1
| #define PACKAGE_VERSION_MINOR 2
| #define PACKAGE_VERSION_PATCHLEVEL 4
| #define UNIXCONN 1
| #define TCPCONN 1
| #define IPv6 1
| /* end confdefs.h.  */
| 
| #include <sys/types.h>
| #include <sys/socket.h>
| #include <netinet/in.h>
| 
| 
| int
| main (void)
| {
| static struct sockaddr_in ac_aggr;
| if (ac_aggr.sin_len)
| return 0;
|   ;
|   return 0;
| }
configure:20294: gcc -c -I/home/mearvk/IdeaProjects/Ubuntu.Determinant.Alpha.Restricted/userland/x11/_build/sysroot/usr/include -w  conftest.c >&5
conftest.c: In function 'main':
conftest.c:39:19: error: 'struct sockaddr_in' has no member named 'sin_len'
   39 | if (sizeof ac_aggr.sin_len)
      |                   ^
configure:20294: $? = 1
configure: failed program was:
| /* confdefs.h */
| #define PACKAGE_NAME "libSM"
| #define PACKAGE_TARNAME "libSM"
| #define PACKAGE_VERSION "1.2.4"
| #define PACKAGE_STRING "libSM 1.2.4"
| #define PACKAGE_BUGREPORT "https://gitlab.freedesktop.org/xorg/lib/libsm/-/issues"
| #define PACKAGE_URL ""
| #define PACKAGE "libSM"
| #define VERSION "1.2.4"
| #define HAVE_STDIO_H 1
| #define HAVE_STDLIB_H 1
| #define HAVE_STRING_H 1
| #define HAVE_INTTYPES_H 1
| #define HAVE_STDINT_H 1
| #define HAVE_STRINGS_H 1
| #define HAVE_SYS_STAT_H 1
| #define HAVE_SYS_TYPES_H 1
| #define HAVE_UNISTD_H 1
| #define STDC_HEADERS 1
| #define HAVE_DLFCN_H 1
| #define LT_OBJDIR ".libs/"
| #define PACKAGE_VERSION_MAJOR 1
| #define PACKAGE_VERSION_MINOR 2
| #define PACKAGE_VERSION_PATCHLEVEL 4
| #define UNIXCONN 1
| #define TCPCONN 1
| #define IPv6 1
| /* end confdefs.h.  */
| 
| #include <sys/types.h>
| #include <sys/socket.h>
| #include <netinet/in.h>
| 
| 
| int
| main (void)
| {
| static struct sockaddr_in ac_aggr;
| if (sizeof ac_aggr.sin_len)
| return 0;
|   ;
|   return 0;
| }
configure:20294: result: no
configure:20309: checking for socklen_t
configure:20309: gcc -c -I/home/mearvk/IdeaProjects/Ubuntu.Determinant.Alpha.Restricted/userland/x11/_build/sysroot/usr/include -w  conftest.c >&5
configure:20309: $? = 0
configure:20309: gcc -c -I/home/mearvk/IdeaProjects/Ubuntu.Determinant.Alpha.Restricted/userland/x11/_build/sysroot/usr/include -w  conftest.c >&5
conftest.c: In function 'main':
conftest.c:63:24: error: expected expression before ')' token
   63 | if (sizeof ((socklen_t)))
      |                        ^
configure:20309: $? = 1
configure: failed program was:
| /* confdefs.h */
| #define PACKAGE_NAME "libSM"
| #define PACKAGE_TARNAME "libSM"
| #define PACKAGE_VERSION "1.2.4"
| #define PACKAGE_STRING "libSM 1.2.4"
| #define PACKAGE_BUGREPORT "https://gitlab.freedesktop.org/xorg/lib/libsm/-/issues"
| #define PACKAGE_URL ""
| #define PACKAGE "libSM"
| #define VERSION "1.2.4"
| #define HAVE_STDIO_H 1
| #define HAVE_STDLIB_H 1
| #define HAVE_STRING_H 1
| #define HAVE_INTTYPES_H 1
| #define HAVE_STDINT_H 1
| #define HAVE_STRINGS_H 1
| #define HAVE_SYS_STAT_H 1
| #define HAVE_SYS_TYPES_H 1
| #define HAVE_UNISTD_H 1
| #define STDC_HEADERS 1
| #define HAVE_DLFCN_H 1
| #define LT_OBJDIR ".libs/"
| #define PACKAGE_VERSION_MAJOR 1
| #define PACKAGE_VERSION_MINOR 2
| #define PACKAGE_VERSION_PATCHLEVEL 4
| #define UNIXCONN 1
| #define TCPCONN 1
| #define IPv6 1
| /* end confdefs.h.  */
| 
| #include <stddef.h>
| #ifdef HAVE_STDIO_H
| # include <stdio.h>
| #endif
| #ifdef HAVE_STDLIB_H
| # include <stdlib.h>
| #endif
| #ifdef HAVE_STRING_H
| # include <string.h>
| #endif
| #ifdef HAVE_INTTYPES_H
| # include <inttypes.h>
| #endif
| #ifdef HAVE_STDINT_H
| # include <stdint.h>
| #endif
| #ifdef HAVE_STRINGS_H
| # include <strings.h>
| #endif
| #ifdef HAVE_SYS_TYPES_H
| # include <sys/types.h>
| #endif
| #ifdef HAVE_SYS_STAT_H
| # include <sys/stat.h>
| #endif
| #ifdef HAVE_UNISTD_H
| # include <unistd.h>
| #endif
| #include <sys/socket.h>
| 
| int
| main (void)
| {
| if (sizeof ((socklen_t)))
| 	    return 0;
|   ;
|   return 0;
| }
configure:20309: result: yes
configure:20324: checking for struct msghdr.msg_control
configure:20324: gcc -c -I/home/mearvk/IdeaProjects/Ubuntu.Determinant.Alpha.Restricted/userland/x11/_build/sysroot/usr/include -w  conftest.c >&5
configure:20324: $? = 0
configure:20324: result: yes
configure:20390: checking if Xtrans should support os-specific local connections
configure:20392: result: no
configure:20401: checking for strcasecmp
configure:20401: gcc -o conftest -I/home/mearvk/IdeaProjects/Ubuntu.Determinant.Alpha.Restricted/userland/x11/_build/sysroot/usr/include -w  -L/home/mearvk/IdeaProjects/Ubuntu.Determinant.Alpha.Restricted/userland/x11/_build/sysroot/usr/lib -Wl,-rpath-link,/home/mearvk/IdeaProjects/Ubuntu.Determinant.Alpha.Restricted/userland/x11/_build/sysroot/usr/lib conftest.c  >&5
configure:20401: $? = 0
configure:20401: result: yes
configure:20407: checking for strlcpy
configure:20407: gcc -o conftest -I/home/mearvk/IdeaProjects/Ubuntu.Determinant.Alpha.Restricted/userland/x11/_build/sysroot/usr/include -w  -L/home/mearvk/IdeaProjects/Ubuntu.Determinant.Alpha.Restricted/userland/x11/_build/sysroot/usr/lib -Wl,-rpath-link,/home/mearvk/IdeaProjects/Ubuntu.Determinant.Alpha.Restricted/userland/x11/_build/sysroot/usr/lib conftest.c  >&5
configure:20407: $? = 0
configure:20407: result: yes
configure:20484: checking for pkg-config
configure:20519: result: /usr/bin/pkg-config
configure:20544: checking pkg-config is at least version 0.9.0
configure:20547: result: yes
configure:20558: checking for uuid_create
configure:20558: gcc -o conftest -I/home/mearvk/IdeaProjects/Ubuntu.Determinant.Alpha.Restricted/userland/x11/_build/sysroot/usr/include -w  -L/home/mearvk/IdeaProjects/Ubuntu.Determinant.Alpha.Restricted/userland/x11/_build/sysroot/usr/lib -Wl,-rpath-link,/home/mearvk/IdeaProjects/Ubuntu.Determinant.Alpha.Restricted/userland/x11/_build/sysroot/usr/lib conftest.c  >&5
/usr/bin/ld: /tmp/ccUKGQ2L.o: in function `main':
conftest.c:(.text+0xe): undefined reference to `uuid_create'
collect2: error: ld returned 1 exit status
configure:20558: $? = 1
configure: failed program was:
| /* confdefs.h */
| #define PACKAGE_NAME "libSM"
| #define PACKAGE_TARNAME "libSM"
| #define PACKAGE_VERSION "1.2.4"
| #define PACKAGE_STRING "libSM 1.2.4"
| #define PACKAGE_BUGREPORT "https://gitlab.freedesktop.org/xorg/lib/libsm/-/issues"
| #define PACKAGE_URL ""
| #define PACKAGE "libSM"
| #define VERSION "1.2.4"
| #define HAVE_STDIO_H 1
| #define HAVE_STDLIB_H 1
| #define HAVE_STRING_H 1
| #define HAVE_INTTYPES_H 1
| #define HAVE_STDINT_H 1
| #define HAVE_STRINGS_H 1
| #define HAVE_SYS_STAT_H 1
| #define HAVE_SYS_TYPES_H 1
| #define HAVE_UNISTD_H 1
| #define STDC_HEADERS 1
| #define HAVE_DLFCN_H 1
| #define LT_OBJDIR ".libs/"
| #define PACKAGE_VERSION_MAJOR 1
| #define PACKAGE_VERSION_MINOR 2
| #define PACKAGE_VERSION_PATCHLEVEL 4
| #define UNIXCONN 1
| #define TCPCONN 1
| #define IPv6 1
| #define HAVE_SOCKLEN_T 1
| #define HAVE_STRCASECMP 1
| #define HAVE_STRLCPY 1
| /* end confdefs.h.  */
| /* Define uuid_create to an innocuous variant, in case <limits.h> declares uuid_create.
|    For example, HP-UX 11i <limits.h> declares gettimeofday.  */
| #define uuid_create innocuous_uuid_create
| 
| /* System header to define __stub macros and hopefully few prototypes,
|    which can conflict with char uuid_create (); below.  */
| 
| #include <limits.h>
| #undef uuid_create
| 
| /* Override any GCC internal prototype to avoid an error.
|    Use char because int might match the return type of a GCC
|    builtin and then its argument prototype would still apply.  */
| #ifdef __cplusplus
| extern "C"
| #endif
| char uuid_create ();
| /* The GNU C library defines this for functions which it implements
|     to always fail with ENOSYS.  Some functions are actually named
|     something starting with __ and the normal name is an alias.  */
| #if defined __stub_uuid_create || defined __stub___uuid_create
| choke me
| #endif
| 
| int
| main (void)
| {
| return uuid_create ();
|   ;
|   return 0;
| }
configure:20558: result: no
configure:20568: checking for LIBUUID
configure:20575: $PKG_CONFIG --exists --print-errors "uuid"
configure:20578: $? = 0
configure:20592: $PKG_CONFIG --exists --print-errors "uuid"
configure:20595: $? = 0
configure:20633: result: yes
configure:20650: $PKG_CONFIG --exists --print-errors "uuid"
configure:20653: $? = 0
configure:20776: checking that generated files are newer than configure
configure:20782: result: done
configure:20833: creating ./config.status

## ---------------------- ##
## Running config.status. ##
## ---------------------- ##

This file was extended by libSM config.status 1.2.4, which was
generated by GNU Autoconf 2.71.  Invocation command line was

  CONFIG_FILES    = 
  CONFIG_HEADERS  = 
  CONFIG_LINKS    = 
  CONFIG_COMMANDS = 
  $ ./config.status 

on mearvk-X900-A8800

config.status:1157: creating Makefile
config.status:1157: creating doc/Makefile
config.status:1157: creating src/Makefile
config.status:1157: creating sm.pc
config.status:1157: creating config.h
config.status:1338: config.h is unchanged
config.status:1386: executing depfiles commands
config.status:1463: cd src       && sed -e '/# am--include-marker/d' Makefile         | make -f - am--depfiles
make[2]: Entering directory '/home/mearvk/IdeaProjects/Ubuntu.Determinant.Alpha.Restricted/userland/x11/_build/libSM-1.2.4/src'
make[2]: Nothing to be done for 'am--depfiles'.
make[2]: Leaving directory '/home/mearvk/IdeaProjects/Ubuntu.Determinant.Alpha.Restricted/userland/x11/_build/libSM-1.2.4/src'
config.status:1468: $? = 0
config.status:1386: executing libtool commands

## ---------------- ##
## Cache variables. ##
## ---------------- ##

ac_cv_build=x86_64-pc-linux-gnu
ac_cv_c_compiler_gnu=yes
ac_cv_c_undeclared_builtin_options='none needed'
ac_cv_env_CC_set=
ac_cv_env_CC_value=
ac_cv_env_CFLAGS_set=set
ac_cv_env_CFLAGS_value='-I/home/mearvk/IdeaProjects/Ubuntu.Determinant.Alpha.Restricted/userland/x11/_build/sysroot/usr/include -w'
ac_cv_env_CPPFLAGS_set=
ac_cv_env_CPPFLAGS_value=
ac_cv_env_FOP_set=
ac_cv_env_FOP_value=
ac_cv_env_LDFLAGS_set=set
ac_cv_env_LDFLAGS_value='-L/home/mearvk/IdeaProjects/Ubuntu.Determinant.Alpha.Restricted/userland/x11/_build/sysroot/usr/lib -Wl,-rpath-link,/home/mearvk/IdeaProjects/Ubuntu.Determinant.Alpha.Restricted/userland/x11/_build/sysroot/usr/lib'
ac_cv_env_LIBS_set=
ac_cv_env_LIBS_value=
ac_cv_env_LIBUUID_CFLAGS_set=
ac_cv_env_LIBUUID_CFLAGS_value=
ac_cv_env_LIBUUID_LIBS_set=
ac_cv_env_LIBUUID_LIBS_value=
ac_cv_env_LT_SYS_LIBRARY_PATH_set=
ac_cv_env_LT_SYS_LIBRARY_PATH_value=
ac_cv_env_PKG_CONFIG_LIBDIR_set=
ac_cv_env_PKG_CONFIG_LIBDIR_value=
ac_cv_env_PKG_CONFIG_PATH_set=set
ac_cv_env_PKG_CONFIG_PATH_value=/home/mearvk/IdeaProjects/Ubuntu.Determinant.Alpha.Restricted/userland/x11/_build/sysroot/usr/lib/pkgconfig:/home/mearvk/IdeaProjects/Ubuntu.Determinant.Alpha.Restricted/userland/x11/_build/sysroot/usr/lib/x86_64-linux-gnu/pkgconfig:/home/mearvk/IdeaProjects/Ubuntu.Determinant.Alpha.Restricted/userland/x11/_build/sysroot/usr/share/pkgconfig:/usr/lib/x86_64-linux-gnu/pkgconfig:/usr/lib/pkgconfig:/usr/share/pkgconfig
ac_cv_env_PKG_CONFIG_set=
ac_cv_env_PKG_CONFIG_value=
ac_cv_env_SM_CFLAGS_set=
ac_cv_env_SM_CFLAGS_value=
ac_cv_env_SM_LIBS_set=
ac_cv_env_SM_LIBS_value=
ac_cv_env_XMLTO_set=
ac_cv_env_XMLTO_value=
ac_cv_env_XSLTPROC_set=
ac_cv_env_XSLTPROC_value=
ac_cv_env_build_alias_set=
ac_cv_env_build_alias_value=
ac_cv_env_host_alias_set=
ac_cv_env_host_alias_value=
ac_cv_env_target_alias_set=
ac_cv_env_target_alias_value=
ac_cv_func_getaddrinfo=yes
ac_cv_func_strcasecmp=yes
ac_cv_func_strlcpy=yes
ac_cv_func_uuid_create=no
ac_cv_have_decl___INTEL_COMPILER=no
ac_cv_have_decl___SUNPRO_C=no
ac_cv_have_decl___clang__=no
ac_cv_header_dlfcn_h=yes
ac_cv_header_inttypes_h=yes
ac_cv_header_stdint_h=yes
ac_cv_header_stdio_h=yes
ac_cv_header_stdlib_h=yes
ac_cv_header_string_h=yes
ac_cv_header_strings_h=yes
ac_cv_header_sys_stat_h=yes
ac_cv_header_sys_types_h=yes
ac_cv_header_unistd_h=yes
ac_cv_host=x86_64-pc-linux-gnu
ac_cv_member_struct_msghdr_msg_control=yes
ac_cv_member_struct_sockaddr_in_sin_len=no
ac_cv_objext=o
ac_cv_path_EGREP='/usr/bin/grep -E'
ac_cv_path_FGREP='/usr/bin/grep -F'
ac_cv_path_FOP=/usr/bin/fop
ac_cv_path_GREP=/usr/bin/grep
ac_cv_path_SED=/usr/bin/sed
ac_cv_path_XMLTO=/usr/bin/xmlto
ac_cv_path_XSLTPROC=/usr/bin/xsltproc
ac_cv_path_ac_pt_PKG_CONFIG=/usr/bin/pkg-config
ac_cv_path_install='/usr/bin/install -c'
ac_cv_path_lt_DD=/usr/bin/dd
ac_cv_path_mkdir=/usr/bin/mkdir
ac_cv_prog_AWK=mawk
ac_cv_prog_ac_ct_AR=ar
ac_cv_prog_ac_ct_CC=gcc
ac_cv_prog_ac_ct_FILECMD=file
ac_cv_prog_ac_ct_MANIFEST_TOOL=mt
ac_cv_prog_ac_ct_OBJDUMP=objdump
ac_cv_prog_ac_ct_RANLIB=ranlib
ac_cv_prog_ac_ct_STRIP=strip
ac_cv_prog_cc_c11=
ac_cv_prog_cc_g=yes
ac_cv_prog_cc_stdc=
ac_cv_prog_make_make_set=yes
ac_cv_search_gethostbyname='none required'
ac_cv_search_socket='none required'
ac_cv_type_socklen_t=yes
am_cv_CC_dependencies_compiler_type=gcc3
am_cv_make_support_nested_variables=yes
am_cv_prog_cc_c_o=yes
lt_cv_ar_at_file=@
lt_cv_archive_cmds_need_lc=no
lt_cv_deplibs_check_method=pass_all
lt_cv_file_magic_cmd='$MAGIC_CMD'
lt_cv_file_magic_test_file=
lt_cv_ld_reload_flag=-r
lt_cv_nm_interface='BSD nm'
lt_cv_objdir=.libs
lt_cv_path_LD=/usr/bin/ld
lt_cv_path_NM='/usr/bin/nm -B'
lt_cv_path_mainfest_tool=no
lt_cv_prog_compiler_c_o=yes
lt_cv_prog_compiler_pic='-fPIC -DPIC'
lt_cv_prog_compiler_pic_works=yes
lt_cv_prog_compiler_rtti_exceptions=yes
lt_cv_prog_compiler_static_works=yes
lt_cv_prog_gnu_ld=yes
lt_cv_sharedlib_from_linklib_cmd='printf %s\n'
lt_cv_shlibpath_overrides_runpath=yes
lt_cv_sys_global_symbol_pipe='/usr/bin/sed -n -e '\''s/^.*[	 ]\([ABCDGIRSTW][ABCDGIRSTW]*\)[	 ][	 ]*\([_A-Za-z][_A-Za-z0-9]*\)$/\1 \2 \2/p'\'' | /usr/bin/sed '\''/ __gnu_lto/d'\'''
lt_cv_sys_global_symbol_to_c_name_address='/usr/bin/sed -n -e '\''s/^: \(.*\) .*$/  {"\1", (void *) 0},/p'\'' -e '\''s/^[ABCDGIRSTW][ABCDGIRSTW]* .* \(.*\)$/  {"\1", (void *) \&\1},/p'\'''
lt_cv_sys_global_symbol_to_c_name_address_lib_prefix='/usr/bin/sed -n -e '\''s/^: \(.*\) .*$/  {"\1", (void *) 0},/p'\'' -e '\''s/^[ABCDGIRSTW][ABCDGIRSTW]* .* \(lib.*\)$/  {"\1", (void *) \&\1},/p'\'' -e '\''s/^[ABCDGIRSTW][ABCDGIRSTW]* .* \(.*\)$/  {"lib\1", (void *) \&\1},/p'\'''
lt_cv_sys_global_symbol_to_cdecl='/usr/bin/sed -n -e '\''s/^T .* \(.*\)$/extern int \1();/p'\'' -e '\''s/^[ABCDGIRSTW][ABCDGIRSTW]* .* \(.*\)$/extern char \1;/p'\'''
lt_cv_sys_global_symbol_to_import=
lt_cv_sys_max_cmd_len=1572864
lt_cv_to_host_file_cmd=func_convert_file_noop
lt_cv_to_tool_file_cmd=func_convert_file_noop
lt_cv_truncate_bin='/usr/bin/dd bs=4096 count=1'
pkg_cv_LIBUUID_CFLAGS='-I/usr/include/uuid '
pkg_cv_LIBUUID_LIBS='-luuid '
pkg_cv_SM_CFLAGS='-D_DEFAULT_SOURCE -D_BSD_SOURCE -DHAS_FCHOWN -DHAS_STICKY_DIR_BIT '
pkg_cv_SM_LIBS='-lICE '
xorg_cv_cc_flag__Wall=yes
xorg_cv_cc_flag__Wbad_function_cast=yes
xorg_cv_cc_flag__Wdeclaration_after_statement=yes
xorg_cv_cc_flag__Werror=yes
xorg_cv_cc_flag__Werror_address=yes
xorg_cv_cc_flag__Werror_array_bounds=yes
xorg_cv_cc_flag__Werror_attributes=yes
xorg_cv_cc_flag__Werror_implicit=yes
xorg_cv_cc_flag__Werror_init_self=yes
xorg_cv_cc_flag__Werror_int_to_pointer_cast=yes
xorg_cv_cc_flag__Werror_main=yes
xorg_cv_cc_flag__Werror_missing_braces=yes
xorg_cv_cc_flag__Werror_nonnull=yes
xorg_cv_cc_flag__Werror_pointer_to_int_cast=yes
xorg_cv_cc_flag__Werror_return_type=yes
xorg_cv_cc_flag__Werror_sequence_point=yes
xorg_cv_cc_flag__Werror_trigraphs=yes
xorg_cv_cc_flag__Werror_write_strings=yes
xorg_cv_cc_flag__Wformat_2=yes
xorg_cv_cc_flag__Wlogical_op=yes
xorg_cv_cc_flag__Wmissing_declarations=yes
xorg_cv_cc_flag__Wmissing_format_attribute=yes
xorg_cv_cc_flag__Wmissing_noreturn=yes
xorg_cv_cc_flag__Wmissing_prototypes=yes
xorg_cv_cc_flag__Wnested_externs=yes
xorg_cv_cc_flag__Wold_style_definition=yes
xorg_cv_cc_flag__Wpointer_arith=yes
xorg_cv_cc_flag__Wredundant_decls=yes
xorg_cv_cc_flag__Wshadow=yes
xorg_cv_cc_flag__Wstrict_prototypes=yes
xorg_cv_cc_flag__Wuninitialized=yes
xorg_cv_cc_flag__Wunused=yes
xorg_cv_cc_flag__pedantic=yes
xorg_cv_cc_flag_unknown_warning_option=no
xorg_cv_cc_flag_unused_command_line_argument=no

## ----------------- ##
## Output variables. ##
## ----------------- ##

ACLOCAL='${SHELL} '\''/home/mearvk/IdeaProjects/Ubuntu.Determinant.Alpha.Restricted/userland/x11/_build/libSM-1.2.4/missing'\'' aclocal-1.16'
ADMIN_MAN_DIR='$(mandir)/man$(ADMIN_MAN_SUFFIX)'
ADMIN_MAN_SUFFIX='8'
AMDEPBACKSLASH='\'
AMDEP_FALSE='#'
AMDEP_TRUE=''
AMTAR='$${TAR-tar}'
AM_BACKSLASH='\'
AM_DEFAULT_V='$(AM_DEFAULT_VERBOSITY)'
AM_DEFAULT_VERBOSITY='0'
AM_V='$(V)'
APP_MAN_DIR='$(mandir)/man$(APP_MAN_SUFFIX)'
APP_MAN_SUFFIX='1'
AR='ar'
AUTOCONF='${SHELL} '\''/home/mearvk/IdeaProjects/Ubuntu.Determinant.Alpha.Restricted/userland/x11/_build/libSM-1.2.4/missing'\'' autoconf'
AUTOHEADER='${SHELL} '\''/home/mearvk/IdeaProjects/Ubuntu.Determinant.Alpha.Restricted/userland/x11/_build/libSM-1.2.4/missing'\'' autoheader'
AUTOMAKE='${SHELL} '\''/home/mearvk/IdeaProjects/Ubuntu.Determinant.Alpha.Restricted/userland/x11/_build/libSM-1.2.4/missing'\'' automake-1.16'
AWK='mawk'
BASE_CFLAGS=' -Wall -Wpointer-arith -Wmissing-declarations -Wformat=2 -Wstrict-prototypes -Wmissing-prototypes -Wnested-externs -Wbad-function-cast -Wold-style-definition -Wdeclaration-after-statement -Wunused -Wuninitialized -Wshadow -Wmissing-noreturn -Wmissing-format-attribute -Wredundant-decls -Wlogical-op -Werror=implicit -Werror=nonnull -Werror=init-self -Werror=main -Werror=missing-braces -Werror=sequence-point -Werror=return-type -Werror=trigraphs -Werror=array-bounds -Werror=write-strings -Werror=address -Werror=int-to-pointer-cast -Werror=pointer-to-int-cast'
CC='gcc'
CCDEPMODE='depmode=gcc3'
CFLAGS='-I/home/mearvk/IdeaProjects/Ubuntu.Determinant.Alpha.Restricted/userland/x11/_build/sysroot/usr/include -w'
CHANGELOG_CMD='((GIT_DIR=$(top_srcdir)/.git git log > $(top_srcdir)/.changelog.tmp) 2>/dev/null && mv $(top_srcdir)/.changelog.tmp $(top_srcdir)/ChangeLog) || (rm -f $(top_srcdir)/.changelog.tmp; test -e $(top_srcdir)/ChangeLog || ( touch $(top_srcdir)/ChangeLog; echo '\''git failed to create ChangeLog: installing empty ChangeLog.'\'' >&2))'
CPPFLAGS=''
CSCOPE='cscope'
CTAGS='ctags'
CWARNFLAGS=' -Wall -Wpointer-arith -Wmissing-declarations -Wformat=2 -Wstrict-prototypes -Wmissing-prototypes -Wnested-externs -Wbad-function-cast -Wold-style-definition -Wdeclaration-after-statement -Wunused -Wuninitialized -Wshadow -Wmissing-noreturn -Wmissing-format-attribute -Wredundant-decls -Wlogical-op -Werror=implicit -Werror=nonnull -Werror=init-self -Werror=main -Werror=missing-braces -Werror=sequence-point -Werror=return-type -Werror=trigraphs -Werror=array-bounds -Werror=write-strings -Werror=address -Werror=int-to-pointer-cast -Werror=pointer-to-int-cast -fno-strict-aliasing'
CYGPATH_W='echo'
DEFS='-DHAVE_CONFIG_H'
DEPDIR='.deps'
DLLTOOL='false'
DRIVER_MAN_DIR='$(mandir)/man$(DRIVER_MAN_SUFFIX)'
DRIVER_MAN_SUFFIX='4'
DSYMUTIL=''
DUMPBIN=''
ECHO_C=''
ECHO_N='-n'
ECHO_T=''
EGREP='/usr/bin/grep -E'
ENABLE_DOCS_FALSE='#'
ENABLE_DOCS_TRUE=''
ETAGS='etags'
EXEEXT=''
FGREP='/usr/bin/grep -F'
FILECMD='file'
FILE_MAN_DIR='$(mandir)/man$(FILE_MAN_SUFFIX)'
FILE_MAN_SUFFIX='5'
FOP='/usr/bin/fop'
GREP='/usr/bin/grep'
HAVE_FOP_FALSE='#'
HAVE_FOP_TRUE=''
HAVE_STYLESHEETS_FALSE='#'
HAVE_STYLESHEETS_TRUE=''
HAVE_XMLTO_FALSE='#'
HAVE_XMLTO_TEXT_FALSE=''
HAVE_XMLTO_TEXT_TRUE='#'
HAVE_XMLTO_TRUE=''
HAVE_XSLTPROC_FALSE='#'
HAVE_XSLTPROC_TRUE=''
INSTALL_CMD='(cp -f /INSTALL $(top_srcdir)/.INSTALL.tmp && mv $(top_srcdir)/.INSTALL.tmp $(top_srcdir)/INSTALL) || (rm -f $(top_srcdir)/.INSTALL.tmp; test -e $(top_srcdir)/INSTALL || ( touch $(top_srcdir)/INSTALL; echo '\''failed to copy INSTALL from util-macros: installing empty INSTALL.'\'' >&2))'
INSTALL_DATA='${INSTALL} -m 644'
INSTALL_PROGRAM='${INSTALL}'
INSTALL_SCRIPT='${INSTALL}'
INSTALL_STRIP_PROGRAM='$(install_sh) -c -s'
LD='/usr/bin/ld -m elf_x86_64'
LDFLAGS='-L/home/mearvk/IdeaProjects/Ubuntu.Determinant.Alpha.Restricted/userland/x11/_build/sysroot/usr/lib -Wl,-rpath-link,/home/mearvk/IdeaProjects/Ubuntu.Determinant.Alpha.Restricted/userland/x11/_build/sysroot/usr/lib'
LIBOBJS=''
LIBS=''
LIBTOOL='$(SHELL) $(top_builddir)/libtool'
LIBUUID_CFLAGS='-I/usr/include/uuid '
LIBUUID_LIBS='-luuid '
LIB_MAN_DIR='$(mandir)/man$(LIB_MAN_SUFFIX)'
LIB_MAN_SUFFIX='3'
LIPO=''
LN_S='ln -s'
LTLIBOBJS=''
LT_SYS_LIBRARY_PATH=''
MAKEINFO='${SHELL} '\''/home/mearvk/IdeaProjects/Ubuntu.Determinant.Alpha.Restricted/userland/x11/_build/libSM-1.2.4/missing'\'' makeinfo'
MANIFEST_TOOL=':'
MAN_SUBSTS='	-e '\''s|__vendorversion__|"$(PACKAGE_STRING)" "$(XORG_MAN_PAGE)"|'\'' 	-e '\''s|__xorgversion__|"$(PACKAGE_STRING)" "$(XORG_MAN_PAGE)"|'\'' 	-e '\''s|__xservername__|Xorg|g'\'' 	-e '\''s|__xconfigfile__|xorg.conf|g'\'' 	-e '\''s|__projectroot__|$(prefix)|g'\'' 	-e '\''s|__apploaddir__|$(appdefaultdir)|g'\'' 	-e '\''s|__appmansuffix__|$(APP_MAN_SUFFIX)|g'\'' 	-e '\''s|__drivermansuffix__|$(DRIVER_MAN_SUFFIX)|g'\'' 	-e '\''s|__adminmansuffix__|$(ADMIN_MAN_SUFFIX)|g'\'' 	-e '\''s|__libmansuffix__|$(LIB_MAN_SUFFIX)|g'\'' 	-e '\''s|__miscmansuffix__|$(MISC_MAN_SUFFIX)|g'\'' 	-e '\''s|__filemansuffix__|$(FILE_MAN_SUFFIX)|g'\'''
MISC_MAN_DIR='$(mandir)/man$(MISC_MAN_SUFFIX)'
MISC_MAN_SUFFIX='7'
MKDIR_P='/usr/bin/mkdir -p'
NM='/usr/bin/nm -B'
NMEDIT=''
OBJDUMP='objdump'
OBJEXT='o'
OTOOL64=''
OTOOL=''
PACKAGE='libSM'
PACKAGE_BUGREPORT='https://gitlab.freedesktop.org/xorg/lib/libsm/-/issues'
PACKAGE_NAME='libSM'
PACKAGE_STRING='libSM 1.2.4'
PACKAGE_TARNAME='libSM'
PACKAGE_URL=''
PACKAGE_VERSION='1.2.4'
PATH_SEPARATOR=':'
PKG_CONFIG='/usr/bin/pkg-config'
PKG_CONFIG_LIBDIR=''
PKG_CONFIG_PATH='/home/mearvk/IdeaProjects/Ubuntu.Determinant.Alpha.Restricted/userland/x11/_build/sysroot/usr/lib/pkgconfig:/home/mearvk/IdeaProjects/Ubuntu.Determinant.Alpha.Restricted/userland/x11/_build/sysroot/usr/lib/x86_64-linux-gnu/pkgconfig:/home/mearvk/IdeaProjects/Ubuntu.Determinant.Alpha.Restricted/userland/x11/_build/sysroot/usr/share/pkgconfig:/usr/lib/x86_64-linux-gnu/pkgconfig:/usr/lib/pkgconfig:/usr/share/pkgconfig'
RANLIB='ranlib'
SED='/usr/bin/sed'
SET_MAKE=''
SHELL='/bin/bash'
SM_CFLAGS='-D_DEFAULT_SOURCE -D_BSD_SOURCE -DHAS_FCHOWN -DHAS_STICKY_DIR_BIT '
SM_LIBS='-lICE '
STRICT_CFLAGS=' -pedantic -Werror -Werror=attributes'
STRIP='strip'
STYLESHEET_SRCDIR='/usr/share/sgml/X11'
UUID_LIB_PRIVATE=''
UUID_PC='uuid'
VERSION='1.2.4'
WITH_LIBUUID_FALSE='#'
WITH_LIBUUID_TRUE=''
XMLTO='/usr/bin/xmlto'
XORG_MAN_PAGE='X Version 11'
XORG_SGML_PATH='/usr/share/sgml'
XSLTPROC='/usr/bin/xsltproc'
XSL_STYLESHEET='/usr/share/sgml/X11/xorg.xsl'
ac_ct_AR='ar'
ac_ct_CC='gcc'
ac_ct_DUMPBIN=''
am__EXEEXT_FALSE=''
am__EXEEXT_TRUE='#'
am__fastdepCC_FALSE='#'
am__fastdepCC_TRUE=''
am__include='include'
am__isrc=''
am__leading_dot='.'
am__nodep='_no'
am__quote=''
am__tar='$${TAR-tar} chof - "$$tardir"'
am__untar='$${TAR-tar} xf -'
bindir='${exec_prefix}/bin'
build='x86_64-pc-linux-gnu'
build_alias=''
build_cpu='x86_64'
build_os='linux-gnu'
build_vendor='pc'
datadir='${datarootdir}'
datarootdir='${prefix}/share'
docdir='${datarootdir}/doc/${PACKAGE_TARNAME}'
dvidir='${docdir}'
exec_prefix='${prefix}'
host='x86_64-pc-linux-gnu'
host_alias=''
host_cpu='x86_64'
host_os='linux-gnu'
host_vendor='pc'
htmldir='${docdir}'
includedir='${prefix}/include'
infodir='${datarootdir}/info'
install_sh='${SHELL} /home/mearvk/IdeaProjects/Ubuntu.Determinant.Alpha.Restricted/userland/x11/_build/libSM-1.2.4/install-sh'
libdir='/usr/lib'
libexecdir='${exec_prefix}/libexec'
localedir='${datarootdir}/locale'
localstatedir='${prefix}/var'
mandir='${datarootdir}/man'
mkdir_p='$(MKDIR_P)'
oldincludedir='/usr/include'
pdfdir='${docdir}'
prefix='/usr'
program_transform_name='s,x,x,'
psdir='${docdir}'
runstatedir='${localstatedir}/run'
sbindir='${exec_prefix}/sbin'
sharedstatedir='${prefix}/com'
sysconfdir='${prefix}/etc'
target_alias=''

## ----------- ##
## confdefs.h. ##
## ----------- ##

/* confdefs.h */
#define PACKAGE_NAME "libSM"
#define PACKAGE_TARNAME "libSM"
#define PACKAGE_VERSION "1.2.4"
#define PACKAGE_STRING "libSM 1.2.4"
#define PACKAGE_BUGREPORT "https://gitlab.freedesktop.org/xorg/lib/libsm/-/issues"
#define PACKAGE_URL ""
#define PACKAGE "libSM"
#define VERSION "1.2.4"
#define HAVE_STDIO_H 1
#define HAVE_STDLIB_H 1
#define HAVE_STRING_H 1
#define HAVE_INTTYPES_H 1
#define HAVE_STDINT_H 1
#define HAVE_STRINGS_H 1
#define HAVE_SYS_STAT_H 1
#define HAVE_SYS_TYPES_H 1
#define HAVE_UNISTD_H 1
#define STDC_HEADERS 1
#define HAVE_DLFCN_H 1
#define LT_OBJDIR ".libs/"
#define PACKAGE_VERSION_MAJOR 1
#define PACKAGE_VERSION_MINOR 2
#define PACKAGE_VERSION_PATCHLEVEL 4
#define UNIXCONN 1
#define TCPCONN 1
#define IPv6 1
#define HAVE_SOCKLEN_T 1
#define HAVE_STRCASECMP 1
#define HAVE_STRLCPY 1

configure: exit 0
