This file contains any messages produced by compilers while
running configure, to aid debugging if configure makes a mistake.

It was created by libXext configure 1.3.6, which was
generated by GNU Autoconf 2.72.  Invocation command line was

  $ ./configure --prefix=/usr --libdir=/usr/lib PKG_CONFIG_PATH=/home/mearvk/IdeaProjects/Ubuntu.Determinant.Alpha.Restricted/userland/x11/_build/sysroot/usr/lib/pkgconfig:/home/mearvk/IdeaProjects/Ubuntu.Determinant.Alpha.Restricted/userland/x11/_build/sysroot/usr/lib/x86_64-linux-gnu/pkgconfig:/home/mearvk/IdeaProjects/Ubuntu.Determinant.Alpha.Restricted/userland/x11/_build/sysroot/usr/share/pkgconfig

## --------- ##
## Platform. ##
## --------- ##

hostname = mearvk-X900-A8800
uname -m = x86_64
uname -r = 6.8.0-136-generic
uname -s = Linux
uname -v = #136-Ubuntu SMP PREEMPT_DYNAMIC Wed Jul  1 21:53:05 UTC 2026

/usr/bin/uname -p = x86_64
/bin/uname -X     = unknown

/bin/arch              = x86_64
/usr/bin/arch -k       = unknown
/usr/convex/getsysinfo = unknown
/usr/bin/hostinfo      = unknown
/bin/machine           = unknown
/usr/bin/oslevel       = unknown
/bin/universe          = unknown

PATH: /home/mearvk/.opencode/bin/
PATH: /home/mearvk/.nvm/versions/node/v24.16.0/bin/
PATH: /home/mearvk/.cargo/bin/
PATH: /home/mearvk/.local/bin/
PATH: /usr/local/sbin/
PATH: /usr/local/bin/
PATH: /usr/sbin/
PATH: /usr/bin/
PATH: /sbin/
PATH: /bin/
PATH: /usr/games/
PATH: /usr/local/games/
PATH: /snap/bin/
PATH: /snap/bin/


## ----------- ##
## Core tests. ##
## ----------- ##

configure:2633: looking for aux files: config.guess config.sub ltmain.sh missing install-sh compile
configure:2646:  trying ./
configure:2675:   ./config.guess found
configure:2675:   ./config.sub found
configure:2675:   ./ltmain.sh found
configure:2675:   ./missing found
configure:2657:   ./install-sh found
configure:2675:   ./compile found
configure:2863: checking for gcc
configure:2884: found /usr/bin/gcc
configure:2896: result: gcc
configure:3255: checking for C compiler version
configure:3264: gcc --version >&5
gcc (Ubuntu 13.3.0-6ubuntu2~24.04.1) 13.3.0
Copyright (C) 2023 Free Software Foundation, Inc.
This is free software; see the source for copying conditions.  There is NO
warranty; not even for MERCHANTABILITY or FITNESS FOR A PARTICULAR PURPOSE.

configure:3275: $? = 0
configure:3264: gcc -v >&5
Using built-in specs.
COLLECT_GCC=gcc
COLLECT_LTO_WRAPPER=/usr/libexec/gcc/x86_64-linux-gnu/13/lto-wrapper
OFFLOAD_TARGET_NAMES=nvptx-none:amdgcn-amdhsa
OFFLOAD_TARGET_DEFAULT=1
Target: x86_64-linux-gnu
Configured with: ../src/configure -v --with-pkgversion='Ubuntu 13.3.0-6ubuntu2~24.04.1' --with-bugurl=file:///usr/share/doc/gcc-13/README.Bugs --enable-languages=c,ada,c++,go,d,fortran,objc,obj-c++,m2 --prefix=/usr --with-gcc-major-version-only --program-suffix=-13 --program-prefix=x86_64-linux-gnu- --enable-shared --enable-linker-build-id --libexecdir=/usr/libexec --without-included-gettext --enable-threads=posix --libdir=/usr/lib --enable-nls --enable-bootstrap --enable-clocale=gnu --enable-libstdcxx-debug --enable-libstdcxx-time=yes --with-default-libstdcxx-abi=new --enable-libstdcxx-backtrace --enable-gnu-unique-object --disable-vtable-verify --enable-plugin --enable-default-pie --with-system-zlib --enable-libphobos-checking=release --with-target-system-zlib=auto --enable-objc-gc=auto --enable-multiarch --disable-werror --enable-cet --with-arch-32=i686 --with-abi=m64 --with-multilib-list=m32,m64,mx32 --enable-multilib --with-tune=generic --enable-offload-targets=nvptx-none=/build/gcc-13-EldibY/gcc-13-13.3.0/debian/tmp-nvptx/usr,amdgcn-amdhsa=/build/gcc-13-EldibY/gcc-13-13.3.0/debian/tmp-gcn/usr --enable-offload-defaulted --without-cuda-driver --enable-checking=release --build=x86_64-linux-gnu --host=x86_64-linux-gnu --target=x86_64-linux-gnu --with-build-config=bootstrap-lto-lean --enable-link-serialization=2
Thread model: posix
Supported LTO compression algorithms: zlib zstd
gcc version 13.3.0 (Ubuntu 13.3.0-6ubuntu2~24.04.1) 
... rest of stderr output deleted ...
configure:3275: $? = 0
configure:3264: gcc -V >&5
gcc: error: unrecognized command-line option '-V'
gcc: fatal error: no input files
compilation terminated.
configure:3275: $? = 1
configure:3264: gcc -qversion >&5
gcc: error: unrecognized command-line option '-qversion'; did you mean '--version'?
gcc: fatal error: no input files
compilation terminated.
configure:3275: $? = 1
configure:3264: gcc -version >&5
gcc: error: unrecognized command-line option '-version'
gcc: fatal error: no input files
compilation terminated.
configure:3275: $? = 1
configure:3295: checking whether the C compiler works
configure:3317: gcc    conftest.c  >&5
configure:3321: $? = 0
configure:3372: result: yes
configure:3376: checking for C compiler default output file name
configure:3378: result: a.out
configure:3384: checking for suffix of executables
configure:3391: gcc -o conftest    conftest.c  >&5
configure:3395: $? = 0
configure:3419: result: 
configure:3443: checking whether we are cross compiling
configure:3451: gcc -o conftest    conftest.c  >&5
configure:3455: $? = 0
configure:3462: ./conftest
configure:3466: $? = 0
configure:3481: result: no
configure:3487: checking for suffix of object files
configure:3510: gcc -c   conftest.c >&5
configure:3514: $? = 0
configure:3538: result: o
configure:3542: checking whether the compiler supports GNU C
configure:3562: gcc -c   conftest.c >&5
configure:3562: $? = 0
configure:3574: result: yes
configure:3585: checking whether gcc accepts -g
configure:3606: gcc -c -g  conftest.c >&5
configure:3606: $? = 0
configure:3653: result: yes
configure:3673: checking for gcc option to enable C11 features
configure:3688: gcc  -c -g -O2  conftest.c >&5
configure:3688: $? = 0
configure:3707: result: none needed
configure:3831: checking whether gcc understands -c and -o together
configure:3854: gcc -c conftest.c -o conftest2.o
configure:3857: $? = 0
configure:3854: gcc -c conftest.c -o conftest2.o
configure:3857: $? = 0
configure:3870: result: yes
configure:3892: checking for stdio.h
configure:3892: gcc -c -g -O2  conftest.c >&5
configure:3892: $? = 0
configure:3892: result: yes
configure:3892: checking for stdlib.h
configure:3892: gcc -c -g -O2  conftest.c >&5
configure:3892: $? = 0
configure:3892: result: yes
configure:3892: checking for string.h
configure:3892: gcc -c -g -O2  conftest.c >&5
configure:3892: $? = 0
configure:3892: result: yes
configure:3892: checking for inttypes.h
configure:3892: gcc -c -g -O2  conftest.c >&5
configure:3892: $? = 0
configure:3892: result: yes
configure:3892: checking for stdint.h
configure:3892: gcc -c -g -O2  conftest.c >&5
configure:3892: $? = 0
configure:3892: result: yes
configure:3892: checking for strings.h
configure:3892: gcc -c -g -O2  conftest.c >&5
configure:3892: $? = 0
configure:3892: result: yes
configure:3892: checking for sys/stat.h
configure:3892: gcc -c -g -O2  conftest.c >&5
configure:3892: $? = 0
configure:3892: result: yes
configure:3892: checking for sys/types.h
configure:3892: gcc -c -g -O2  conftest.c >&5
configure:3892: $? = 0
configure:3892: result: yes
configure:3892: checking for unistd.h
configure:3892: gcc -c -g -O2  conftest.c >&5
configure:3892: $? = 0
configure:3892: result: yes
configure:3892: checking for wchar.h
configure:3892: gcc -c -g -O2  conftest.c >&5
configure:3892: $? = 0
configure:3892: result: yes
configure:3892: checking for minix/config.h
configure:3892: gcc -c -g -O2  conftest.c >&5
conftest.c:47:10: fatal error: minix/config.h: No such file or directory
   47 | #include <minix/config.h>
      |          ^~~~~~~~~~~~~~~~
compilation terminated.
configure:3892: $? = 1
configure: failed program was:
| /* confdefs.h */
| #define PACKAGE_NAME "libXext"
| #define PACKAGE_TARNAME "libXext"
| #define PACKAGE_VERSION "1.3.6"
| #define PACKAGE_STRING "libXext 1.3.6"
| #define PACKAGE_BUGREPORT "https://gitlab.freedesktop.org/xorg/lib/libxext/-/issues"
| #define PACKAGE_URL ""
| #define HAVE_STDIO_H 1
| #define HAVE_STDLIB_H 1
| #define HAVE_STRING_H 1
| #define HAVE_INTTYPES_H 1
| #define HAVE_STDINT_H 1
| #define HAVE_STRINGS_H 1
| #define HAVE_SYS_STAT_H 1
| #define HAVE_SYS_TYPES_H 1
| #define HAVE_UNISTD_H 1
| #define HAVE_WCHAR_H 1
| /* end confdefs.h.  */
| #include <stddef.h>
| #ifdef HAVE_STDIO_H
| # include <stdio.h>
| #endif
| #ifdef HAVE_STDLIB_H
| # include <stdlib.h>
| #endif
| #ifdef HAVE_STRING_H
| # include <string.h>
| #endif
| #ifdef HAVE_INTTYPES_H
| # include <inttypes.h>
| #endif
| #ifdef HAVE_STDINT_H
| # include <stdint.h>
| #endif
| #ifdef HAVE_STRINGS_H
| # include <strings.h>
| #endif
| #ifdef HAVE_SYS_TYPES_H
| # include <sys/types.h>
| #endif
| #ifdef HAVE_SYS_STAT_H
| # include <sys/stat.h>
| #endif
| #ifdef HAVE_UNISTD_H
| # include <unistd.h>
| #endif
| #include <minix/config.h>
configure:3892: result: no
configure:3923: checking whether it is safe to define __EXTENSIONS__
configure:3942: gcc -c -g -O2  conftest.c >&5
configure:3942: $? = 0
configure:3952: result: yes
configure:3955: checking whether _XOPEN_SOURCE should be defined
configure:3977: gcc -c -g -O2  conftest.c >&5
configure:3977: $? = 0
configure:4006: result: no
configure:4084: checking for a BSD-compatible install
configure:4158: result: /usr/bin/install -c
configure:4169: checking whether build environment is sane
configure:4224: result: yes
configure:4381: checking for a race-free mkdir -p
configure:4424: result: /usr/bin/mkdir -p
configure:4431: checking for gawk
configure:4467: result: no
configure:4431: checking for mawk
configure:4452: found /usr/bin/mawk
configure:4464: result: mawk
configure:4475: checking whether make sets $(MAKE)
configure:4499: result: yes
configure:4521: checking whether make supports the include directive
configure:4536: make -f confmf.GNU && cat confinc.out
make[2]: Entering directory '/home/mearvk/IdeaProjects/Ubuntu.Determinant.Alpha.Restricted/userland/x11/_build/libXext-1.3.6'
make[2]: Leaving directory '/home/mearvk/IdeaProjects/Ubuntu.Determinant.Alpha.Restricted/userland/x11/_build/libXext-1.3.6'
this is the am__doit target
configure:4539: $? = 0
configure:4558: result: yes (GNU style)
configure:4593: checking whether make supports nested variables
configure:4612: result: yes
configure:4693: checking dependency style of gcc
configure:4806: result: gcc3
configure:4912: checking build system type
configure:4928: result: x86_64-pc-linux-gnu
configure:4948: checking host system type
configure:4963: result: x86_64-pc-linux-gnu
configure:5004: checking how to print strings
configure:5031: result: printf
configure:5052: checking for a sed that does not truncate output
configure:5124: result: /usr/bin/sed
configure:5142: checking for grep that handles long lines and -e
configure:5208: result: /usr/bin/grep
configure:5213: checking for egrep
configure:5283: result: /usr/bin/grep -E
configure:5290: checking for fgrep
configure:5360: result: /usr/bin/grep -F
configure:5397: checking for ld used by gcc
configure:5466: result: /usr/bin/ld
configure:5473: checking if the linker (/usr/bin/ld) is GNU ld
configure:5490: result: yes
configure:5502: checking for BSD- or MS-compatible name lister (nm)
configure:5558: result: /usr/bin/nm -B
configure:5700: checking the name lister (/usr/bin/nm -B) interface
configure:5708: gcc -c -g -O2  conftest.c >&5
configure:5711: /usr/bin/nm -B "conftest.o"
configure:5714: output
0000000000000000 B some_variable
configure:5722: result: BSD nm
configure:5725: checking whether ln -s works
configure:5729: result: yes
configure:5737: checking the maximum length of command line arguments
configure:5870: result: 1572864
configure:5918: checking how to convert x86_64-pc-linux-gnu file names to x86_64-pc-linux-gnu format
configure:5960: result: func_convert_file_noop
configure:5967: checking how to convert x86_64-pc-linux-gnu file names to toolchain format
configure:5989: result: func_convert_file_noop
configure:5996: checking for /usr/bin/ld option to reload object files
configure:6005: result: -r
configure:6085: checking for file
configure:6106: found /usr/bin/file
configure:6118: result: file
configure:6195: checking for objdump
configure:6216: found /usr/bin/objdump
configure:6228: result: objdump
configure:6260: checking how to recognize dependent libraries
configure:6462: result: pass_all
configure:6553: checking for dlltool
configure:6589: result: no
configure:6619: checking how to associate runtime and link libraries
configure:6648: result: printf %s\n
configure:6714: checking for ar
configure:6735: found /usr/bin/ar
configure:6747: result: ar
configure:6800: checking for archiver @FILE support
configure:6818: gcc -c -g -O2  conftest.c >&5
configure:6818: $? = 0
configure:6822: ar cr libconftest.a @conftest.lst >&5
configure:6825: $? = 0
configure:6830: ar cr libconftest.a @conftest.lst >&5
ar: conftest.o: No such file or directory
configure:6833: $? = 1
configure:6846: result: @
configure:6910: checking for strip
configure:6931: found /usr/bin/strip
configure:6943: result: strip
configure:7021: checking for ranlib
configure:7042: found /usr/bin/ranlib
configure:7054: result: ranlib
configure:7156: checking command to parse /usr/bin/nm -B output from gcc object
configure:7310: gcc -c -g -O2  conftest.c >&5
configure:7313: $? = 0
configure:7317: /usr/bin/nm -B conftest.o \| /usr/bin/sed -n -e 's/^.*[ ]\([ABCDGIRSTW][ABCDGIRSTW]*\)[ ][ ]*\([_A-Za-z][_A-Za-z0-9]*\)$/\1 \2 \2/p' | /usr/bin/sed '/ __gnu_lto/d' \> conftest.nm
configure:7320: $? = 0
configure:7386: gcc -o conftest -g -O2   conftest.c conftstm.o >&5
configure:7389: $? = 0
configure:7428: result: ok
configure:7475: checking for sysroot
configure:7507: result: no
configure:7514: checking for a working dd
configure:7559: result: /usr/bin/dd
configure:7563: checking how to truncate binary pipes
configure:7580: result: /usr/bin/dd bs=4096 count=1
configure:7717: gcc -c -g -O2  conftest.c >&5
configure:7720: $? = 0
configure:7920: checking for mt
configure:7941: found /usr/bin/mt
configure:7953: result: mt
configure:7976: checking if mt is a manifest tool
configure:7983: mt '-?'
configure:7992: result: no
configure:8727: checking for dlfcn.h
configure:8727: gcc -c -g -O2  conftest.c >&5
configure:8727: $? = 0
configure:8727: result: yes
configure:8992: checking for objdir
configure:9009: result: .libs
configure:9275: checking if gcc supports -fno-rtti -fno-exceptions
configure:9294: gcc -c -g -O2  -fno-rtti -fno-exceptions conftest.c >&5
cc1: warning: command-line option '-fno-rtti' is valid for C++/D/ObjC++ but not for C
configure:9298: $? = 0
configure:9312: result: no
configure:9670: checking for gcc option to produce PIC
configure:9679: result: -fPIC -DPIC
configure:9687: checking if gcc PIC flag -fPIC -DPIC works
configure:9706: gcc -c -g -O2  -fPIC -DPIC -DPIC conftest.c >&5
configure:9710: $? = 0
configure:9724: result: yes
configure:9753: checking if gcc static flag -static works
configure:9783: result: yes
configure:9798: checking if gcc supports -c -o file.o
configure:9820: gcc -c -g -O2  -o out/conftest2.o conftest.c >&5
configure:9824: $? = 0
configure:9847: result: yes
configure:9855: checking if gcc supports -c -o file.o
configure:9904: result: yes
configure:9937: checking whether the gcc linker (/usr/bin/ld -m elf_x86_64) supports shared libraries
configure:11210: result: yes
configure:11247: checking whether -lc should be explicitly linked in
configure:11256: gcc -c -g -O2  conftest.c >&5
configure:11259: $? = 0
configure:11274: gcc -shared  -fPIC -DPIC conftest.o  -v -Wl,-soname -Wl,conftest -o conftest 2\>\&1 \| /usr/bin/grep  -lc  \>/dev/null 2\>\&1
configure:11277: $? = 0
configure:11292: result: no
configure:11452: checking dynamic linker characteristics
configure:12034: gcc -o conftest -g -O2   -Wl,-rpath -Wl,/foo conftest.c  >&5
configure:12034: $? = 0
configure:12274: result: GNU/Linux ld.so
configure:12396: checking how to hardcode library paths into programs
configure:12421: result: immediate
configure:13021: checking whether stripping libraries is possible
configure:13030: result: yes
configure:13072: checking if libtool supports shared libraries
configure:13074: result: yes
configure:13077: checking whether to build shared libraries
configure:13102: result: yes
configure:13105: checking whether to build static libraries
configure:13109: result: yes
configure:13159: checking for gcc options needed to detect all undeclared functions
configure:13181: gcc -c -g -O2   conftest.c >&5
conftest.c: In function 'main':
conftest.c:45:8: error: 'strchr' undeclared (first use in this function)
   45 | (void) strchr;
      |        ^~~~~~
conftest.c:1:1: note: 'strchr' is defined in header '<string.h>'; did you forget to '#include <string.h>'?
    1 | /* confdefs.h */
conftest.c:45:8: note: each undeclared identifier is reported only once for each function it appears in
   45 | (void) strchr;
      |        ^~~~~~
configure:13181: $? = 1
configure: failed program was:
| /* confdefs.h */
| #define PACKAGE_NAME "libXext"
| #define PACKAGE_TARNAME "libXext"
| #define PACKAGE_VERSION "1.3.6"
| #define PACKAGE_STRING "libXext 1.3.6"
| #define PACKAGE_BUGREPORT "https://gitlab.freedesktop.org/xorg/lib/libxext/-/issues"
| #define PACKAGE_URL ""
| #define HAVE_STDIO_H 1
| #define HAVE_STDLIB_H 1
| #define HAVE_STRING_H 1
| #define HAVE_INTTYPES_H 1
| #define HAVE_STDINT_H 1
| #define HAVE_STRINGS_H 1
| #define HAVE_SYS_STAT_H 1
| #define HAVE_SYS_TYPES_H 1
| #define HAVE_UNISTD_H 1
| #define HAVE_WCHAR_H 1
| #define STDC_HEADERS 1
| #define _ALL_SOURCE 1
| #define _DARWIN_C_SOURCE 1
| #define _GNU_SOURCE 1
| #define _HPUX_ALT_XOPEN_SOCKET_API 1
| #define _NETBSD_SOURCE 1
| #define _OPENBSD_SOURCE 1
| #define _POSIX_PTHREAD_SEMANTICS 1
| #define __STDC_WANT_IEC_60559_ATTRIBS_EXT__ 1
| #define __STDC_WANT_IEC_60559_BFP_EXT__ 1
| #define __STDC_WANT_IEC_60559_DFP_EXT__ 1
| #define __STDC_WANT_IEC_60559_EXT__ 1
| #define __STDC_WANT_IEC_60559_FUNCS_EXT__ 1
| #define __STDC_WANT_IEC_60559_TYPES_EXT__ 1
| #define __STDC_WANT_LIB_EXT2__ 1
| #define __STDC_WANT_MATH_SPEC_FUNCS__ 1
| #define _TANDEM_SOURCE 1
| #define __EXTENSIONS__ 1
| #define PACKAGE "libXext"
| #define VERSION "1.3.6"
| #define HAVE_DLFCN_H 1
| #define LT_OBJDIR ".libs/"
| /* end confdefs.h.  */
| 
| int
| main (void)
| {
| (void) strchr;
|   ;
|   return 0;
| }
configure:13208: gcc -c -g -O2   conftest.c >&5
configure:13208: $? = 0
configure:13228: result: none needed
configure:13246: checking whether __clang__ is declared
configure:13246: gcc -c -g -O2   conftest.c >&5
conftest.c: In function 'main':
conftest.c:76:10: error: '__clang__' undeclared (first use in this function)
   76 |   (void) __clang__;
      |          ^~~~~~~~~
conftest.c:76:10: note: each undeclared identifier is reported only once for each function it appears in
configure:13246: $? = 1
configure: failed program was:
| /* confdefs.h */
| #define PACKAGE_NAME "libXext"
| #define PACKAGE_TARNAME "libXext"
| #define PACKAGE_VERSION "1.3.6"
| #define PACKAGE_STRING "libXext 1.3.6"
| #define PACKAGE_BUGREPORT "https://gitlab.freedesktop.org/xorg/lib/libxext/-/issues"
| #define PACKAGE_URL ""
| #define HAVE_STDIO_H 1
| #define HAVE_STDLIB_H 1
| #define HAVE_STRING_H 1
| #define HAVE_INTTYPES_H 1
| #define HAVE_STDINT_H 1
| #define HAVE_STRINGS_H 1
| #define HAVE_SYS_STAT_H 1
| #define HAVE_SYS_TYPES_H 1
| #define HAVE_UNISTD_H 1
| #define HAVE_WCHAR_H 1
| #define STDC_HEADERS 1
| #define _ALL_SOURCE 1
| #define _DARWIN_C_SOURCE 1
| #define _GNU_SOURCE 1
| #define _HPUX_ALT_XOPEN_SOCKET_API 1
| #define _NETBSD_SOURCE 1
| #define _OPENBSD_SOURCE 1
| #define _POSIX_PTHREAD_SEMANTICS 1
| #define __STDC_WANT_IEC_60559_ATTRIBS_EXT__ 1
| #define __STDC_WANT_IEC_60559_BFP_EXT__ 1
| #define __STDC_WANT_IEC_60559_DFP_EXT__ 1
| #define __STDC_WANT_IEC_60559_EXT__ 1
| #define __STDC_WANT_IEC_60559_FUNCS_EXT__ 1
| #define __STDC_WANT_IEC_60559_TYPES_EXT__ 1
| #define __STDC_WANT_LIB_EXT2__ 1
| #define __STDC_WANT_MATH_SPEC_FUNCS__ 1
| #define _TANDEM_SOURCE 1
| #define __EXTENSIONS__ 1
| #define PACKAGE "libXext"
| #define VERSION "1.3.6"
| #define HAVE_DLFCN_H 1
| #define LT_OBJDIR ".libs/"
| /* end confdefs.h.  */
| #include <stddef.h>
| #ifdef HAVE_STDIO_H
| # include <stdio.h>
| #endif
| #ifdef HAVE_STDLIB_H
| # include <stdlib.h>
| #endif
| #ifdef HAVE_STRING_H
| # include <string.h>
| #endif
| #ifdef HAVE_INTTYPES_H
| # include <inttypes.h>
| #endif
| #ifdef HAVE_STDINT_H
| # include <stdint.h>
| #endif
| #ifdef HAVE_STRINGS_H
| # include <strings.h>
| #endif
| #ifdef HAVE_SYS_TYPES_H
| # include <sys/types.h>
| #endif
| #ifdef HAVE_SYS_STAT_H
| # include <sys/stat.h>
| #endif
| #ifdef HAVE_UNISTD_H
| # include <unistd.h>
| #endif
| int
| main (void)
| {
| #ifndef __clang__
| #ifdef __cplusplus
|   (void) __clang__;
| #else
|   (void) __clang__;
| #endif
| #endif
| 
|   ;
|   return 0;
| }
configure:13246: result: no
configure:13254: checking whether __INTEL_COMPILER is declared
configure:13254: gcc -c -g -O2   conftest.c >&5
conftest.c: In function 'main':
conftest.c:76:10: error: '__INTEL_COMPILER' undeclared (first use in this function)
   76 |   (void) __INTEL_COMPILER;
      |          ^~~~~~~~~~~~~~~~
conftest.c:76:10: note: each undeclared identifier is reported only once for each function it appears in
configure:13254: $? = 1
configure: failed program was:
| /* confdefs.h */
| #define PACKAGE_NAME "libXext"
| #define PACKAGE_TARNAME "libXext"
| #define PACKAGE_VERSION "1.3.6"
| #define PACKAGE_STRING "libXext 1.3.6"
| #define PACKAGE_BUGREPORT "https://gitlab.freedesktop.org/xorg/lib/libxext/-/issues"
| #define PACKAGE_URL ""
| #define HAVE_STDIO_H 1
| #define HAVE_STDLIB_H 1
| #define HAVE_STRING_H 1
| #define HAVE_INTTYPES_H 1
| #define HAVE_STDINT_H 1
| #define HAVE_STRINGS_H 1
| #define HAVE_SYS_STAT_H 1
| #define HAVE_SYS_TYPES_H 1
| #define HAVE_UNISTD_H 1
| #define HAVE_WCHAR_H 1
| #define STDC_HEADERS 1
| #define _ALL_SOURCE 1
| #define _DARWIN_C_SOURCE 1
| #define _GNU_SOURCE 1
| #define _HPUX_ALT_XOPEN_SOCKET_API 1
| #define _NETBSD_SOURCE 1
| #define _OPENBSD_SOURCE 1
| #define _POSIX_PTHREAD_SEMANTICS 1
| #define __STDC_WANT_IEC_60559_ATTRIBS_EXT__ 1
| #define __STDC_WANT_IEC_60559_BFP_EXT__ 1
| #define __STDC_WANT_IEC_60559_DFP_EXT__ 1
| #define __STDC_WANT_IEC_60559_EXT__ 1
| #define __STDC_WANT_IEC_60559_FUNCS_EXT__ 1
| #define __STDC_WANT_IEC_60559_TYPES_EXT__ 1
| #define __STDC_WANT_LIB_EXT2__ 1
| #define __STDC_WANT_MATH_SPEC_FUNCS__ 1
| #define _TANDEM_SOURCE 1
| #define __EXTENSIONS__ 1
| #define PACKAGE "libXext"
| #define VERSION "1.3.6"
| #define HAVE_DLFCN_H 1
| #define LT_OBJDIR ".libs/"
| /* end confdefs.h.  */
| #include <stddef.h>
| #ifdef HAVE_STDIO_H
| # include <stdio.h>
| #endif
| #ifdef HAVE_STDLIB_H
| # include <stdlib.h>
| #endif
| #ifdef HAVE_STRING_H
| # include <string.h>
| #endif
| #ifdef HAVE_INTTYPES_H
| # include <inttypes.h>
| #endif
| #ifdef HAVE_STDINT_H
| # include <stdint.h>
| #endif
| #ifdef HAVE_STRINGS_H
| # include <strings.h>
| #endif
| #ifdef HAVE_SYS_TYPES_H
| # include <sys/types.h>
| #endif
| #ifdef HAVE_SYS_STAT_H
| # include <sys/stat.h>
| #endif
| #ifdef HAVE_UNISTD_H
| # include <unistd.h>
| #endif
| int
| main (void)
| {
| #ifndef __INTEL_COMPILER
| #ifdef __cplusplus
|   (void) __INTEL_COMPILER;
| #else
|   (void) __INTEL_COMPILER;
| #endif
| #endif
| 
|   ;
|   return 0;
| }
configure:13254: result: no
configure:13262: checking whether __SUNPRO_C is declared
configure:13262: gcc -c -g -O2   conftest.c >&5
conftest.c: In function 'main':
conftest.c:76:10: error: '__SUNPRO_C' undeclared (first use in this function)
   76 |   (void) __SUNPRO_C;
      |          ^~~~~~~~~~
conftest.c:76:10: note: each undeclared identifier is reported only once for each function it appears in
configure:13262: $? = 1
configure: failed program was:
| /* confdefs.h */
| #define PACKAGE_NAME "libXext"
| #define PACKAGE_TARNAME "libXext"
| #define PACKAGE_VERSION "1.3.6"
| #define PACKAGE_STRING "libXext 1.3.6"
| #define PACKAGE_BUGREPORT "https://gitlab.freedesktop.org/xorg/lib/libxext/-/issues"
| #define PACKAGE_URL ""
| #define HAVE_STDIO_H 1
| #define HAVE_STDLIB_H 1
| #define HAVE_STRING_H 1
| #define HAVE_INTTYPES_H 1
| #define HAVE_STDINT_H 1
| #define HAVE_STRINGS_H 1
| #define HAVE_SYS_STAT_H 1
| #define HAVE_SYS_TYPES_H 1
| #define HAVE_UNISTD_H 1
| #define HAVE_WCHAR_H 1
| #define STDC_HEADERS 1
| #define _ALL_SOURCE 1
| #define _DARWIN_C_SOURCE 1
| #define _GNU_SOURCE 1
| #define _HPUX_ALT_XOPEN_SOCKET_API 1
| #define _NETBSD_SOURCE 1
| #define _OPENBSD_SOURCE 1
| #define _POSIX_PTHREAD_SEMANTICS 1
| #define __STDC_WANT_IEC_60559_ATTRIBS_EXT__ 1
| #define __STDC_WANT_IEC_60559_BFP_EXT__ 1
| #define __STDC_WANT_IEC_60559_DFP_EXT__ 1
| #define __STDC_WANT_IEC_60559_EXT__ 1
| #define __STDC_WANT_IEC_60559_FUNCS_EXT__ 1
| #define __STDC_WANT_IEC_60559_TYPES_EXT__ 1
| #define __STDC_WANT_LIB_EXT2__ 1
| #define __STDC_WANT_MATH_SPEC_FUNCS__ 1
| #define _TANDEM_SOURCE 1
| #define __EXTENSIONS__ 1
| #define PACKAGE "libXext"
| #define VERSION "1.3.6"
| #define HAVE_DLFCN_H 1
| #define LT_OBJDIR ".libs/"
| /* end confdefs.h.  */
| #include <stddef.h>
| #ifdef HAVE_STDIO_H
| # include <stdio.h>
| #endif
| #ifdef HAVE_STDLIB_H
| # include <stdlib.h>
| #endif
| #ifdef HAVE_STRING_H
| # include <string.h>
| #endif
| #ifdef HAVE_INTTYPES_H
| # include <inttypes.h>
| #endif
| #ifdef HAVE_STDINT_H
| # include <stdint.h>
| #endif
| #ifdef HAVE_STRINGS_H
| # include <strings.h>
| #endif
| #ifdef HAVE_SYS_TYPES_H
| # include <sys/types.h>
| #endif
| #ifdef HAVE_SYS_STAT_H
| # include <sys/stat.h>
| #endif
| #ifdef HAVE_UNISTD_H
| # include <unistd.h>
| #endif
| int
| main (void)
| {
| #ifndef __SUNPRO_C
| #ifdef __cplusplus
|   (void) __SUNPRO_C;
| #else
|   (void) __SUNPRO_C;
| #endif
| #endif
| 
|   ;
|   return 0;
| }
configure:13262: result: no
configure:13331: checking for pkg-config
configure:13354: found /usr/bin/pkg-config
configure:13367: result: /usr/bin/pkg-config
configure:13392: checking pkg-config is at least version 0.9.0
configure:13395: result: yes
configure:13446: checking if gcc supports -Werror=unknown-warning-option
configure:13456: gcc -c -g -O2 -Werror=unknown-warning-option  conftest.c >&5
cc1: error: '-Werror=unknown-warning-option': no option '-Wunknown-warning-option'
configure:13456: $? = 1
configure: failed program was:
| /* confdefs.h */
| #define PACKAGE_NAME "libXext"
| #define PACKAGE_TARNAME "libXext"
| #define PACKAGE_VERSION "1.3.6"
| #define PACKAGE_STRING "libXext 1.3.6"
| #define PACKAGE_BUGREPORT "https://gitlab.freedesktop.org/xorg/lib/libxext/-/issues"
| #define PACKAGE_URL ""
| #define HAVE_STDIO_H 1
| #define HAVE_STDLIB_H 1
| #define HAVE_STRING_H 1
| #define HAVE_INTTYPES_H 1
| #define HAVE_STDINT_H 1
| #define HAVE_STRINGS_H 1
| #define HAVE_SYS_STAT_H 1
| #define HAVE_SYS_TYPES_H 1
| #define HAVE_UNISTD_H 1
| #define HAVE_WCHAR_H 1
| #define STDC_HEADERS 1
| #define _ALL_SOURCE 1
| #define _DARWIN_C_SOURCE 1
| #define _GNU_SOURCE 1
| #define _HPUX_ALT_XOPEN_SOCKET_API 1
| #define _NETBSD_SOURCE 1
| #define _OPENBSD_SOURCE 1
| #define _POSIX_PTHREAD_SEMANTICS 1
| #define __STDC_WANT_IEC_60559_ATTRIBS_EXT__ 1
| #define __STDC_WANT_IEC_60559_BFP_EXT__ 1
| #define __STDC_WANT_IEC_60559_DFP_EXT__ 1
| #define __STDC_WANT_IEC_60559_EXT__ 1
| #define __STDC_WANT_IEC_60559_FUNCS_EXT__ 1
| #define __STDC_WANT_IEC_60559_TYPES_EXT__ 1
| #define __STDC_WANT_LIB_EXT2__ 1
| #define __STDC_WANT_MATH_SPEC_FUNCS__ 1
| #define _TANDEM_SOURCE 1
| #define __EXTENSIONS__ 1
| #define PACKAGE "libXext"
| #define VERSION "1.3.6"
| #define HAVE_DLFCN_H 1
| #define LT_OBJDIR ".libs/"
| /* end confdefs.h.  */
| int i;
configure:13466: result: no
configure:13477: checking if gcc supports -Werror=unused-command-line-argument
configure:13487: gcc -c -g -O2 -Werror=unused-command-line-argument  conftest.c >&5
cc1: error: '-Werror=unused-command-line-argument': no option '-Wunused-command-line-argument'; did you mean '-Wunused-dummy-argument'?
configure:13487: $? = 1
configure: failed program was:
| /* confdefs.h */
| #define PACKAGE_NAME "libXext"
| #define PACKAGE_TARNAME "libXext"
| #define PACKAGE_VERSION "1.3.6"
| #define PACKAGE_STRING "libXext 1.3.6"
| #define PACKAGE_BUGREPORT "https://gitlab.freedesktop.org/xorg/lib/libxext/-/issues"
| #define PACKAGE_URL ""
| #define HAVE_STDIO_H 1
| #define HAVE_STDLIB_H 1
| #define HAVE_STRING_H 1
| #define HAVE_INTTYPES_H 1
| #define HAVE_STDINT_H 1
| #define HAVE_STRINGS_H 1
| #define HAVE_SYS_STAT_H 1
| #define HAVE_SYS_TYPES_H 1
| #define HAVE_UNISTD_H 1
| #define HAVE_WCHAR_H 1
| #define STDC_HEADERS 1
| #define _ALL_SOURCE 1
| #define _DARWIN_C_SOURCE 1
| #define _GNU_SOURCE 1
| #define _HPUX_ALT_XOPEN_SOCKET_API 1
| #define _NETBSD_SOURCE 1
| #define _OPENBSD_SOURCE 1
| #define _POSIX_PTHREAD_SEMANTICS 1
| #define __STDC_WANT_IEC_60559_ATTRIBS_EXT__ 1
| #define __STDC_WANT_IEC_60559_BFP_EXT__ 1
| #define __STDC_WANT_IEC_60559_DFP_EXT__ 1
| #define __STDC_WANT_IEC_60559_EXT__ 1
| #define __STDC_WANT_IEC_60559_FUNCS_EXT__ 1
| #define __STDC_WANT_IEC_60559_TYPES_EXT__ 1
| #define __STDC_WANT_LIB_EXT2__ 1
| #define __STDC_WANT_MATH_SPEC_FUNCS__ 1
| #define _TANDEM_SOURCE 1
| #define __EXTENSIONS__ 1
| #define PACKAGE "libXext"
| #define VERSION "1.3.6"
| #define HAVE_DLFCN_H 1
| #define LT_OBJDIR ".libs/"
| /* end confdefs.h.  */
| int i;
configure:13497: result: no
configure:13516: checking if gcc supports -Wall
configure:13534: gcc -o conftest -g -O2 -Wall   conftest.c  >&5
configure:13534: $? = 0
configure:13550: result: yes
configure:13646: checking if gcc supports -Wpointer-arith
configure:13664: gcc -o conftest -g -O2 -Wpointer-arith   conftest.c  >&5
configure:13664: $? = 0
configure:13680: result: yes
configure:13776: checking if gcc supports -Wmissing-declarations
configure:13794: gcc -o conftest -g -O2 -Wmissing-declarations   conftest.c  >&5
configure:13794: $? = 0
configure:13810: result: yes
configure:13906: checking if gcc supports -Wformat=2
configure:13924: gcc -o conftest -g -O2 -Wformat=2   conftest.c  >&5
configure:13924: $? = 0
configure:13940: result: yes
configure:14091: checking if gcc supports -Wstrict-prototypes
configure:14109: gcc -o conftest -g -O2 -Wstrict-prototypes   conftest.c  >&5
configure:14109: $? = 0
configure:14125: result: yes
configure:14221: checking if gcc supports -Wmissing-prototypes
configure:14239: gcc -o conftest -g -O2 -Wmissing-prototypes   conftest.c  >&5
configure:14239: $? = 0
configure:14255: result: yes
configure:14351: checking if gcc supports -Wnested-externs
configure:14369: gcc -o conftest -g -O2 -Wnested-externs   conftest.c  >&5
configure:14369: $? = 0
configure:14385: result: yes
configure:14481: checking if gcc supports -Wbad-function-cast
configure:14499: gcc -o conftest -g -O2 -Wbad-function-cast   conftest.c  >&5
configure:14499: $? = 0
configure:14515: result: yes
configure:14611: checking if gcc supports -Wold-style-definition
configure:14629: gcc -o conftest -g -O2 -Wold-style-definition   conftest.c  >&5
configure:14629: $? = 0
configure:14645: result: yes
configure:14794: checking if gcc supports -Wdeclaration-after-statement
configure:14812: gcc -o conftest -g -O2 -Wdeclaration-after-statement   conftest.c  >&5
configure:14812: $? = 0
configure:14828: result: yes
configure:14928: checking if gcc supports -Wunused
configure:14946: gcc -o conftest -g -O2 -Wunused   conftest.c  >&5
configure:14946: $? = 0
configure:14962: result: yes
configure:15058: checking if gcc supports -Wuninitialized
configure:15076: gcc -o conftest -g -O2 -Wuninitialized   conftest.c  >&5
configure:15076: $? = 0
configure:15092: result: yes
configure:15188: checking if gcc supports -Wshadow
configure:15206: gcc -o conftest -g -O2 -Wshadow   conftest.c  >&5
configure:15206: $? = 0
configure:15222: result: yes
configure:15318: checking if gcc supports -Wmissing-noreturn
configure:15336: gcc -o conftest -g -O2 -Wmissing-noreturn   conftest.c  >&5
configure:15336: $? = 0
configure:15352: result: yes
configure:15448: checking if gcc supports -Wmissing-format-attribute
configure:15466: gcc -o conftest -g -O2 -Wmissing-format-attribute   conftest.c  >&5
configure:15466: $? = 0
configure:15482: result: yes
configure:15578: checking if gcc supports -Wredundant-decls
configure:15596: gcc -o conftest -g -O2 -Wredundant-decls   conftest.c  >&5
configure:15596: $? = 0
configure:15612: result: yes
configure:15708: checking if gcc supports -Wlogical-op
configure:15726: gcc -o conftest -g -O2 -Wlogical-op   conftest.c  >&5
configure:15726: $? = 0
configure:15742: result: yes
configure:15850: checking if gcc supports -Werror=implicit
configure:15868: gcc -o conftest -g -O2 -Werror=implicit   conftest.c  >&5
configure:15868: $? = 0
configure:15884: result: yes
configure:16033: checking if gcc supports -Werror=nonnull
configure:16051: gcc -o conftest -g -O2 -Werror=nonnull   conftest.c  >&5
configure:16051: $? = 0
configure:16067: result: yes
configure:16163: checking if gcc supports -Werror=init-self
configure:16181: gcc -o conftest -g -O2 -Werror=init-self   conftest.c  >&5
configure:16181: $? = 0
configure:16197: result: yes
configure:16293: checking if gcc supports -Werror=main
configure:16311: gcc -o conftest -g -O2 -Werror=main   conftest.c  >&5
configure:16311: $? = 0
configure:16327: result: yes
configure:16423: checking if gcc supports -Werror=missing-braces
configure:16441: gcc -o conftest -g -O2 -Werror=missing-braces   conftest.c  >&5
configure:16441: $? = 0
configure:16457: result: yes
configure:16553: checking if gcc supports -Werror=sequence-point
configure:16571: gcc -o conftest -g -O2 -Werror=sequence-point   conftest.c  >&5
configure:16571: $? = 0
configure:16587: result: yes
configure:16683: checking if gcc supports -Werror=return-type
configure:16701: gcc -o conftest -g -O2 -Werror=return-type   conftest.c  >&5
configure:16701: $? = 0
configure:16717: result: yes
configure:16866: checking if gcc supports -Werror=trigraphs
configure:16884: gcc -o conftest -g -O2 -Werror=trigraphs   conftest.c  >&5
configure:16884: $? = 0
configure:16900: result: yes
configure:16996: checking if gcc supports -Werror=array-bounds
configure:17014: gcc -o conftest -g -O2 -Werror=array-bounds   conftest.c  >&5
configure:17014: $? = 0
configure:17030: result: yes
configure:17126: checking if gcc supports -Werror=write-strings
configure:17144: gcc -o conftest -g -O2 -Werror=write-strings   conftest.c  >&5
configure:17144: $? = 0
configure:17160: result: yes
configure:17256: checking if gcc supports -Werror=address
configure:17274: gcc -o conftest -g -O2 -Werror=address   conftest.c  >&5
configure:17274: $? = 0
configure:17290: result: yes
configure:17386: checking if gcc supports -Werror=int-to-pointer-cast
configure:17404: gcc -o conftest -g -O2 -Werror=int-to-pointer-cast   conftest.c  >&5
configure:17404: $? = 0
configure:17420: result: yes
configure:17569: checking if gcc supports -Werror=pointer-to-int-cast
configure:17587: gcc -o conftest -g -O2 -Werror=pointer-to-int-cast   conftest.c  >&5
configure:17587: $? = 0
configure:17603: result: yes
configure:19427: checking if gcc supports -pedantic
configure:19445: gcc -o conftest -g -O2 -pedantic   conftest.c  >&5
configure:19445: $? = 0
configure:19461: result: yes
configure:19557: checking if gcc supports -Werror
configure:19575: gcc -o conftest -g -O2 -Werror   conftest.c  >&5
configure:19575: $? = 0
configure:19591: result: yes
configure:19743: checking if gcc supports -Werror=attributes
configure:19761: gcc -o conftest -g -O2 -Werror=attributes   conftest.c  >&5
configure:19761: $? = 0
configure:19777: result: yes
configure:19972: checking whether make supports nested variables
configure:19991: result: yes
configure:20024: checking whether to build functional specifications
configure:20026: result: yes
configure:20047: checking for xmlto
configure:20086: result: no
configure:20092: WARNING: xmlto not found - documentation targets will be skipped
configure:20254: checking for fop
configure:20293: result: no
configure:20299: WARNING: fop not found - documentation targets will be skipped
configure:20397: checking for xsltproc
configure:20436: result: no
configure:20442: WARNING: xsltproc not found - cannot transform XML documents
configure:20519: checking for X.Org SGML entities >= 1.8
configure:20523: $PKG_CONFIG --exists --print-errors "xorg-sgml-doctools >= 1.8"
configure:20526: $? = 0
configure:20537: result: /home/mearvk/IdeaProjects/Ubuntu.Determinant.Alpha.Restricted/userland/x11/_build/sysroot/usr/share/sgml
configure:20569: checking whether malloc(0) returns NULL
configure:20603: gcc -o conftest -g -O2   conftest.c  >&5
configure:20603: $? = 0
configure:20603: ./conftest
configure:20603: $? = 0
configure:20620: result: yes
configure:20652: checking for XEXT
configure:20659: $PKG_CONFIG --exists --print-errors "xproto >= 7.0.13 x11 >= 1.6 xextproto >= 7.1.99"
configure:20662: $? = 0
configure:20676: $PKG_CONFIG --exists --print-errors "xproto >= 7.0.13 x11 >= 1.6 xextproto >= 7.1.99"
configure:20679: $? = 0
configure:20737: result: yes
configure:20745: checking for __builtin_popcountl
configure:20765: gcc -o conftest -g -O2   conftest.c  >&5
configure:20765: $? = 0
configure:20777: result: yes
configure:20789: checking for reallocarray
configure:20789: gcc -o conftest -g -O2   conftest.c  >&5
configure:20789: $? = 0
configure:20789: result: yes
configure:21051: checking that generated files are newer than configure
configure:21057: result: done
configure:21112: creating ./config.status

## ---------------------- ##
## Running config.status. ##
## ---------------------- ##

This file was extended by libXext config.status 1.3.6, which was
generated by GNU Autoconf 2.72.  Invocation command line was

  CONFIG_FILES    = 
  CONFIG_HEADERS  = 
  CONFIG_LINKS    = 
  CONFIG_COMMANDS = 
  $ ./config.status 

on mearvk-X900-A8800

config.status:1179: creating Makefile
config.status:1179: creating man/Makefile
config.status:1179: creating src/Makefile
config.status:1179: creating specs/Makefile
config.status:1179: creating xext.pc
config.status:1179: creating config.h
config.status:1408: executing depfiles commands
config.status:1485: cd src       && sed -e '/# am--include-marker/d' Makefile         | make -f - am--depfiles
make[2]: Entering directory '/home/mearvk/IdeaProjects/Ubuntu.Determinant.Alpha.Restricted/userland/x11/_build/libXext-1.3.6/src'
make[2]: Leaving directory '/home/mearvk/IdeaProjects/Ubuntu.Determinant.Alpha.Restricted/userland/x11/_build/libXext-1.3.6/src'
config.status:1490: $? = 0
config.status:1408: executing libtool commands

## ---------------- ##
## Cache variables. ##
## ---------------- ##

ac_cv_build=x86_64-pc-linux-gnu
ac_cv_c_compiler_gnu=yes
ac_cv_c_undeclared_builtin_options='none needed'
ac_cv_env_CC_set=
ac_cv_env_CC_value=
ac_cv_env_CFLAGS_set=
ac_cv_env_CFLAGS_value=
ac_cv_env_CPPFLAGS_set=
ac_cv_env_CPPFLAGS_value=
ac_cv_env_FOP_set=
ac_cv_env_FOP_value=
ac_cv_env_LDFLAGS_set=
ac_cv_env_LDFLAGS_value=
ac_cv_env_LIBS_set=
ac_cv_env_LIBS_value=
ac_cv_env_LINT_FLAGS_set=
ac_cv_env_LINT_FLAGS_value=
ac_cv_env_LINT_set=
ac_cv_env_LINT_value=
ac_cv_env_LT_SYS_LIBRARY_PATH_set=
ac_cv_env_LT_SYS_LIBRARY_PATH_value=
ac_cv_env_PKG_CONFIG_LIBDIR_set=
ac_cv_env_PKG_CONFIG_LIBDIR_value=
ac_cv_env_PKG_CONFIG_PATH_set=set
ac_cv_env_PKG_CONFIG_PATH_value=/home/mearvk/IdeaProjects/Ubuntu.Determinant.Alpha.Restricted/userland/x11/_build/sysroot/usr/lib/pkgconfig:/home/mearvk/IdeaProjects/Ubuntu.Determinant.Alpha.Restricted/userland/x11/_build/sysroot/usr/lib/x86_64-linux-gnu/pkgconfig:/home/mearvk/IdeaProjects/Ubuntu.Determinant.Alpha.Restricted/userland/x11/_build/sysroot/usr/share/pkgconfig
ac_cv_env_PKG_CONFIG_set=
ac_cv_env_PKG_CONFIG_value=
ac_cv_env_XEXT_CFLAGS_set=
ac_cv_env_XEXT_CFLAGS_value=
ac_cv_env_XEXT_LIBS_set=
ac_cv_env_XEXT_LIBS_value=
ac_cv_env_XMLTO_set=
ac_cv_env_XMLTO_value=
ac_cv_env_XSLTPROC_set=
ac_cv_env_XSLTPROC_value=
ac_cv_env_build_alias_set=
ac_cv_env_build_alias_value=
ac_cv_env_host_alias_set=
ac_cv_env_host_alias_value=
ac_cv_env_target_alias_set=
ac_cv_env_target_alias_value=
ac_cv_func_reallocarray=yes
ac_cv_have_decl___INTEL_COMPILER=no
ac_cv_have_decl___SUNPRO_C=no
ac_cv_have_decl___clang__=no
ac_cv_header_dlfcn_h=yes
ac_cv_header_inttypes_h=yes
ac_cv_header_minix_config_h=no
ac_cv_header_stdint_h=yes
ac_cv_header_stdio_h=yes
ac_cv_header_stdlib_h=yes
ac_cv_header_string_h=yes
ac_cv_header_strings_h=yes
ac_cv_header_sys_stat_h=yes
ac_cv_header_sys_types_h=yes
ac_cv_header_unistd_h=yes
ac_cv_header_wchar_h=yes
ac_cv_host=x86_64-pc-linux-gnu
ac_cv_objext=o
ac_cv_path_EGREP='/usr/bin/grep -E'
ac_cv_path_EGREP_TRADITIONAL='/usr/bin/grep -E'
ac_cv_path_FGREP='/usr/bin/grep -F'
ac_cv_path_GREP=/usr/bin/grep
ac_cv_path_SED=/usr/bin/sed
ac_cv_path_ac_pt_PKG_CONFIG=/usr/bin/pkg-config
ac_cv_path_install='/usr/bin/install -c'
ac_cv_path_lt_DD=/usr/bin/dd
ac_cv_path_mkdir=/usr/bin/mkdir
ac_cv_prog_AWK=mawk
ac_cv_prog_ac_ct_AR=ar
ac_cv_prog_ac_ct_CC=gcc
ac_cv_prog_ac_ct_FILECMD=file
ac_cv_prog_ac_ct_MANIFEST_TOOL=mt
ac_cv_prog_ac_ct_OBJDUMP=objdump
ac_cv_prog_ac_ct_RANLIB=ranlib
ac_cv_prog_ac_ct_STRIP=strip
ac_cv_prog_cc_c11=
ac_cv_prog_cc_g=yes
ac_cv_prog_cc_stdc=
ac_cv_prog_make_make_set=yes
ac_cv_safe_to_define___extensions__=yes
ac_cv_should_define__xopen_source=no
am_cv_CC_dependencies_compiler_type=gcc3
am_cv_make_support_nested_variables=yes
am_cv_prog_cc_c_o=yes
ax_cv_have___builtin_popcountl=yes
lt_cv_ar_at_file=@
lt_cv_archive_cmds_need_lc=no
lt_cv_deplibs_check_method=pass_all
lt_cv_file_magic_cmd='$MAGIC_CMD'
lt_cv_file_magic_test_file=
lt_cv_ld_reload_flag=-r
lt_cv_nm_interface='BSD nm'
lt_cv_objdir=.libs
lt_cv_path_LD=/usr/bin/ld
lt_cv_path_NM='/usr/bin/nm -B'
lt_cv_path_mainfest_tool=no
lt_cv_prog_compiler_c_o=yes
lt_cv_prog_compiler_pic='-fPIC -DPIC'
lt_cv_prog_compiler_pic_works=yes
lt_cv_prog_compiler_rtti_exceptions=no
lt_cv_prog_compiler_static_works=yes
lt_cv_prog_gnu_ld=yes
lt_cv_sharedlib_from_linklib_cmd='printf %s\n'
lt_cv_shlibpath_overrides_runpath=yes
lt_cv_sys_global_symbol_pipe='/usr/bin/sed -n -e '\''s/^.*[	 ]\([ABCDGIRSTW][ABCDGIRSTW]*\)[	 ][	 ]*\([_A-Za-z][_A-Za-z0-9]*\)$/\1 \2 \2/p'\'' | /usr/bin/sed '\''/ __gnu_lto/d'\'''
lt_cv_sys_global_symbol_to_c_name_address='/usr/bin/sed -n -e '\''s/^: \(.*\) .*$/  {"\1", (void *) 0},/p'\'' -e '\''s/^[ABCDGIRSTW][ABCDGIRSTW]* .* \(.*\)$/  {"\1", (void *) \&\1},/p'\'''
lt_cv_sys_global_symbol_to_c_name_address_lib_prefix='/usr/bin/sed -n -e '\''s/^: \(.*\) .*$/  {"\1", (void *) 0},/p'\'' -e '\''s/^[ABCDGIRSTW][ABCDGIRSTW]* .* \(lib.*\)$/  {"\1", (void *) \&\1},/p'\'' -e '\''s/^[ABCDGIRSTW][ABCDGIRSTW]* .* \(.*\)$/  {"lib\1", (void *) \&\1},/p'\'''
lt_cv_sys_global_symbol_to_cdecl='/usr/bin/sed -n -e '\''s/^T .* \(.*\)$/extern int \1();/p'\'' -e '\''s/^[ABCDGIRSTW][ABCDGIRSTW]* .* \(.*\)$/extern char \1;/p'\'''
lt_cv_sys_global_symbol_to_import=
lt_cv_sys_max_cmd_len=1572864
lt_cv_to_host_file_cmd=func_convert_file_noop
lt_cv_to_tool_file_cmd=func_convert_file_noop
lt_cv_truncate_bin='/usr/bin/dd bs=4096 count=1'
pkg_cv_XEXT_CFLAGS='-I/home/mearvk/IdeaProjects/Ubuntu.Determinant.Alpha.Restricted/userland/x11/_build/sysroot/usr/include '
pkg_cv_XEXT_LIBS='-L/home/mearvk/IdeaProjects/Ubuntu.Determinant.Alpha.Restricted/userland/x11/_build/sysroot/usr/lib -lX11 '
xorg_cv_cc_flag__Wall=yes
xorg_cv_cc_flag__Wbad_function_cast=yes
xorg_cv_cc_flag__Wdeclaration_after_statement=yes
xorg_cv_cc_flag__Werror=yes
xorg_cv_cc_flag__Werror_address=yes
xorg_cv_cc_flag__Werror_array_bounds=yes
xorg_cv_cc_flag__Werror_attributes=yes
xorg_cv_cc_flag__Werror_implicit=yes
xorg_cv_cc_flag__Werror_init_self=yes
xorg_cv_cc_flag__Werror_int_to_pointer_cast=yes
xorg_cv_cc_flag__Werror_main=yes
xorg_cv_cc_flag__Werror_missing_braces=yes
xorg_cv_cc_flag__Werror_nonnull=yes
xorg_cv_cc_flag__Werror_pointer_to_int_cast=yes
xorg_cv_cc_flag__Werror_return_type=yes
xorg_cv_cc_flag__Werror_sequence_point=yes
xorg_cv_cc_flag__Werror_trigraphs=yes
xorg_cv_cc_flag__Werror_write_strings=yes
xorg_cv_cc_flag__Wformat_2=yes
xorg_cv_cc_flag__Wlogical_op=yes
xorg_cv_cc_flag__Wmissing_declarations=yes
xorg_cv_cc_flag__Wmissing_format_attribute=yes
xorg_cv_cc_flag__Wmissing_noreturn=yes
xorg_cv_cc_flag__Wmissing_prototypes=yes
xorg_cv_cc_flag__Wnested_externs=yes
xorg_cv_cc_flag__Wold_style_definition=yes
xorg_cv_cc_flag__Wpointer_arith=yes
xorg_cv_cc_flag__Wredundant_decls=yes
xorg_cv_cc_flag__Wshadow=yes
xorg_cv_cc_flag__Wstrict_prototypes=yes
xorg_cv_cc_flag__Wuninitialized=yes
xorg_cv_cc_flag__Wunused=yes
xorg_cv_cc_flag__pedantic=yes
xorg_cv_cc_flag_unknown_warning_option=no
xorg_cv_cc_flag_unused_command_line_argument=no
xorg_cv_malloc0_returns_null=yes

## ----------------- ##
## Output variables. ##
## ----------------- ##

ACLOCAL='${SHELL} '\''/home/mearvk/IdeaProjects/Ubuntu.Determinant.Alpha.Restricted/userland/x11/_build/libXext-1.3.6/missing'\'' aclocal-1.16'
ADMIN_MAN_DIR='$(mandir)/man$(ADMIN_MAN_SUFFIX)'
ADMIN_MAN_SUFFIX='8'
AMDEPBACKSLASH='\'
AMDEP_FALSE='#'
AMDEP_TRUE=''
AMTAR='$${TAR-tar}'
AM_BACKSLASH='\'
AM_DEFAULT_V='$(AM_DEFAULT_VERBOSITY)'
AM_DEFAULT_VERBOSITY='0'
AM_V='$(V)'
APP_MAN_DIR='$(mandir)/man$(APP_MAN_SUFFIX)'
APP_MAN_SUFFIX='1'
AR='ar'
AUTOCONF='${SHELL} '\''/home/mearvk/IdeaProjects/Ubuntu.Determinant.Alpha.Restricted/userland/x11/_build/libXext-1.3.6/missing'\'' autoconf'
AUTOHEADER='${SHELL} '\''/home/mearvk/IdeaProjects/Ubuntu.Determinant.Alpha.Restricted/userland/x11/_build/libXext-1.3.6/missing'\'' autoheader'
AUTOMAKE='${SHELL} '\''/home/mearvk/IdeaProjects/Ubuntu.Determinant.Alpha.Restricted/userland/x11/_build/libXext-1.3.6/missing'\'' automake-1.16'
AWK='mawk'
BASE_CFLAGS=' -Wall -Wpointer-arith -Wmissing-declarations -Wformat=2 -Wstrict-prototypes -Wmissing-prototypes -Wnested-externs -Wbad-function-cast -Wold-style-definition -Wdeclaration-after-statement -Wunused -Wuninitialized -Wshadow -Wmissing-noreturn -Wmissing-format-attribute -Wredundant-decls -Wlogical-op -Werror=implicit -Werror=nonnull -Werror=init-self -Werror=main -Werror=missing-braces -Werror=sequence-point -Werror=return-type -Werror=trigraphs -Werror=array-bounds -Werror=write-strings -Werror=address -Werror=int-to-pointer-cast -Werror=pointer-to-int-cast'
CC='gcc'
CCDEPMODE='depmode=gcc3'
CFLAGS='-g -O2'
CHANGELOG_CMD='((GIT_DIR=$(top_srcdir)/.git git log > $(top_srcdir)/.changelog.tmp) 2>/dev/null && mv $(top_srcdir)/.changelog.tmp $(top_srcdir)/ChangeLog) || (rm -f $(top_srcdir)/.changelog.tmp; test -e $(top_srcdir)/ChangeLog || ( touch $(top_srcdir)/ChangeLog; echo '\''git failed to create ChangeLog: installing empty ChangeLog.'\'' >&2))'
CPPFLAGS=''
CSCOPE='cscope'
CTAGS='ctags'
CWARNFLAGS=' -Wall -Wpointer-arith -Wmissing-declarations -Wformat=2 -Wstrict-prototypes -Wmissing-prototypes -Wnested-externs -Wbad-function-cast -Wold-style-definition -Wdeclaration-after-statement -Wunused -Wuninitialized -Wshadow -Wmissing-noreturn -Wmissing-format-attribute -Wredundant-decls -Wlogical-op -Werror=implicit -Werror=nonnull -Werror=init-self -Werror=main -Werror=missing-braces -Werror=sequence-point -Werror=return-type -Werror=trigraphs -Werror=array-bounds -Werror=write-strings -Werror=address -Werror=int-to-pointer-cast -Werror=pointer-to-int-cast -fno-strict-aliasing'
CYGPATH_W='echo'
DEFS='-DHAVE_CONFIG_H'
DEPDIR='.deps'
DLLTOOL='false'
DRIVER_MAN_DIR='$(mandir)/man$(DRIVER_MAN_SUFFIX)'
DRIVER_MAN_SUFFIX='4'
DSYMUTIL=''
DUMPBIN=''
ECHO_C=''
ECHO_N='-n'
ECHO_T=''
EGREP='/usr/bin/grep -E'
ENABLE_SPECS_FALSE='#'
ENABLE_SPECS_TRUE=''
ETAGS='etags'
EXEEXT=''
FGREP='/usr/bin/grep -F'
FILECMD='file'
FILE_MAN_DIR='$(mandir)/man$(FILE_MAN_SUFFIX)'
FILE_MAN_SUFFIX='5'
FOP=''
GREP='/usr/bin/grep'
HAVE_FOP_FALSE=''
HAVE_FOP_TRUE='#'
HAVE_STYLESHEETS_FALSE='#'
HAVE_STYLESHEETS_TRUE=''
HAVE_XMLTO_FALSE=''
HAVE_XMLTO_TEXT_FALSE=''
HAVE_XMLTO_TEXT_TRUE='#'
HAVE_XMLTO_TRUE='#'
HAVE_XSLTPROC_FALSE=''
HAVE_XSLTPROC_TRUE='#'
INSTALL_CMD='(cp -f /INSTALL $(top_srcdir)/.INSTALL.tmp && mv $(top_srcdir)/.INSTALL.tmp $(top_srcdir)/INSTALL) || (rm -f $(top_srcdir)/.INSTALL.tmp; test -e $(top_srcdir)/INSTALL || ( touch $(top_srcdir)/INSTALL; echo '\''failed to copy INSTALL from util-macros: installing empty INSTALL.'\'' >&2))'
INSTALL_DATA='${INSTALL} -m 644'
INSTALL_PROGRAM='${INSTALL}'
INSTALL_SCRIPT='${INSTALL}'
INSTALL_STRIP_PROGRAM='$(install_sh) -c -s'
LD='/usr/bin/ld -m elf_x86_64'
LDFLAGS=''
LIBOBJS=''
LIBS=''
LIBTOOL='$(SHELL) $(top_builddir)/libtool'
LIB_MAN_DIR='$(mandir)/man$(LIB_MAN_SUFFIX)'
LIB_MAN_SUFFIX='3'
LINT=''
LINTLIB=''
LINT_FALSE=''
LINT_FLAGS='-badflag'
LINT_TRUE='#'
LIPO=''
LN_S='ln -s'
LTLIBOBJS=''
LT_SYS_LIBRARY_PATH=''
MAKEINFO='${SHELL} '\''/home/mearvk/IdeaProjects/Ubuntu.Determinant.Alpha.Restricted/userland/x11/_build/libXext-1.3.6/missing'\'' makeinfo'
MAKE_LINT_LIB_FALSE=''
MAKE_LINT_LIB_TRUE='#'
MALLOC_ZERO_CFLAGS='-DMALLOC_0_RETURNS_NULL'
MANIFEST_TOOL=':'
MAN_SUBSTS='	-e '\''s|__vendorversion__|"$(PACKAGE_STRING)" "$(XORG_MAN_PAGE)"|'\'' 	-e '\''s|__xorgversion__|"$(PACKAGE_STRING)" "$(XORG_MAN_PAGE)"|'\'' 	-e '\''s|__xservername__|Xorg|g'\'' 	-e '\''s|__xconfigfile__|xorg.conf|g'\'' 	-e '\''s|__projectroot__|$(prefix)|g'\'' 	-e '\''s|__apploaddir__|$(appdefaultdir)|g'\'' 	-e '\''s|__appmansuffix__|$(APP_MAN_SUFFIX)|g'\'' 	-e '\''s|__drivermansuffix__|$(DRIVER_MAN_SUFFIX)|g'\'' 	-e '\''s|__adminmansuffix__|$(ADMIN_MAN_SUFFIX)|g'\'' 	-e '\''s|__libmansuffix__|$(LIB_MAN_SUFFIX)|g'\'' 	-e '\''s|__miscmansuffix__|$(MISC_MAN_SUFFIX)|g'\'' 	-e '\''s|__filemansuffix__|$(FILE_MAN_SUFFIX)|g'\'''
MISC_MAN_DIR='$(mandir)/man$(MISC_MAN_SUFFIX)'
MISC_MAN_SUFFIX='7'
MKDIR_P='/usr/bin/mkdir -p'
NM='/usr/bin/nm -B'
NMEDIT=''
OBJDUMP='objdump'
OBJEXT='o'
OTOOL64=''
OTOOL=''
PACKAGE='libXext'
PACKAGE_BUGREPORT='https://gitlab.freedesktop.org/xorg/lib/libxext/-/issues'
PACKAGE_NAME='libXext'
PACKAGE_STRING='libXext 1.3.6'
PACKAGE_TARNAME='libXext'
PACKAGE_URL=''
PACKAGE_VERSION='1.3.6'
PATH_SEPARATOR=':'
PKG_CONFIG='/usr/bin/pkg-config'
PKG_CONFIG_LIBDIR=''
PKG_CONFIG_PATH='/home/mearvk/IdeaProjects/Ubuntu.Determinant.Alpha.Restricted/userland/x11/_build/sysroot/usr/lib/pkgconfig:/home/mearvk/IdeaProjects/Ubuntu.Determinant.Alpha.Restricted/userland/x11/_build/sysroot/usr/lib/x86_64-linux-gnu/pkgconfig:/home/mearvk/IdeaProjects/Ubuntu.Determinant.Alpha.Restricted/userland/x11/_build/sysroot/usr/share/pkgconfig'
RANLIB='ranlib'
SED='/usr/bin/sed'
SET_MAKE=''
SHELL='/bin/bash'
STRICT_CFLAGS=' -pedantic -Werror -Werror=attributes'
STRIP='strip'
STYLESHEET_SRCDIR='/home/mearvk/IdeaProjects/Ubuntu.Determinant.Alpha.Restricted/userland/x11/_build/sysroot/usr/share/sgml/X11'
VERSION='1.3.6'
XEXT_CFLAGS='-I/home/mearvk/IdeaProjects/Ubuntu.Determinant.Alpha.Restricted/userland/x11/_build/sysroot/usr/include '
XEXT_LIBS='-L/home/mearvk/IdeaProjects/Ubuntu.Determinant.Alpha.Restricted/userland/x11/_build/sysroot/usr/lib -lX11 '
XEXT_SOREV='6:4:0'
XMALLOC_ZERO_CFLAGS='-DMALLOC_0_RETURNS_NULL'
XMLTO=''
XORG_MAN_PAGE='X Version 11'
XORG_SGML_PATH='/home/mearvk/IdeaProjects/Ubuntu.Determinant.Alpha.Restricted/userland/x11/_build/sysroot/usr/share/sgml'
XSLTPROC=''
XSL_STYLESHEET='/home/mearvk/IdeaProjects/Ubuntu.Determinant.Alpha.Restricted/userland/x11/_build/sysroot/usr/share/sgml/X11/xorg.xsl'
XTMALLOC_ZERO_CFLAGS='-DMALLOC_0_RETURNS_NULL -DXTMALLOC_BC'
ac_ct_AR='ar'
ac_ct_CC='gcc'
ac_ct_DUMPBIN=''
am__EXEEXT_FALSE=''
am__EXEEXT_TRUE='#'
am__fastdepCC_FALSE='#'
am__fastdepCC_TRUE=''
am__include='include'
am__isrc=''
am__leading_dot='.'
am__nodep='_no'
am__quote=''
am__tar='$${TAR-tar} chof - "$$tardir"'
am__untar='$${TAR-tar} xf -'
bindir='${exec_prefix}/bin'
build='x86_64-pc-linux-gnu'
build_alias=''
build_cpu='x86_64'
build_os='linux-gnu'
build_vendor='pc'
datadir='${datarootdir}'
datarootdir='${prefix}/share'
docdir='${datarootdir}/doc/${PACKAGE_TARNAME}'
dvidir='${docdir}'
exec_prefix='${prefix}'
host='x86_64-pc-linux-gnu'
host_alias=''
host_cpu='x86_64'
host_os='linux-gnu'
host_vendor='pc'
htmldir='${docdir}'
includedir='${prefix}/include'
infodir='${datarootdir}/info'
install_sh='${SHELL} /home/mearvk/IdeaProjects/Ubuntu.Determinant.Alpha.Restricted/userland/x11/_build/libXext-1.3.6/install-sh'
libdir='/usr/lib'
libexecdir='${exec_prefix}/libexec'
localedir='${datarootdir}/locale'
localstatedir='${prefix}/var'
mandir='${datarootdir}/man'
mkdir_p='$(MKDIR_P)'
oldincludedir='/usr/include'
pdfdir='${docdir}'
prefix='/usr'
program_transform_name='s,x,x,'
psdir='${docdir}'
runstatedir='${localstatedir}/run'
sbindir='${exec_prefix}/sbin'
sharedstatedir='${prefix}/com'
sysconfdir='${prefix}/etc'
target_alias=''

## ----------- ##
## confdefs.h. ##
## ----------- ##

/* confdefs.h */
#define PACKAGE_NAME "libXext"
#define PACKAGE_TARNAME "libXext"
#define PACKAGE_VERSION "1.3.6"
#define PACKAGE_STRING "libXext 1.3.6"
#define PACKAGE_BUGREPORT "https://gitlab.freedesktop.org/xorg/lib/libxext/-/issues"
#define PACKAGE_URL ""
#define HAVE_STDIO_H 1
#define HAVE_STDLIB_H 1
#define HAVE_STRING_H 1
#define HAVE_INTTYPES_H 1
#define HAVE_STDINT_H 1
#define HAVE_STRINGS_H 1
#define HAVE_SYS_STAT_H 1
#define HAVE_SYS_TYPES_H 1
#define HAVE_UNISTD_H 1
#define HAVE_WCHAR_H 1
#define STDC_HEADERS 1
#define _ALL_SOURCE 1
#define _DARWIN_C_SOURCE 1
#define _GNU_SOURCE 1
#define _HPUX_ALT_XOPEN_SOCKET_API 1
#define _NETBSD_SOURCE 1
#define _OPENBSD_SOURCE 1
#define _POSIX_PTHREAD_SEMANTICS 1
#define __STDC_WANT_IEC_60559_ATTRIBS_EXT__ 1
#define __STDC_WANT_IEC_60559_BFP_EXT__ 1
#define __STDC_WANT_IEC_60559_DFP_EXT__ 1
#define __STDC_WANT_IEC_60559_EXT__ 1
#define __STDC_WANT_IEC_60559_FUNCS_EXT__ 1
#define __STDC_WANT_IEC_60559_TYPES_EXT__ 1
#define __STDC_WANT_LIB_EXT2__ 1
#define __STDC_WANT_MATH_SPEC_FUNCS__ 1
#define _TANDEM_SOURCE 1
#define __EXTENSIONS__ 1
#define PACKAGE "libXext"
#define VERSION "1.3.6"
#define HAVE_DLFCN_H 1
#define LT_OBJDIR ".libs/"
#define PACKAGE_VERSION_MAJOR 1
#define PACKAGE_VERSION_MINOR 3
#define PACKAGE_VERSION_PATCHLEVEL 6
#define HAVE___BUILTIN_POPCOUNTL 1
#define HAVE_REALLOCARRAY 1

configure: exit 0
