This file contains any messages produced by compilers while
running configure, to aid debugging if configure makes a mistake.

It was created by libxshmfence configure 1.3.2, which was
generated by GNU Autoconf 2.71.  Invocation command line was

  $ ./configure --prefix=/usr --libdir=/usr/lib PKG_CONFIG_PATH=/home/mearvk/IdeaProjects/Ubuntu.Determinant.Alpha.Restricted/userland/x11/_build/sysroot/usr/lib/pkgconfig:/home/mearvk/IdeaProjects/Ubuntu.Determinant.Alpha.Restricted/userland/x11/_build/sysroot/usr/lib/x86_64-linux-gnu/pkgconfig:/home/mearvk/IdeaProjects/Ubuntu.Determinant.Alpha.Restricted/userland/x11/_build/sysroot/usr/share/pkgconfig

## --------- ##
## Platform. ##
## --------- ##

hostname = mearvk-X900-A8800
uname -m = x86_64
uname -r = 6.8.0-136-generic
uname -s = Linux
uname -v = #136-Ubuntu SMP PREEMPT_DYNAMIC Wed Jul  1 21:53:05 UTC 2026

/usr/bin/uname -p = x86_64
/bin/uname -X     = unknown

/bin/arch              = x86_64
/usr/bin/arch -k       = unknown
/usr/convex/getsysinfo = unknown
/usr/bin/hostinfo      = unknown
/bin/machine           = unknown
/usr/bin/oslevel       = unknown
/bin/universe          = unknown

PATH: /home/mearvk/.opencode/bin/
PATH: /home/mearvk/.nvm/versions/node/v24.16.0/bin/
PATH: /home/mearvk/.cargo/bin/
PATH: /home/mearvk/.local/bin/
PATH: /usr/local/sbin/
PATH: /usr/local/bin/
PATH: /usr/sbin/
PATH: /usr/bin/
PATH: /sbin/
PATH: /bin/
PATH: /usr/games/
PATH: /usr/local/games/
PATH: /snap/bin/
PATH: /snap/bin/


## ----------- ##
## Core tests. ##
## ----------- ##

configure:2481: looking for aux files: config.guess config.sub ltmain.sh missing install-sh compile
configure:2494:  trying ./
configure:2523:   ./config.guess found
configure:2523:   ./config.sub found
configure:2523:   ./ltmain.sh found
configure:2523:   ./missing found
configure:2505:   ./install-sh found
configure:2523:   ./compile found
configure:2705: checking for gcc
configure:2726: found /usr/bin/gcc
configure:2737: result: gcc
configure:3090: checking for C compiler version
configure:3099: gcc --version >&5
gcc (Ubuntu 13.3.0-6ubuntu2~24.04.1) 13.3.0
Copyright (C) 2023 Free Software Foundation, Inc.
This is free software; see the source for copying conditions.  There is NO
warranty; not even for MERCHANTABILITY or FITNESS FOR A PARTICULAR PURPOSE.

configure:3110: $? = 0
configure:3099: gcc -v >&5
Using built-in specs.
COLLECT_GCC=gcc
COLLECT_LTO_WRAPPER=/usr/libexec/gcc/x86_64-linux-gnu/13/lto-wrapper
OFFLOAD_TARGET_NAMES=nvptx-none:amdgcn-amdhsa
OFFLOAD_TARGET_DEFAULT=1
Target: x86_64-linux-gnu
Configured with: ../src/configure -v --with-pkgversion='Ubuntu 13.3.0-6ubuntu2~24.04.1' --with-bugurl=file:///usr/share/doc/gcc-13/README.Bugs --enable-languages=c,ada,c++,go,d,fortran,objc,obj-c++,m2 --prefix=/usr --with-gcc-major-version-only --program-suffix=-13 --program-prefix=x86_64-linux-gnu- --enable-shared --enable-linker-build-id --libexecdir=/usr/libexec --without-included-gettext --enable-threads=posix --libdir=/usr/lib --enable-nls --enable-bootstrap --enable-clocale=gnu --enable-libstdcxx-debug --enable-libstdcxx-time=yes --with-default-libstdcxx-abi=new --enable-libstdcxx-backtrace --enable-gnu-unique-object --disable-vtable-verify --enable-plugin --enable-default-pie --with-system-zlib --enable-libphobos-checking=release --with-target-system-zlib=auto --enable-objc-gc=auto --enable-multiarch --disable-werror --enable-cet --with-arch-32=i686 --with-abi=m64 --with-multilib-list=m32,m64,mx32 --enable-multilib --with-tune=generic --enable-offload-targets=nvptx-none=/build/gcc-13-EldibY/gcc-13-13.3.0/debian/tmp-nvptx/usr,amdgcn-amdhsa=/build/gcc-13-EldibY/gcc-13-13.3.0/debian/tmp-gcn/usr --enable-offload-defaulted --without-cuda-driver --enable-checking=release --build=x86_64-linux-gnu --host=x86_64-linux-gnu --target=x86_64-linux-gnu --with-build-config=bootstrap-lto-lean --enable-link-serialization=2
Thread model: posix
Supported LTO compression algorithms: zlib zstd
gcc version 13.3.0 (Ubuntu 13.3.0-6ubuntu2~24.04.1) 
... rest of stderr output deleted ...
configure:3110: $? = 0
configure:3099: gcc -V >&5
gcc: error: unrecognized command-line option '-V'
gcc: fatal error: no input files
compilation terminated.
configure:3110: $? = 1
configure:3099: gcc -qversion >&5
gcc: error: unrecognized command-line option '-qversion'; did you mean '--version'?
gcc: fatal error: no input files
compilation terminated.
configure:3110: $? = 1
configure:3099: gcc -version >&5
gcc: error: unrecognized command-line option '-version'
gcc: fatal error: no input files
compilation terminated.
configure:3110: $? = 1
configure:3130: checking whether the C compiler works
configure:3152: gcc    conftest.c  >&5
configure:3156: $? = 0
configure:3206: result: yes
configure:3209: checking for C compiler default output file name
configure:3211: result: a.out
configure:3217: checking for suffix of executables
configure:3224: gcc -o conftest    conftest.c  >&5
configure:3228: $? = 0
configure:3251: result: 
configure:3273: checking whether we are cross compiling
configure:3281: gcc -o conftest    conftest.c  >&5
configure:3285: $? = 0
configure:3292: ./conftest
configure:3296: $? = 0
configure:3311: result: no
configure:3316: checking for suffix of object files
configure:3339: gcc -c   conftest.c >&5
configure:3343: $? = 0
configure:3365: result: o
configure:3369: checking whether the compiler supports GNU C
configure:3389: gcc -c   conftest.c >&5
configure:3389: $? = 0
configure:3399: result: yes
configure:3410: checking whether gcc accepts -g
configure:3431: gcc -c -g  conftest.c >&5
configure:3431: $? = 0
configure:3475: result: yes
configure:3495: checking for gcc option to enable C11 features
configure:3510: gcc  -c -g -O2  conftest.c >&5
configure:3510: $? = 0
configure:3528: result: none needed
configure:3644: checking whether gcc understands -c and -o together
configure:3667: gcc -c conftest.c -o conftest2.o
configure:3670: $? = 0
configure:3667: gcc -c conftest.c -o conftest2.o
configure:3670: $? = 0
configure:3682: result: yes
configure:3704: checking for stdio.h
configure:3704: gcc -c -g -O2  conftest.c >&5
configure:3704: $? = 0
configure:3704: result: yes
configure:3704: checking for stdlib.h
configure:3704: gcc -c -g -O2  conftest.c >&5
configure:3704: $? = 0
configure:3704: result: yes
configure:3704: checking for string.h
configure:3704: gcc -c -g -O2  conftest.c >&5
configure:3704: $? = 0
configure:3704: result: yes
configure:3704: checking for inttypes.h
configure:3704: gcc -c -g -O2  conftest.c >&5
configure:3704: $? = 0
configure:3704: result: yes
configure:3704: checking for stdint.h
configure:3704: gcc -c -g -O2  conftest.c >&5
configure:3704: $? = 0
configure:3704: result: yes
configure:3704: checking for strings.h
configure:3704: gcc -c -g -O2  conftest.c >&5
configure:3704: $? = 0
configure:3704: result: yes
configure:3704: checking for sys/stat.h
configure:3704: gcc -c -g -O2  conftest.c >&5
configure:3704: $? = 0
configure:3704: result: yes
configure:3704: checking for sys/types.h
configure:3704: gcc -c -g -O2  conftest.c >&5
configure:3704: $? = 0
configure:3704: result: yes
configure:3704: checking for unistd.h
configure:3704: gcc -c -g -O2  conftest.c >&5
configure:3704: $? = 0
configure:3704: result: yes
configure:3704: checking for wchar.h
configure:3704: gcc -c -g -O2  conftest.c >&5
configure:3704: $? = 0
configure:3704: result: yes
configure:3704: checking for minix/config.h
configure:3704: gcc -c -g -O2  conftest.c >&5
conftest.c:47:10: fatal error: minix/config.h: No such file or directory
   47 | #include <minix/config.h>
      |          ^~~~~~~~~~~~~~~~
compilation terminated.
configure:3704: $? = 1
configure: failed program was:
| /* confdefs.h */
| #define PACKAGE_NAME "libxshmfence"
| #define PACKAGE_TARNAME "libxshmfence"
| #define PACKAGE_VERSION "1.3.2"
| #define PACKAGE_STRING "libxshmfence 1.3.2"
| #define PACKAGE_BUGREPORT "https://gitlab.freedesktop.org/xorg/lib/libxshmfence/-/issues"
| #define PACKAGE_URL ""
| #define HAVE_STDIO_H 1
| #define HAVE_STDLIB_H 1
| #define HAVE_STRING_H 1
| #define HAVE_INTTYPES_H 1
| #define HAVE_STDINT_H 1
| #define HAVE_STRINGS_H 1
| #define HAVE_SYS_STAT_H 1
| #define HAVE_SYS_TYPES_H 1
| #define HAVE_UNISTD_H 1
| #define HAVE_WCHAR_H 1
| /* end confdefs.h.  */
| #include <stddef.h>
| #ifdef HAVE_STDIO_H
| # include <stdio.h>
| #endif
| #ifdef HAVE_STDLIB_H
| # include <stdlib.h>
| #endif
| #ifdef HAVE_STRING_H
| # include <string.h>
| #endif
| #ifdef HAVE_INTTYPES_H
| # include <inttypes.h>
| #endif
| #ifdef HAVE_STDINT_H
| # include <stdint.h>
| #endif
| #ifdef HAVE_STRINGS_H
| # include <strings.h>
| #endif
| #ifdef HAVE_SYS_TYPES_H
| # include <sys/types.h>
| #endif
| #ifdef HAVE_SYS_STAT_H
| # include <sys/stat.h>
| #endif
| #ifdef HAVE_UNISTD_H
| # include <unistd.h>
| #endif
| #include <minix/config.h>
configure:3704: result: no
configure:3735: checking whether it is safe to define __EXTENSIONS__
configure:3754: gcc -c -g -O2  conftest.c >&5
configure:3754: $? = 0
configure:3762: result: yes
configure:3765: checking whether _XOPEN_SOURCE should be defined
configure:3787: gcc -c -g -O2  conftest.c >&5
configure:3787: $? = 0
configure:3814: result: no
configure:3889: checking for a BSD-compatible install
configure:3962: result: /usr/bin/install -c
configure:3973: checking whether build environment is sane
configure:4028: result: yes
configure:4183: checking for a race-free mkdir -p
configure:4227: result: /usr/bin/mkdir -p
configure:4234: checking for gawk
configure:4269: result: no
configure:4234: checking for mawk
configure:4255: found /usr/bin/mawk
configure:4266: result: mawk
configure:4277: checking whether make sets $(MAKE)
configure:4300: result: yes
configure:4322: checking whether make supports the include directive
configure:4337: make -f confmf.GNU && cat confinc.out
make[2]: Entering directory '/home/mearvk/IdeaProjects/Ubuntu.Determinant.Alpha.Restricted/userland/x11/_build/libxshmfence-1.3.2'
make[2]: Leaving directory '/home/mearvk/IdeaProjects/Ubuntu.Determinant.Alpha.Restricted/userland/x11/_build/libxshmfence-1.3.2'
this is the am__doit target
configure:4340: $? = 0
configure:4359: result: yes (GNU style)
configure:4394: checking whether make supports nested variables
configure:4412: result: yes
configure:4493: checking dependency style of gcc
configure:4605: result: gcc3
configure:4711: checking build system type
configure:4726: result: x86_64-pc-linux-gnu
configure:4746: checking host system type
configure:4760: result: x86_64-pc-linux-gnu
configure:4801: checking how to print strings
configure:4828: result: printf
configure:4849: checking for a sed that does not truncate output
configure:4919: result: /usr/bin/sed
configure:4937: checking for grep that handles long lines and -e
configure:5001: result: /usr/bin/grep
configure:5006: checking for egrep
configure:5074: result: /usr/bin/grep -E
configure:5079: checking for fgrep
configure:5147: result: /usr/bin/grep -F
configure:5183: checking for ld used by gcc
configure:5251: result: /usr/bin/ld
configure:5258: checking if the linker (/usr/bin/ld) is GNU ld
configure:5274: result: yes
configure:5286: checking for BSD- or MS-compatible name lister (nm)
configure:5341: result: /usr/bin/nm -B
configure:5481: checking the name lister (/usr/bin/nm -B) interface
configure:5489: gcc -c -g -O2  conftest.c >&5
configure:5492: /usr/bin/nm -B "conftest.o"
configure:5495: output
0000000000000000 B some_variable
configure:5502: result: BSD nm
configure:5505: checking whether ln -s works
configure:5509: result: yes
configure:5517: checking the maximum length of command line arguments
configure:5654: result: 1572864
configure:5702: checking how to convert x86_64-pc-linux-gnu file names to x86_64-pc-linux-gnu format
configure:5743: result: func_convert_file_noop
configure:5750: checking how to convert x86_64-pc-linux-gnu file names to toolchain format
configure:5771: result: func_convert_file_noop
configure:5778: checking for /usr/bin/ld option to reload object files
configure:5786: result: -r
configure:5865: checking for file
configure:5886: found /usr/bin/file
configure:5897: result: file
configure:5973: checking for objdump
configure:5994: found /usr/bin/objdump
configure:6005: result: objdump
configure:6037: checking how to recognize dependent libraries
configure:6238: result: pass_all
configure:6328: checking for dlltool
configure:6363: result: no
configure:6393: checking how to associate runtime and link libraries
configure:6421: result: printf %s\n
configure:6486: checking for ar
configure:6507: found /usr/bin/ar
configure:6518: result: ar
configure:6571: checking for archiver @FILE support
configure:6589: gcc -c -g -O2  conftest.c >&5
configure:6589: $? = 0
configure:6593: ar cr libconftest.a @conftest.lst >&5
configure:6596: $? = 0
configure:6601: ar cr libconftest.a @conftest.lst >&5
ar: conftest.o: No such file or directory
configure:6604: $? = 1
configure:6616: result: @
configure:6679: checking for strip
configure:6700: found /usr/bin/strip
configure:6711: result: strip
configure:6788: checking for ranlib
configure:6809: found /usr/bin/ranlib
configure:6820: result: ranlib
configure:6922: checking command to parse /usr/bin/nm -B output from gcc object
configure:7076: gcc -c -g -O2  conftest.c >&5
configure:7079: $? = 0
configure:7083: /usr/bin/nm -B conftest.o \| /usr/bin/sed -n -e 's/^.*[ ]\([ABCDGIRSTW][ABCDGIRSTW]*\)[ ][ ]*\([_A-Za-z][_A-Za-z0-9]*\)$/\1 \2 \2/p' | /usr/bin/sed '/ __gnu_lto/d' \> conftest.nm
configure:7086: $? = 0
configure:7152: gcc -o conftest -g -O2   conftest.c conftstm.o >&5
configure:7155: $? = 0
configure:7193: result: ok
configure:7240: checking for sysroot
configure:7271: result: no
configure:7278: checking for a working dd
configure:7322: result: /usr/bin/dd
configure:7326: checking how to truncate binary pipes
configure:7342: result: /usr/bin/dd bs=4096 count=1
configure:7479: gcc -c -g -O2  conftest.c >&5
configure:7482: $? = 0
configure:7679: checking for mt
configure:7700: found /usr/bin/mt
configure:7711: result: mt
configure:7734: checking if mt is a manifest tool
configure:7741: mt '-?'
configure:7749: result: no
configure:8470: checking for dlfcn.h
configure:8470: gcc -c -g -O2  conftest.c >&5
configure:8470: $? = 0
configure:8470: result: yes
configure:8729: checking for objdir
configure:8745: result: .libs
configure:9005: checking if gcc supports -fno-rtti -fno-exceptions
configure:9024: gcc -c -g -O2  -fno-rtti -fno-exceptions conftest.c >&5
cc1: warning: command-line option '-fno-rtti' is valid for C++/D/ObjC++ but not for C
configure:9028: $? = 0
configure:9041: result: no
configure:9399: checking for gcc option to produce PIC
configure:9407: result: -fPIC -DPIC
configure:9415: checking if gcc PIC flag -fPIC -DPIC works
configure:9434: gcc -c -g -O2  -fPIC -DPIC -DPIC conftest.c >&5
configure:9438: $? = 0
configure:9451: result: yes
configure:9480: checking if gcc static flag -static works
configure:9509: result: yes
configure:9524: checking if gcc supports -c -o file.o
configure:9546: gcc -c -g -O2  -o out/conftest2.o conftest.c >&5
configure:9550: $? = 0
configure:9572: result: yes
configure:9580: checking if gcc supports -c -o file.o
configure:9628: result: yes
configure:9661: checking whether the gcc linker (/usr/bin/ld -m elf_x86_64) supports shared libraries
configure:10929: result: yes
configure:10966: checking whether -lc should be explicitly linked in
configure:10975: gcc -c -g -O2  conftest.c >&5
configure:10978: $? = 0
configure:10993: gcc -shared  -fPIC -DPIC conftest.o  -v -Wl,-soname -Wl,conftest -o conftest 2\>\&1 \| /usr/bin/grep  -lc  \>/dev/null 2\>\&1
configure:10996: $? = 0
configure:11010: result: no
configure:11170: checking dynamic linker characteristics
configure:11765: gcc -o conftest -g -O2   -Wl,-rpath -Wl,/foo conftest.c  >&5
configure:11765: $? = 0
configure:12004: result: GNU/Linux ld.so
configure:12126: checking how to hardcode library paths into programs
configure:12151: result: immediate
configure:12733: checking whether stripping libraries is possible
configure:12742: result: yes
configure:12784: checking if libtool supports shared libraries
configure:12786: result: yes
configure:12789: checking whether to build shared libraries
configure:12814: result: yes
configure:12817: checking whether to build static libraries
configure:12821: result: yes
configure:12872: checking for gcc options needed to detect all undeclared functions
configure:12894: gcc -c -g -O2   conftest.c >&5
conftest.c: In function 'main':
conftest.c:44:8: error: 'strchr' undeclared (first use in this function)
   44 | (void) strchr;
      |        ^~~~~~
conftest.c:1:1: note: 'strchr' is defined in header '<string.h>'; did you forget to '#include <string.h>'?
    1 | /* confdefs.h */
conftest.c:44:8: note: each undeclared identifier is reported only once for each function it appears in
   44 | (void) strchr;
      |        ^~~~~~
configure:12894: $? = 1
configure: failed program was:
| /* confdefs.h */
| #define PACKAGE_NAME "libxshmfence"
| #define PACKAGE_TARNAME "libxshmfence"
| #define PACKAGE_VERSION "1.3.2"
| #define PACKAGE_STRING "libxshmfence 1.3.2"
| #define PACKAGE_BUGREPORT "https://gitlab.freedesktop.org/xorg/lib/libxshmfence/-/issues"
| #define PACKAGE_URL ""
| #define HAVE_STDIO_H 1
| #define HAVE_STDLIB_H 1
| #define HAVE_STRING_H 1
| #define HAVE_INTTYPES_H 1
| #define HAVE_STDINT_H 1
| #define HAVE_STRINGS_H 1
| #define HAVE_SYS_STAT_H 1
| #define HAVE_SYS_TYPES_H 1
| #define HAVE_UNISTD_H 1
| #define HAVE_WCHAR_H 1
| #define STDC_HEADERS 1
| #define _ALL_SOURCE 1
| #define _DARWIN_C_SOURCE 1
| #define _GNU_SOURCE 1
| #define _HPUX_ALT_XOPEN_SOCKET_API 1
| #define _NETBSD_SOURCE 1
| #define _OPENBSD_SOURCE 1
| #define _POSIX_PTHREAD_SEMANTICS 1
| #define __STDC_WANT_IEC_60559_ATTRIBS_EXT__ 1
| #define __STDC_WANT_IEC_60559_BFP_EXT__ 1
| #define __STDC_WANT_IEC_60559_DFP_EXT__ 1
| #define __STDC_WANT_IEC_60559_FUNCS_EXT__ 1
| #define __STDC_WANT_IEC_60559_TYPES_EXT__ 1
| #define __STDC_WANT_LIB_EXT2__ 1
| #define __STDC_WANT_MATH_SPEC_FUNCS__ 1
| #define _TANDEM_SOURCE 1
| #define __EXTENSIONS__ 1
| #define PACKAGE "libxshmfence"
| #define VERSION "1.3.2"
| #define HAVE_DLFCN_H 1
| #define LT_OBJDIR ".libs/"
| /* end confdefs.h.  */
| 
| int
| main (void)
| {
| (void) strchr;
|   ;
|   return 0;
| }
configure:12921: gcc -c -g -O2   conftest.c >&5
configure:12921: $? = 0
configure:12938: result: none needed
configure:12956: checking whether __clang__ is declared
configure:12956: gcc -c -g -O2   conftest.c >&5
conftest.c: In function 'main':
conftest.c:75:10: error: '__clang__' undeclared (first use in this function)
   75 |   (void) __clang__;
      |          ^~~~~~~~~
conftest.c:75:10: note: each undeclared identifier is reported only once for each function it appears in
configure:12956: $? = 1
configure: failed program was:
| /* confdefs.h */
| #define PACKAGE_NAME "libxshmfence"
| #define PACKAGE_TARNAME "libxshmfence"
| #define PACKAGE_VERSION "1.3.2"
| #define PACKAGE_STRING "libxshmfence 1.3.2"
| #define PACKAGE_BUGREPORT "https://gitlab.freedesktop.org/xorg/lib/libxshmfence/-/issues"
| #define PACKAGE_URL ""
| #define HAVE_STDIO_H 1
| #define HAVE_STDLIB_H 1
| #define HAVE_STRING_H 1
| #define HAVE_INTTYPES_H 1
| #define HAVE_STDINT_H 1
| #define HAVE_STRINGS_H 1
| #define HAVE_SYS_STAT_H 1
| #define HAVE_SYS_TYPES_H 1
| #define HAVE_UNISTD_H 1
| #define HAVE_WCHAR_H 1
| #define STDC_HEADERS 1
| #define _ALL_SOURCE 1
| #define _DARWIN_C_SOURCE 1
| #define _GNU_SOURCE 1
| #define _HPUX_ALT_XOPEN_SOCKET_API 1
| #define _NETBSD_SOURCE 1
| #define _OPENBSD_SOURCE 1
| #define _POSIX_PTHREAD_SEMANTICS 1
| #define __STDC_WANT_IEC_60559_ATTRIBS_EXT__ 1
| #define __STDC_WANT_IEC_60559_BFP_EXT__ 1
| #define __STDC_WANT_IEC_60559_DFP_EXT__ 1
| #define __STDC_WANT_IEC_60559_FUNCS_EXT__ 1
| #define __STDC_WANT_IEC_60559_TYPES_EXT__ 1
| #define __STDC_WANT_LIB_EXT2__ 1
| #define __STDC_WANT_MATH_SPEC_FUNCS__ 1
| #define _TANDEM_SOURCE 1
| #define __EXTENSIONS__ 1
| #define PACKAGE "libxshmfence"
| #define VERSION "1.3.2"
| #define HAVE_DLFCN_H 1
| #define LT_OBJDIR ".libs/"
| /* end confdefs.h.  */
| #include <stddef.h>
| #ifdef HAVE_STDIO_H
| # include <stdio.h>
| #endif
| #ifdef HAVE_STDLIB_H
| # include <stdlib.h>
| #endif
| #ifdef HAVE_STRING_H
| # include <string.h>
| #endif
| #ifdef HAVE_INTTYPES_H
| # include <inttypes.h>
| #endif
| #ifdef HAVE_STDINT_H
| # include <stdint.h>
| #endif
| #ifdef HAVE_STRINGS_H
| # include <strings.h>
| #endif
| #ifdef HAVE_SYS_TYPES_H
| # include <sys/types.h>
| #endif
| #ifdef HAVE_SYS_STAT_H
| # include <sys/stat.h>
| #endif
| #ifdef HAVE_UNISTD_H
| # include <unistd.h>
| #endif
| int
| main (void)
| {
| #ifndef __clang__
| #ifdef __cplusplus
|   (void) __clang__;
| #else
|   (void) __clang__;
| #endif
| #endif
| 
|   ;
|   return 0;
| }
configure:12956: result: no
configure:12963: checking whether __INTEL_COMPILER is declared
configure:12963: gcc -c -g -O2   conftest.c >&5
conftest.c: In function 'main':
conftest.c:75:10: error: '__INTEL_COMPILER' undeclared (first use in this function)
   75 |   (void) __INTEL_COMPILER;
      |          ^~~~~~~~~~~~~~~~
conftest.c:75:10: note: each undeclared identifier is reported only once for each function it appears in
configure:12963: $? = 1
configure: failed program was:
| /* confdefs.h */
| #define PACKAGE_NAME "libxshmfence"
| #define PACKAGE_TARNAME "libxshmfence"
| #define PACKAGE_VERSION "1.3.2"
| #define PACKAGE_STRING "libxshmfence 1.3.2"
| #define PACKAGE_BUGREPORT "https://gitlab.freedesktop.org/xorg/lib/libxshmfence/-/issues"
| #define PACKAGE_URL ""
| #define HAVE_STDIO_H 1
| #define HAVE_STDLIB_H 1
| #define HAVE_STRING_H 1
| #define HAVE_INTTYPES_H 1
| #define HAVE_STDINT_H 1
| #define HAVE_STRINGS_H 1
| #define HAVE_SYS_STAT_H 1
| #define HAVE_SYS_TYPES_H 1
| #define HAVE_UNISTD_H 1
| #define HAVE_WCHAR_H 1
| #define STDC_HEADERS 1
| #define _ALL_SOURCE 1
| #define _DARWIN_C_SOURCE 1
| #define _GNU_SOURCE 1
| #define _HPUX_ALT_XOPEN_SOCKET_API 1
| #define _NETBSD_SOURCE 1
| #define _OPENBSD_SOURCE 1
| #define _POSIX_PTHREAD_SEMANTICS 1
| #define __STDC_WANT_IEC_60559_ATTRIBS_EXT__ 1
| #define __STDC_WANT_IEC_60559_BFP_EXT__ 1
| #define __STDC_WANT_IEC_60559_DFP_EXT__ 1
| #define __STDC_WANT_IEC_60559_FUNCS_EXT__ 1
| #define __STDC_WANT_IEC_60559_TYPES_EXT__ 1
| #define __STDC_WANT_LIB_EXT2__ 1
| #define __STDC_WANT_MATH_SPEC_FUNCS__ 1
| #define _TANDEM_SOURCE 1
| #define __EXTENSIONS__ 1
| #define PACKAGE "libxshmfence"
| #define VERSION "1.3.2"
| #define HAVE_DLFCN_H 1
| #define LT_OBJDIR ".libs/"
| /* end confdefs.h.  */
| #include <stddef.h>
| #ifdef HAVE_STDIO_H
| # include <stdio.h>
| #endif
| #ifdef HAVE_STDLIB_H
| # include <stdlib.h>
| #endif
| #ifdef HAVE_STRING_H
| # include <string.h>
| #endif
| #ifdef HAVE_INTTYPES_H
| # include <inttypes.h>
| #endif
| #ifdef HAVE_STDINT_H
| # include <stdint.h>
| #endif
| #ifdef HAVE_STRINGS_H
| # include <strings.h>
| #endif
| #ifdef HAVE_SYS_TYPES_H
| # include <sys/types.h>
| #endif
| #ifdef HAVE_SYS_STAT_H
| # include <sys/stat.h>
| #endif
| #ifdef HAVE_UNISTD_H
| # include <unistd.h>
| #endif
| int
| main (void)
| {
| #ifndef __INTEL_COMPILER
| #ifdef __cplusplus
|   (void) __INTEL_COMPILER;
| #else
|   (void) __INTEL_COMPILER;
| #endif
| #endif
| 
|   ;
|   return 0;
| }
configure:12963: result: no
configure:12970: checking whether __SUNPRO_C is declared
configure:12970: gcc -c -g -O2   conftest.c >&5
conftest.c: In function 'main':
conftest.c:75:10: error: '__SUNPRO_C' undeclared (first use in this function)
   75 |   (void) __SUNPRO_C;
      |          ^~~~~~~~~~
conftest.c:75:10: note: each undeclared identifier is reported only once for each function it appears in
configure:12970: $? = 1
configure: failed program was:
| /* confdefs.h */
| #define PACKAGE_NAME "libxshmfence"
| #define PACKAGE_TARNAME "libxshmfence"
| #define PACKAGE_VERSION "1.3.2"
| #define PACKAGE_STRING "libxshmfence 1.3.2"
| #define PACKAGE_BUGREPORT "https://gitlab.freedesktop.org/xorg/lib/libxshmfence/-/issues"
| #define PACKAGE_URL ""
| #define HAVE_STDIO_H 1
| #define HAVE_STDLIB_H 1
| #define HAVE_STRING_H 1
| #define HAVE_INTTYPES_H 1
| #define HAVE_STDINT_H 1
| #define HAVE_STRINGS_H 1
| #define HAVE_SYS_STAT_H 1
| #define HAVE_SYS_TYPES_H 1
| #define HAVE_UNISTD_H 1
| #define HAVE_WCHAR_H 1
| #define STDC_HEADERS 1
| #define _ALL_SOURCE 1
| #define _DARWIN_C_SOURCE 1
| #define _GNU_SOURCE 1
| #define _HPUX_ALT_XOPEN_SOCKET_API 1
| #define _NETBSD_SOURCE 1
| #define _OPENBSD_SOURCE 1
| #define _POSIX_PTHREAD_SEMANTICS 1
| #define __STDC_WANT_IEC_60559_ATTRIBS_EXT__ 1
| #define __STDC_WANT_IEC_60559_BFP_EXT__ 1
| #define __STDC_WANT_IEC_60559_DFP_EXT__ 1
| #define __STDC_WANT_IEC_60559_FUNCS_EXT__ 1
| #define __STDC_WANT_IEC_60559_TYPES_EXT__ 1
| #define __STDC_WANT_LIB_EXT2__ 1
| #define __STDC_WANT_MATH_SPEC_FUNCS__ 1
| #define _TANDEM_SOURCE 1
| #define __EXTENSIONS__ 1
| #define PACKAGE "libxshmfence"
| #define VERSION "1.3.2"
| #define HAVE_DLFCN_H 1
| #define LT_OBJDIR ".libs/"
| /* end confdefs.h.  */
| #include <stddef.h>
| #ifdef HAVE_STDIO_H
| # include <stdio.h>
| #endif
| #ifdef HAVE_STDLIB_H
| # include <stdlib.h>
| #endif
| #ifdef HAVE_STRING_H
| # include <string.h>
| #endif
| #ifdef HAVE_INTTYPES_H
| # include <inttypes.h>
| #endif
| #ifdef HAVE_STDINT_H
| # include <stdint.h>
| #endif
| #ifdef HAVE_STRINGS_H
| # include <strings.h>
| #endif
| #ifdef HAVE_SYS_TYPES_H
| # include <sys/types.h>
| #endif
| #ifdef HAVE_SYS_STAT_H
| # include <sys/stat.h>
| #endif
| #ifdef HAVE_UNISTD_H
| # include <unistd.h>
| #endif
| int
| main (void)
| {
| #ifndef __SUNPRO_C
| #ifdef __cplusplus
|   (void) __SUNPRO_C;
| #else
|   (void) __SUNPRO_C;
| #endif
| #endif
| 
|   ;
|   return 0;
| }
configure:12970: result: no
configure:13037: checking for pkg-config
configure:13060: found /usr/bin/pkg-config
configure:13072: result: /usr/bin/pkg-config
configure:13097: checking pkg-config is at least version 0.9.0
configure:13100: result: yes
configure:13150: checking if gcc supports -Werror=unknown-warning-option
configure:13160: gcc -c -g -O2 -Werror=unknown-warning-option  conftest.c >&5
cc1: error: '-Werror=unknown-warning-option': no option '-Wunknown-warning-option'
configure:13160: $? = 1
configure: failed program was:
| /* confdefs.h */
| #define PACKAGE_NAME "libxshmfence"
| #define PACKAGE_TARNAME "libxshmfence"
| #define PACKAGE_VERSION "1.3.2"
| #define PACKAGE_STRING "libxshmfence 1.3.2"
| #define PACKAGE_BUGREPORT "https://gitlab.freedesktop.org/xorg/lib/libxshmfence/-/issues"
| #define PACKAGE_URL ""
| #define HAVE_STDIO_H 1
| #define HAVE_STDLIB_H 1
| #define HAVE_STRING_H 1
| #define HAVE_INTTYPES_H 1
| #define HAVE_STDINT_H 1
| #define HAVE_STRINGS_H 1
| #define HAVE_SYS_STAT_H 1
| #define HAVE_SYS_TYPES_H 1
| #define HAVE_UNISTD_H 1
| #define HAVE_WCHAR_H 1
| #define STDC_HEADERS 1
| #define _ALL_SOURCE 1
| #define _DARWIN_C_SOURCE 1
| #define _GNU_SOURCE 1
| #define _HPUX_ALT_XOPEN_SOCKET_API 1
| #define _NETBSD_SOURCE 1
| #define _OPENBSD_SOURCE 1
| #define _POSIX_PTHREAD_SEMANTICS 1
| #define __STDC_WANT_IEC_60559_ATTRIBS_EXT__ 1
| #define __STDC_WANT_IEC_60559_BFP_EXT__ 1
| #define __STDC_WANT_IEC_60559_DFP_EXT__ 1
| #define __STDC_WANT_IEC_60559_FUNCS_EXT__ 1
| #define __STDC_WANT_IEC_60559_TYPES_EXT__ 1
| #define __STDC_WANT_LIB_EXT2__ 1
| #define __STDC_WANT_MATH_SPEC_FUNCS__ 1
| #define _TANDEM_SOURCE 1
| #define __EXTENSIONS__ 1
| #define PACKAGE "libxshmfence"
| #define VERSION "1.3.2"
| #define HAVE_DLFCN_H 1
| #define LT_OBJDIR ".libs/"
| /* end confdefs.h.  */
| int i;
configure:13168: result: no
configure:13179: checking if gcc supports -Werror=unused-command-line-argument
configure:13189: gcc -c -g -O2 -Werror=unused-command-line-argument  conftest.c >&5
cc1: error: '-Werror=unused-command-line-argument': no option '-Wunused-command-line-argument'; did you mean '-Wunused-dummy-argument'?
configure:13189: $? = 1
configure: failed program was:
| /* confdefs.h */
| #define PACKAGE_NAME "libxshmfence"
| #define PACKAGE_TARNAME "libxshmfence"
| #define PACKAGE_VERSION "1.3.2"
| #define PACKAGE_STRING "libxshmfence 1.3.2"
| #define PACKAGE_BUGREPORT "https://gitlab.freedesktop.org/xorg/lib/libxshmfence/-/issues"
| #define PACKAGE_URL ""
| #define HAVE_STDIO_H 1
| #define HAVE_STDLIB_H 1
| #define HAVE_STRING_H 1
| #define HAVE_INTTYPES_H 1
| #define HAVE_STDINT_H 1
| #define HAVE_STRINGS_H 1
| #define HAVE_SYS_STAT_H 1
| #define HAVE_SYS_TYPES_H 1
| #define HAVE_UNISTD_H 1
| #define HAVE_WCHAR_H 1
| #define STDC_HEADERS 1
| #define _ALL_SOURCE 1
| #define _DARWIN_C_SOURCE 1
| #define _GNU_SOURCE 1
| #define _HPUX_ALT_XOPEN_SOCKET_API 1
| #define _NETBSD_SOURCE 1
| #define _OPENBSD_SOURCE 1
| #define _POSIX_PTHREAD_SEMANTICS 1
| #define __STDC_WANT_IEC_60559_ATTRIBS_EXT__ 1
| #define __STDC_WANT_IEC_60559_BFP_EXT__ 1
| #define __STDC_WANT_IEC_60559_DFP_EXT__ 1
| #define __STDC_WANT_IEC_60559_FUNCS_EXT__ 1
| #define __STDC_WANT_IEC_60559_TYPES_EXT__ 1
| #define __STDC_WANT_LIB_EXT2__ 1
| #define __STDC_WANT_MATH_SPEC_FUNCS__ 1
| #define _TANDEM_SOURCE 1
| #define __EXTENSIONS__ 1
| #define PACKAGE "libxshmfence"
| #define VERSION "1.3.2"
| #define HAVE_DLFCN_H 1
| #define LT_OBJDIR ".libs/"
| /* end confdefs.h.  */
| int i;
configure:13197: result: no
configure:13216: checking if gcc supports -Wall
configure:13234: gcc -o conftest -g -O2 -Wall   conftest.c  >&5
configure:13234: $? = 0
configure:13248: result: yes
configure:13340: checking if gcc supports -Wpointer-arith
configure:13358: gcc -o conftest -g -O2 -Wpointer-arith   conftest.c  >&5
configure:13358: $? = 0
configure:13372: result: yes
configure:13464: checking if gcc supports -Wmissing-declarations
configure:13482: gcc -o conftest -g -O2 -Wmissing-declarations   conftest.c  >&5
configure:13482: $? = 0
configure:13496: result: yes
configure:13588: checking if gcc supports -Wformat=2
configure:13606: gcc -o conftest -g -O2 -Wformat=2   conftest.c  >&5
configure:13606: $? = 0
configure:13620: result: yes
configure:13765: checking if gcc supports -Wstrict-prototypes
configure:13783: gcc -o conftest -g -O2 -Wstrict-prototypes   conftest.c  >&5
configure:13783: $? = 0
configure:13797: result: yes
configure:13889: checking if gcc supports -Wmissing-prototypes
configure:13907: gcc -o conftest -g -O2 -Wmissing-prototypes   conftest.c  >&5
configure:13907: $? = 0
configure:13921: result: yes
configure:14013: checking if gcc supports -Wnested-externs
configure:14031: gcc -o conftest -g -O2 -Wnested-externs   conftest.c  >&5
configure:14031: $? = 0
configure:14045: result: yes
configure:14137: checking if gcc supports -Wbad-function-cast
configure:14155: gcc -o conftest -g -O2 -Wbad-function-cast   conftest.c  >&5
configure:14155: $? = 0
configure:14169: result: yes
configure:14261: checking if gcc supports -Wold-style-definition
configure:14279: gcc -o conftest -g -O2 -Wold-style-definition   conftest.c  >&5
configure:14279: $? = 0
configure:14293: result: yes
configure:14436: checking if gcc supports -Wdeclaration-after-statement
configure:14454: gcc -o conftest -g -O2 -Wdeclaration-after-statement   conftest.c  >&5
configure:14454: $? = 0
configure:14468: result: yes
configure:14564: checking if gcc supports -Wunused
configure:14582: gcc -o conftest -g -O2 -Wunused   conftest.c  >&5
configure:14582: $? = 0
configure:14596: result: yes
configure:14688: checking if gcc supports -Wuninitialized
configure:14706: gcc -o conftest -g -O2 -Wuninitialized   conftest.c  >&5
configure:14706: $? = 0
configure:14720: result: yes
configure:14812: checking if gcc supports -Wshadow
configure:14830: gcc -o conftest -g -O2 -Wshadow   conftest.c  >&5
configure:14830: $? = 0
configure:14844: result: yes
configure:14936: checking if gcc supports -Wmissing-noreturn
configure:14954: gcc -o conftest -g -O2 -Wmissing-noreturn   conftest.c  >&5
configure:14954: $? = 0
configure:14968: result: yes
configure:15060: checking if gcc supports -Wmissing-format-attribute
configure:15078: gcc -o conftest -g -O2 -Wmissing-format-attribute   conftest.c  >&5
configure:15078: $? = 0
configure:15092: result: yes
configure:15184: checking if gcc supports -Wredundant-decls
configure:15202: gcc -o conftest -g -O2 -Wredundant-decls   conftest.c  >&5
configure:15202: $? = 0
configure:15216: result: yes
configure:15308: checking if gcc supports -Wlogical-op
configure:15326: gcc -o conftest -g -O2 -Wlogical-op   conftest.c  >&5
configure:15326: $? = 0
configure:15340: result: yes
configure:15444: checking if gcc supports -Werror=implicit
configure:15462: gcc -o conftest -g -O2 -Werror=implicit   conftest.c  >&5
configure:15462: $? = 0
configure:15476: result: yes
configure:15619: checking if gcc supports -Werror=nonnull
configure:15637: gcc -o conftest -g -O2 -Werror=nonnull   conftest.c  >&5
configure:15637: $? = 0
configure:15651: result: yes
configure:15743: checking if gcc supports -Werror=init-self
configure:15761: gcc -o conftest -g -O2 -Werror=init-self   conftest.c  >&5
configure:15761: $? = 0
configure:15775: result: yes
configure:15867: checking if gcc supports -Werror=main
configure:15885: gcc -o conftest -g -O2 -Werror=main   conftest.c  >&5
configure:15885: $? = 0
configure:15899: result: yes
configure:15991: checking if gcc supports -Werror=missing-braces
configure:16009: gcc -o conftest -g -O2 -Werror=missing-braces   conftest.c  >&5
configure:16009: $? = 0
configure:16023: result: yes
configure:16115: checking if gcc supports -Werror=sequence-point
configure:16133: gcc -o conftest -g -O2 -Werror=sequence-point   conftest.c  >&5
configure:16133: $? = 0
configure:16147: result: yes
configure:16239: checking if gcc supports -Werror=return-type
configure:16257: gcc -o conftest -g -O2 -Werror=return-type   conftest.c  >&5
configure:16257: $? = 0
configure:16271: result: yes
configure:16414: checking if gcc supports -Werror=trigraphs
configure:16432: gcc -o conftest -g -O2 -Werror=trigraphs   conftest.c  >&5
configure:16432: $? = 0
configure:16446: result: yes
configure:16538: checking if gcc supports -Werror=array-bounds
configure:16556: gcc -o conftest -g -O2 -Werror=array-bounds   conftest.c  >&5
configure:16556: $? = 0
configure:16570: result: yes
configure:16662: checking if gcc supports -Werror=write-strings
configure:16680: gcc -o conftest -g -O2 -Werror=write-strings   conftest.c  >&5
configure:16680: $? = 0
configure:16694: result: yes
configure:16786: checking if gcc supports -Werror=address
configure:16804: gcc -o conftest -g -O2 -Werror=address   conftest.c  >&5
configure:16804: $? = 0
configure:16818: result: yes
configure:16910: checking if gcc supports -Werror=int-to-pointer-cast
configure:16928: gcc -o conftest -g -O2 -Werror=int-to-pointer-cast   conftest.c  >&5
configure:16928: $? = 0
configure:16942: result: yes
configure:17085: checking if gcc supports -Werror=pointer-to-int-cast
configure:17103: gcc -o conftest -g -O2 -Werror=pointer-to-int-cast   conftest.c  >&5
configure:17103: $? = 0
configure:17117: result: yes
configure:18858: checking if gcc supports -pedantic
configure:18876: gcc -o conftest -g -O2 -pedantic   conftest.c  >&5
configure:18876: $? = 0
configure:18890: result: yes
configure:18982: checking if gcc supports -Werror
configure:19000: gcc -o conftest -g -O2 -Werror   conftest.c  >&5
configure:19000: $? = 0
configure:19014: result: yes
configure:19160: checking if gcc supports -Werror=attributes
configure:19178: gcc -o conftest -g -O2 -Werror=attributes   conftest.c  >&5
configure:19178: $? = 0
configure:19192: result: yes
configure:19383: checking whether make supports nested variables
configure:19401: result: yes
configure:19532: checking for special C compiler options needed for large files
configure:19580: result: no
configure:19586: checking for _FILE_OFFSET_BITS value needed for large files
configure:19612: gcc -c -g -O2  conftest.c >&5
configure:19612: $? = 0
configure:19646: result: no
configure:19740: checking for linux/futex.h
configure:19740: gcc -c -g -O2  conftest.c >&5
configure:19740: $? = 0
configure:19740: result: yes
configure:19851: checking for XPROTO
configure:19858: $PKG_CONFIG --exists --print-errors "xproto"
configure:19861: $? = 0
configure:19875: $PKG_CONFIG --exists --print-errors "xproto"
configure:19878: $? = 0
configure:19936: result: yes
configure:19945: checking for memfd_create
configure:19945: gcc -o conftest -g -O2 -I/home/mearvk/IdeaProjects/Ubuntu.Determinant.Alpha.Restricted/userland/x11/_build/sysroot/usr/include    conftest.c  >&5
configure:19945: $? = 0
configure:19945: result: yes
configure:19951: checking for mkostemp
configure:19951: gcc -o conftest -g -O2 -I/home/mearvk/IdeaProjects/Ubuntu.Determinant.Alpha.Restricted/userland/x11/_build/sysroot/usr/include    conftest.c  >&5
configure:19951: $? = 0
configure:19951: result: yes
configure:19959: checking whether __NR_memfd_create is declared
configure:19959: gcc -c -g -O2 -I/home/mearvk/IdeaProjects/Ubuntu.Determinant.Alpha.Restricted/userland/x11/_build/sysroot/usr/include    conftest.c >&5
configure:19959: $? = 0
configure:19959: result: yes
configure:19972: checking for sys/memfd.h
configure:19972: gcc -c -g -O2 -I/home/mearvk/IdeaProjects/Ubuntu.Determinant.Alpha.Restricted/userland/x11/_build/sysroot/usr/include   conftest.c >&5
conftest.c:75:10: fatal error: sys/memfd.h: No such file or directory
   75 | #include <sys/memfd.h>
      |          ^~~~~~~~~~~~~
compilation terminated.
configure:19972: $? = 1
configure: failed program was:
| /* confdefs.h */
| #define PACKAGE_NAME "libxshmfence"
| #define PACKAGE_TARNAME "libxshmfence"
| #define PACKAGE_VERSION "1.3.2"
| #define PACKAGE_STRING "libxshmfence 1.3.2"
| #define PACKAGE_BUGREPORT "https://gitlab.freedesktop.org/xorg/lib/libxshmfence/-/issues"
| #define PACKAGE_URL ""
| #define HAVE_STDIO_H 1
| #define HAVE_STDLIB_H 1
| #define HAVE_STRING_H 1
| #define HAVE_INTTYPES_H 1
| #define HAVE_STDINT_H 1
| #define HAVE_STRINGS_H 1
| #define HAVE_SYS_STAT_H 1
| #define HAVE_SYS_TYPES_H 1
| #define HAVE_UNISTD_H 1
| #define HAVE_WCHAR_H 1
| #define STDC_HEADERS 1
| #define _ALL_SOURCE 1
| #define _DARWIN_C_SOURCE 1
| #define _GNU_SOURCE 1
| #define _HPUX_ALT_XOPEN_SOCKET_API 1
| #define _NETBSD_SOURCE 1
| #define _OPENBSD_SOURCE 1
| #define _POSIX_PTHREAD_SEMANTICS 1
| #define __STDC_WANT_IEC_60559_ATTRIBS_EXT__ 1
| #define __STDC_WANT_IEC_60559_BFP_EXT__ 1
| #define __STDC_WANT_IEC_60559_DFP_EXT__ 1
| #define __STDC_WANT_IEC_60559_FUNCS_EXT__ 1
| #define __STDC_WANT_IEC_60559_TYPES_EXT__ 1
| #define __STDC_WANT_LIB_EXT2__ 1
| #define __STDC_WANT_MATH_SPEC_FUNCS__ 1
| #define _TANDEM_SOURCE 1
| #define __EXTENSIONS__ 1
| #define PACKAGE "libxshmfence"
| #define VERSION "1.3.2"
| #define HAVE_DLFCN_H 1
| #define LT_OBJDIR ".libs/"
| #define PACKAGE_VERSION_MAJOR 1
| #define PACKAGE_VERSION_MINOR 3
| #define PACKAGE_VERSION_PATCHLEVEL 2
| #define HAVE_FUTEX 1
| #define HAVE_MEMFD_CREATE 1
| #define HAVE_MKOSTEMP 1
| #define HAVE_DECL___NR_MEMFD_CREATE 1
| /* end confdefs.h.  */
| #include <stddef.h>
| #ifdef HAVE_STDIO_H
| # include <stdio.h>
| #endif
| #ifdef HAVE_STDLIB_H
| # include <stdlib.h>
| #endif
| #ifdef HAVE_STRING_H
| # include <string.h>
| #endif
| #ifdef HAVE_INTTYPES_H
| # include <inttypes.h>
| #endif
| #ifdef HAVE_STDINT_H
| # include <stdint.h>
| #endif
| #ifdef HAVE_STRINGS_H
| # include <strings.h>
| #endif
| #ifdef HAVE_SYS_TYPES_H
| # include <sys/types.h>
| #endif
| #ifdef HAVE_SYS_STAT_H
| # include <sys/stat.h>
| #endif
| #ifdef HAVE_UNISTD_H
| # include <unistd.h>
| #endif
| #include <sys/memfd.h>
configure:19972: result: no
configure:19995: checking for symbol visibility support
configure:20022: gcc -c -g -O2 -I/home/mearvk/IdeaProjects/Ubuntu.Determinant.Alpha.Restricted/userland/x11/_build/sysroot/usr/include   conftest.c >&5
configure:20022: $? = 0
configure:20030: result: yes
configure:20188: checking that generated files are newer than configure
configure:20194: result: done
configure:20229: creating ./config.status

## ---------------------- ##
## Running config.status. ##
## ---------------------- ##

This file was extended by libxshmfence config.status 1.3.2, which was
generated by GNU Autoconf 2.71.  Invocation command line was

  CONFIG_FILES    = 
  CONFIG_HEADERS  = 
  CONFIG_LINKS    = 
  CONFIG_COMMANDS = 
  $ ./config.status 

on mearvk-X900-A8800

config.status:1157: creating Makefile
config.status:1157: creating src/Makefile
config.status:1157: creating test/Makefile
config.status:1157: creating xshmfence.pc
config.status:1157: creating config.h
config.status:1386: executing depfiles commands
config.status:1463: cd src       && sed -e '/# am--include-marker/d' Makefile         | make -f - am--depfiles
make[2]: Entering directory '/home/mearvk/IdeaProjects/Ubuntu.Determinant.Alpha.Restricted/userland/x11/_build/libxshmfence-1.3.2/src'
make[2]: Leaving directory '/home/mearvk/IdeaProjects/Ubuntu.Determinant.Alpha.Restricted/userland/x11/_build/libxshmfence-1.3.2/src'
config.status:1468: $? = 0
config.status:1463: cd test       && sed -e '/# am--include-marker/d' Makefile         | make -f - am--depfiles
make[2]: Entering directory '/home/mearvk/IdeaProjects/Ubuntu.Determinant.Alpha.Restricted/userland/x11/_build/libxshmfence-1.3.2/test'
make[2]: Leaving directory '/home/mearvk/IdeaProjects/Ubuntu.Determinant.Alpha.Restricted/userland/x11/_build/libxshmfence-1.3.2/test'
config.status:1468: $? = 0
config.status:1386: executing libtool commands

## ---------------- ##
## Cache variables. ##
## ---------------- ##

ac_cv_build=x86_64-pc-linux-gnu
ac_cv_c_compiler_gnu=yes
ac_cv_c_undeclared_builtin_options='none needed'
ac_cv_env_CC_set=
ac_cv_env_CC_value=
ac_cv_env_CFLAGS_set=
ac_cv_env_CFLAGS_value=
ac_cv_env_CPPFLAGS_set=
ac_cv_env_CPPFLAGS_value=
ac_cv_env_LDFLAGS_set=
ac_cv_env_LDFLAGS_value=
ac_cv_env_LIBS_set=
ac_cv_env_LIBS_value=
ac_cv_env_LINT_FLAGS_set=
ac_cv_env_LINT_FLAGS_value=
ac_cv_env_LINT_set=
ac_cv_env_LINT_value=
ac_cv_env_LT_SYS_LIBRARY_PATH_set=
ac_cv_env_LT_SYS_LIBRARY_PATH_value=
ac_cv_env_PKG_CONFIG_LIBDIR_set=
ac_cv_env_PKG_CONFIG_LIBDIR_value=
ac_cv_env_PKG_CONFIG_PATH_set=set
ac_cv_env_PKG_CONFIG_PATH_value=/home/mearvk/IdeaProjects/Ubuntu.Determinant.Alpha.Restricted/userland/x11/_build/sysroot/usr/lib/pkgconfig:/home/mearvk/IdeaProjects/Ubuntu.Determinant.Alpha.Restricted/userland/x11/_build/sysroot/usr/lib/x86_64-linux-gnu/pkgconfig:/home/mearvk/IdeaProjects/Ubuntu.Determinant.Alpha.Restricted/userland/x11/_build/sysroot/usr/share/pkgconfig
ac_cv_env_PKG_CONFIG_set=
ac_cv_env_PKG_CONFIG_value=
ac_cv_env_XPROTO_CFLAGS_set=
ac_cv_env_XPROTO_CFLAGS_value=
ac_cv_env_XPROTO_LIBS_set=
ac_cv_env_XPROTO_LIBS_value=
ac_cv_env_build_alias_set=
ac_cv_env_build_alias_value=
ac_cv_env_host_alias_set=
ac_cv_env_host_alias_value=
ac_cv_env_target_alias_set=
ac_cv_env_target_alias_value=
ac_cv_func_memfd_create=yes
ac_cv_func_mkostemp=yes
ac_cv_have_decl___INTEL_COMPILER=no
ac_cv_have_decl___NR_memfd_create=yes
ac_cv_have_decl___SUNPRO_C=no
ac_cv_have_decl___clang__=no
ac_cv_header_dlfcn_h=yes
ac_cv_header_inttypes_h=yes
ac_cv_header_linux_futex_h=yes
ac_cv_header_minix_config_h=no
ac_cv_header_stdint_h=yes
ac_cv_header_stdio_h=yes
ac_cv_header_stdlib_h=yes
ac_cv_header_string_h=yes
ac_cv_header_strings_h=yes
ac_cv_header_sys_memfd_h=no
ac_cv_header_sys_stat_h=yes
ac_cv_header_sys_types_h=yes
ac_cv_header_unistd_h=yes
ac_cv_header_wchar_h=yes
ac_cv_host=x86_64-pc-linux-gnu
ac_cv_objext=o
ac_cv_path_EGREP='/usr/bin/grep -E'
ac_cv_path_FGREP='/usr/bin/grep -F'
ac_cv_path_GREP=/usr/bin/grep
ac_cv_path_SED=/usr/bin/sed
ac_cv_path_ac_pt_PKG_CONFIG=/usr/bin/pkg-config
ac_cv_path_install='/usr/bin/install -c'
ac_cv_path_lt_DD=/usr/bin/dd
ac_cv_path_mkdir=/usr/bin/mkdir
ac_cv_prog_AWK=mawk
ac_cv_prog_ac_ct_AR=ar
ac_cv_prog_ac_ct_CC=gcc
ac_cv_prog_ac_ct_FILECMD=file
ac_cv_prog_ac_ct_MANIFEST_TOOL=mt
ac_cv_prog_ac_ct_OBJDUMP=objdump
ac_cv_prog_ac_ct_RANLIB=ranlib
ac_cv_prog_ac_ct_STRIP=strip
ac_cv_prog_cc_c11=
ac_cv_prog_cc_g=yes
ac_cv_prog_cc_stdc=
ac_cv_prog_make_make_set=yes
ac_cv_safe_to_define___extensions__=yes
ac_cv_should_define__xopen_source=no
ac_cv_sys_file_offset_bits=no
ac_cv_sys_largefile_CC=no
am_cv_CC_dependencies_compiler_type=gcc3
am_cv_make_support_nested_variables=yes
am_cv_prog_cc_c_o=yes
lt_cv_ar_at_file=@
lt_cv_archive_cmds_need_lc=no
lt_cv_deplibs_check_method=pass_all
lt_cv_file_magic_cmd='$MAGIC_CMD'
lt_cv_file_magic_test_file=
lt_cv_ld_reload_flag=-r
lt_cv_nm_interface='BSD nm'
lt_cv_objdir=.libs
lt_cv_path_LD=/usr/bin/ld
lt_cv_path_NM='/usr/bin/nm -B'
lt_cv_path_mainfest_tool=no
lt_cv_prog_compiler_c_o=yes
lt_cv_prog_compiler_pic='-fPIC -DPIC'
lt_cv_prog_compiler_pic_works=yes
lt_cv_prog_compiler_rtti_exceptions=no
lt_cv_prog_compiler_static_works=yes
lt_cv_prog_gnu_ld=yes
lt_cv_sharedlib_from_linklib_cmd='printf %s\n'
lt_cv_shlibpath_overrides_runpath=yes
lt_cv_sys_global_symbol_pipe='/usr/bin/sed -n -e '\''s/^.*[	 ]\([ABCDGIRSTW][ABCDGIRSTW]*\)[	 ][	 ]*\([_A-Za-z][_A-Za-z0-9]*\)$/\1 \2 \2/p'\'' | /usr/bin/sed '\''/ __gnu_lto/d'\'''
lt_cv_sys_global_symbol_to_c_name_address='/usr/bin/sed -n -e '\''s/^: \(.*\) .*$/  {"\1", (void *) 0},/p'\'' -e '\''s/^[ABCDGIRSTW][ABCDGIRSTW]* .* \(.*\)$/  {"\1", (void *) \&\1},/p'\'''
lt_cv_sys_global_symbol_to_c_name_address_lib_prefix='/usr/bin/sed -n -e '\''s/^: \(.*\) .*$/  {"\1", (void *) 0},/p'\'' -e '\''s/^[ABCDGIRSTW][ABCDGIRSTW]* .* \(lib.*\)$/  {"\1", (void *) \&\1},/p'\'' -e '\''s/^[ABCDGIRSTW][ABCDGIRSTW]* .* \(.*\)$/  {"lib\1", (void *) \&\1},/p'\'''
lt_cv_sys_global_symbol_to_cdecl='/usr/bin/sed -n -e '\''s/^T .* \(.*\)$/extern int \1();/p'\'' -e '\''s/^[ABCDGIRSTW][ABCDGIRSTW]* .* \(.*\)$/extern char \1;/p'\'''
lt_cv_sys_global_symbol_to_import=
lt_cv_sys_max_cmd_len=1572864
lt_cv_to_host_file_cmd=func_convert_file_noop
lt_cv_to_tool_file_cmd=func_convert_file_noop
lt_cv_truncate_bin='/usr/bin/dd bs=4096 count=1'
pkg_cv_XPROTO_CFLAGS='-I/home/mearvk/IdeaProjects/Ubuntu.Determinant.Alpha.Restricted/userland/x11/_build/sysroot/usr/include '
pkg_cv_XPROTO_LIBS=
xorg_cv_cc_flag__Wall=yes
xorg_cv_cc_flag__Wbad_function_cast=yes
xorg_cv_cc_flag__Wdeclaration_after_statement=yes
xorg_cv_cc_flag__Werror=yes
xorg_cv_cc_flag__Werror_address=yes
xorg_cv_cc_flag__Werror_array_bounds=yes
xorg_cv_cc_flag__Werror_attributes=yes
xorg_cv_cc_flag__Werror_implicit=yes
xorg_cv_cc_flag__Werror_init_self=yes
xorg_cv_cc_flag__Werror_int_to_pointer_cast=yes
xorg_cv_cc_flag__Werror_main=yes
xorg_cv_cc_flag__Werror_missing_braces=yes
xorg_cv_cc_flag__Werror_nonnull=yes
xorg_cv_cc_flag__Werror_pointer_to_int_cast=yes
xorg_cv_cc_flag__Werror_return_type=yes
xorg_cv_cc_flag__Werror_sequence_point=yes
xorg_cv_cc_flag__Werror_trigraphs=yes
xorg_cv_cc_flag__Werror_write_strings=yes
xorg_cv_cc_flag__Wformat_2=yes
xorg_cv_cc_flag__Wlogical_op=yes
xorg_cv_cc_flag__Wmissing_declarations=yes
xorg_cv_cc_flag__Wmissing_format_attribute=yes
xorg_cv_cc_flag__Wmissing_noreturn=yes
xorg_cv_cc_flag__Wmissing_prototypes=yes
xorg_cv_cc_flag__Wnested_externs=yes
xorg_cv_cc_flag__Wold_style_definition=yes
xorg_cv_cc_flag__Wpointer_arith=yes
xorg_cv_cc_flag__Wredundant_decls=yes
xorg_cv_cc_flag__Wshadow=yes
xorg_cv_cc_flag__Wstrict_prototypes=yes
xorg_cv_cc_flag__Wuninitialized=yes
xorg_cv_cc_flag__Wunused=yes
xorg_cv_cc_flag__pedantic=yes
xorg_cv_cc_flag_unknown_warning_option=no
xorg_cv_cc_flag_unused_command_line_argument=no

## ----------------- ##
## Output variables. ##
## ----------------- ##

ACLOCAL='${SHELL} '\''/home/mearvk/IdeaProjects/Ubuntu.Determinant.Alpha.Restricted/userland/x11/_build/libxshmfence-1.3.2/missing'\'' aclocal-1.16'
ADMIN_MAN_DIR='$(mandir)/man$(ADMIN_MAN_SUFFIX)'
ADMIN_MAN_SUFFIX='8'
AMDEPBACKSLASH='\'
AMDEP_FALSE='#'
AMDEP_TRUE=''
AMTAR='$${TAR-tar}'
AM_BACKSLASH='\'
AM_DEFAULT_V='$(AM_DEFAULT_VERBOSITY)'
AM_DEFAULT_VERBOSITY='0'
AM_V='$(V)'
APP_MAN_DIR='$(mandir)/man$(APP_MAN_SUFFIX)'
APP_MAN_SUFFIX='1'
AR='ar'
AUTOCONF='${SHELL} '\''/home/mearvk/IdeaProjects/Ubuntu.Determinant.Alpha.Restricted/userland/x11/_build/libxshmfence-1.3.2/missing'\'' autoconf'
AUTOHEADER='${SHELL} '\''/home/mearvk/IdeaProjects/Ubuntu.Determinant.Alpha.Restricted/userland/x11/_build/libxshmfence-1.3.2/missing'\'' autoheader'
AUTOMAKE='${SHELL} '\''/home/mearvk/IdeaProjects/Ubuntu.Determinant.Alpha.Restricted/userland/x11/_build/libxshmfence-1.3.2/missing'\'' automake-1.16'
AWK='mawk'
BASE_CFLAGS=' -Wall -Wpointer-arith -Wmissing-declarations -Wformat=2 -Wstrict-prototypes -Wmissing-prototypes -Wnested-externs -Wbad-function-cast -Wold-style-definition -Wdeclaration-after-statement -Wunused -Wuninitialized -Wshadow -Wmissing-noreturn -Wmissing-format-attribute -Wredundant-decls -Wlogical-op -Werror=implicit -Werror=nonnull -Werror=init-self -Werror=main -Werror=missing-braces -Werror=sequence-point -Werror=return-type -Werror=trigraphs -Werror=array-bounds -Werror=write-strings -Werror=address -Werror=int-to-pointer-cast -Werror=pointer-to-int-cast'
CC='gcc'
CCDEPMODE='depmode=gcc3'
CFLAGS='-g -O2 -I/home/mearvk/IdeaProjects/Ubuntu.Determinant.Alpha.Restricted/userland/x11/_build/sysroot/usr/include  -fvisibility=hidden'
CHANGELOG_CMD='((GIT_DIR=$(top_srcdir)/.git git log > $(top_srcdir)/.changelog.tmp) 2>/dev/null && mv $(top_srcdir)/.changelog.tmp $(top_srcdir)/ChangeLog) || (rm -f $(top_srcdir)/.changelog.tmp; test -e $(top_srcdir)/ChangeLog || ( touch $(top_srcdir)/ChangeLog; echo '\''git failed to create ChangeLog: installing empty ChangeLog.'\'' >&2))'
CPPFLAGS=''
CSCOPE='cscope'
CTAGS='ctags'
CWARNFLAGS=' -Wall -Wpointer-arith -Wmissing-declarations -Wformat=2 -Wstrict-prototypes -Wmissing-prototypes -Wnested-externs -Wbad-function-cast -Wold-style-definition -Wdeclaration-after-statement -Wunused -Wuninitialized -Wshadow -Wmissing-noreturn -Wmissing-format-attribute -Wredundant-decls -Wlogical-op -Werror=implicit -Werror=nonnull -Werror=init-self -Werror=main -Werror=missing-braces -Werror=sequence-point -Werror=return-type -Werror=trigraphs -Werror=array-bounds -Werror=write-strings -Werror=address -Werror=int-to-pointer-cast -Werror=pointer-to-int-cast -fno-strict-aliasing'
CYGPATH_W='echo'
DEFS='-DHAVE_CONFIG_H'
DEPDIR='.deps'
DLLTOOL='false'
DRIVER_MAN_DIR='$(mandir)/man$(DRIVER_MAN_SUFFIX)'
DRIVER_MAN_SUFFIX='4'
DSYMUTIL=''
DUMPBIN=''
ECHO_C=''
ECHO_N='-n'
ECHO_T=''
EGREP='/usr/bin/grep -E'
ETAGS='etags'
EXEEXT=''
FGREP='/usr/bin/grep -F'
FILECMD='file'
FILE_MAN_DIR='$(mandir)/man$(FILE_MAN_SUFFIX)'
FILE_MAN_SUFFIX='5'
FUTEX_FALSE='#'
FUTEX_TRUE=''
GREP='/usr/bin/grep'
INSTALL_CMD='(cp -f /INSTALL $(top_srcdir)/.INSTALL.tmp && mv $(top_srcdir)/.INSTALL.tmp $(top_srcdir)/INSTALL) || (rm -f $(top_srcdir)/.INSTALL.tmp; test -e $(top_srcdir)/INSTALL || ( touch $(top_srcdir)/INSTALL; echo '\''failed to copy INSTALL from util-macros: installing empty INSTALL.'\'' >&2))'
INSTALL_DATA='${INSTALL} -m 644'
INSTALL_PROGRAM='${INSTALL}'
INSTALL_SCRIPT='${INSTALL}'
INSTALL_STRIP_PROGRAM='$(install_sh) -c -s'
LD='/usr/bin/ld -m elf_x86_64'
LDFLAGS=''
LIBOBJS=''
LIBS=''
LIBTOOL='$(SHELL) $(top_builddir)/libtool'
LIB_MAN_DIR='$(mandir)/man$(LIB_MAN_SUFFIX)'
LIB_MAN_SUFFIX='3'
LINT=''
LINT_FALSE=''
LINT_FLAGS='-badflag '
LINT_TRUE='#'
LIPO=''
LN_S='ln -s'
LTLIBOBJS=''
LT_SYS_LIBRARY_PATH=''
MAKEINFO='${SHELL} '\''/home/mearvk/IdeaProjects/Ubuntu.Determinant.Alpha.Restricted/userland/x11/_build/libxshmfence-1.3.2/missing'\'' makeinfo'
MANIFEST_TOOL=':'
MAN_SUBSTS='	-e '\''s|__vendorversion__|"$(PACKAGE_STRING)" "$(XORG_MAN_PAGE)"|'\'' 	-e '\''s|__xorgversion__|"$(PACKAGE_STRING)" "$(XORG_MAN_PAGE)"|'\'' 	-e '\''s|__xservername__|Xorg|g'\'' 	-e '\''s|__xconfigfile__|xorg.conf|g'\'' 	-e '\''s|__projectroot__|$(prefix)|g'\'' 	-e '\''s|__apploaddir__|$(appdefaultdir)|g'\'' 	-e '\''s|__appmansuffix__|$(APP_MAN_SUFFIX)|g'\'' 	-e '\''s|__drivermansuffix__|$(DRIVER_MAN_SUFFIX)|g'\'' 	-e '\''s|__adminmansuffix__|$(ADMIN_MAN_SUFFIX)|g'\'' 	-e '\''s|__libmansuffix__|$(LIB_MAN_SUFFIX)|g'\'' 	-e '\''s|__miscmansuffix__|$(MISC_MAN_SUFFIX)|g'\'' 	-e '\''s|__filemansuffix__|$(FILE_MAN_SUFFIX)|g'\'''
MISC_MAN_DIR='$(mandir)/man$(MISC_MAN_SUFFIX)'
MISC_MAN_SUFFIX='7'
MKDIR_P='/usr/bin/mkdir -p'
NM='/usr/bin/nm -B'
NMEDIT=''
OBJDUMP='objdump'
OBJEXT='o'
OTOOL64=''
OTOOL=''
PACKAGE='libxshmfence'
PACKAGE_BUGREPORT='https://gitlab.freedesktop.org/xorg/lib/libxshmfence/-/issues'
PACKAGE_NAME='libxshmfence'
PACKAGE_STRING='libxshmfence 1.3.2'
PACKAGE_TARNAME='libxshmfence'
PACKAGE_URL=''
PACKAGE_VERSION='1.3.2'
PATH_SEPARATOR=':'
PKG_CONFIG='/usr/bin/pkg-config'
PKG_CONFIG_LIBDIR=''
PKG_CONFIG_PATH='/home/mearvk/IdeaProjects/Ubuntu.Determinant.Alpha.Restricted/userland/x11/_build/sysroot/usr/lib/pkgconfig:/home/mearvk/IdeaProjects/Ubuntu.Determinant.Alpha.Restricted/userland/x11/_build/sysroot/usr/lib/x86_64-linux-gnu/pkgconfig:/home/mearvk/IdeaProjects/Ubuntu.Determinant.Alpha.Restricted/userland/x11/_build/sysroot/usr/share/pkgconfig'
PTHREAD_FALSE=''
PTHREAD_LIBS=''
PTHREAD_TRUE='#'
RANLIB='ranlib'
SED='/usr/bin/sed'
SET_MAKE=''
SHELL='/bin/bash'
STRICT_CFLAGS=' -pedantic -Werror -Werror=attributes'
STRIP='strip'
VERSION='1.3.2'
XORG_MAN_PAGE='X Version 11'
XPROTO_CFLAGS='-I/home/mearvk/IdeaProjects/Ubuntu.Determinant.Alpha.Restricted/userland/x11/_build/sysroot/usr/include '
XPROTO_LIBS=''
ac_ct_AR='ar'
ac_ct_CC='gcc'
ac_ct_DUMPBIN=''
am__EXEEXT_FALSE=''
am__EXEEXT_TRUE='#'
am__fastdepCC_FALSE='#'
am__fastdepCC_TRUE=''
am__include='include'
am__isrc=''
am__leading_dot='.'
am__nodep='_no'
am__quote=''
am__tar='$${TAR-tar} chof - "$$tardir"'
am__untar='$${TAR-tar} xf -'
bindir='${exec_prefix}/bin'
build='x86_64-pc-linux-gnu'
build_alias=''
build_cpu='x86_64'
build_os='linux-gnu'
build_vendor='pc'
datadir='${datarootdir}'
datarootdir='${prefix}/share'
docdir='${datarootdir}/doc/${PACKAGE_TARNAME}'
dvidir='${docdir}'
exec_prefix='${prefix}'
host='x86_64-pc-linux-gnu'
host_alias=''
host_cpu='x86_64'
host_os='linux-gnu'
host_vendor='pc'
htmldir='${docdir}'
includedir='${prefix}/include'
infodir='${datarootdir}/info'
install_sh='${SHELL} /home/mearvk/IdeaProjects/Ubuntu.Determinant.Alpha.Restricted/userland/x11/_build/libxshmfence-1.3.2/install-sh'
libdir='/usr/lib'
libexecdir='${exec_prefix}/libexec'
localedir='${datarootdir}/locale'
localstatedir='${prefix}/var'
mandir='${datarootdir}/man'
mkdir_p='$(MKDIR_P)'
oldincludedir='/usr/include'
pdfdir='${docdir}'
prefix='/usr'
program_transform_name='s,x,x,'
psdir='${docdir}'
runstatedir='${localstatedir}/run'
sbindir='${exec_prefix}/sbin'
sharedstatedir='${prefix}/com'
sysconfdir='${prefix}/etc'
target_alias=''

## ----------- ##
## confdefs.h. ##
## ----------- ##

/* confdefs.h */
#define PACKAGE_NAME "libxshmfence"
#define PACKAGE_TARNAME "libxshmfence"
#define PACKAGE_VERSION "1.3.2"
#define PACKAGE_STRING "libxshmfence 1.3.2"
#define PACKAGE_BUGREPORT "https://gitlab.freedesktop.org/xorg/lib/libxshmfence/-/issues"
#define PACKAGE_URL ""
#define HAVE_STDIO_H 1
#define HAVE_STDLIB_H 1
#define HAVE_STRING_H 1
#define HAVE_INTTYPES_H 1
#define HAVE_STDINT_H 1
#define HAVE_STRINGS_H 1
#define HAVE_SYS_STAT_H 1
#define HAVE_SYS_TYPES_H 1
#define HAVE_UNISTD_H 1
#define HAVE_WCHAR_H 1
#define STDC_HEADERS 1
#define _ALL_SOURCE 1
#define _DARWIN_C_SOURCE 1
#define _GNU_SOURCE 1
#define _HPUX_ALT_XOPEN_SOCKET_API 1
#define _NETBSD_SOURCE 1
#define _OPENBSD_SOURCE 1
#define _POSIX_PTHREAD_SEMANTICS 1
#define __STDC_WANT_IEC_60559_ATTRIBS_EXT__ 1
#define __STDC_WANT_IEC_60559_BFP_EXT__ 1
#define __STDC_WANT_IEC_60559_DFP_EXT__ 1
#define __STDC_WANT_IEC_60559_FUNCS_EXT__ 1
#define __STDC_WANT_IEC_60559_TYPES_EXT__ 1
#define __STDC_WANT_LIB_EXT2__ 1
#define __STDC_WANT_MATH_SPEC_FUNCS__ 1
#define _TANDEM_SOURCE 1
#define __EXTENSIONS__ 1
#define PACKAGE "libxshmfence"
#define VERSION "1.3.2"
#define HAVE_DLFCN_H 1
#define LT_OBJDIR ".libs/"
#define PACKAGE_VERSION_MAJOR 1
#define PACKAGE_VERSION_MINOR 3
#define PACKAGE_VERSION_PATCHLEVEL 2
#define HAVE_FUTEX 1
#define HAVE_MEMFD_CREATE 1
#define HAVE_MKOSTEMP 1
#define HAVE_DECL___NR_MEMFD_CREATE 1
#define SHMDIR "/run/shm"

configure: exit 0
