This file contains any messages produced by compilers while
running configure, to aid debugging if configure makes a mistake.

It was created by libmd configure 1.1.0, which was
generated by GNU Autoconf 2.71.  Invocation command line was

  $ ./configure --prefix=/usr --libdir=/usr/lib PKG_CONFIG_PATH=/home/mearvk/IdeaProjects/Ubuntu.Determinant.Alpha.Restricted/userland/x11/_build/sysroot/usr/lib/pkgconfig:/home/mearvk/IdeaProjects/Ubuntu.Determinant.Alpha.Restricted/userland/x11/_build/sysroot/usr/lib/x86_64-linux-gnu/pkgconfig:/home/mearvk/IdeaProjects/Ubuntu.Determinant.Alpha.Restricted/userland/x11/_build/sysroot/usr/share/pkgconfig

## --------- ##
## Platform. ##
## --------- ##

hostname = mearvk-X900-A8800
uname -m = x86_64
uname -r = 6.8.0-136-generic
uname -s = Linux
uname -v = #136-Ubuntu SMP PREEMPT_DYNAMIC Wed Jul  1 21:53:05 UTC 2026

/usr/bin/uname -p = x86_64
/bin/uname -X     = unknown

/bin/arch              = x86_64
/usr/bin/arch -k       = unknown
/usr/convex/getsysinfo = unknown
/usr/bin/hostinfo      = unknown
/bin/machine           = unknown
/usr/bin/oslevel       = unknown
/bin/universe          = unknown

PATH: /home/mearvk/.opencode/bin/
PATH: /home/mearvk/.nvm/versions/node/v24.16.0/bin/
PATH: /home/mearvk/.cargo/bin/
PATH: /home/mearvk/.local/bin/
PATH: /usr/local/sbin/
PATH: /usr/local/bin/
PATH: /usr/sbin/
PATH: /usr/bin/
PATH: /sbin/
PATH: /bin/
PATH: /usr/games/
PATH: /usr/local/games/
PATH: /snap/bin/
PATH: /snap/bin/


## ----------- ##
## Core tests. ##
## ----------- ##

configure:2464: looking for aux files: config.guess config.sub ltmain.sh ar-lib compile missing install-sh
configure:2477:  trying ./build-aux/
configure:2506:   ./build-aux/config.guess found
configure:2506:   ./build-aux/config.sub found
configure:2506:   ./build-aux/ltmain.sh found
configure:2506:   ./build-aux/ar-lib found
configure:2506:   ./build-aux/compile found
configure:2506:   ./build-aux/missing found
configure:2488:   ./build-aux/install-sh found
configure:2639: checking for a BSD-compatible install
configure:2712: result: /usr/bin/install -c
configure:2723: checking whether build environment is sane
configure:2778: result: yes
configure:2937: checking for a race-free mkdir -p
configure:2981: result: /usr/bin/mkdir -p
configure:2988: checking for gawk
configure:3023: result: no
configure:2988: checking for mawk
configure:3009: found /usr/bin/mawk
configure:3020: result: mawk
configure:3031: checking whether make sets $(MAKE)
configure:3054: result: yes
configure:3084: checking whether make supports nested variables
configure:3102: result: yes
configure:3250: checking whether make supports nested variables
configure:3268: result: yes
configure:3304: checking whether make supports the include directive
configure:3319: make -f confmf.GNU && cat confinc.out
make[2]: Entering directory '/home/mearvk/IdeaProjects/Ubuntu.Determinant.Alpha.Restricted/userland/x11/_build/libmd-1.1.0'
make[2]: Leaving directory '/home/mearvk/IdeaProjects/Ubuntu.Determinant.Alpha.Restricted/userland/x11/_build/libmd-1.1.0'
this is the am__doit target
configure:3322: $? = 0
configure:3341: result: yes (GNU style)
configure:3417: checking for gcc
configure:3438: found /usr/bin/gcc
configure:3449: result: gcc
configure:3802: checking for C compiler version
configure:3811: gcc --version >&5
gcc (Ubuntu 13.3.0-6ubuntu2~24.04.1) 13.3.0
Copyright (C) 2023 Free Software Foundation, Inc.
This is free software; see the source for copying conditions.  There is NO
warranty; not even for MERCHANTABILITY or FITNESS FOR A PARTICULAR PURPOSE.

configure:3822: $? = 0
configure:3811: gcc -v >&5
Using built-in specs.
COLLECT_GCC=gcc
COLLECT_LTO_WRAPPER=/usr/libexec/gcc/x86_64-linux-gnu/13/lto-wrapper
OFFLOAD_TARGET_NAMES=nvptx-none:amdgcn-amdhsa
OFFLOAD_TARGET_DEFAULT=1
Target: x86_64-linux-gnu
Configured with: ../src/configure -v --with-pkgversion='Ubuntu 13.3.0-6ubuntu2~24.04.1' --with-bugurl=file:///usr/share/doc/gcc-13/README.Bugs --enable-languages=c,ada,c++,go,d,fortran,objc,obj-c++,m2 --prefix=/usr --with-gcc-major-version-only --program-suffix=-13 --program-prefix=x86_64-linux-gnu- --enable-shared --enable-linker-build-id --libexecdir=/usr/libexec --without-included-gettext --enable-threads=posix --libdir=/usr/lib --enable-nls --enable-bootstrap --enable-clocale=gnu --enable-libstdcxx-debug --enable-libstdcxx-time=yes --with-default-libstdcxx-abi=new --enable-libstdcxx-backtrace --enable-gnu-unique-object --disable-vtable-verify --enable-plugin --enable-default-pie --with-system-zlib --enable-libphobos-checking=release --with-target-system-zlib=auto --enable-objc-gc=auto --enable-multiarch --disable-werror --enable-cet --with-arch-32=i686 --with-abi=m64 --with-multilib-list=m32,m64,mx32 --enable-multilib --with-tune=generic --enable-offload-targets=nvptx-none=/build/gcc-13-EldibY/gcc-13-13.3.0/debian/tmp-nvptx/usr,amdgcn-amdhsa=/build/gcc-13-EldibY/gcc-13-13.3.0/debian/tmp-gcn/usr --enable-offload-defaulted --without-cuda-driver --enable-checking=release --build=x86_64-linux-gnu --host=x86_64-linux-gnu --target=x86_64-linux-gnu --with-build-config=bootstrap-lto-lean --enable-link-serialization=2
Thread model: posix
Supported LTO compression algorithms: zlib zstd
gcc version 13.3.0 (Ubuntu 13.3.0-6ubuntu2~24.04.1) 
... rest of stderr output deleted ...
configure:3822: $? = 0
configure:3811: gcc -V >&5
gcc: error: unrecognized command-line option '-V'
gcc: fatal error: no input files
compilation terminated.
configure:3822: $? = 1
configure:3811: gcc -qversion >&5
gcc: error: unrecognized command-line option '-qversion'; did you mean '--version'?
gcc: fatal error: no input files
compilation terminated.
configure:3822: $? = 1
configure:3811: gcc -version >&5
gcc: error: unrecognized command-line option '-version'
gcc: fatal error: no input files
compilation terminated.
configure:3822: $? = 1
configure:3842: checking whether the C compiler works
configure:3864: gcc    conftest.c  >&5
configure:3868: $? = 0
configure:3918: result: yes
configure:3921: checking for C compiler default output file name
configure:3923: result: a.out
configure:3929: checking for suffix of executables
configure:3936: gcc -o conftest    conftest.c  >&5
configure:3940: $? = 0
configure:3963: result: 
configure:3985: checking whether we are cross compiling
configure:3993: gcc -o conftest    conftest.c  >&5
configure:3997: $? = 0
configure:4004: ./conftest
configure:4008: $? = 0
configure:4023: result: no
configure:4028: checking for suffix of object files
configure:4051: gcc -c   conftest.c >&5
configure:4055: $? = 0
configure:4077: result: o
configure:4081: checking whether the compiler supports GNU C
configure:4101: gcc -c   conftest.c >&5
configure:4101: $? = 0
configure:4111: result: yes
configure:4122: checking whether gcc accepts -g
configure:4143: gcc -c -g  conftest.c >&5
configure:4143: $? = 0
configure:4187: result: yes
configure:4207: checking for gcc option to enable C11 features
configure:4222: gcc  -c -g -O2  conftest.c >&5
configure:4222: $? = 0
configure:4240: result: none needed
configure:4356: checking whether gcc understands -c and -o together
configure:4379: gcc -c conftest.c -o conftest2.o
configure:4382: $? = 0
configure:4379: gcc -c conftest.c -o conftest2.o
configure:4382: $? = 0
configure:4394: result: yes
configure:4413: checking dependency style of gcc
configure:4525: result: gcc3
configure:4545: checking for stdio.h
configure:4545: gcc -c -g -O2  conftest.c >&5
configure:4545: $? = 0
configure:4545: result: yes
configure:4545: checking for stdlib.h
configure:4545: gcc -c -g -O2  conftest.c >&5
configure:4545: $? = 0
configure:4545: result: yes
configure:4545: checking for string.h
configure:4545: gcc -c -g -O2  conftest.c >&5
configure:4545: $? = 0
configure:4545: result: yes
configure:4545: checking for inttypes.h
configure:4545: gcc -c -g -O2  conftest.c >&5
configure:4545: $? = 0
configure:4545: result: yes
configure:4545: checking for stdint.h
configure:4545: gcc -c -g -O2  conftest.c >&5
configure:4545: $? = 0
configure:4545: result: yes
configure:4545: checking for strings.h
configure:4545: gcc -c -g -O2  conftest.c >&5
configure:4545: $? = 0
configure:4545: result: yes
configure:4545: checking for sys/stat.h
configure:4545: gcc -c -g -O2  conftest.c >&5
configure:4545: $? = 0
configure:4545: result: yes
configure:4545: checking for sys/types.h
configure:4545: gcc -c -g -O2  conftest.c >&5
configure:4545: $? = 0
configure:4545: result: yes
configure:4545: checking for unistd.h
configure:4545: gcc -c -g -O2  conftest.c >&5
configure:4545: $? = 0
configure:4545: result: yes
configure:4545: checking for wchar.h
configure:4545: gcc -c -g -O2  conftest.c >&5
configure:4545: $? = 0
configure:4545: result: yes
configure:4545: checking for minix/config.h
configure:4545: gcc -c -g -O2  conftest.c >&5
conftest.c:49:10: fatal error: minix/config.h: No such file or directory
   49 | #include <minix/config.h>
      |          ^~~~~~~~~~~~~~~~
compilation terminated.
configure:4545: $? = 1
configure: failed program was:
| /* confdefs.h */
| #define PACKAGE_NAME "libmd"
| #define PACKAGE_TARNAME "libmd"
| #define PACKAGE_VERSION "1.1.0"
| #define PACKAGE_STRING "libmd 1.1.0"
| #define PACKAGE_BUGREPORT "libbsd@lists.freedesktop.org"
| #define PACKAGE_URL ""
| #define PACKAGE "libmd"
| #define VERSION "1.1.0"
| #define HAVE_STDIO_H 1
| #define HAVE_STDLIB_H 1
| #define HAVE_STRING_H 1
| #define HAVE_INTTYPES_H 1
| #define HAVE_STDINT_H 1
| #define HAVE_STRINGS_H 1
| #define HAVE_SYS_STAT_H 1
| #define HAVE_SYS_TYPES_H 1
| #define HAVE_UNISTD_H 1
| #define HAVE_WCHAR_H 1
| /* end confdefs.h.  */
| #include <stddef.h>
| #ifdef HAVE_STDIO_H
| # include <stdio.h>
| #endif
| #ifdef HAVE_STDLIB_H
| # include <stdlib.h>
| #endif
| #ifdef HAVE_STRING_H
| # include <string.h>
| #endif
| #ifdef HAVE_INTTYPES_H
| # include <inttypes.h>
| #endif
| #ifdef HAVE_STDINT_H
| # include <stdint.h>
| #endif
| #ifdef HAVE_STRINGS_H
| # include <strings.h>
| #endif
| #ifdef HAVE_SYS_TYPES_H
| # include <sys/types.h>
| #endif
| #ifdef HAVE_SYS_STAT_H
| # include <sys/stat.h>
| #endif
| #ifdef HAVE_UNISTD_H
| # include <unistd.h>
| #endif
| #include <minix/config.h>
configure:4545: result: no
configure:4576: checking whether it is safe to define __EXTENSIONS__
configure:4595: gcc -c -g -O2  conftest.c >&5
configure:4595: $? = 0
configure:4603: result: yes
configure:4606: checking whether _XOPEN_SOURCE should be defined
configure:4628: gcc -c -g -O2  conftest.c >&5
configure:4628: $? = 0
configure:4655: result: no
configure:4719: checking for special C compiler options needed for large files
configure:4767: result: no
configure:4773: checking for _FILE_OFFSET_BITS value needed for large files
configure:4799: gcc -c -g -O2  conftest.c >&5
configure:4799: $? = 0
configure:4833: result: no
configure:4971: checking for ar
configure:4992: found /usr/bin/ar
configure:5003: result: ar
configure:5029: checking the archiver (ar) interface
configure:5046: gcc -c -g -O2  conftest.c >&5
configure:5046: $? = 0
configure:5049: ar cru libconftest.a conftest.o >&5
ar: `u' modifier ignored since `D' is the default (see `U')
configure:5052: $? = 0
configure:5080: result: ar
configure:5132: checking build system type
configure:5147: result: x86_64-pc-linux-gnu
configure:5167: checking host system type
configure:5181: result: x86_64-pc-linux-gnu
configure:5222: checking how to print strings
configure:5249: result: printf
configure:5270: checking for a sed that does not truncate output
configure:5340: result: /usr/bin/sed
configure:5358: checking for grep that handles long lines and -e
configure:5422: result: /usr/bin/grep
configure:5427: checking for egrep
configure:5495: result: /usr/bin/grep -E
configure:5500: checking for fgrep
configure:5568: result: /usr/bin/grep -F
configure:5604: checking for ld used by gcc
configure:5672: result: /usr/bin/ld
configure:5679: checking if the linker (/usr/bin/ld) is GNU ld
configure:5695: result: yes
configure:5707: checking for BSD- or MS-compatible name lister (nm)
configure:5762: result: /usr/bin/nm -B
configure:5902: checking the name lister (/usr/bin/nm -B) interface
configure:5910: gcc -c -g -O2  conftest.c >&5
configure:5913: /usr/bin/nm -B "conftest.o"
configure:5916: output
0000000000000000 B some_variable
configure:5923: result: BSD nm
configure:5926: checking whether ln -s works
configure:5930: result: yes
configure:5938: checking the maximum length of command line arguments
configure:6070: result: 1572864
configure:6118: checking how to convert x86_64-pc-linux-gnu file names to x86_64-pc-linux-gnu format
configure:6159: result: func_convert_file_noop
configure:6166: checking how to convert x86_64-pc-linux-gnu file names to toolchain format
configure:6187: result: func_convert_file_noop
configure:6194: checking for /usr/bin/ld option to reload object files
configure:6202: result: -r
configure:6281: checking for file
configure:6302: found /usr/bin/file
configure:6313: result: file
configure:6389: checking for objdump
configure:6410: found /usr/bin/objdump
configure:6421: result: objdump
configure:6453: checking how to recognize dependent libraries
configure:6654: result: pass_all
configure:6744: checking for dlltool
configure:6779: result: no
configure:6809: checking how to associate runtime and link libraries
configure:6837: result: printf %s\n
configure:6987: checking for archiver @FILE support
configure:7005: gcc -c -g -O2  conftest.c >&5
configure:7005: $? = 0
configure:7009: ar cr libconftest.a @conftest.lst >&5
configure:7012: $? = 0
configure:7017: ar cr libconftest.a @conftest.lst >&5
ar: conftest.o: No such file or directory
configure:7020: $? = 1
configure:7032: result: @
configure:7095: checking for strip
configure:7116: found /usr/bin/strip
configure:7127: result: strip
configure:7204: checking for ranlib
configure:7225: found /usr/bin/ranlib
configure:7236: result: ranlib
configure:7338: checking command to parse /usr/bin/nm -B output from gcc object
configure:7492: gcc -c -g -O2  conftest.c >&5
configure:7495: $? = 0
configure:7499: /usr/bin/nm -B conftest.o | /usr/bin/sed -n -e 's/^.*[	 ]\([ABCDGIRSTW][ABCDGIRSTW]*\)[	 ][	 ]*\([_A-Za-z][_A-Za-z0-9]*\)$/\1 \2 \2/p' | /usr/bin/sed '/ __gnu_lto/d' > conftest.nm
configure:7565: gcc -o conftest -g -O2   conftest.c conftstm.o >&5
configure:7568: $? = 0
configure:7606: result: ok
configure:7653: checking for sysroot
configure:7684: result: no
configure:7691: checking for a working dd
configure:7735: result: /usr/bin/dd
configure:7739: checking how to truncate binary pipes
configure:7755: result: /usr/bin/dd bs=4096 count=1
configure:7892: gcc -c -g -O2  conftest.c >&5
configure:7895: $? = 0
configure:8092: checking for mt
configure:8113: found /usr/bin/mt
configure:8124: result: mt
configure:8147: checking if mt is a manifest tool
configure:8154: mt '-?'
configure:8162: result: no
configure:8883: checking for dlfcn.h
configure:8883: gcc -c -g -O2  conftest.c >&5
configure:8883: $? = 0
configure:8883: result: yes
configure:9142: checking for objdir
configure:9158: result: .libs
configure:9422: checking if gcc supports -fno-rtti -fno-exceptions
configure:9441: gcc -c -g -O2  -fno-rtti -fno-exceptions conftest.c >&5
cc1: warning: command-line option '-fno-rtti' is valid for C++/D/ObjC++ but not for C
configure:9445: $? = 0
configure:9458: result: no
configure:9822: checking for gcc option to produce PIC
configure:9830: result: -fPIC -DPIC
configure:9838: checking if gcc PIC flag -fPIC -DPIC works
configure:9857: gcc -c -g -O2  -fPIC -DPIC -DPIC conftest.c >&5
configure:9861: $? = 0
configure:9874: result: yes
configure:9903: checking if gcc static flag -static works
configure:9932: result: yes
configure:9947: checking if gcc supports -c -o file.o
configure:9969: gcc -c -g -O2  -o out/conftest2.o conftest.c >&5
configure:9973: $? = 0
configure:9995: result: yes
configure:10003: checking if gcc supports -c -o file.o
configure:10051: result: yes
configure:10084: checking whether the gcc linker (/usr/bin/ld -m elf_x86_64) supports shared libraries
configure:11358: result: yes
configure:11395: checking whether -lc should be explicitly linked in
configure:11404: gcc -c -g -O2  conftest.c >&5
configure:11407: $? = 0
configure:11422: gcc -shared  -fPIC -DPIC conftest.o  -v -Wl,-soname -Wl,conftest -o conftest 2\>\&1 \| /usr/bin/grep  -lc  \>/dev/null 2\>\&1
configure:11425: $? = 0
configure:11439: result: no
configure:11599: checking dynamic linker characteristics
configure:12181: gcc -o conftest -g -O2   -Wl,-rpath -Wl,/foo conftest.c  >&5
configure:12181: $? = 0
configure:12432: result: GNU/Linux ld.so
configure:12554: checking how to hardcode library paths into programs
configure:12579: result: immediate
configure:13131: checking whether stripping libraries is possible
configure:13140: result: yes
configure:13182: checking if libtool supports shared libraries
configure:13184: result: yes
configure:13187: checking whether to build shared libraries
configure:13212: result: yes
configure:13215: checking whether to build static libraries
configure:13219: result: yes
configure:13257: checking for --version-script linker flag
configure:13284: gcc -o conftest -g -O2   -Wl,--version-script=conftest.map conftest.c  >&5
configure:13284: $? = 0
configure:13300: result: yes
configure:13313: checking for a sed that does not truncate output
configure:13383: result: /usr/bin/sed
configure:13441: checking for gcc
configure:13473: result: gcc
configure:13826: checking for C compiler version
configure:13835: gcc --version >&5
gcc (Ubuntu 13.3.0-6ubuntu2~24.04.1) 13.3.0
Copyright (C) 2023 Free Software Foundation, Inc.
This is free software; see the source for copying conditions.  There is NO
warranty; not even for MERCHANTABILITY or FITNESS FOR A PARTICULAR PURPOSE.

configure:13846: $? = 0
configure:13835: gcc -v >&5
Using built-in specs.
COLLECT_GCC=gcc
COLLECT_LTO_WRAPPER=/usr/libexec/gcc/x86_64-linux-gnu/13/lto-wrapper
OFFLOAD_TARGET_NAMES=nvptx-none:amdgcn-amdhsa
OFFLOAD_TARGET_DEFAULT=1
Target: x86_64-linux-gnu
Configured with: ../src/configure -v --with-pkgversion='Ubuntu 13.3.0-6ubuntu2~24.04.1' --with-bugurl=file:///usr/share/doc/gcc-13/README.Bugs --enable-languages=c,ada,c++,go,d,fortran,objc,obj-c++,m2 --prefix=/usr --with-gcc-major-version-only --program-suffix=-13 --program-prefix=x86_64-linux-gnu- --enable-shared --enable-linker-build-id --libexecdir=/usr/libexec --without-included-gettext --enable-threads=posix --libdir=/usr/lib --enable-nls --enable-bootstrap --enable-clocale=gnu --enable-libstdcxx-debug --enable-libstdcxx-time=yes --with-default-libstdcxx-abi=new --enable-libstdcxx-backtrace --enable-gnu-unique-object --disable-vtable-verify --enable-plugin --enable-default-pie --with-system-zlib --enable-libphobos-checking=release --with-target-system-zlib=auto --enable-objc-gc=auto --enable-multiarch --disable-werror --enable-cet --with-arch-32=i686 --with-abi=m64 --with-multilib-list=m32,m64,mx32 --enable-multilib --with-tune=generic --enable-offload-targets=nvptx-none=/build/gcc-13-EldibY/gcc-13-13.3.0/debian/tmp-nvptx/usr,amdgcn-amdhsa=/build/gcc-13-EldibY/gcc-13-13.3.0/debian/tmp-gcn/usr --enable-offload-defaulted --without-cuda-driver --enable-checking=release --build=x86_64-linux-gnu --host=x86_64-linux-gnu --target=x86_64-linux-gnu --with-build-config=bootstrap-lto-lean --enable-link-serialization=2
Thread model: posix
Supported LTO compression algorithms: zlib zstd
gcc version 13.3.0 (Ubuntu 13.3.0-6ubuntu2~24.04.1) 
... rest of stderr output deleted ...
configure:13846: $? = 0
configure:13835: gcc -V >&5
gcc: error: unrecognized command-line option '-V'
gcc: fatal error: no input files
compilation terminated.
configure:13846: $? = 1
configure:13835: gcc -qversion >&5
gcc: error: unrecognized command-line option '-qversion'; did you mean '--version'?
gcc: fatal error: no input files
compilation terminated.
configure:13846: $? = 1
configure:13835: gcc -version >&5
gcc: error: unrecognized command-line option '-version'
gcc: fatal error: no input files
compilation terminated.
configure:13846: $? = 1
configure:13850: checking whether the compiler supports GNU C
configure:13880: result: yes
configure:13891: checking whether gcc accepts -g
configure:13956: result: yes
configure:13976: checking for gcc option to enable C11 features
configure:14009: result: none needed
configure:14125: checking whether gcc understands -c and -o together
configure:14163: result: yes
configure:14182: checking dependency style of gcc
configure:14294: result: gcc3
configure:14316: checking whether gcc accepts -Wall
configure:14332: gcc -c -Werror -Wall  conftest.c >&5
configure:14332: $? = 0
configure:14346: result: yes
configure:14358: checking whether gcc accepts -Wextra
configure:14374: gcc -c -Werror -Wextra  conftest.c >&5
configure:14374: $? = 0
configure:14388: result: yes
configure:14401: checking whether gcc accepts -Wbad-function-cast
configure:14417: gcc -c -Werror -Wbad-function-cast  conftest.c >&5
configure:14417: $? = 0
configure:14431: result: yes
configure:14443: checking whether gcc accepts -Wc99-c11-compat
configure:14459: gcc -c -Werror -Wc99-c11-compat  conftest.c >&5
configure:14459: $? = 0
configure:14473: result: yes
configure:14485: checking whether gcc accepts -Wcast-align
configure:14501: gcc -c -Werror -Wcast-align  conftest.c >&5
configure:14501: $? = 0
configure:14515: result: yes
configure:14527: checking whether gcc accepts -Wdeclaration-after-statement
configure:14543: gcc -c -Werror -Wdeclaration-after-statement  conftest.c >&5
configure:14543: $? = 0
configure:14557: result: yes
configure:14569: checking whether gcc accepts -Wdocumentation
configure:14585: gcc -c -Werror -Wdocumentation  conftest.c >&5
gcc: error: unrecognized command-line option '-Wdocumentation'
configure:14585: $? = 1
configure: failed program was:
| /* confdefs.h */
| #define PACKAGE_NAME "libmd"
| #define PACKAGE_TARNAME "libmd"
| #define PACKAGE_VERSION "1.1.0"
| #define PACKAGE_STRING "libmd 1.1.0"
| #define PACKAGE_BUGREPORT "libbsd@lists.freedesktop.org"
| #define PACKAGE_URL ""
| #define PACKAGE "libmd"
| #define VERSION "1.1.0"
| #define HAVE_STDIO_H 1
| #define HAVE_STDLIB_H 1
| #define HAVE_STRING_H 1
| #define HAVE_INTTYPES_H 1
| #define HAVE_STDINT_H 1
| #define HAVE_STRINGS_H 1
| #define HAVE_SYS_STAT_H 1
| #define HAVE_SYS_TYPES_H 1
| #define HAVE_UNISTD_H 1
| #define HAVE_WCHAR_H 1
| #define STDC_HEADERS 1
| #define _ALL_SOURCE 1
| #define _DARWIN_C_SOURCE 1
| #define _GNU_SOURCE 1
| #define _HPUX_ALT_XOPEN_SOCKET_API 1
| #define _NETBSD_SOURCE 1
| #define _OPENBSD_SOURCE 1
| #define _POSIX_PTHREAD_SEMANTICS 1
| #define __STDC_WANT_IEC_60559_ATTRIBS_EXT__ 1
| #define __STDC_WANT_IEC_60559_BFP_EXT__ 1
| #define __STDC_WANT_IEC_60559_DFP_EXT__ 1
| #define __STDC_WANT_IEC_60559_FUNCS_EXT__ 1
| #define __STDC_WANT_IEC_60559_TYPES_EXT__ 1
| #define __STDC_WANT_LIB_EXT2__ 1
| #define __STDC_WANT_MATH_SPEC_FUNCS__ 1
| #define _TANDEM_SOURCE 1
| #define __EXTENSIONS__ 1
| #define HAVE_DLFCN_H 1
| #define LT_OBJDIR ".libs/"
| /* end confdefs.h.  */
| 
| 
| 
configure:14599: result: no
configure:14611: checking whether gcc accepts -Wduplicated-branches
configure:14627: gcc -c -Werror -Wduplicated-branches  conftest.c >&5
configure:14627: $? = 0
configure:14641: result: yes
configure:14653: checking whether gcc accepts -Wduplicated-cond
configure:14669: gcc -c -Werror -Wduplicated-cond  conftest.c >&5
configure:14669: $? = 0
configure:14683: result: yes
configure:14695: checking whether gcc accepts -Wformat -Wformat-security
configure:14711: gcc -c -Werror -Wformat -Wformat-security  conftest.c >&5
configure:14711: $? = 0
configure:14725: result: yes
configure:14737: checking whether gcc accepts -Wformat=2
configure:14753: gcc -c -Werror -Wformat=2  conftest.c >&5
configure:14753: $? = 0
configure:14767: result: yes
configure:14779: checking whether gcc accepts -Winit-self
configure:14795: gcc -c -Werror -Winit-self  conftest.c >&5
configure:14795: $? = 0
configure:14809: result: yes
configure:14821: checking whether gcc accepts -Wlogical-not-parentheses
configure:14837: gcc -c -Werror -Wlogical-not-parentheses  conftest.c >&5
configure:14837: $? = 0
configure:14851: result: yes
configure:14863: checking whether gcc accepts -Wlogical-op
configure:14879: gcc -c -Werror -Wlogical-op  conftest.c >&5
configure:14879: $? = 0
configure:14893: result: yes
configure:14905: checking whether gcc accepts -Wmissing-declarations
configure:14921: gcc -c -Werror -Wmissing-declarations  conftest.c >&5
configure:14921: $? = 0
configure:14935: result: yes
configure:14947: checking whether gcc accepts -Wmissing-format-attribute
configure:14963: gcc -c -Werror -Wmissing-format-attribute  conftest.c >&5
configure:14963: $? = 0
configure:14977: result: yes
configure:14989: checking whether gcc accepts -Wmissing-prototypes
configure:15005: gcc -c -Werror -Wmissing-prototypes  conftest.c >&5
configure:15005: $? = 0
configure:15019: result: yes
configure:15031: checking whether gcc accepts -Wnested-externs
configure:15047: gcc -c -Werror -Wnested-externs  conftest.c >&5
configure:15047: $? = 0
configure:15061: result: yes
configure:15073: checking whether gcc accepts -Wno-tautological-constant-out-of-range-compare
configure:15089: gcc -c -Werror -Wtautological-constant-out-of-range-compare  conftest.c >&5
gcc: error: unrecognized command-line option '-Wtautological-constant-out-of-range-compare'
configure:15089: $? = 1
configure: failed program was:
| /* confdefs.h */
| #define PACKAGE_NAME "libmd"
| #define PACKAGE_TARNAME "libmd"
| #define PACKAGE_VERSION "1.1.0"
| #define PACKAGE_STRING "libmd 1.1.0"
| #define PACKAGE_BUGREPORT "libbsd@lists.freedesktop.org"
| #define PACKAGE_URL ""
| #define PACKAGE "libmd"
| #define VERSION "1.1.0"
| #define HAVE_STDIO_H 1
| #define HAVE_STDLIB_H 1
| #define HAVE_STRING_H 1
| #define HAVE_INTTYPES_H 1
| #define HAVE_STDINT_H 1
| #define HAVE_STRINGS_H 1
| #define HAVE_SYS_STAT_H 1
| #define HAVE_SYS_TYPES_H 1
| #define HAVE_UNISTD_H 1
| #define HAVE_WCHAR_H 1
| #define STDC_HEADERS 1
| #define _ALL_SOURCE 1
| #define _DARWIN_C_SOURCE 1
| #define _GNU_SOURCE 1
| #define _HPUX_ALT_XOPEN_SOCKET_API 1
| #define _NETBSD_SOURCE 1
| #define _OPENBSD_SOURCE 1
| #define _POSIX_PTHREAD_SEMANTICS 1
| #define __STDC_WANT_IEC_60559_ATTRIBS_EXT__ 1
| #define __STDC_WANT_IEC_60559_BFP_EXT__ 1
| #define __STDC_WANT_IEC_60559_DFP_EXT__ 1
| #define __STDC_WANT_IEC_60559_FUNCS_EXT__ 1
| #define __STDC_WANT_IEC_60559_TYPES_EXT__ 1
| #define __STDC_WANT_LIB_EXT2__ 1
| #define __STDC_WANT_MATH_SPEC_FUNCS__ 1
| #define _TANDEM_SOURCE 1
| #define __EXTENSIONS__ 1
| #define HAVE_DLFCN_H 1
| #define LT_OBJDIR ".libs/"
| /* end confdefs.h.  */
| 
| 
| 
configure:15103: result: no
configure:15115: checking whether gcc accepts -Wno-unused-parameter
configure:15131: gcc -c -Werror -Wunused-parameter  conftest.c >&5
configure:15131: $? = 0
configure:15145: result: yes
configure:15157: checking whether gcc accepts -Wnull-dereference
configure:15173: gcc -c -Werror -Wnull-dereference  conftest.c >&5
configure:15173: $? = 0
configure:15187: result: yes
configure:15199: checking whether gcc accepts -Wold-style-definition
configure:15215: gcc -c -Werror -Wold-style-definition  conftest.c >&5
configure:15215: $? = 0
configure:15229: result: yes
configure:15241: checking whether gcc accepts -Wpointer-arith
configure:15257: gcc -c -Werror -Wpointer-arith  conftest.c >&5
configure:15257: $? = 0
configure:15271: result: yes
configure:15283: checking whether gcc accepts -Wredundant-decls
configure:15299: gcc -c -Werror -Wredundant-decls  conftest.c >&5
configure:15299: $? = 0
configure:15313: result: yes
configure:15325: checking whether gcc accepts -Wregister
configure:15341: gcc -c -Werror -Wregister  conftest.c >&5
cc1: error: command-line option '-Wregister' is valid for C++/ObjC++ but not for C [-Werror]
cc1: all warnings being treated as errors
configure:15341: $? = 1
configure: failed program was:
| /* confdefs.h */
| #define PACKAGE_NAME "libmd"
| #define PACKAGE_TARNAME "libmd"
| #define PACKAGE_VERSION "1.1.0"
| #define PACKAGE_STRING "libmd 1.1.0"
| #define PACKAGE_BUGREPORT "libbsd@lists.freedesktop.org"
| #define PACKAGE_URL ""
| #define PACKAGE "libmd"
| #define VERSION "1.1.0"
| #define HAVE_STDIO_H 1
| #define HAVE_STDLIB_H 1
| #define HAVE_STRING_H 1
| #define HAVE_INTTYPES_H 1
| #define HAVE_STDINT_H 1
| #define HAVE_STRINGS_H 1
| #define HAVE_SYS_STAT_H 1
| #define HAVE_SYS_TYPES_H 1
| #define HAVE_UNISTD_H 1
| #define HAVE_WCHAR_H 1
| #define STDC_HEADERS 1
| #define _ALL_SOURCE 1
| #define _DARWIN_C_SOURCE 1
| #define _GNU_SOURCE 1
| #define _HPUX_ALT_XOPEN_SOCKET_API 1
| #define _NETBSD_SOURCE 1
| #define _OPENBSD_SOURCE 1
| #define _POSIX_PTHREAD_SEMANTICS 1
| #define __STDC_WANT_IEC_60559_ATTRIBS_EXT__ 1
| #define __STDC_WANT_IEC_60559_BFP_EXT__ 1
| #define __STDC_WANT_IEC_60559_DFP_EXT__ 1
| #define __STDC_WANT_IEC_60559_FUNCS_EXT__ 1
| #define __STDC_WANT_IEC_60559_TYPES_EXT__ 1
| #define __STDC_WANT_LIB_EXT2__ 1
| #define __STDC_WANT_MATH_SPEC_FUNCS__ 1
| #define _TANDEM_SOURCE 1
| #define __EXTENSIONS__ 1
| #define HAVE_DLFCN_H 1
| #define LT_OBJDIR ".libs/"
| /* end confdefs.h.  */
| 
| 
| 
configure:15355: result: no
configure:15367: checking whether gcc accepts -Wrestrict
configure:15383: gcc -c -Werror -Wrestrict  conftest.c >&5
configure:15383: $? = 0
configure:15397: result: yes
configure:15409: checking whether gcc accepts -Wshadow
configure:15425: gcc -c -Werror -Wshadow  conftest.c >&5
configure:15425: $? = 0
configure:15439: result: yes
configure:15451: checking whether gcc accepts -Wshift-negative-value
configure:15467: gcc -c -Werror -Wshift-negative-value  conftest.c >&5
configure:15467: $? = 0
configure:15481: result: yes
configure:15493: checking whether gcc accepts -Wsizeof-array-argument
configure:15509: gcc -c -Werror -Wsizeof-array-argument  conftest.c >&5
configure:15509: $? = 0
configure:15523: result: yes
configure:15535: checking whether gcc accepts -Wstrict-prototypes
configure:15551: gcc -c -Werror -Wstrict-prototypes  conftest.c >&5
configure:15551: $? = 0
configure:15565: result: yes
configure:15577: checking whether gcc accepts -Wswitch-bool
configure:15593: gcc -c -Werror -Wswitch-bool  conftest.c >&5
configure:15593: $? = 0
configure:15607: result: yes
configure:15619: checking whether gcc accepts -Wvla
configure:15635: gcc -c -Werror -Wvla  conftest.c >&5
configure:15635: $? = 0
configure:15649: result: yes
configure:15661: checking whether gcc accepts -Wwrite-strings
configure:15677: gcc -c -Werror -Wwrite-strings  conftest.c >&5
configure:15677: $? = 0
configure:15691: result: yes
configure:15848: checking for unistd.h
configure:15848: result: yes
configure:15857: checking whether byte ordering is bigendian
configure:15873: gcc -c  -Wall -Wextra -Wbad-function-cast -Wc99-c11-compat -Wcast-align -Wdeclaration-after-statement -Wduplicated-branches -Wduplicated-cond -Wformat -Wformat-security -Wformat=2 -Winit-self -Wlogical-not-parentheses -Wlogical-op -Wmissing-declarations -Wmissing-format-attribute -Wmissing-prototypes -Wnested-externs -Wno-unused-parameter -Wnull-dereference -Wold-style-definition -Wpointer-arith -Wredundant-decls -Wrestrict -Wshadow -Wshift-negative-value -Wsizeof-array-argument -Wstrict-prototypes -Wswitch-bool -Wvla -Wwrite-strings -g -O2  conftest.c >&5
conftest.c:42:16: error: unknown type name 'not'
   42 |                not a universal capable compiler
      |                ^~~
conftest.c:42:22: error: expected '=', ',', ';', 'asm' or '__attribute__' before 'universal'
   42 |                not a universal capable compiler
      |                      ^~~~~~~~~
conftest.c:42:22: error: unknown type name 'universal'
configure:15873: $? = 1
configure: failed program was:
| /* confdefs.h */
| #define PACKAGE_NAME "libmd"
| #define PACKAGE_TARNAME "libmd"
| #define PACKAGE_VERSION "1.1.0"
| #define PACKAGE_STRING "libmd 1.1.0"
| #define PACKAGE_BUGREPORT "libbsd@lists.freedesktop.org"
| #define PACKAGE_URL ""
| #define PACKAGE "libmd"
| #define VERSION "1.1.0"
| #define HAVE_STDIO_H 1
| #define HAVE_STDLIB_H 1
| #define HAVE_STRING_H 1
| #define HAVE_INTTYPES_H 1
| #define HAVE_STDINT_H 1
| #define HAVE_STRINGS_H 1
| #define HAVE_SYS_STAT_H 1
| #define HAVE_SYS_TYPES_H 1
| #define HAVE_UNISTD_H 1
| #define HAVE_WCHAR_H 1
| #define STDC_HEADERS 1
| #define _ALL_SOURCE 1
| #define _DARWIN_C_SOURCE 1
| #define _GNU_SOURCE 1
| #define _HPUX_ALT_XOPEN_SOCKET_API 1
| #define _NETBSD_SOURCE 1
| #define _OPENBSD_SOURCE 1
| #define _POSIX_PTHREAD_SEMANTICS 1
| #define __STDC_WANT_IEC_60559_ATTRIBS_EXT__ 1
| #define __STDC_WANT_IEC_60559_BFP_EXT__ 1
| #define __STDC_WANT_IEC_60559_DFP_EXT__ 1
| #define __STDC_WANT_IEC_60559_FUNCS_EXT__ 1
| #define __STDC_WANT_IEC_60559_TYPES_EXT__ 1
| #define __STDC_WANT_LIB_EXT2__ 1
| #define __STDC_WANT_MATH_SPEC_FUNCS__ 1
| #define _TANDEM_SOURCE 1
| #define __EXTENSIONS__ 1
| #define HAVE_DLFCN_H 1
| #define LT_OBJDIR ".libs/"
| #define HAVE_UNISTD_H 1
| /* end confdefs.h.  */
| #ifndef __APPLE_CC__
| 	       not a universal capable compiler
| 	     #endif
| 	     typedef int dummy;
| 
configure:15919: gcc -c  -Wall -Wextra -Wbad-function-cast -Wc99-c11-compat -Wcast-align -Wdeclaration-after-statement -Wduplicated-branches -Wduplicated-cond -Wformat -Wformat-security -Wformat=2 -Winit-self -Wlogical-not-parentheses -Wlogical-op -Wmissing-declarations -Wmissing-format-attribute -Wmissing-prototypes -Wnested-externs -Wno-unused-parameter -Wnull-dereference -Wold-style-definition -Wpointer-arith -Wredundant-decls -Wrestrict -Wshadow -Wshift-negative-value -Wsizeof-array-argument -Wstrict-prototypes -Wswitch-bool -Wvla -Wwrite-strings -g -O2  conftest.c >&5
configure:15919: $? = 0
configure:15938: gcc -c  -Wall -Wextra -Wbad-function-cast -Wc99-c11-compat -Wcast-align -Wdeclaration-after-statement -Wduplicated-branches -Wduplicated-cond -Wformat -Wformat-security -Wformat=2 -Winit-self -Wlogical-not-parentheses -Wlogical-op -Wmissing-declarations -Wmissing-format-attribute -Wmissing-prototypes -Wnested-externs -Wno-unused-parameter -Wnull-dereference -Wold-style-definition -Wpointer-arith -Wredundant-decls -Wrestrict -Wshadow -Wshift-negative-value -Wsizeof-array-argument -Wstrict-prototypes -Wswitch-bool -Wvla -Wwrite-strings -g -O2  conftest.c >&5
conftest.c: In function 'main':
conftest.c:48:18: error: unknown type name 'not'; did you mean 'ino_t'?
   48 |                  not big endian
      |                  ^~~
      |                  ino_t
conftest.c:48:26: error: expected '=', ',', ';', 'asm' or '__attribute__' before 'endian'
   48 |                  not big endian
      |                          ^~~~~~
configure:15938: $? = 1
configure: failed program was:
| /* confdefs.h */
| #define PACKAGE_NAME "libmd"
| #define PACKAGE_TARNAME "libmd"
| #define PACKAGE_VERSION "1.1.0"
| #define PACKAGE_STRING "libmd 1.1.0"
| #define PACKAGE_BUGREPORT "libbsd@lists.freedesktop.org"
| #define PACKAGE_URL ""
| #define PACKAGE "libmd"
| #define VERSION "1.1.0"
| #define HAVE_STDIO_H 1
| #define HAVE_STDLIB_H 1
| #define HAVE_STRING_H 1
| #define HAVE_INTTYPES_H 1
| #define HAVE_STDINT_H 1
| #define HAVE_STRINGS_H 1
| #define HAVE_SYS_STAT_H 1
| #define HAVE_SYS_TYPES_H 1
| #define HAVE_UNISTD_H 1
| #define HAVE_WCHAR_H 1
| #define STDC_HEADERS 1
| #define _ALL_SOURCE 1
| #define _DARWIN_C_SOURCE 1
| #define _GNU_SOURCE 1
| #define _HPUX_ALT_XOPEN_SOCKET_API 1
| #define _NETBSD_SOURCE 1
| #define _OPENBSD_SOURCE 1
| #define _POSIX_PTHREAD_SEMANTICS 1
| #define __STDC_WANT_IEC_60559_ATTRIBS_EXT__ 1
| #define __STDC_WANT_IEC_60559_BFP_EXT__ 1
| #define __STDC_WANT_IEC_60559_DFP_EXT__ 1
| #define __STDC_WANT_IEC_60559_FUNCS_EXT__ 1
| #define __STDC_WANT_IEC_60559_TYPES_EXT__ 1
| #define __STDC_WANT_LIB_EXT2__ 1
| #define __STDC_WANT_MATH_SPEC_FUNCS__ 1
| #define _TANDEM_SOURCE 1
| #define __EXTENSIONS__ 1
| #define HAVE_DLFCN_H 1
| #define LT_OBJDIR ".libs/"
| #define HAVE_UNISTD_H 1
| /* end confdefs.h.  */
| #include <sys/types.h>
| 		#include <sys/param.h>
| 
| int
| main (void)
| {
| #if BYTE_ORDER != BIG_ENDIAN
| 		 not big endian
| 		#endif
| 
|   ;
|   return 0;
| }
configure:16072: result: no
configure:16090: checking for off_t
configure:16090: gcc -c  -Wall -Wextra -Wbad-function-cast -Wc99-c11-compat -Wcast-align -Wdeclaration-after-statement -Wduplicated-branches -Wduplicated-cond -Wformat -Wformat-security -Wformat=2 -Winit-self -Wlogical-not-parentheses -Wlogical-op -Wmissing-declarations -Wmissing-format-attribute -Wmissing-prototypes -Wnested-externs -Wno-unused-parameter -Wnull-dereference -Wold-style-definition -Wpointer-arith -Wredundant-decls -Wrestrict -Wshadow -Wshift-negative-value -Wsizeof-array-argument -Wstrict-prototypes -Wswitch-bool -Wvla -Wwrite-strings -g -O2  conftest.c >&5
configure:16090: $? = 0
configure:16090: gcc -c  -Wall -Wextra -Wbad-function-cast -Wc99-c11-compat -Wcast-align -Wdeclaration-after-statement -Wduplicated-branches -Wduplicated-cond -Wformat -Wformat-security -Wformat=2 -Winit-self -Wlogical-not-parentheses -Wlogical-op -Wmissing-declarations -Wmissing-format-attribute -Wmissing-prototypes -Wnested-externs -Wno-unused-parameter -Wnull-dereference -Wold-style-definition -Wpointer-arith -Wredundant-decls -Wrestrict -Wshadow -Wshift-negative-value -Wsizeof-array-argument -Wstrict-prototypes -Wswitch-bool -Wvla -Wwrite-strings -g -O2  conftest.c >&5
conftest.c: In function 'main':
conftest.c:72:20: error: expected expression before ')' token
   72 | if (sizeof ((off_t)))
      |                    ^
configure:16090: $? = 1
configure: failed program was:
| /* confdefs.h */
| #define PACKAGE_NAME "libmd"
| #define PACKAGE_TARNAME "libmd"
| #define PACKAGE_VERSION "1.1.0"
| #define PACKAGE_STRING "libmd 1.1.0"
| #define PACKAGE_BUGREPORT "libbsd@lists.freedesktop.org"
| #define PACKAGE_URL ""
| #define PACKAGE "libmd"
| #define VERSION "1.1.0"
| #define HAVE_STDIO_H 1
| #define HAVE_STDLIB_H 1
| #define HAVE_STRING_H 1
| #define HAVE_INTTYPES_H 1
| #define HAVE_STDINT_H 1
| #define HAVE_STRINGS_H 1
| #define HAVE_SYS_STAT_H 1
| #define HAVE_SYS_TYPES_H 1
| #define HAVE_UNISTD_H 1
| #define HAVE_WCHAR_H 1
| #define STDC_HEADERS 1
| #define _ALL_SOURCE 1
| #define _DARWIN_C_SOURCE 1
| #define _GNU_SOURCE 1
| #define _HPUX_ALT_XOPEN_SOCKET_API 1
| #define _NETBSD_SOURCE 1
| #define _OPENBSD_SOURCE 1
| #define _POSIX_PTHREAD_SEMANTICS 1
| #define __STDC_WANT_IEC_60559_ATTRIBS_EXT__ 1
| #define __STDC_WANT_IEC_60559_BFP_EXT__ 1
| #define __STDC_WANT_IEC_60559_DFP_EXT__ 1
| #define __STDC_WANT_IEC_60559_FUNCS_EXT__ 1
| #define __STDC_WANT_IEC_60559_TYPES_EXT__ 1
| #define __STDC_WANT_LIB_EXT2__ 1
| #define __STDC_WANT_MATH_SPEC_FUNCS__ 1
| #define _TANDEM_SOURCE 1
| #define __EXTENSIONS__ 1
| #define HAVE_DLFCN_H 1
| #define LT_OBJDIR ".libs/"
| #define HAVE_UNISTD_H 1
| /* end confdefs.h.  */
| #include <stddef.h>
| #ifdef HAVE_STDIO_H
| # include <stdio.h>
| #endif
| #ifdef HAVE_STDLIB_H
| # include <stdlib.h>
| #endif
| #ifdef HAVE_STRING_H
| # include <string.h>
| #endif
| #ifdef HAVE_INTTYPES_H
| # include <inttypes.h>
| #endif
| #ifdef HAVE_STDINT_H
| # include <stdint.h>
| #endif
| #ifdef HAVE_STRINGS_H
| # include <strings.h>
| #endif
| #ifdef HAVE_SYS_TYPES_H
| # include <sys/types.h>
| #endif
| #ifdef HAVE_SYS_STAT_H
| # include <sys/stat.h>
| #endif
| #ifdef HAVE_UNISTD_H
| # include <unistd.h>
| #endif
| int
| main (void)
| {
| if (sizeof ((off_t)))
| 	    return 0;
|   ;
|   return 0;
| }
configure:16090: result: yes
configure:16100: checking for size_t
configure:16100: gcc -c  -Wall -Wextra -Wbad-function-cast -Wc99-c11-compat -Wcast-align -Wdeclaration-after-statement -Wduplicated-branches -Wduplicated-cond -Wformat -Wformat-security -Wformat=2 -Winit-self -Wlogical-not-parentheses -Wlogical-op -Wmissing-declarations -Wmissing-format-attribute -Wmissing-prototypes -Wnested-externs -Wno-unused-parameter -Wnull-dereference -Wold-style-definition -Wpointer-arith -Wredundant-decls -Wrestrict -Wshadow -Wshift-negative-value -Wsizeof-array-argument -Wstrict-prototypes -Wswitch-bool -Wvla -Wwrite-strings -g -O2  conftest.c >&5
configure:16100: $? = 0
configure:16100: gcc -c  -Wall -Wextra -Wbad-function-cast -Wc99-c11-compat -Wcast-align -Wdeclaration-after-statement -Wduplicated-branches -Wduplicated-cond -Wformat -Wformat-security -Wformat=2 -Winit-self -Wlogical-not-parentheses -Wlogical-op -Wmissing-declarations -Wmissing-format-attribute -Wmissing-prototypes -Wnested-externs -Wno-unused-parameter -Wnull-dereference -Wold-style-definition -Wpointer-arith -Wredundant-decls -Wrestrict -Wshadow -Wshift-negative-value -Wsizeof-array-argument -Wstrict-prototypes -Wswitch-bool -Wvla -Wwrite-strings -g -O2  conftest.c >&5
conftest.c: In function 'main':
conftest.c:72:21: error: expected expression before ')' token
   72 | if (sizeof ((size_t)))
      |                     ^
configure:16100: $? = 1
configure: failed program was:
| /* confdefs.h */
| #define PACKAGE_NAME "libmd"
| #define PACKAGE_TARNAME "libmd"
| #define PACKAGE_VERSION "1.1.0"
| #define PACKAGE_STRING "libmd 1.1.0"
| #define PACKAGE_BUGREPORT "libbsd@lists.freedesktop.org"
| #define PACKAGE_URL ""
| #define PACKAGE "libmd"
| #define VERSION "1.1.0"
| #define HAVE_STDIO_H 1
| #define HAVE_STDLIB_H 1
| #define HAVE_STRING_H 1
| #define HAVE_INTTYPES_H 1
| #define HAVE_STDINT_H 1
| #define HAVE_STRINGS_H 1
| #define HAVE_SYS_STAT_H 1
| #define HAVE_SYS_TYPES_H 1
| #define HAVE_UNISTD_H 1
| #define HAVE_WCHAR_H 1
| #define STDC_HEADERS 1
| #define _ALL_SOURCE 1
| #define _DARWIN_C_SOURCE 1
| #define _GNU_SOURCE 1
| #define _HPUX_ALT_XOPEN_SOCKET_API 1
| #define _NETBSD_SOURCE 1
| #define _OPENBSD_SOURCE 1
| #define _POSIX_PTHREAD_SEMANTICS 1
| #define __STDC_WANT_IEC_60559_ATTRIBS_EXT__ 1
| #define __STDC_WANT_IEC_60559_BFP_EXT__ 1
| #define __STDC_WANT_IEC_60559_DFP_EXT__ 1
| #define __STDC_WANT_IEC_60559_FUNCS_EXT__ 1
| #define __STDC_WANT_IEC_60559_TYPES_EXT__ 1
| #define __STDC_WANT_LIB_EXT2__ 1
| #define __STDC_WANT_MATH_SPEC_FUNCS__ 1
| #define _TANDEM_SOURCE 1
| #define __EXTENSIONS__ 1
| #define HAVE_DLFCN_H 1
| #define LT_OBJDIR ".libs/"
| #define HAVE_UNISTD_H 1
| /* end confdefs.h.  */
| #include <stddef.h>
| #ifdef HAVE_STDIO_H
| # include <stdio.h>
| #endif
| #ifdef HAVE_STDLIB_H
| # include <stdlib.h>
| #endif
| #ifdef HAVE_STRING_H
| # include <string.h>
| #endif
| #ifdef HAVE_INTTYPES_H
| # include <inttypes.h>
| #endif
| #ifdef HAVE_STDINT_H
| # include <stdint.h>
| #endif
| #ifdef HAVE_STRINGS_H
| # include <strings.h>
| #endif
| #ifdef HAVE_SYS_TYPES_H
| # include <sys/types.h>
| #endif
| #ifdef HAVE_SYS_STAT_H
| # include <sys/stat.h>
| #endif
| #ifdef HAVE_UNISTD_H
| # include <unistd.h>
| #endif
| int
| main (void)
| {
| if (sizeof ((size_t)))
| 	    return 0;
|   ;
|   return 0;
| }
configure:16100: result: yes
configure:16110: checking for ssize_t
configure:16110: gcc -c  -Wall -Wextra -Wbad-function-cast -Wc99-c11-compat -Wcast-align -Wdeclaration-after-statement -Wduplicated-branches -Wduplicated-cond -Wformat -Wformat-security -Wformat=2 -Winit-self -Wlogical-not-parentheses -Wlogical-op -Wmissing-declarations -Wmissing-format-attribute -Wmissing-prototypes -Wnested-externs -Wno-unused-parameter -Wnull-dereference -Wold-style-definition -Wpointer-arith -Wredundant-decls -Wrestrict -Wshadow -Wshift-negative-value -Wsizeof-array-argument -Wstrict-prototypes -Wswitch-bool -Wvla -Wwrite-strings -g -O2  conftest.c >&5
configure:16110: $? = 0
configure:16110: gcc -c  -Wall -Wextra -Wbad-function-cast -Wc99-c11-compat -Wcast-align -Wdeclaration-after-statement -Wduplicated-branches -Wduplicated-cond -Wformat -Wformat-security -Wformat=2 -Winit-self -Wlogical-not-parentheses -Wlogical-op -Wmissing-declarations -Wmissing-format-attribute -Wmissing-prototypes -Wnested-externs -Wno-unused-parameter -Wnull-dereference -Wold-style-definition -Wpointer-arith -Wredundant-decls -Wrestrict -Wshadow -Wshift-negative-value -Wsizeof-array-argument -Wstrict-prototypes -Wswitch-bool -Wvla -Wwrite-strings -g -O2  conftest.c >&5
conftest.c: In function 'main':
conftest.c:72:22: error: expected expression before ')' token
   72 | if (sizeof ((ssize_t)))
      |                      ^
configure:16110: $? = 1
configure: failed program was:
| /* confdefs.h */
| #define PACKAGE_NAME "libmd"
| #define PACKAGE_TARNAME "libmd"
| #define PACKAGE_VERSION "1.1.0"
| #define PACKAGE_STRING "libmd 1.1.0"
| #define PACKAGE_BUGREPORT "libbsd@lists.freedesktop.org"
| #define PACKAGE_URL ""
| #define PACKAGE "libmd"
| #define VERSION "1.1.0"
| #define HAVE_STDIO_H 1
| #define HAVE_STDLIB_H 1
| #define HAVE_STRING_H 1
| #define HAVE_INTTYPES_H 1
| #define HAVE_STDINT_H 1
| #define HAVE_STRINGS_H 1
| #define HAVE_SYS_STAT_H 1
| #define HAVE_SYS_TYPES_H 1
| #define HAVE_UNISTD_H 1
| #define HAVE_WCHAR_H 1
| #define STDC_HEADERS 1
| #define _ALL_SOURCE 1
| #define _DARWIN_C_SOURCE 1
| #define _GNU_SOURCE 1
| #define _HPUX_ALT_XOPEN_SOCKET_API 1
| #define _NETBSD_SOURCE 1
| #define _OPENBSD_SOURCE 1
| #define _POSIX_PTHREAD_SEMANTICS 1
| #define __STDC_WANT_IEC_60559_ATTRIBS_EXT__ 1
| #define __STDC_WANT_IEC_60559_BFP_EXT__ 1
| #define __STDC_WANT_IEC_60559_DFP_EXT__ 1
| #define __STDC_WANT_IEC_60559_FUNCS_EXT__ 1
| #define __STDC_WANT_IEC_60559_TYPES_EXT__ 1
| #define __STDC_WANT_LIB_EXT2__ 1
| #define __STDC_WANT_MATH_SPEC_FUNCS__ 1
| #define _TANDEM_SOURCE 1
| #define __EXTENSIONS__ 1
| #define HAVE_DLFCN_H 1
| #define LT_OBJDIR ".libs/"
| #define HAVE_UNISTD_H 1
| /* end confdefs.h.  */
| #include <stddef.h>
| #ifdef HAVE_STDIO_H
| # include <stdio.h>
| #endif
| #ifdef HAVE_STDLIB_H
| # include <stdlib.h>
| #endif
| #ifdef HAVE_STRING_H
| # include <string.h>
| #endif
| #ifdef HAVE_INTTYPES_H
| # include <inttypes.h>
| #endif
| #ifdef HAVE_STDINT_H
| # include <stdint.h>
| #endif
| #ifdef HAVE_STRINGS_H
| # include <strings.h>
| #endif
| #ifdef HAVE_SYS_TYPES_H
| # include <sys/types.h>
| #endif
| #ifdef HAVE_SYS_STAT_H
| # include <sys/stat.h>
| #endif
| #ifdef HAVE_UNISTD_H
| # include <unistd.h>
| #endif
| int
| main (void)
| {
| if (sizeof ((ssize_t)))
| 	    return 0;
|   ;
|   return 0;
| }
configure:16110: result: yes
configure:16228: checking that generated files are newer than configure
configure:16234: result: done
configure:16266: creating ./config.status

## ---------------------- ##
## Running config.status. ##
## ---------------------- ##

This file was extended by libmd config.status 1.1.0, which was
generated by GNU Autoconf 2.71.  Invocation command line was

  CONFIG_FILES    = 
  CONFIG_HEADERS  = 
  CONFIG_LINKS    = 
  CONFIG_COMMANDS = 
  $ ./config.status 

on mearvk-X900-A8800

config.status:1111: creating Makefile
config.status:1111: creating include/Makefile
config.status:1111: creating man/Makefile
config.status:1111: creating src/Makefile
config.status:1111: creating src/libmd.pc
config.status:1111: creating test/Makefile
config.status:1111: creating config.h
config.status:1340: executing depfiles commands
config.status:1417: cd src       && sed -e '/# am--include-marker/d' Makefile         | make -f - am--depfiles
make[2]: Entering directory '/home/mearvk/IdeaProjects/Ubuntu.Determinant.Alpha.Restricted/userland/x11/_build/libmd-1.1.0/src'
make[2]: Leaving directory '/home/mearvk/IdeaProjects/Ubuntu.Determinant.Alpha.Restricted/userland/x11/_build/libmd-1.1.0/src'
config.status:1422: $? = 0
config.status:1417: cd test       && sed -e '/# am--include-marker/d' Makefile         | make -f - am--depfiles
make[2]: Entering directory '/home/mearvk/IdeaProjects/Ubuntu.Determinant.Alpha.Restricted/userland/x11/_build/libmd-1.1.0/test'
make[2]: Leaving directory '/home/mearvk/IdeaProjects/Ubuntu.Determinant.Alpha.Restricted/userland/x11/_build/libmd-1.1.0/test'
config.status:1422: $? = 0
config.status:1340: executing libtool commands

## ---------------- ##
## Cache variables. ##
## ---------------- ##

ac_cv_build=x86_64-pc-linux-gnu
ac_cv_c_bigendian=no
ac_cv_c_compiler_gnu=yes
ac_cv_env_CC_set=
ac_cv_env_CC_value=
ac_cv_env_CFLAGS_set=
ac_cv_env_CFLAGS_value=
ac_cv_env_CPPFLAGS_set=
ac_cv_env_CPPFLAGS_value=
ac_cv_env_LDFLAGS_set=
ac_cv_env_LDFLAGS_value=
ac_cv_env_LIBS_set=
ac_cv_env_LIBS_value=
ac_cv_env_LT_SYS_LIBRARY_PATH_set=
ac_cv_env_LT_SYS_LIBRARY_PATH_value=
ac_cv_env_build_alias_set=
ac_cv_env_build_alias_value=
ac_cv_env_host_alias_set=
ac_cv_env_host_alias_value=
ac_cv_env_target_alias_set=
ac_cv_env_target_alias_value=
ac_cv_header_dlfcn_h=yes
ac_cv_header_inttypes_h=yes
ac_cv_header_minix_config_h=no
ac_cv_header_stdint_h=yes
ac_cv_header_stdio_h=yes
ac_cv_header_stdlib_h=yes
ac_cv_header_string_h=yes
ac_cv_header_strings_h=yes
ac_cv_header_sys_stat_h=yes
ac_cv_header_sys_types_h=yes
ac_cv_header_unistd_h=yes
ac_cv_header_wchar_h=yes
ac_cv_host=x86_64-pc-linux-gnu
ac_cv_objext=o
ac_cv_path_EGREP='/usr/bin/grep -E'
ac_cv_path_FGREP='/usr/bin/grep -F'
ac_cv_path_GREP=/usr/bin/grep
ac_cv_path_SED=/usr/bin/sed
ac_cv_path_install='/usr/bin/install -c'
ac_cv_path_lt_DD=/usr/bin/dd
ac_cv_path_mkdir=/usr/bin/mkdir
ac_cv_prog_AWK=mawk
ac_cv_prog_ac_ct_AR=ar
ac_cv_prog_ac_ct_CC=gcc
ac_cv_prog_ac_ct_FILECMD=file
ac_cv_prog_ac_ct_MANIFEST_TOOL=mt
ac_cv_prog_ac_ct_OBJDUMP=objdump
ac_cv_prog_ac_ct_RANLIB=ranlib
ac_cv_prog_ac_ct_STRIP=strip
ac_cv_prog_cc_c11=
ac_cv_prog_cc_g=yes
ac_cv_prog_cc_stdc=
ac_cv_prog_make_make_set=yes
ac_cv_safe_to_define___extensions__=yes
ac_cv_should_define__xopen_source=no
ac_cv_sys_file_offset_bits=no
ac_cv_sys_largefile_CC=no
ac_cv_type_off_t=yes
ac_cv_type_size_t=yes
ac_cv_type_ssize_t=yes
am_cv_CC_dependencies_compiler_type=gcc3
am_cv_ar_interface=ar
am_cv_make_support_nested_variables=yes
am_cv_prog_cc_c_o=yes
libmd_cv_cflags__Wall=yes
libmd_cv_cflags__Wbad_function_cast=yes
libmd_cv_cflags__Wc99_c11_compat=yes
libmd_cv_cflags__Wcast_align=yes
libmd_cv_cflags__Wdeclaration_after_statement=yes
libmd_cv_cflags__Wdocumentation=no
libmd_cv_cflags__Wduplicated_branches=yes
libmd_cv_cflags__Wduplicated_cond=yes
libmd_cv_cflags__Wextra=yes
libmd_cv_cflags__Wformat_2=yes
libmd_cv_cflags__Wformat__Wformat_security=yes
libmd_cv_cflags__Winit_self=yes
libmd_cv_cflags__Wlogical_not_parentheses=yes
libmd_cv_cflags__Wlogical_op=yes
libmd_cv_cflags__Wmissing_declarations=yes
libmd_cv_cflags__Wmissing_format_attribute=yes
libmd_cv_cflags__Wmissing_prototypes=yes
libmd_cv_cflags__Wnested_externs=yes
libmd_cv_cflags__Wno_tautological_constant_out_of_range_compare=no
libmd_cv_cflags__Wno_unused_parameter=yes
libmd_cv_cflags__Wnull_dereference=yes
libmd_cv_cflags__Wold_style_definition=yes
libmd_cv_cflags__Wpointer_arith=yes
libmd_cv_cflags__Wredundant_decls=yes
libmd_cv_cflags__Wregister=no
libmd_cv_cflags__Wrestrict=yes
libmd_cv_cflags__Wshadow=yes
libmd_cv_cflags__Wshift_negative_value=yes
libmd_cv_cflags__Wsizeof_array_argument=yes
libmd_cv_cflags__Wstrict_prototypes=yes
libmd_cv_cflags__Wswitch_bool=yes
libmd_cv_cflags__Wvla=yes
libmd_cv_cflags__Wwrite_strings=yes
libmd_cv_version_script=yes
lt_cv_ar_at_file=@
lt_cv_archive_cmds_need_lc=no
lt_cv_deplibs_check_method=pass_all
lt_cv_file_magic_cmd='$MAGIC_CMD'
lt_cv_file_magic_test_file=
lt_cv_ld_reload_flag=-r
lt_cv_nm_interface='BSD nm'
lt_cv_objdir=.libs
lt_cv_path_LD=/usr/bin/ld
lt_cv_path_NM='/usr/bin/nm -B'
lt_cv_path_mainfest_tool=no
lt_cv_prog_compiler_c_o=yes
lt_cv_prog_compiler_pic='-fPIC -DPIC'
lt_cv_prog_compiler_pic_works=yes
lt_cv_prog_compiler_rtti_exceptions=no
lt_cv_prog_compiler_static_works=yes
lt_cv_prog_gnu_ld=yes
lt_cv_sharedlib_from_linklib_cmd='printf %s\n'
lt_cv_shlibpath_overrides_runpath=yes
lt_cv_sys_global_symbol_pipe='/usr/bin/sed -n -e '\''s/^.*[	 ]\([ABCDGIRSTW][ABCDGIRSTW]*\)[	 ][	 ]*\([_A-Za-z][_A-Za-z0-9]*\)$/\1 \2 \2/p'\'' | /usr/bin/sed '\''/ __gnu_lto/d'\'''
lt_cv_sys_global_symbol_to_c_name_address='/usr/bin/sed -n -e '\''s/^: \(.*\) .*$/  {"\1", (void *) 0},/p'\'' -e '\''s/^[ABCDGIRSTW][ABCDGIRSTW]* .* \(.*\)$/  {"\1", (void *) \&\1},/p'\'''
lt_cv_sys_global_symbol_to_c_name_address_lib_prefix='/usr/bin/sed -n -e '\''s/^: \(.*\) .*$/  {"\1", (void *) 0},/p'\'' -e '\''s/^[ABCDGIRSTW][ABCDGIRSTW]* .* \(lib.*\)$/  {"\1", (void *) \&\1},/p'\'' -e '\''s/^[ABCDGIRSTW][ABCDGIRSTW]* .* \(.*\)$/  {"lib\1", (void *) \&\1},/p'\'''
lt_cv_sys_global_symbol_to_cdecl='/usr/bin/sed -n -e '\''s/^T .* \(.*\)$/extern int \1();/p'\'' -e '\''s/^[ABCDGIRSTW][ABCDGIRSTW]* .* \(.*\)$/extern char \1;/p'\'''
lt_cv_sys_global_symbol_to_import=
lt_cv_sys_max_cmd_len=1572864
lt_cv_to_host_file_cmd=func_convert_file_noop
lt_cv_to_tool_file_cmd=func_convert_file_noop
lt_cv_truncate_bin='/usr/bin/dd bs=4096 count=1'

## ----------------- ##
## Output variables. ##
## ----------------- ##

ACLOCAL='${SHELL} '\''/home/mearvk/IdeaProjects/Ubuntu.Determinant.Alpha.Restricted/userland/x11/_build/libmd-1.1.0/build-aux/missing'\'' aclocal-1.16'
AMDEPBACKSLASH='\'
AMDEP_FALSE='#'
AMDEP_TRUE=''
AMTAR='$${TAR-tar}'
AM_BACKSLASH='\'
AM_DEFAULT_V='$(AM_DEFAULT_VERBOSITY)'
AM_DEFAULT_VERBOSITY='0'
AM_V='$(V)'
AR='ar'
AUTOCONF='${SHELL} '\''/home/mearvk/IdeaProjects/Ubuntu.Determinant.Alpha.Restricted/userland/x11/_build/libmd-1.1.0/build-aux/missing'\'' autoconf'
AUTOHEADER='${SHELL} '\''/home/mearvk/IdeaProjects/Ubuntu.Determinant.Alpha.Restricted/userland/x11/_build/libmd-1.1.0/build-aux/missing'\'' autoheader'
AUTOMAKE='${SHELL} '\''/home/mearvk/IdeaProjects/Ubuntu.Determinant.Alpha.Restricted/userland/x11/_build/libmd-1.1.0/build-aux/missing'\'' automake-1.16'
AWK='mawk'
CC='gcc'
CCDEPMODE='depmode=gcc3'
CFLAGS=' -Wall -Wextra -Wbad-function-cast -Wc99-c11-compat -Wcast-align -Wdeclaration-after-statement -Wduplicated-branches -Wduplicated-cond -Wformat -Wformat-security -Wformat=2 -Winit-self -Wlogical-not-parentheses -Wlogical-op -Wmissing-declarations -Wmissing-format-attribute -Wmissing-prototypes -Wnested-externs -Wno-unused-parameter -Wnull-dereference -Wold-style-definition -Wpointer-arith -Wredundant-decls -Wrestrict -Wshadow -Wshift-negative-value -Wsizeof-array-argument -Wstrict-prototypes -Wswitch-bool -Wvla -Wwrite-strings -g -O2'
CPPFLAGS=''
CSCOPE='cscope'
CTAGS='ctags'
CYGPATH_W='echo'
DEFS='-DHAVE_CONFIG_H'
DEPDIR='.deps'
DLLTOOL='false'
DSYMUTIL=''
DUMPBIN=''
ECHO_C=''
ECHO_N='-n'
ECHO_T=''
EGREP='/usr/bin/grep -E'
ETAGS='etags'
EXEEXT=''
FGREP='/usr/bin/grep -F'
FILECMD='file'
GREP='/usr/bin/grep'
HAVE_LINKER_VERSION_SCRIPT_FALSE='#'
HAVE_LINKER_VERSION_SCRIPT_TRUE=''
INSTALL_DATA='${INSTALL} -m 644'
INSTALL_PROGRAM='${INSTALL}'
INSTALL_SCRIPT='${INSTALL}'
INSTALL_STRIP_PROGRAM='$(install_sh) -c -s'
LD='/usr/bin/ld -m elf_x86_64'
LDFLAGS=''
LIBMD_ABI='0:1:0'
LIBOBJS=''
LIBS=''
LIBTOOL='$(SHELL) $(top_builddir)/libtool'
LIPO=''
LN_S='ln -s'
LTLIBOBJS=''
LT_SYS_LIBRARY_PATH=''
MAKEINFO='${SHELL} '\''/home/mearvk/IdeaProjects/Ubuntu.Determinant.Alpha.Restricted/userland/x11/_build/libmd-1.1.0/build-aux/missing'\'' makeinfo'
MANIFEST_TOOL=':'
MKDIR_P='/usr/bin/mkdir -p'
NM='/usr/bin/nm -B'
NMEDIT=''
OBJDUMP='objdump'
OBJEXT='o'
OTOOL64=''
OTOOL=''
PACKAGE='libmd'
PACKAGE_BUGREPORT='libbsd@lists.freedesktop.org'
PACKAGE_NAME='libmd'
PACKAGE_STRING='libmd 1.1.0'
PACKAGE_TARNAME='libmd'
PACKAGE_URL=''
PACKAGE_VERSION='1.1.0'
PATH_SEPARATOR=':'
RANLIB='ranlib'
SED='/usr/bin/sed'
SET_MAKE=''
SHELL='/bin/bash'
STRIP='strip'
VERSION='1.1.0'
ac_ct_AR='ar'
ac_ct_CC='gcc'
ac_ct_DUMPBIN=''
am__EXEEXT_FALSE=''
am__EXEEXT_TRUE='#'
am__fastdepCC_FALSE='#'
am__fastdepCC_TRUE=''
am__include='include'
am__isrc=''
am__leading_dot='.'
am__nodep='_no'
am__quote=''
am__tar='$${TAR-tar} chof - "$$tardir"'
am__untar='$${TAR-tar} xf -'
bindir='${exec_prefix}/bin'
build='x86_64-pc-linux-gnu'
build_alias=''
build_cpu='x86_64'
build_os='linux-gnu'
build_vendor='pc'
datadir='${datarootdir}'
datarootdir='${prefix}/share'
docdir='${datarootdir}/doc/${PACKAGE_TARNAME}'
dvidir='${docdir}'
exec_prefix='${prefix}'
host='x86_64-pc-linux-gnu'
host_alias=''
host_cpu='x86_64'
host_os='linux-gnu'
host_vendor='pc'
htmldir='${docdir}'
includedir='${prefix}/include'
infodir='${datarootdir}/info'
install_sh='${SHELL} /home/mearvk/IdeaProjects/Ubuntu.Determinant.Alpha.Restricted/userland/x11/_build/libmd-1.1.0/build-aux/install-sh'
libdir='/usr/lib'
libexecdir='${exec_prefix}/libexec'
localedir='${datarootdir}/locale'
localstatedir='${prefix}/var'
mandir='${datarootdir}/man'
mkdir_p='$(MKDIR_P)'
oldincludedir='/usr/include'
pdfdir='${docdir}'
prefix='/usr'
program_transform_name='s,x,x,'
psdir='${docdir}'
runstatedir='${localstatedir}/run'
sbindir='${exec_prefix}/sbin'
sharedstatedir='${prefix}/com'
sysconfdir='${prefix}/etc'
target_alias=''

## ----------- ##
## confdefs.h. ##
## ----------- ##

/* confdefs.h */
#define PACKAGE_NAME "libmd"
#define PACKAGE_TARNAME "libmd"
#define PACKAGE_VERSION "1.1.0"
#define PACKAGE_STRING "libmd 1.1.0"
#define PACKAGE_BUGREPORT "libbsd@lists.freedesktop.org"
#define PACKAGE_URL ""
#define PACKAGE "libmd"
#define VERSION "1.1.0"
#define HAVE_STDIO_H 1
#define HAVE_STDLIB_H 1
#define HAVE_STRING_H 1
#define HAVE_INTTYPES_H 1
#define HAVE_STDINT_H 1
#define HAVE_STRINGS_H 1
#define HAVE_SYS_STAT_H 1
#define HAVE_SYS_TYPES_H 1
#define HAVE_UNISTD_H 1
#define HAVE_WCHAR_H 1
#define STDC_HEADERS 1
#define _ALL_SOURCE 1
#define _DARWIN_C_SOURCE 1
#define _GNU_SOURCE 1
#define _HPUX_ALT_XOPEN_SOCKET_API 1
#define _NETBSD_SOURCE 1
#define _OPENBSD_SOURCE 1
#define _POSIX_PTHREAD_SEMANTICS 1
#define __STDC_WANT_IEC_60559_ATTRIBS_EXT__ 1
#define __STDC_WANT_IEC_60559_BFP_EXT__ 1
#define __STDC_WANT_IEC_60559_DFP_EXT__ 1
#define __STDC_WANT_IEC_60559_FUNCS_EXT__ 1
#define __STDC_WANT_IEC_60559_TYPES_EXT__ 1
#define __STDC_WANT_LIB_EXT2__ 1
#define __STDC_WANT_MATH_SPEC_FUNCS__ 1
#define _TANDEM_SOURCE 1
#define __EXTENSIONS__ 1
#define HAVE_DLFCN_H 1
#define LT_OBJDIR ".libs/"
#define HAVE_UNISTD_H 1

configure: exit 0
