This file contains any messages produced by compilers while
running configure, to aid debugging if configure makes a mistake.

It was created by libxkbfile configure 1.1.3, which was
generated by GNU Autoconf 2.72.  Invocation command line was

  $ ./configure --prefix=/usr --libdir=/usr/lib PKG_CONFIG_PATH=/home/mearvk/IdeaProjects/Ubuntu.Determinant.Alpha.Restricted/userland/x11/_build/sysroot/usr/lib/pkgconfig:/home/mearvk/IdeaProjects/Ubuntu.Determinant.Alpha.Restricted/userland/x11/_build/sysroot/usr/lib/x86_64-linux-gnu/pkgconfig:/home/mearvk/IdeaProjects/Ubuntu.Determinant.Alpha.Restricted/userland/x11/_build/sysroot/usr/share/pkgconfig

## --------- ##
## Platform. ##
## --------- ##

hostname = mearvk-X900-A8800
uname -m = x86_64
uname -r = 6.8.0-136-generic
uname -s = Linux
uname -v = #136-Ubuntu SMP PREEMPT_DYNAMIC Wed Jul  1 21:53:05 UTC 2026

/usr/bin/uname -p = x86_64
/bin/uname -X     = unknown

/bin/arch              = x86_64
/usr/bin/arch -k       = unknown
/usr/convex/getsysinfo = unknown
/usr/bin/hostinfo      = unknown
/bin/machine           = unknown
/usr/bin/oslevel       = unknown
/bin/universe          = unknown

PATH: /home/mearvk/.opencode/bin/
PATH: /home/mearvk/.nvm/versions/node/v24.16.0/bin/
PATH: /home/mearvk/.cargo/bin/
PATH: /home/mearvk/.local/bin/
PATH: /usr/local/sbin/
PATH: /usr/local/bin/
PATH: /usr/sbin/
PATH: /usr/bin/
PATH: /sbin/
PATH: /bin/
PATH: /usr/games/
PATH: /usr/local/games/
PATH: /snap/bin/
PATH: /snap/bin/


## ----------- ##
## Core tests. ##
## ----------- ##

configure:2477: looking for aux files: compile config.guess config.sub ltmain.sh missing install-sh
configure:2490:  trying ./
configure:2519:   ./compile found
configure:2519:   ./config.guess found
configure:2519:   ./config.sub found
configure:2519:   ./ltmain.sh found
configure:2519:   ./missing found
configure:2501:   ./install-sh found
configure:2655: checking for a BSD-compatible install
configure:2729: result: /usr/bin/install -c
configure:2740: checking whether build environment is sane
configure:2795: result: yes
configure:2956: checking for a race-free mkdir -p
configure:2999: result: /usr/bin/mkdir -p
configure:3006: checking for gawk
configure:3042: result: no
configure:3006: checking for mawk
configure:3027: found /usr/bin/mawk
configure:3039: result: mawk
configure:3050: checking whether make sets $(MAKE)
configure:3074: result: yes
configure:3104: checking whether make supports nested variables
configure:3123: result: yes
configure:3293: checking build system type
configure:3309: result: x86_64-pc-linux-gnu
configure:3329: checking host system type
configure:3344: result: x86_64-pc-linux-gnu
configure:3385: checking how to print strings
configure:3412: result: printf
configure:3446: checking whether make supports the include directive
configure:3461: make -f confmf.GNU && cat confinc.out
make[2]: Entering directory '/home/mearvk/IdeaProjects/Ubuntu.Determinant.Alpha.Restricted/userland/x11/_build/libxkbfile-1.1.3'
make[2]: Leaving directory '/home/mearvk/IdeaProjects/Ubuntu.Determinant.Alpha.Restricted/userland/x11/_build/libxkbfile-1.1.3'
this is the am__doit target
configure:3464: $? = 0
configure:3483: result: yes (GNU style)
configure:3560: checking for gcc
configure:3581: found /usr/bin/gcc
configure:3593: result: gcc
configure:3952: checking for C compiler version
configure:3961: gcc --version >&5
gcc (Ubuntu 13.3.0-6ubuntu2~24.04.1) 13.3.0
Copyright (C) 2023 Free Software Foundation, Inc.
This is free software; see the source for copying conditions.  There is NO
warranty; not even for MERCHANTABILITY or FITNESS FOR A PARTICULAR PURPOSE.

configure:3972: $? = 0
configure:3961: gcc -v >&5
Using built-in specs.
COLLECT_GCC=gcc
COLLECT_LTO_WRAPPER=/usr/libexec/gcc/x86_64-linux-gnu/13/lto-wrapper
OFFLOAD_TARGET_NAMES=nvptx-none:amdgcn-amdhsa
OFFLOAD_TARGET_DEFAULT=1
Target: x86_64-linux-gnu
Configured with: ../src/configure -v --with-pkgversion='Ubuntu 13.3.0-6ubuntu2~24.04.1' --with-bugurl=file:///usr/share/doc/gcc-13/README.Bugs --enable-languages=c,ada,c++,go,d,fortran,objc,obj-c++,m2 --prefix=/usr --with-gcc-major-version-only --program-suffix=-13 --program-prefix=x86_64-linux-gnu- --enable-shared --enable-linker-build-id --libexecdir=/usr/libexec --without-included-gettext --enable-threads=posix --libdir=/usr/lib --enable-nls --enable-bootstrap --enable-clocale=gnu --enable-libstdcxx-debug --enable-libstdcxx-time=yes --with-default-libstdcxx-abi=new --enable-libstdcxx-backtrace --enable-gnu-unique-object --disable-vtable-verify --enable-plugin --enable-default-pie --with-system-zlib --enable-libphobos-checking=release --with-target-system-zlib=auto --enable-objc-gc=auto --enable-multiarch --disable-werror --enable-cet --with-arch-32=i686 --with-abi=m64 --with-multilib-list=m32,m64,mx32 --enable-multilib --with-tune=generic --enable-offload-targets=nvptx-none=/build/gcc-13-EldibY/gcc-13-13.3.0/debian/tmp-nvptx/usr,amdgcn-amdhsa=/build/gcc-13-EldibY/gcc-13-13.3.0/debian/tmp-gcn/usr --enable-offload-defaulted --without-cuda-driver --enable-checking=release --build=x86_64-linux-gnu --host=x86_64-linux-gnu --target=x86_64-linux-gnu --with-build-config=bootstrap-lto-lean --enable-link-serialization=2
Thread model: posix
Supported LTO compression algorithms: zlib zstd
gcc version 13.3.0 (Ubuntu 13.3.0-6ubuntu2~24.04.1) 
... rest of stderr output deleted ...
configure:3972: $? = 0
configure:3961: gcc -V >&5
gcc: error: unrecognized command-line option '-V'
gcc: fatal error: no input files
compilation terminated.
configure:3972: $? = 1
configure:3961: gcc -qversion >&5
gcc: error: unrecognized command-line option '-qversion'; did you mean '--version'?
gcc: fatal error: no input files
compilation terminated.
configure:3972: $? = 1
configure:3961: gcc -version >&5
gcc: error: unrecognized command-line option '-version'
gcc: fatal error: no input files
compilation terminated.
configure:3972: $? = 1
configure:3992: checking whether the C compiler works
configure:4014: gcc    conftest.c  >&5
configure:4018: $? = 0
configure:4069: result: yes
configure:4073: checking for C compiler default output file name
configure:4075: result: a.out
configure:4081: checking for suffix of executables
configure:4088: gcc -o conftest    conftest.c  >&5
configure:4092: $? = 0
configure:4116: result: 
configure:4140: checking whether we are cross compiling
configure:4148: gcc -o conftest    conftest.c  >&5
configure:4152: $? = 0
configure:4159: ./conftest
configure:4163: $? = 0
configure:4178: result: no
configure:4184: checking for suffix of object files
configure:4207: gcc -c   conftest.c >&5
configure:4211: $? = 0
configure:4235: result: o
configure:4239: checking whether the compiler supports GNU C
configure:4259: gcc -c   conftest.c >&5
configure:4259: $? = 0
configure:4271: result: yes
configure:4282: checking whether gcc accepts -g
configure:4303: gcc -c -g  conftest.c >&5
configure:4303: $? = 0
configure:4350: result: yes
configure:4370: checking for gcc option to enable C11 features
configure:4385: gcc  -c -g -O2  conftest.c >&5
configure:4385: $? = 0
configure:4404: result: none needed
configure:4528: checking whether gcc understands -c and -o together
configure:4551: gcc -c conftest.c -o conftest2.o
configure:4554: $? = 0
configure:4551: gcc -c conftest.c -o conftest2.o
configure:4554: $? = 0
configure:4567: result: yes
configure:4586: checking dependency style of gcc
configure:4699: result: gcc3
configure:4714: checking for a sed that does not truncate output
configure:4786: result: /usr/bin/sed
configure:4804: checking for grep that handles long lines and -e
configure:4870: result: /usr/bin/grep
configure:4875: checking for egrep
configure:4945: result: /usr/bin/grep -E
configure:4952: checking for fgrep
configure:5022: result: /usr/bin/grep -F
configure:5059: checking for ld used by gcc
configure:5128: result: /usr/bin/ld
configure:5135: checking if the linker (/usr/bin/ld) is GNU ld
configure:5152: result: yes
configure:5164: checking for BSD- or MS-compatible name lister (nm)
configure:5220: result: /usr/bin/nm -B
configure:5362: checking the name lister (/usr/bin/nm -B) interface
configure:5370: gcc -c -g -O2  conftest.c >&5
configure:5373: /usr/bin/nm -B "conftest.o"
configure:5376: output
0000000000000000 B some_variable
configure:5384: result: BSD nm
configure:5387: checking whether ln -s works
configure:5391: result: yes
configure:5399: checking the maximum length of command line arguments
configure:5532: result: 1572864
configure:5580: checking how to convert x86_64-pc-linux-gnu file names to x86_64-pc-linux-gnu format
configure:5622: result: func_convert_file_noop
configure:5629: checking how to convert x86_64-pc-linux-gnu file names to toolchain format
configure:5651: result: func_convert_file_noop
configure:5658: checking for /usr/bin/ld option to reload object files
configure:5667: result: -r
configure:5747: checking for file
configure:5768: found /usr/bin/file
configure:5780: result: file
configure:5857: checking for objdump
configure:5878: found /usr/bin/objdump
configure:5890: result: objdump
configure:5922: checking how to recognize dependent libraries
configure:6124: result: pass_all
configure:6215: checking for dlltool
configure:6251: result: no
configure:6281: checking how to associate runtime and link libraries
configure:6310: result: printf %s\n
configure:6377: checking for ar
configure:6398: found /usr/bin/ar
configure:6410: result: ar
configure:6463: checking for archiver @FILE support
configure:6481: gcc -c -g -O2  conftest.c >&5
configure:6481: $? = 0
configure:6485: ar cr libconftest.a @conftest.lst >&5
configure:6488: $? = 0
configure:6493: ar cr libconftest.a @conftest.lst >&5
ar: conftest.o: No such file or directory
configure:6496: $? = 1
configure:6509: result: @
configure:6573: checking for strip
configure:6594: found /usr/bin/strip
configure:6606: result: strip
configure:6684: checking for ranlib
configure:6705: found /usr/bin/ranlib
configure:6717: result: ranlib
configure:6819: checking command to parse /usr/bin/nm -B output from gcc object
configure:6973: gcc -c -g -O2  conftest.c >&5
configure:6976: $? = 0
configure:6980: /usr/bin/nm -B conftest.o \| /usr/bin/sed -n -e 's/^.*[ ]\([ABCDGIRSTW][ABCDGIRSTW]*\)[ ][ ]*\([_A-Za-z][_A-Za-z0-9]*\)$/\1 \2 \2/p' | /usr/bin/sed '/ __gnu_lto/d' \> conftest.nm
configure:6983: $? = 0
configure:7049: gcc -o conftest -g -O2   conftest.c conftstm.o >&5
configure:7052: $? = 0
configure:7091: result: ok
configure:7138: checking for sysroot
configure:7170: result: no
configure:7177: checking for a working dd
configure:7222: result: /usr/bin/dd
configure:7226: checking how to truncate binary pipes
configure:7243: result: /usr/bin/dd bs=4096 count=1
configure:7380: gcc -c -g -O2  conftest.c >&5
configure:7383: $? = 0
configure:7583: checking for mt
configure:7604: found /usr/bin/mt
configure:7616: result: mt
configure:7639: checking if mt is a manifest tool
configure:7646: mt '-?'
configure:7655: result: no
configure:8394: checking for stdio.h
configure:8394: gcc -c -g -O2  conftest.c >&5
configure:8394: $? = 0
configure:8394: result: yes
configure:8394: checking for stdlib.h
configure:8394: gcc -c -g -O2  conftest.c >&5
configure:8394: $? = 0
configure:8394: result: yes
configure:8394: checking for string.h
configure:8394: gcc -c -g -O2  conftest.c >&5
configure:8394: $? = 0
configure:8394: result: yes
configure:8394: checking for inttypes.h
configure:8394: gcc -c -g -O2  conftest.c >&5
configure:8394: $? = 0
configure:8394: result: yes
configure:8394: checking for stdint.h
configure:8394: gcc -c -g -O2  conftest.c >&5
configure:8394: $? = 0
configure:8394: result: yes
configure:8394: checking for strings.h
configure:8394: gcc -c -g -O2  conftest.c >&5
configure:8394: $? = 0
configure:8394: result: yes
configure:8394: checking for sys/stat.h
configure:8394: gcc -c -g -O2  conftest.c >&5
configure:8394: $? = 0
configure:8394: result: yes
configure:8394: checking for sys/types.h
configure:8394: gcc -c -g -O2  conftest.c >&5
configure:8394: $? = 0
configure:8394: result: yes
configure:8394: checking for unistd.h
configure:8394: gcc -c -g -O2  conftest.c >&5
configure:8394: $? = 0
configure:8394: result: yes
configure:8419: checking for dlfcn.h
configure:8419: gcc -c -g -O2  conftest.c >&5
configure:8419: $? = 0
configure:8419: result: yes
configure:8684: checking for objdir
configure:8701: result: .libs
configure:8967: checking if gcc supports -fno-rtti -fno-exceptions
configure:8986: gcc -c -g -O2  -fno-rtti -fno-exceptions conftest.c >&5
cc1: warning: command-line option '-fno-rtti' is valid for C++/D/ObjC++ but not for C
configure:8990: $? = 0
configure:9004: result: no
configure:9362: checking for gcc option to produce PIC
configure:9371: result: -fPIC -DPIC
configure:9379: checking if gcc PIC flag -fPIC -DPIC works
configure:9398: gcc -c -g -O2  -fPIC -DPIC -DPIC conftest.c >&5
configure:9402: $? = 0
configure:9416: result: yes
configure:9445: checking if gcc static flag -static works
configure:9475: result: yes
configure:9490: checking if gcc supports -c -o file.o
configure:9512: gcc -c -g -O2  -o out/conftest2.o conftest.c >&5
configure:9516: $? = 0
configure:9539: result: yes
configure:9547: checking if gcc supports -c -o file.o
configure:9596: result: yes
configure:9629: checking whether the gcc linker (/usr/bin/ld -m elf_x86_64) supports shared libraries
configure:10902: result: yes
configure:10939: checking whether -lc should be explicitly linked in
configure:10948: gcc -c -g -O2  conftest.c >&5
configure:10951: $? = 0
configure:10966: gcc -shared  -fPIC -DPIC conftest.o  -v -Wl,-soname -Wl,conftest -o conftest 2\>\&1 \| /usr/bin/grep  -lc  \>/dev/null 2\>\&1
configure:10969: $? = 0
configure:10984: result: no
configure:11144: checking dynamic linker characteristics
configure:11726: gcc -o conftest -g -O2   -Wl,-rpath -Wl,/foo conftest.c  >&5
configure:11726: $? = 0
configure:11966: result: GNU/Linux ld.so
configure:12088: checking how to hardcode library paths into programs
configure:12113: result: immediate
configure:12713: checking whether stripping libraries is possible
configure:12722: result: yes
configure:12764: checking if libtool supports shared libraries
configure:12766: result: yes
configure:12769: checking whether to build shared libraries
configure:12794: result: yes
configure:12797: checking whether to build static libraries
configure:12801: result: yes
configure:12851: checking for gcc options needed to detect all undeclared functions
configure:12873: gcc -c -g -O2   conftest.c >&5
conftest.c: In function 'main':
conftest.c:27:8: error: 'strchr' undeclared (first use in this function)
   27 | (void) strchr;
      |        ^~~~~~
conftest.c:1:1: note: 'strchr' is defined in header '<string.h>'; did you forget to '#include <string.h>'?
    1 | /* confdefs.h */
conftest.c:27:8: note: each undeclared identifier is reported only once for each function it appears in
   27 | (void) strchr;
      |        ^~~~~~
configure:12873: $? = 1
configure: failed program was:
| /* confdefs.h */
| #define PACKAGE_NAME "libxkbfile"
| #define PACKAGE_TARNAME "libxkbfile"
| #define PACKAGE_VERSION "1.1.3"
| #define PACKAGE_STRING "libxkbfile 1.1.3"
| #define PACKAGE_BUGREPORT "https://gitlab.freedesktop.org/xorg/lib/libxkbfile/-/issues"
| #define PACKAGE_URL ""
| #define PACKAGE "libxkbfile"
| #define VERSION "1.1.3"
| #define HAVE_STDIO_H 1
| #define HAVE_STDLIB_H 1
| #define HAVE_STRING_H 1
| #define HAVE_INTTYPES_H 1
| #define HAVE_STDINT_H 1
| #define HAVE_STRINGS_H 1
| #define HAVE_SYS_STAT_H 1
| #define HAVE_SYS_TYPES_H 1
| #define HAVE_UNISTD_H 1
| #define STDC_HEADERS 1
| #define HAVE_DLFCN_H 1
| #define LT_OBJDIR ".libs/"
| /* end confdefs.h.  */
| 
| int
| main (void)
| {
| (void) strchr;
|   ;
|   return 0;
| }
configure:12900: gcc -c -g -O2   conftest.c >&5
configure:12900: $? = 0
configure:12920: result: none needed
configure:12938: checking whether __clang__ is declared
configure:12938: gcc -c -g -O2   conftest.c >&5
conftest.c: In function 'main':
conftest.c:58:10: error: '__clang__' undeclared (first use in this function)
   58 |   (void) __clang__;
      |          ^~~~~~~~~
conftest.c:58:10: note: each undeclared identifier is reported only once for each function it appears in
configure:12938: $? = 1
configure: failed program was:
| /* confdefs.h */
| #define PACKAGE_NAME "libxkbfile"
| #define PACKAGE_TARNAME "libxkbfile"
| #define PACKAGE_VERSION "1.1.3"
| #define PACKAGE_STRING "libxkbfile 1.1.3"
| #define PACKAGE_BUGREPORT "https://gitlab.freedesktop.org/xorg/lib/libxkbfile/-/issues"
| #define PACKAGE_URL ""
| #define PACKAGE "libxkbfile"
| #define VERSION "1.1.3"
| #define HAVE_STDIO_H 1
| #define HAVE_STDLIB_H 1
| #define HAVE_STRING_H 1
| #define HAVE_INTTYPES_H 1
| #define HAVE_STDINT_H 1
| #define HAVE_STRINGS_H 1
| #define HAVE_SYS_STAT_H 1
| #define HAVE_SYS_TYPES_H 1
| #define HAVE_UNISTD_H 1
| #define STDC_HEADERS 1
| #define HAVE_DLFCN_H 1
| #define LT_OBJDIR ".libs/"
| /* end confdefs.h.  */
| #include <stddef.h>
| #ifdef HAVE_STDIO_H
| # include <stdio.h>
| #endif
| #ifdef HAVE_STDLIB_H
| # include <stdlib.h>
| #endif
| #ifdef HAVE_STRING_H
| # include <string.h>
| #endif
| #ifdef HAVE_INTTYPES_H
| # include <inttypes.h>
| #endif
| #ifdef HAVE_STDINT_H
| # include <stdint.h>
| #endif
| #ifdef HAVE_STRINGS_H
| # include <strings.h>
| #endif
| #ifdef HAVE_SYS_TYPES_H
| # include <sys/types.h>
| #endif
| #ifdef HAVE_SYS_STAT_H
| # include <sys/stat.h>
| #endif
| #ifdef HAVE_UNISTD_H
| # include <unistd.h>
| #endif
| int
| main (void)
| {
| #ifndef __clang__
| #ifdef __cplusplus
|   (void) __clang__;
| #else
|   (void) __clang__;
| #endif
| #endif
| 
|   ;
|   return 0;
| }
configure:12938: result: no
configure:12946: checking whether __INTEL_COMPILER is declared
configure:12946: gcc -c -g -O2   conftest.c >&5
conftest.c: In function 'main':
conftest.c:58:10: error: '__INTEL_COMPILER' undeclared (first use in this function)
   58 |   (void) __INTEL_COMPILER;
      |          ^~~~~~~~~~~~~~~~
conftest.c:58:10: note: each undeclared identifier is reported only once for each function it appears in
configure:12946: $? = 1
configure: failed program was:
| /* confdefs.h */
| #define PACKAGE_NAME "libxkbfile"
| #define PACKAGE_TARNAME "libxkbfile"
| #define PACKAGE_VERSION "1.1.3"
| #define PACKAGE_STRING "libxkbfile 1.1.3"
| #define PACKAGE_BUGREPORT "https://gitlab.freedesktop.org/xorg/lib/libxkbfile/-/issues"
| #define PACKAGE_URL ""
| #define PACKAGE "libxkbfile"
| #define VERSION "1.1.3"
| #define HAVE_STDIO_H 1
| #define HAVE_STDLIB_H 1
| #define HAVE_STRING_H 1
| #define HAVE_INTTYPES_H 1
| #define HAVE_STDINT_H 1
| #define HAVE_STRINGS_H 1
| #define HAVE_SYS_STAT_H 1
| #define HAVE_SYS_TYPES_H 1
| #define HAVE_UNISTD_H 1
| #define STDC_HEADERS 1
| #define HAVE_DLFCN_H 1
| #define LT_OBJDIR ".libs/"
| /* end confdefs.h.  */
| #include <stddef.h>
| #ifdef HAVE_STDIO_H
| # include <stdio.h>
| #endif
| #ifdef HAVE_STDLIB_H
| # include <stdlib.h>
| #endif
| #ifdef HAVE_STRING_H
| # include <string.h>
| #endif
| #ifdef HAVE_INTTYPES_H
| # include <inttypes.h>
| #endif
| #ifdef HAVE_STDINT_H
| # include <stdint.h>
| #endif
| #ifdef HAVE_STRINGS_H
| # include <strings.h>
| #endif
| #ifdef HAVE_SYS_TYPES_H
| # include <sys/types.h>
| #endif
| #ifdef HAVE_SYS_STAT_H
| # include <sys/stat.h>
| #endif
| #ifdef HAVE_UNISTD_H
| # include <unistd.h>
| #endif
| int
| main (void)
| {
| #ifndef __INTEL_COMPILER
| #ifdef __cplusplus
|   (void) __INTEL_COMPILER;
| #else
|   (void) __INTEL_COMPILER;
| #endif
| #endif
| 
|   ;
|   return 0;
| }
configure:12946: result: no
configure:12954: checking whether __SUNPRO_C is declared
configure:12954: gcc -c -g -O2   conftest.c >&5
conftest.c: In function 'main':
conftest.c:58:10: error: '__SUNPRO_C' undeclared (first use in this function)
   58 |   (void) __SUNPRO_C;
      |          ^~~~~~~~~~
conftest.c:58:10: note: each undeclared identifier is reported only once for each function it appears in
configure:12954: $? = 1
configure: failed program was:
| /* confdefs.h */
| #define PACKAGE_NAME "libxkbfile"
| #define PACKAGE_TARNAME "libxkbfile"
| #define PACKAGE_VERSION "1.1.3"
| #define PACKAGE_STRING "libxkbfile 1.1.3"
| #define PACKAGE_BUGREPORT "https://gitlab.freedesktop.org/xorg/lib/libxkbfile/-/issues"
| #define PACKAGE_URL ""
| #define PACKAGE "libxkbfile"
| #define VERSION "1.1.3"
| #define HAVE_STDIO_H 1
| #define HAVE_STDLIB_H 1
| #define HAVE_STRING_H 1
| #define HAVE_INTTYPES_H 1
| #define HAVE_STDINT_H 1
| #define HAVE_STRINGS_H 1
| #define HAVE_SYS_STAT_H 1
| #define HAVE_SYS_TYPES_H 1
| #define HAVE_UNISTD_H 1
| #define STDC_HEADERS 1
| #define HAVE_DLFCN_H 1
| #define LT_OBJDIR ".libs/"
| /* end confdefs.h.  */
| #include <stddef.h>
| #ifdef HAVE_STDIO_H
| # include <stdio.h>
| #endif
| #ifdef HAVE_STDLIB_H
| # include <stdlib.h>
| #endif
| #ifdef HAVE_STRING_H
| # include <string.h>
| #endif
| #ifdef HAVE_INTTYPES_H
| # include <inttypes.h>
| #endif
| #ifdef HAVE_STDINT_H
| # include <stdint.h>
| #endif
| #ifdef HAVE_STRINGS_H
| # include <strings.h>
| #endif
| #ifdef HAVE_SYS_TYPES_H
| # include <sys/types.h>
| #endif
| #ifdef HAVE_SYS_STAT_H
| # include <sys/stat.h>
| #endif
| #ifdef HAVE_UNISTD_H
| # include <unistd.h>
| #endif
| int
| main (void)
| {
| #ifndef __SUNPRO_C
| #ifdef __cplusplus
|   (void) __SUNPRO_C;
| #else
|   (void) __SUNPRO_C;
| #endif
| #endif
| 
|   ;
|   return 0;
| }
configure:12954: result: no
configure:13023: checking for pkg-config
configure:13046: found /usr/bin/pkg-config
configure:13059: result: /usr/bin/pkg-config
configure:13084: checking pkg-config is at least version 0.9.0
configure:13087: result: yes
configure:13138: checking if gcc supports -Werror=unknown-warning-option
configure:13148: gcc -c -g -O2 -Werror=unknown-warning-option  conftest.c >&5
cc1: error: '-Werror=unknown-warning-option': no option '-Wunknown-warning-option'
configure:13148: $? = 1
configure: failed program was:
| /* confdefs.h */
| #define PACKAGE_NAME "libxkbfile"
| #define PACKAGE_TARNAME "libxkbfile"
| #define PACKAGE_VERSION "1.1.3"
| #define PACKAGE_STRING "libxkbfile 1.1.3"
| #define PACKAGE_BUGREPORT "https://gitlab.freedesktop.org/xorg/lib/libxkbfile/-/issues"
| #define PACKAGE_URL ""
| #define PACKAGE "libxkbfile"
| #define VERSION "1.1.3"
| #define HAVE_STDIO_H 1
| #define HAVE_STDLIB_H 1
| #define HAVE_STRING_H 1
| #define HAVE_INTTYPES_H 1
| #define HAVE_STDINT_H 1
| #define HAVE_STRINGS_H 1
| #define HAVE_SYS_STAT_H 1
| #define HAVE_SYS_TYPES_H 1
| #define HAVE_UNISTD_H 1
| #define STDC_HEADERS 1
| #define HAVE_DLFCN_H 1
| #define LT_OBJDIR ".libs/"
| /* end confdefs.h.  */
| int i;
configure:13158: result: no
configure:13169: checking if gcc supports -Werror=unused-command-line-argument
configure:13179: gcc -c -g -O2 -Werror=unused-command-line-argument  conftest.c >&5
cc1: error: '-Werror=unused-command-line-argument': no option '-Wunused-command-line-argument'; did you mean '-Wunused-dummy-argument'?
configure:13179: $? = 1
configure: failed program was:
| /* confdefs.h */
| #define PACKAGE_NAME "libxkbfile"
| #define PACKAGE_TARNAME "libxkbfile"
| #define PACKAGE_VERSION "1.1.3"
| #define PACKAGE_STRING "libxkbfile 1.1.3"
| #define PACKAGE_BUGREPORT "https://gitlab.freedesktop.org/xorg/lib/libxkbfile/-/issues"
| #define PACKAGE_URL ""
| #define PACKAGE "libxkbfile"
| #define VERSION "1.1.3"
| #define HAVE_STDIO_H 1
| #define HAVE_STDLIB_H 1
| #define HAVE_STRING_H 1
| #define HAVE_INTTYPES_H 1
| #define HAVE_STDINT_H 1
| #define HAVE_STRINGS_H 1
| #define HAVE_SYS_STAT_H 1
| #define HAVE_SYS_TYPES_H 1
| #define HAVE_UNISTD_H 1
| #define STDC_HEADERS 1
| #define HAVE_DLFCN_H 1
| #define LT_OBJDIR ".libs/"
| /* end confdefs.h.  */
| int i;
configure:13189: result: no
configure:13208: checking if gcc supports -Wall
configure:13226: gcc -o conftest -g -O2 -Wall   conftest.c  >&5
configure:13226: $? = 0
configure:13242: result: yes
configure:13338: checking if gcc supports -Wpointer-arith
configure:13356: gcc -o conftest -g -O2 -Wpointer-arith   conftest.c  >&5
configure:13356: $? = 0
configure:13372: result: yes
configure:13468: checking if gcc supports -Wmissing-declarations
configure:13486: gcc -o conftest -g -O2 -Wmissing-declarations   conftest.c  >&5
configure:13486: $? = 0
configure:13502: result: yes
configure:13598: checking if gcc supports -Wformat=2
configure:13616: gcc -o conftest -g -O2 -Wformat=2   conftest.c  >&5
configure:13616: $? = 0
configure:13632: result: yes
configure:13783: checking if gcc supports -Wstrict-prototypes
configure:13801: gcc -o conftest -g -O2 -Wstrict-prototypes   conftest.c  >&5
configure:13801: $? = 0
configure:13817: result: yes
configure:13913: checking if gcc supports -Wmissing-prototypes
configure:13931: gcc -o conftest -g -O2 -Wmissing-prototypes   conftest.c  >&5
configure:13931: $? = 0
configure:13947: result: yes
configure:14043: checking if gcc supports -Wnested-externs
configure:14061: gcc -o conftest -g -O2 -Wnested-externs   conftest.c  >&5
configure:14061: $? = 0
configure:14077: result: yes
configure:14173: checking if gcc supports -Wbad-function-cast
configure:14191: gcc -o conftest -g -O2 -Wbad-function-cast   conftest.c  >&5
configure:14191: $? = 0
configure:14207: result: yes
configure:14303: checking if gcc supports -Wold-style-definition
configure:14321: gcc -o conftest -g -O2 -Wold-style-definition   conftest.c  >&5
configure:14321: $? = 0
configure:14337: result: yes
configure:14486: checking if gcc supports -Wdeclaration-after-statement
configure:14504: gcc -o conftest -g -O2 -Wdeclaration-after-statement   conftest.c  >&5
configure:14504: $? = 0
configure:14520: result: yes
configure:14620: checking if gcc supports -Wunused
configure:14638: gcc -o conftest -g -O2 -Wunused   conftest.c  >&5
configure:14638: $? = 0
configure:14654: result: yes
configure:14750: checking if gcc supports -Wuninitialized
configure:14768: gcc -o conftest -g -O2 -Wuninitialized   conftest.c  >&5
configure:14768: $? = 0
configure:14784: result: yes
configure:14880: checking if gcc supports -Wshadow
configure:14898: gcc -o conftest -g -O2 -Wshadow   conftest.c  >&5
configure:14898: $? = 0
configure:14914: result: yes
configure:15010: checking if gcc supports -Wmissing-noreturn
configure:15028: gcc -o conftest -g -O2 -Wmissing-noreturn   conftest.c  >&5
configure:15028: $? = 0
configure:15044: result: yes
configure:15140: checking if gcc supports -Wmissing-format-attribute
configure:15158: gcc -o conftest -g -O2 -Wmissing-format-attribute   conftest.c  >&5
configure:15158: $? = 0
configure:15174: result: yes
configure:15270: checking if gcc supports -Wredundant-decls
configure:15288: gcc -o conftest -g -O2 -Wredundant-decls   conftest.c  >&5
configure:15288: $? = 0
configure:15304: result: yes
configure:15400: checking if gcc supports -Wlogical-op
configure:15418: gcc -o conftest -g -O2 -Wlogical-op   conftest.c  >&5
configure:15418: $? = 0
configure:15434: result: yes
configure:15542: checking if gcc supports -Werror=implicit
configure:15560: gcc -o conftest -g -O2 -Werror=implicit   conftest.c  >&5
configure:15560: $? = 0
configure:15576: result: yes
configure:15725: checking if gcc supports -Werror=nonnull
configure:15743: gcc -o conftest -g -O2 -Werror=nonnull   conftest.c  >&5
configure:15743: $? = 0
configure:15759: result: yes
configure:15855: checking if gcc supports -Werror=init-self
configure:15873: gcc -o conftest -g -O2 -Werror=init-self   conftest.c  >&5
configure:15873: $? = 0
configure:15889: result: yes
configure:15985: checking if gcc supports -Werror=main
configure:16003: gcc -o conftest -g -O2 -Werror=main   conftest.c  >&5
configure:16003: $? = 0
configure:16019: result: yes
configure:16115: checking if gcc supports -Werror=missing-braces
configure:16133: gcc -o conftest -g -O2 -Werror=missing-braces   conftest.c  >&5
configure:16133: $? = 0
configure:16149: result: yes
configure:16245: checking if gcc supports -Werror=sequence-point
configure:16263: gcc -o conftest -g -O2 -Werror=sequence-point   conftest.c  >&5
configure:16263: $? = 0
configure:16279: result: yes
configure:16375: checking if gcc supports -Werror=return-type
configure:16393: gcc -o conftest -g -O2 -Werror=return-type   conftest.c  >&5
configure:16393: $? = 0
configure:16409: result: yes
configure:16558: checking if gcc supports -Werror=trigraphs
configure:16576: gcc -o conftest -g -O2 -Werror=trigraphs   conftest.c  >&5
configure:16576: $? = 0
configure:16592: result: yes
configure:16688: checking if gcc supports -Werror=array-bounds
configure:16706: gcc -o conftest -g -O2 -Werror=array-bounds   conftest.c  >&5
configure:16706: $? = 0
configure:16722: result: yes
configure:16818: checking if gcc supports -Werror=write-strings
configure:16836: gcc -o conftest -g -O2 -Werror=write-strings   conftest.c  >&5
configure:16836: $? = 0
configure:16852: result: yes
configure:16948: checking if gcc supports -Werror=address
configure:16966: gcc -o conftest -g -O2 -Werror=address   conftest.c  >&5
configure:16966: $? = 0
configure:16982: result: yes
configure:17078: checking if gcc supports -Werror=int-to-pointer-cast
configure:17096: gcc -o conftest -g -O2 -Werror=int-to-pointer-cast   conftest.c  >&5
configure:17096: $? = 0
configure:17112: result: yes
configure:17261: checking if gcc supports -Werror=pointer-to-int-cast
configure:17279: gcc -o conftest -g -O2 -Werror=pointer-to-int-cast   conftest.c  >&5
configure:17279: $? = 0
configure:17295: result: yes
configure:19119: checking if gcc supports -pedantic
configure:19137: gcc -o conftest -g -O2 -pedantic   conftest.c  >&5
configure:19137: $? = 0
configure:19153: result: yes
configure:19249: checking if gcc supports -Werror
configure:19267: gcc -o conftest -g -O2 -Werror   conftest.c  >&5
configure:19267: $? = 0
configure:19283: result: yes
configure:19435: checking if gcc supports -Werror=attributes
configure:19453: gcc -o conftest -g -O2 -Werror=attributes   conftest.c  >&5
configure:19453: $? = 0
configure:19469: result: yes
configure:19664: checking whether make supports nested variables
configure:19683: result: yes
configure:19698: checking for strcasecmp
configure:19698: gcc -o conftest -g -O2   conftest.c  >&5
conftest.c:42:6: warning: conflicting types for built-in function 'strcasecmp'; expected 'int(const char *, const char *)' [-Wbuiltin-declaration-mismatch]
   42 | char strcasecmp (void);
      |      ^~~~~~~~~~
configure:19698: $? = 0
configure:19698: result: yes
configure:19704: checking for strndup
configure:19704: gcc -o conftest -g -O2   conftest.c  >&5
conftest.c:43:6: warning: conflicting types for built-in function 'strndup'; expected 'char *(const char *, long unsigned int)' [-Wbuiltin-declaration-mismatch]
   43 | char strndup (void);
      |      ^~~~~~~
configure:19704: $? = 0
configure:19704: result: yes
configure:19711: checking for getc_unlocked
configure:19711: gcc -o conftest -g -O2   conftest.c  >&5
configure:19711: $? = 0
configure:19711: result: yes
configure:19723: checking for XKBFILE
configure:19730: $PKG_CONFIG --exists --print-errors "x11 kbproto"
configure:19733: $? = 0
configure:19747: $PKG_CONFIG --exists --print-errors "x11 kbproto"
configure:19750: $? = 0
configure:19808: result: yes
configure:19821: checking for gcc option to enable large file support
configure:19856: gcc -c -g -O2  conftest.c >&5
configure:19856: $? = 0
configure:19862: gcc -DFTYPE=ino_t -c -g -O2  conftest.c >&5
configure:19862: $? = 0
configure:19887: result: none needed
configure:20093: checking that generated files are newer than configure
configure:20099: result: done
configure:20128: creating ./config.status

## ---------------------- ##
## Running config.status. ##
## ---------------------- ##

This file was extended by libxkbfile config.status 1.1.3, which was
generated by GNU Autoconf 2.72.  Invocation command line was

  CONFIG_FILES    = 
  CONFIG_HEADERS  = 
  CONFIG_LINKS    = 
  CONFIG_COMMANDS = 
  $ ./config.status 

on mearvk-X900-A8800

config.status:1131: creating Makefile
config.status:1131: creating src/Makefile
config.status:1131: creating xkbfile.pc
config.status:1131: creating config.h
config.status:1360: executing depfiles commands
config.status:1437: cd src       && sed -e '/# am--include-marker/d' Makefile         | make -f - am--depfiles
make[2]: Entering directory '/home/mearvk/IdeaProjects/Ubuntu.Determinant.Alpha.Restricted/userland/x11/_build/libxkbfile-1.1.3/src'
make[2]: Leaving directory '/home/mearvk/IdeaProjects/Ubuntu.Determinant.Alpha.Restricted/userland/x11/_build/libxkbfile-1.1.3/src'
config.status:1442: $? = 0
config.status:1360: executing libtool commands

## ---------------- ##
## Cache variables. ##
## ---------------- ##

ac_cv_build=x86_64-pc-linux-gnu
ac_cv_c_compiler_gnu=yes
ac_cv_c_undeclared_builtin_options='none needed'
ac_cv_env_CC_set=
ac_cv_env_CC_value=
ac_cv_env_CFLAGS_set=
ac_cv_env_CFLAGS_value=
ac_cv_env_CPPFLAGS_set=
ac_cv_env_CPPFLAGS_value=
ac_cv_env_LDFLAGS_set=
ac_cv_env_LDFLAGS_value=
ac_cv_env_LIBS_set=
ac_cv_env_LIBS_value=
ac_cv_env_LT_SYS_LIBRARY_PATH_set=
ac_cv_env_LT_SYS_LIBRARY_PATH_value=
ac_cv_env_PKG_CONFIG_LIBDIR_set=
ac_cv_env_PKG_CONFIG_LIBDIR_value=
ac_cv_env_PKG_CONFIG_PATH_set=set
ac_cv_env_PKG_CONFIG_PATH_value=/home/mearvk/IdeaProjects/Ubuntu.Determinant.Alpha.Restricted/userland/x11/_build/sysroot/usr/lib/pkgconfig:/home/mearvk/IdeaProjects/Ubuntu.Determinant.Alpha.Restricted/userland/x11/_build/sysroot/usr/lib/x86_64-linux-gnu/pkgconfig:/home/mearvk/IdeaProjects/Ubuntu.Determinant.Alpha.Restricted/userland/x11/_build/sysroot/usr/share/pkgconfig
ac_cv_env_PKG_CONFIG_set=
ac_cv_env_PKG_CONFIG_value=
ac_cv_env_XKBFILE_CFLAGS_set=
ac_cv_env_XKBFILE_CFLAGS_value=
ac_cv_env_XKBFILE_LIBS_set=
ac_cv_env_XKBFILE_LIBS_value=
ac_cv_env_build_alias_set=
ac_cv_env_build_alias_value=
ac_cv_env_host_alias_set=
ac_cv_env_host_alias_value=
ac_cv_env_target_alias_set=
ac_cv_env_target_alias_value=
ac_cv_func_getc_unlocked=yes
ac_cv_func_strcasecmp=yes
ac_cv_func_strndup=yes
ac_cv_have_decl___INTEL_COMPILER=no
ac_cv_have_decl___SUNPRO_C=no
ac_cv_have_decl___clang__=no
ac_cv_header_dlfcn_h=yes
ac_cv_header_inttypes_h=yes
ac_cv_header_stdint_h=yes
ac_cv_header_stdio_h=yes
ac_cv_header_stdlib_h=yes
ac_cv_header_string_h=yes
ac_cv_header_strings_h=yes
ac_cv_header_sys_stat_h=yes
ac_cv_header_sys_types_h=yes
ac_cv_header_unistd_h=yes
ac_cv_host=x86_64-pc-linux-gnu
ac_cv_objext=o
ac_cv_path_EGREP='/usr/bin/grep -E'
ac_cv_path_EGREP_TRADITIONAL='/usr/bin/grep -E'
ac_cv_path_FGREP='/usr/bin/grep -F'
ac_cv_path_GREP=/usr/bin/grep
ac_cv_path_SED=/usr/bin/sed
ac_cv_path_ac_pt_PKG_CONFIG=/usr/bin/pkg-config
ac_cv_path_install='/usr/bin/install -c'
ac_cv_path_lt_DD=/usr/bin/dd
ac_cv_path_mkdir=/usr/bin/mkdir
ac_cv_prog_AWK=mawk
ac_cv_prog_ac_ct_AR=ar
ac_cv_prog_ac_ct_CC=gcc
ac_cv_prog_ac_ct_FILECMD=file
ac_cv_prog_ac_ct_MANIFEST_TOOL=mt
ac_cv_prog_ac_ct_OBJDUMP=objdump
ac_cv_prog_ac_ct_RANLIB=ranlib
ac_cv_prog_ac_ct_STRIP=strip
ac_cv_prog_cc_c11=
ac_cv_prog_cc_g=yes
ac_cv_prog_cc_stdc=
ac_cv_prog_make_make_set=yes
ac_cv_sys_largefile_opts='none needed'
am_cv_CC_dependencies_compiler_type=gcc3
am_cv_make_support_nested_variables=yes
am_cv_prog_cc_c_o=yes
lt_cv_ar_at_file=@
lt_cv_archive_cmds_need_lc=no
lt_cv_deplibs_check_method=pass_all
lt_cv_file_magic_cmd='$MAGIC_CMD'
lt_cv_file_magic_test_file=
lt_cv_ld_reload_flag=-r
lt_cv_nm_interface='BSD nm'
lt_cv_objdir=.libs
lt_cv_path_LD=/usr/bin/ld
lt_cv_path_NM='/usr/bin/nm -B'
lt_cv_path_mainfest_tool=no
lt_cv_prog_compiler_c_o=yes
lt_cv_prog_compiler_pic='-fPIC -DPIC'
lt_cv_prog_compiler_pic_works=yes
lt_cv_prog_compiler_rtti_exceptions=no
lt_cv_prog_compiler_static_works=yes
lt_cv_prog_gnu_ld=yes
lt_cv_sharedlib_from_linklib_cmd='printf %s\n'
lt_cv_shlibpath_overrides_runpath=yes
lt_cv_sys_global_symbol_pipe='/usr/bin/sed -n -e '\''s/^.*[	 ]\([ABCDGIRSTW][ABCDGIRSTW]*\)[	 ][	 ]*\([_A-Za-z][_A-Za-z0-9]*\)$/\1 \2 \2/p'\'' | /usr/bin/sed '\''/ __gnu_lto/d'\'''
lt_cv_sys_global_symbol_to_c_name_address='/usr/bin/sed -n -e '\''s/^: \(.*\) .*$/  {"\1", (void *) 0},/p'\'' -e '\''s/^[ABCDGIRSTW][ABCDGIRSTW]* .* \(.*\)$/  {"\1", (void *) \&\1},/p'\'''
lt_cv_sys_global_symbol_to_c_name_address_lib_prefix='/usr/bin/sed -n -e '\''s/^: \(.*\) .*$/  {"\1", (void *) 0},/p'\'' -e '\''s/^[ABCDGIRSTW][ABCDGIRSTW]* .* \(lib.*\)$/  {"\1", (void *) \&\1},/p'\'' -e '\''s/^[ABCDGIRSTW][ABCDGIRSTW]* .* \(.*\)$/  {"lib\1", (void *) \&\1},/p'\'''
lt_cv_sys_global_symbol_to_cdecl='/usr/bin/sed -n -e '\''s/^T .* \(.*\)$/extern int \1();/p'\'' -e '\''s/^[ABCDGIRSTW][ABCDGIRSTW]* .* \(.*\)$/extern char \1;/p'\'''
lt_cv_sys_global_symbol_to_import=
lt_cv_sys_max_cmd_len=1572864
lt_cv_to_host_file_cmd=func_convert_file_noop
lt_cv_to_tool_file_cmd=func_convert_file_noop
lt_cv_truncate_bin='/usr/bin/dd bs=4096 count=1'
pkg_cv_XKBFILE_CFLAGS='-I/home/mearvk/IdeaProjects/Ubuntu.Determinant.Alpha.Restricted/userland/x11/_build/sysroot/usr/include '
pkg_cv_XKBFILE_LIBS='-L/home/mearvk/IdeaProjects/Ubuntu.Determinant.Alpha.Restricted/userland/x11/_build/sysroot/usr/lib -lX11 '
xorg_cv_cc_flag__Wall=yes
xorg_cv_cc_flag__Wbad_function_cast=yes
xorg_cv_cc_flag__Wdeclaration_after_statement=yes
xorg_cv_cc_flag__Werror=yes
xorg_cv_cc_flag__Werror_address=yes
xorg_cv_cc_flag__Werror_array_bounds=yes
xorg_cv_cc_flag__Werror_attributes=yes
xorg_cv_cc_flag__Werror_implicit=yes
xorg_cv_cc_flag__Werror_init_self=yes
xorg_cv_cc_flag__Werror_int_to_pointer_cast=yes
xorg_cv_cc_flag__Werror_main=yes
xorg_cv_cc_flag__Werror_missing_braces=yes
xorg_cv_cc_flag__Werror_nonnull=yes
xorg_cv_cc_flag__Werror_pointer_to_int_cast=yes
xorg_cv_cc_flag__Werror_return_type=yes
xorg_cv_cc_flag__Werror_sequence_point=yes
xorg_cv_cc_flag__Werror_trigraphs=yes
xorg_cv_cc_flag__Werror_write_strings=yes
xorg_cv_cc_flag__Wformat_2=yes
xorg_cv_cc_flag__Wlogical_op=yes
xorg_cv_cc_flag__Wmissing_declarations=yes
xorg_cv_cc_flag__Wmissing_format_attribute=yes
xorg_cv_cc_flag__Wmissing_noreturn=yes
xorg_cv_cc_flag__Wmissing_prototypes=yes
xorg_cv_cc_flag__Wnested_externs=yes
xorg_cv_cc_flag__Wold_style_definition=yes
xorg_cv_cc_flag__Wpointer_arith=yes
xorg_cv_cc_flag__Wredundant_decls=yes
xorg_cv_cc_flag__Wshadow=yes
xorg_cv_cc_flag__Wstrict_prototypes=yes
xorg_cv_cc_flag__Wuninitialized=yes
xorg_cv_cc_flag__Wunused=yes
xorg_cv_cc_flag__pedantic=yes
xorg_cv_cc_flag_unknown_warning_option=no
xorg_cv_cc_flag_unused_command_line_argument=no

## ----------------- ##
## Output variables. ##
## ----------------- ##

ACLOCAL='${SHELL} '\''/home/mearvk/IdeaProjects/Ubuntu.Determinant.Alpha.Restricted/userland/x11/_build/libxkbfile-1.1.3/missing'\'' aclocal-1.16'
ADMIN_MAN_DIR='$(mandir)/man$(ADMIN_MAN_SUFFIX)'
ADMIN_MAN_SUFFIX='8'
AMDEPBACKSLASH='\'
AMDEP_FALSE='#'
AMDEP_TRUE=''
AMTAR='$${TAR-tar}'
AM_BACKSLASH='\'
AM_DEFAULT_V='$(AM_DEFAULT_VERBOSITY)'
AM_DEFAULT_VERBOSITY='0'
AM_V='$(V)'
APP_MAN_DIR='$(mandir)/man$(APP_MAN_SUFFIX)'
APP_MAN_SUFFIX='1'
AR='ar'
AUTOCONF='${SHELL} '\''/home/mearvk/IdeaProjects/Ubuntu.Determinant.Alpha.Restricted/userland/x11/_build/libxkbfile-1.1.3/missing'\'' autoconf'
AUTOHEADER='${SHELL} '\''/home/mearvk/IdeaProjects/Ubuntu.Determinant.Alpha.Restricted/userland/x11/_build/libxkbfile-1.1.3/missing'\'' autoheader'
AUTOMAKE='${SHELL} '\''/home/mearvk/IdeaProjects/Ubuntu.Determinant.Alpha.Restricted/userland/x11/_build/libxkbfile-1.1.3/missing'\'' automake-1.16'
AWK='mawk'
BASE_CFLAGS=' -Wall -Wpointer-arith -Wmissing-declarations -Wformat=2 -Wstrict-prototypes -Wmissing-prototypes -Wnested-externs -Wbad-function-cast -Wold-style-definition -Wdeclaration-after-statement -Wunused -Wuninitialized -Wshadow -Wmissing-noreturn -Wmissing-format-attribute -Wredundant-decls -Wlogical-op -Werror=implicit -Werror=nonnull -Werror=init-self -Werror=main -Werror=missing-braces -Werror=sequence-point -Werror=return-type -Werror=trigraphs -Werror=array-bounds -Werror=write-strings -Werror=address -Werror=int-to-pointer-cast -Werror=pointer-to-int-cast'
CC='gcc'
CCDEPMODE='depmode=gcc3'
CFLAGS='-g -O2'
CHANGELOG_CMD='((GIT_DIR=$(top_srcdir)/.git git log > $(top_srcdir)/.changelog.tmp) 2>/dev/null && mv $(top_srcdir)/.changelog.tmp $(top_srcdir)/ChangeLog) || (rm -f $(top_srcdir)/.changelog.tmp; test -e $(top_srcdir)/ChangeLog || ( touch $(top_srcdir)/ChangeLog; echo '\''git failed to create ChangeLog: installing empty ChangeLog.'\'' >&2))'
CPPFLAGS=''
CSCOPE='cscope'
CTAGS='ctags'
CWARNFLAGS=' -Wall -Wpointer-arith -Wmissing-declarations -Wformat=2 -Wstrict-prototypes -Wmissing-prototypes -Wnested-externs -Wbad-function-cast -Wold-style-definition -Wdeclaration-after-statement -Wunused -Wuninitialized -Wshadow -Wmissing-noreturn -Wmissing-format-attribute -Wredundant-decls -Wlogical-op -Werror=implicit -Werror=nonnull -Werror=init-self -Werror=main -Werror=missing-braces -Werror=sequence-point -Werror=return-type -Werror=trigraphs -Werror=array-bounds -Werror=write-strings -Werror=address -Werror=int-to-pointer-cast -Werror=pointer-to-int-cast -fno-strict-aliasing'
CYGPATH_W='echo'
DEFS='-DHAVE_CONFIG_H'
DEPDIR='.deps'
DLLTOOL='false'
DRIVER_MAN_DIR='$(mandir)/man$(DRIVER_MAN_SUFFIX)'
DRIVER_MAN_SUFFIX='4'
DSYMUTIL=''
DUMPBIN=''
ECHO_C=''
ECHO_N='-n'
ECHO_T=''
EGREP='/usr/bin/grep -E'
ETAGS='etags'
EXEEXT=''
FGREP='/usr/bin/grep -F'
FILECMD='file'
FILE_MAN_DIR='$(mandir)/man$(FILE_MAN_SUFFIX)'
FILE_MAN_SUFFIX='5'
GREP='/usr/bin/grep'
INSTALL_CMD='(cp -f /INSTALL $(top_srcdir)/.INSTALL.tmp && mv $(top_srcdir)/.INSTALL.tmp $(top_srcdir)/INSTALL) || (rm -f $(top_srcdir)/.INSTALL.tmp; test -e $(top_srcdir)/INSTALL || ( touch $(top_srcdir)/INSTALL; echo '\''failed to copy INSTALL from util-macros: installing empty INSTALL.'\'' >&2))'
INSTALL_DATA='${INSTALL} -m 644'
INSTALL_PROGRAM='${INSTALL}'
INSTALL_SCRIPT='${INSTALL}'
INSTALL_STRIP_PROGRAM='$(install_sh) -c -s'
LD='/usr/bin/ld -m elf_x86_64'
LDFLAGS=''
LIBOBJS=''
LIBS=''
LIBTOOL='$(SHELL) $(top_builddir)/libtool'
LIB_MAN_DIR='$(mandir)/man$(LIB_MAN_SUFFIX)'
LIB_MAN_SUFFIX='3'
LIPO=''
LN_S='ln -s'
LTLIBOBJS=''
LT_SYS_LIBRARY_PATH=''
MAKEINFO='${SHELL} '\''/home/mearvk/IdeaProjects/Ubuntu.Determinant.Alpha.Restricted/userland/x11/_build/libxkbfile-1.1.3/missing'\'' makeinfo'
MANIFEST_TOOL=':'
MAN_SUBSTS='	-e '\''s|__vendorversion__|"$(PACKAGE_STRING)" "$(XORG_MAN_PAGE)"|'\'' 	-e '\''s|__xorgversion__|"$(PACKAGE_STRING)" "$(XORG_MAN_PAGE)"|'\'' 	-e '\''s|__xservername__|Xorg|g'\'' 	-e '\''s|__xconfigfile__|xorg.conf|g'\'' 	-e '\''s|__projectroot__|$(prefix)|g'\'' 	-e '\''s|__apploaddir__|$(appdefaultdir)|g'\'' 	-e '\''s|__appmansuffix__|$(APP_MAN_SUFFIX)|g'\'' 	-e '\''s|__drivermansuffix__|$(DRIVER_MAN_SUFFIX)|g'\'' 	-e '\''s|__adminmansuffix__|$(ADMIN_MAN_SUFFIX)|g'\'' 	-e '\''s|__libmansuffix__|$(LIB_MAN_SUFFIX)|g'\'' 	-e '\''s|__miscmansuffix__|$(MISC_MAN_SUFFIX)|g'\'' 	-e '\''s|__filemansuffix__|$(FILE_MAN_SUFFIX)|g'\'''
MISC_MAN_DIR='$(mandir)/man$(MISC_MAN_SUFFIX)'
MISC_MAN_SUFFIX='7'
MKDIR_P='/usr/bin/mkdir -p'
NM='/usr/bin/nm -B'
NMEDIT=''
OBJDUMP='objdump'
OBJEXT='o'
OTOOL64=''
OTOOL=''
PACKAGE='libxkbfile'
PACKAGE_BUGREPORT='https://gitlab.freedesktop.org/xorg/lib/libxkbfile/-/issues'
PACKAGE_NAME='libxkbfile'
PACKAGE_STRING='libxkbfile 1.1.3'
PACKAGE_TARNAME='libxkbfile'
PACKAGE_URL=''
PACKAGE_VERSION='1.1.3'
PATH_SEPARATOR=':'
PKG_CONFIG='/usr/bin/pkg-config'
PKG_CONFIG_LIBDIR=''
PKG_CONFIG_PATH='/home/mearvk/IdeaProjects/Ubuntu.Determinant.Alpha.Restricted/userland/x11/_build/sysroot/usr/lib/pkgconfig:/home/mearvk/IdeaProjects/Ubuntu.Determinant.Alpha.Restricted/userland/x11/_build/sysroot/usr/lib/x86_64-linux-gnu/pkgconfig:/home/mearvk/IdeaProjects/Ubuntu.Determinant.Alpha.Restricted/userland/x11/_build/sysroot/usr/share/pkgconfig'
RANLIB='ranlib'
SED='/usr/bin/sed'
SET_MAKE=''
SHELL='/bin/bash'
STRICT_CFLAGS=' -pedantic -Werror -Werror=attributes'
STRIP='strip'
VERSION='1.1.3'
XKBFILE_CFLAGS='-I/home/mearvk/IdeaProjects/Ubuntu.Determinant.Alpha.Restricted/userland/x11/_build/sysroot/usr/include '
XKBFILE_LIBS='-L/home/mearvk/IdeaProjects/Ubuntu.Determinant.Alpha.Restricted/userland/x11/_build/sysroot/usr/lib -lX11 '
XORG_MAN_PAGE='X Version 11'
ac_ct_AR='ar'
ac_ct_CC='gcc'
ac_ct_DUMPBIN=''
am__EXEEXT_FALSE=''
am__EXEEXT_TRUE='#'
am__fastdepCC_FALSE='#'
am__fastdepCC_TRUE=''
am__include='include'
am__isrc=''
am__leading_dot='.'
am__nodep='_no'
am__quote=''
am__tar='$${TAR-tar} chof - "$$tardir"'
am__untar='$${TAR-tar} xf -'
bindir='${exec_prefix}/bin'
build='x86_64-pc-linux-gnu'
build_alias=''
build_cpu='x86_64'
build_os='linux-gnu'
build_vendor='pc'
datadir='${datarootdir}'
datarootdir='${prefix}/share'
docdir='${datarootdir}/doc/${PACKAGE_TARNAME}'
dvidir='${docdir}'
exec_prefix='${prefix}'
host='x86_64-pc-linux-gnu'
host_alias=''
host_cpu='x86_64'
host_os='linux-gnu'
host_vendor='pc'
htmldir='${docdir}'
includedir='${prefix}/include'
infodir='${datarootdir}/info'
install_sh='${SHELL} /home/mearvk/IdeaProjects/Ubuntu.Determinant.Alpha.Restricted/userland/x11/_build/libxkbfile-1.1.3/install-sh'
libdir='/usr/lib'
libexecdir='${exec_prefix}/libexec'
localedir='${datarootdir}/locale'
localstatedir='${prefix}/var'
mandir='${datarootdir}/man'
mkdir_p='$(MKDIR_P)'
oldincludedir='/usr/include'
pdfdir='${docdir}'
prefix='/usr'
program_transform_name='s,x,x,'
psdir='${docdir}'
runstatedir='${localstatedir}/run'
sbindir='${exec_prefix}/sbin'
sharedstatedir='${prefix}/com'
sysconfdir='${prefix}/etc'
target_alias=''

## ----------- ##
## confdefs.h. ##
## ----------- ##

/* confdefs.h */
#define PACKAGE_NAME "libxkbfile"
#define PACKAGE_TARNAME "libxkbfile"
#define PACKAGE_VERSION "1.1.3"
#define PACKAGE_STRING "libxkbfile 1.1.3"
#define PACKAGE_BUGREPORT "https://gitlab.freedesktop.org/xorg/lib/libxkbfile/-/issues"
#define PACKAGE_URL ""
#define PACKAGE "libxkbfile"
#define VERSION "1.1.3"
#define HAVE_STDIO_H 1
#define HAVE_STDLIB_H 1
#define HAVE_STRING_H 1
#define HAVE_INTTYPES_H 1
#define HAVE_STDINT_H 1
#define HAVE_STRINGS_H 1
#define HAVE_SYS_STAT_H 1
#define HAVE_SYS_TYPES_H 1
#define HAVE_UNISTD_H 1
#define STDC_HEADERS 1
#define HAVE_DLFCN_H 1
#define LT_OBJDIR ".libs/"
#define PACKAGE_VERSION_MAJOR 1
#define PACKAGE_VERSION_MINOR 1
#define PACKAGE_VERSION_PATCHLEVEL 3
#define HAVE_STRCASECMP 1
#define HAVE_STRNDUP 1
#define HAVE_UNLOCKED_STDIO 1

configure: exit 0
