This file contains any messages produced by compilers while
running configure, to aid debugging if configure makes a mistake.

It was created by libXrender configure 0.9.11, which was
generated by GNU Autoconf 2.71.  Invocation command line was

  $ ./configure --prefix=/usr --libdir=/usr/lib PKG_CONFIG_PATH=/home/mearvk/IdeaProjects/Ubuntu.Determinant.Alpha.Restricted/userland/x11/_build/sysroot/usr/lib/pkgconfig:/home/mearvk/IdeaProjects/Ubuntu.Determinant.Alpha.Restricted/userland/x11/_build/sysroot/usr/lib/x86_64-linux-gnu/pkgconfig:/home/mearvk/IdeaProjects/Ubuntu.Determinant.Alpha.Restricted/userland/x11/_build/sysroot/usr/share/pkgconfig

## --------- ##
## Platform. ##
## --------- ##

hostname = mearvk-X900-A8800
uname -m = x86_64
uname -r = 6.8.0-136-generic
uname -s = Linux
uname -v = #136-Ubuntu SMP PREEMPT_DYNAMIC Wed Jul  1 21:53:05 UTC 2026

/usr/bin/uname -p = x86_64
/bin/uname -X     = unknown

/bin/arch              = x86_64
/usr/bin/arch -k       = unknown
/usr/convex/getsysinfo = unknown
/usr/bin/hostinfo      = unknown
/bin/machine           = unknown
/usr/bin/oslevel       = unknown
/bin/universe          = unknown

PATH: /home/mearvk/.opencode/bin/
PATH: /home/mearvk/.nvm/versions/node/v24.16.0/bin/
PATH: /home/mearvk/.cargo/bin/
PATH: /home/mearvk/.local/bin/
PATH: /usr/local/sbin/
PATH: /usr/local/bin/
PATH: /usr/sbin/
PATH: /usr/bin/
PATH: /sbin/
PATH: /bin/
PATH: /usr/games/
PATH: /usr/local/games/
PATH: /snap/bin/
PATH: /snap/bin/


## ----------- ##
## Core tests. ##
## ----------- ##

configure:2504: looking for aux files: compile config.guess config.sub ltmain.sh missing install-sh
configure:2517:  trying ./
configure:2546:   ./compile found
configure:2546:   ./config.guess found
configure:2546:   ./config.sub found
configure:2546:   ./ltmain.sh found
configure:2546:   ./missing found
configure:2528:   ./install-sh found
configure:2683: checking for a BSD-compatible install
configure:2756: result: /usr/bin/install -c
configure:2767: checking whether build environment is sane
configure:2822: result: yes
configure:2981: checking for a race-free mkdir -p
configure:3025: result: /usr/bin/mkdir -p
configure:3032: checking for gawk
configure:3067: result: no
configure:3032: checking for mawk
configure:3053: found /usr/bin/mawk
configure:3064: result: mawk
configure:3075: checking whether make sets $(MAKE)
configure:3098: result: yes
configure:3128: checking whether make supports nested variables
configure:3146: result: yes
configure:3316: checking build system type
configure:3331: result: x86_64-pc-linux-gnu
configure:3351: checking host system type
configure:3365: result: x86_64-pc-linux-gnu
configure:3406: checking how to print strings
configure:3433: result: printf
configure:3467: checking whether make supports the include directive
configure:3482: make -f confmf.GNU && cat confinc.out
make[2]: Entering directory '/home/mearvk/IdeaProjects/Ubuntu.Determinant.Alpha.Restricted/userland/x11/_build/libXrender-0.9.11'
make[2]: Leaving directory '/home/mearvk/IdeaProjects/Ubuntu.Determinant.Alpha.Restricted/userland/x11/_build/libXrender-0.9.11'
this is the am__doit target
configure:3485: $? = 0
configure:3504: result: yes (GNU style)
configure:3580: checking for gcc
configure:3601: found /usr/bin/gcc
configure:3612: result: gcc
configure:3965: checking for C compiler version
configure:3974: gcc --version >&5
gcc (Ubuntu 13.3.0-6ubuntu2~24.04.1) 13.3.0
Copyright (C) 2023 Free Software Foundation, Inc.
This is free software; see the source for copying conditions.  There is NO
warranty; not even for MERCHANTABILITY or FITNESS FOR A PARTICULAR PURPOSE.

configure:3985: $? = 0
configure:3974: gcc -v >&5
Using built-in specs.
COLLECT_GCC=gcc
COLLECT_LTO_WRAPPER=/usr/libexec/gcc/x86_64-linux-gnu/13/lto-wrapper
OFFLOAD_TARGET_NAMES=nvptx-none:amdgcn-amdhsa
OFFLOAD_TARGET_DEFAULT=1
Target: x86_64-linux-gnu
Configured with: ../src/configure -v --with-pkgversion='Ubuntu 13.3.0-6ubuntu2~24.04.1' --with-bugurl=file:///usr/share/doc/gcc-13/README.Bugs --enable-languages=c,ada,c++,go,d,fortran,objc,obj-c++,m2 --prefix=/usr --with-gcc-major-version-only --program-suffix=-13 --program-prefix=x86_64-linux-gnu- --enable-shared --enable-linker-build-id --libexecdir=/usr/libexec --without-included-gettext --enable-threads=posix --libdir=/usr/lib --enable-nls --enable-bootstrap --enable-clocale=gnu --enable-libstdcxx-debug --enable-libstdcxx-time=yes --with-default-libstdcxx-abi=new --enable-libstdcxx-backtrace --enable-gnu-unique-object --disable-vtable-verify --enable-plugin --enable-default-pie --with-system-zlib --enable-libphobos-checking=release --with-target-system-zlib=auto --enable-objc-gc=auto --enable-multiarch --disable-werror --enable-cet --with-arch-32=i686 --with-abi=m64 --with-multilib-list=m32,m64,mx32 --enable-multilib --with-tune=generic --enable-offload-targets=nvptx-none=/build/gcc-13-EldibY/gcc-13-13.3.0/debian/tmp-nvptx/usr,amdgcn-amdhsa=/build/gcc-13-EldibY/gcc-13-13.3.0/debian/tmp-gcn/usr --enable-offload-defaulted --without-cuda-driver --enable-checking=release --build=x86_64-linux-gnu --host=x86_64-linux-gnu --target=x86_64-linux-gnu --with-build-config=bootstrap-lto-lean --enable-link-serialization=2
Thread model: posix
Supported LTO compression algorithms: zlib zstd
gcc version 13.3.0 (Ubuntu 13.3.0-6ubuntu2~24.04.1) 
... rest of stderr output deleted ...
configure:3985: $? = 0
configure:3974: gcc -V >&5
gcc: error: unrecognized command-line option '-V'
gcc: fatal error: no input files
compilation terminated.
configure:3985: $? = 1
configure:3974: gcc -qversion >&5
gcc: error: unrecognized command-line option '-qversion'; did you mean '--version'?
gcc: fatal error: no input files
compilation terminated.
configure:3985: $? = 1
configure:3974: gcc -version >&5
gcc: error: unrecognized command-line option '-version'
gcc: fatal error: no input files
compilation terminated.
configure:3985: $? = 1
configure:4005: checking whether the C compiler works
configure:4027: gcc    conftest.c  >&5
configure:4031: $? = 0
configure:4081: result: yes
configure:4084: checking for C compiler default output file name
configure:4086: result: a.out
configure:4092: checking for suffix of executables
configure:4099: gcc -o conftest    conftest.c  >&5
configure:4103: $? = 0
configure:4126: result: 
configure:4148: checking whether we are cross compiling
configure:4156: gcc -o conftest    conftest.c  >&5
configure:4160: $? = 0
configure:4167: ./conftest
configure:4171: $? = 0
configure:4186: result: no
configure:4191: checking for suffix of object files
configure:4214: gcc -c   conftest.c >&5
configure:4218: $? = 0
configure:4240: result: o
configure:4244: checking whether the compiler supports GNU C
configure:4264: gcc -c   conftest.c >&5
configure:4264: $? = 0
configure:4274: result: yes
configure:4285: checking whether gcc accepts -g
configure:4306: gcc -c -g  conftest.c >&5
configure:4306: $? = 0
configure:4350: result: yes
configure:4370: checking for gcc option to enable C11 features
configure:4385: gcc  -c -g -O2  conftest.c >&5
configure:4385: $? = 0
configure:4403: result: none needed
configure:4519: checking whether gcc understands -c and -o together
configure:4542: gcc -c conftest.c -o conftest2.o
configure:4545: $? = 0
configure:4542: gcc -c conftest.c -o conftest2.o
configure:4545: $? = 0
configure:4557: result: yes
configure:4576: checking dependency style of gcc
configure:4688: result: gcc3
configure:4703: checking for a sed that does not truncate output
configure:4773: result: /usr/bin/sed
configure:4791: checking for grep that handles long lines and -e
configure:4855: result: /usr/bin/grep
configure:4860: checking for egrep
configure:4928: result: /usr/bin/grep -E
configure:4933: checking for fgrep
configure:5001: result: /usr/bin/grep -F
configure:5037: checking for ld used by gcc
configure:5105: result: /usr/bin/ld
configure:5112: checking if the linker (/usr/bin/ld) is GNU ld
configure:5128: result: yes
configure:5140: checking for BSD- or MS-compatible name lister (nm)
configure:5195: result: /usr/bin/nm -B
configure:5335: checking the name lister (/usr/bin/nm -B) interface
configure:5343: gcc -c -g -O2  conftest.c >&5
configure:5346: /usr/bin/nm -B "conftest.o"
configure:5349: output
0000000000000000 B some_variable
configure:5356: result: BSD nm
configure:5359: checking whether ln -s works
configure:5363: result: yes
configure:5371: checking the maximum length of command line arguments
configure:5503: result: 1572864
configure:5551: checking how to convert x86_64-pc-linux-gnu file names to x86_64-pc-linux-gnu format
configure:5592: result: func_convert_file_noop
configure:5599: checking how to convert x86_64-pc-linux-gnu file names to toolchain format
configure:5620: result: func_convert_file_noop
configure:5627: checking for /usr/bin/ld option to reload object files
configure:5635: result: -r
configure:5714: checking for file
configure:5735: found /usr/bin/file
configure:5746: result: file
configure:5822: checking for objdump
configure:5843: found /usr/bin/objdump
configure:5854: result: objdump
configure:5886: checking how to recognize dependent libraries
configure:6087: result: pass_all
configure:6177: checking for dlltool
configure:6212: result: no
configure:6242: checking how to associate runtime and link libraries
configure:6270: result: printf %s\n
configure:6336: checking for ar
configure:6357: found /usr/bin/ar
configure:6368: result: ar
configure:6421: checking for archiver @FILE support
configure:6439: gcc -c -g -O2  conftest.c >&5
configure:6439: $? = 0
configure:6443: ar cr libconftest.a @conftest.lst >&5
configure:6446: $? = 0
configure:6451: ar cr libconftest.a @conftest.lst >&5
ar: conftest.o: No such file or directory
configure:6454: $? = 1
configure:6466: result: @
configure:6529: checking for strip
configure:6550: found /usr/bin/strip
configure:6561: result: strip
configure:6638: checking for ranlib
configure:6659: found /usr/bin/ranlib
configure:6670: result: ranlib
configure:6772: checking command to parse /usr/bin/nm -B output from gcc object
configure:6926: gcc -c -g -O2  conftest.c >&5
configure:6929: $? = 0
configure:6933: /usr/bin/nm -B conftest.o \| /usr/bin/sed -n -e 's/^.*[ ]\([ABCDGIRSTW][ABCDGIRSTW]*\)[ ][ ]*\([_A-Za-z][_A-Za-z0-9]*\)$/\1 \2 \2/p' | /usr/bin/sed '/ __gnu_lto/d' \> conftest.nm
configure:6936: $? = 0
configure:7002: gcc -o conftest -g -O2   conftest.c conftstm.o >&5
configure:7005: $? = 0
configure:7043: result: ok
configure:7090: checking for sysroot
configure:7121: result: no
configure:7128: checking for a working dd
configure:7172: result: /usr/bin/dd
configure:7176: checking how to truncate binary pipes
configure:7192: result: /usr/bin/dd bs=4096 count=1
configure:7329: gcc -c -g -O2  conftest.c >&5
configure:7332: $? = 0
configure:7529: checking for mt
configure:7550: found /usr/bin/mt
configure:7561: result: mt
configure:7584: checking if mt is a manifest tool
configure:7591: mt '-?'
configure:7599: result: no
configure:8324: checking for stdio.h
configure:8324: gcc -c -g -O2  conftest.c >&5
configure:8324: $? = 0
configure:8324: result: yes
configure:8324: checking for stdlib.h
configure:8324: gcc -c -g -O2  conftest.c >&5
configure:8324: $? = 0
configure:8324: result: yes
configure:8324: checking for string.h
configure:8324: gcc -c -g -O2  conftest.c >&5
configure:8324: $? = 0
configure:8324: result: yes
configure:8324: checking for inttypes.h
configure:8324: gcc -c -g -O2  conftest.c >&5
configure:8324: $? = 0
configure:8324: result: yes
configure:8324: checking for stdint.h
configure:8324: gcc -c -g -O2  conftest.c >&5
configure:8324: $? = 0
configure:8324: result: yes
configure:8324: checking for strings.h
configure:8324: gcc -c -g -O2  conftest.c >&5
configure:8324: $? = 0
configure:8324: result: yes
configure:8324: checking for sys/stat.h
configure:8324: gcc -c -g -O2  conftest.c >&5
configure:8324: $? = 0
configure:8324: result: yes
configure:8324: checking for sys/types.h
configure:8324: gcc -c -g -O2  conftest.c >&5
configure:8324: $? = 0
configure:8324: result: yes
configure:8324: checking for unistd.h
configure:8324: gcc -c -g -O2  conftest.c >&5
configure:8324: $? = 0
configure:8324: result: yes
configure:8349: checking for dlfcn.h
configure:8349: gcc -c -g -O2  conftest.c >&5
configure:8349: $? = 0
configure:8349: result: yes
configure:8608: checking for objdir
configure:8624: result: .libs
configure:8884: checking if gcc supports -fno-rtti -fno-exceptions
configure:8903: gcc -c -g -O2  -fno-rtti -fno-exceptions conftest.c >&5
cc1: warning: command-line option '-fno-rtti' is valid for C++/D/ObjC++ but not for C
configure:8907: $? = 0
configure:8920: result: no
configure:9278: checking for gcc option to produce PIC
configure:9286: result: -fPIC -DPIC
configure:9294: checking if gcc PIC flag -fPIC -DPIC works
configure:9313: gcc -c -g -O2  -fPIC -DPIC -DPIC conftest.c >&5
configure:9317: $? = 0
configure:9330: result: yes
configure:9359: checking if gcc static flag -static works
configure:9388: result: yes
configure:9403: checking if gcc supports -c -o file.o
configure:9425: gcc -c -g -O2  -o out/conftest2.o conftest.c >&5
configure:9429: $? = 0
configure:9451: result: yes
configure:9459: checking if gcc supports -c -o file.o
configure:9507: result: yes
configure:9540: checking whether the gcc linker (/usr/bin/ld -m elf_x86_64) supports shared libraries
configure:10808: result: yes
configure:10845: checking whether -lc should be explicitly linked in
configure:10854: gcc -c -g -O2  conftest.c >&5
configure:10857: $? = 0
configure:10872: gcc -shared  -fPIC -DPIC conftest.o  -v -Wl,-soname -Wl,conftest -o conftest 2\>\&1 \| /usr/bin/grep  -lc  \>/dev/null 2\>\&1
configure:10875: $? = 0
configure:10889: result: no
configure:11049: checking dynamic linker characteristics
configure:11631: gcc -o conftest -g -O2   -Wl,-rpath -Wl,/foo conftest.c  >&5
configure:11631: $? = 0
configure:11870: result: GNU/Linux ld.so
configure:11992: checking how to hardcode library paths into programs
configure:12017: result: immediate
configure:12569: checking whether stripping libraries is possible
configure:12578: result: yes
configure:12620: checking if libtool supports shared libraries
configure:12622: result: yes
configure:12625: checking whether to build shared libraries
configure:12650: result: yes
configure:12653: checking whether to build static libraries
configure:12657: result: yes
configure:12708: checking for gcc options needed to detect all undeclared functions
configure:12730: gcc -c -g -O2   conftest.c >&5
conftest.c: In function 'main':
conftest.c:27:8: error: 'strchr' undeclared (first use in this function)
   27 | (void) strchr;
      |        ^~~~~~
conftest.c:1:1: note: 'strchr' is defined in header '<string.h>'; did you forget to '#include <string.h>'?
    1 | /* confdefs.h */
conftest.c:27:8: note: each undeclared identifier is reported only once for each function it appears in
   27 | (void) strchr;
      |        ^~~~~~
configure:12730: $? = 1
configure: failed program was:
| /* confdefs.h */
| #define PACKAGE_NAME "libXrender"
| #define PACKAGE_TARNAME "libXrender"
| #define PACKAGE_VERSION "0.9.11"
| #define PACKAGE_STRING "libXrender 0.9.11"
| #define PACKAGE_BUGREPORT "https://gitlab.freedesktop.org/xorg/lib/libxrender/-/issues"
| #define PACKAGE_URL ""
| #define PACKAGE "libXrender"
| #define VERSION "0.9.11"
| #define HAVE_STDIO_H 1
| #define HAVE_STDLIB_H 1
| #define HAVE_STRING_H 1
| #define HAVE_INTTYPES_H 1
| #define HAVE_STDINT_H 1
| #define HAVE_STRINGS_H 1
| #define HAVE_SYS_STAT_H 1
| #define HAVE_SYS_TYPES_H 1
| #define HAVE_UNISTD_H 1
| #define STDC_HEADERS 1
| #define HAVE_DLFCN_H 1
| #define LT_OBJDIR ".libs/"
| /* end confdefs.h.  */
| 
| int
| main (void)
| {
| (void) strchr;
|   ;
|   return 0;
| }
configure:12757: gcc -c -g -O2   conftest.c >&5
configure:12757: $? = 0
configure:12774: result: none needed
configure:12792: checking whether __clang__ is declared
configure:12792: gcc -c -g -O2   conftest.c >&5
conftest.c: In function 'main':
conftest.c:58:10: error: '__clang__' undeclared (first use in this function)
   58 |   (void) __clang__;
      |          ^~~~~~~~~
conftest.c:58:10: note: each undeclared identifier is reported only once for each function it appears in
configure:12792: $? = 1
configure: failed program was:
| /* confdefs.h */
| #define PACKAGE_NAME "libXrender"
| #define PACKAGE_TARNAME "libXrender"
| #define PACKAGE_VERSION "0.9.11"
| #define PACKAGE_STRING "libXrender 0.9.11"
| #define PACKAGE_BUGREPORT "https://gitlab.freedesktop.org/xorg/lib/libxrender/-/issues"
| #define PACKAGE_URL ""
| #define PACKAGE "libXrender"
| #define VERSION "0.9.11"
| #define HAVE_STDIO_H 1
| #define HAVE_STDLIB_H 1
| #define HAVE_STRING_H 1
| #define HAVE_INTTYPES_H 1
| #define HAVE_STDINT_H 1
| #define HAVE_STRINGS_H 1
| #define HAVE_SYS_STAT_H 1
| #define HAVE_SYS_TYPES_H 1
| #define HAVE_UNISTD_H 1
| #define STDC_HEADERS 1
| #define HAVE_DLFCN_H 1
| #define LT_OBJDIR ".libs/"
| /* end confdefs.h.  */
| #include <stddef.h>
| #ifdef HAVE_STDIO_H
| # include <stdio.h>
| #endif
| #ifdef HAVE_STDLIB_H
| # include <stdlib.h>
| #endif
| #ifdef HAVE_STRING_H
| # include <string.h>
| #endif
| #ifdef HAVE_INTTYPES_H
| # include <inttypes.h>
| #endif
| #ifdef HAVE_STDINT_H
| # include <stdint.h>
| #endif
| #ifdef HAVE_STRINGS_H
| # include <strings.h>
| #endif
| #ifdef HAVE_SYS_TYPES_H
| # include <sys/types.h>
| #endif
| #ifdef HAVE_SYS_STAT_H
| # include <sys/stat.h>
| #endif
| #ifdef HAVE_UNISTD_H
| # include <unistd.h>
| #endif
| int
| main (void)
| {
| #ifndef __clang__
| #ifdef __cplusplus
|   (void) __clang__;
| #else
|   (void) __clang__;
| #endif
| #endif
| 
|   ;
|   return 0;
| }
configure:12792: result: no
configure:12799: checking whether __INTEL_COMPILER is declared
configure:12799: gcc -c -g -O2   conftest.c >&5
conftest.c: In function 'main':
conftest.c:58:10: error: '__INTEL_COMPILER' undeclared (first use in this function)
   58 |   (void) __INTEL_COMPILER;
      |          ^~~~~~~~~~~~~~~~
conftest.c:58:10: note: each undeclared identifier is reported only once for each function it appears in
configure:12799: $? = 1
configure: failed program was:
| /* confdefs.h */
| #define PACKAGE_NAME "libXrender"
| #define PACKAGE_TARNAME "libXrender"
| #define PACKAGE_VERSION "0.9.11"
| #define PACKAGE_STRING "libXrender 0.9.11"
| #define PACKAGE_BUGREPORT "https://gitlab.freedesktop.org/xorg/lib/libxrender/-/issues"
| #define PACKAGE_URL ""
| #define PACKAGE "libXrender"
| #define VERSION "0.9.11"
| #define HAVE_STDIO_H 1
| #define HAVE_STDLIB_H 1
| #define HAVE_STRING_H 1
| #define HAVE_INTTYPES_H 1
| #define HAVE_STDINT_H 1
| #define HAVE_STRINGS_H 1
| #define HAVE_SYS_STAT_H 1
| #define HAVE_SYS_TYPES_H 1
| #define HAVE_UNISTD_H 1
| #define STDC_HEADERS 1
| #define HAVE_DLFCN_H 1
| #define LT_OBJDIR ".libs/"
| /* end confdefs.h.  */
| #include <stddef.h>
| #ifdef HAVE_STDIO_H
| # include <stdio.h>
| #endif
| #ifdef HAVE_STDLIB_H
| # include <stdlib.h>
| #endif
| #ifdef HAVE_STRING_H
| # include <string.h>
| #endif
| #ifdef HAVE_INTTYPES_H
| # include <inttypes.h>
| #endif
| #ifdef HAVE_STDINT_H
| # include <stdint.h>
| #endif
| #ifdef HAVE_STRINGS_H
| # include <strings.h>
| #endif
| #ifdef HAVE_SYS_TYPES_H
| # include <sys/types.h>
| #endif
| #ifdef HAVE_SYS_STAT_H
| # include <sys/stat.h>
| #endif
| #ifdef HAVE_UNISTD_H
| # include <unistd.h>
| #endif
| int
| main (void)
| {
| #ifndef __INTEL_COMPILER
| #ifdef __cplusplus
|   (void) __INTEL_COMPILER;
| #else
|   (void) __INTEL_COMPILER;
| #endif
| #endif
| 
|   ;
|   return 0;
| }
configure:12799: result: no
configure:12806: checking whether __SUNPRO_C is declared
configure:12806: gcc -c -g -O2   conftest.c >&5
conftest.c: In function 'main':
conftest.c:58:10: error: '__SUNPRO_C' undeclared (first use in this function)
   58 |   (void) __SUNPRO_C;
      |          ^~~~~~~~~~
conftest.c:58:10: note: each undeclared identifier is reported only once for each function it appears in
configure:12806: $? = 1
configure: failed program was:
| /* confdefs.h */
| #define PACKAGE_NAME "libXrender"
| #define PACKAGE_TARNAME "libXrender"
| #define PACKAGE_VERSION "0.9.11"
| #define PACKAGE_STRING "libXrender 0.9.11"
| #define PACKAGE_BUGREPORT "https://gitlab.freedesktop.org/xorg/lib/libxrender/-/issues"
| #define PACKAGE_URL ""
| #define PACKAGE "libXrender"
| #define VERSION "0.9.11"
| #define HAVE_STDIO_H 1
| #define HAVE_STDLIB_H 1
| #define HAVE_STRING_H 1
| #define HAVE_INTTYPES_H 1
| #define HAVE_STDINT_H 1
| #define HAVE_STRINGS_H 1
| #define HAVE_SYS_STAT_H 1
| #define HAVE_SYS_TYPES_H 1
| #define HAVE_UNISTD_H 1
| #define STDC_HEADERS 1
| #define HAVE_DLFCN_H 1
| #define LT_OBJDIR ".libs/"
| /* end confdefs.h.  */
| #include <stddef.h>
| #ifdef HAVE_STDIO_H
| # include <stdio.h>
| #endif
| #ifdef HAVE_STDLIB_H
| # include <stdlib.h>
| #endif
| #ifdef HAVE_STRING_H
| # include <string.h>
| #endif
| #ifdef HAVE_INTTYPES_H
| # include <inttypes.h>
| #endif
| #ifdef HAVE_STDINT_H
| # include <stdint.h>
| #endif
| #ifdef HAVE_STRINGS_H
| # include <strings.h>
| #endif
| #ifdef HAVE_SYS_TYPES_H
| # include <sys/types.h>
| #endif
| #ifdef HAVE_SYS_STAT_H
| # include <sys/stat.h>
| #endif
| #ifdef HAVE_UNISTD_H
| # include <unistd.h>
| #endif
| int
| main (void)
| {
| #ifndef __SUNPRO_C
| #ifdef __cplusplus
|   (void) __SUNPRO_C;
| #else
|   (void) __SUNPRO_C;
| #endif
| #endif
| 
|   ;
|   return 0;
| }
configure:12806: result: no
configure:12873: checking for pkg-config
configure:12896: found /usr/bin/pkg-config
configure:12908: result: /usr/bin/pkg-config
configure:12933: checking pkg-config is at least version 0.9.0
configure:12936: result: yes
configure:12986: checking if gcc supports -Werror=unknown-warning-option
configure:12996: gcc -c -g -O2 -Werror=unknown-warning-option  conftest.c >&5
cc1: error: '-Werror=unknown-warning-option': no option '-Wunknown-warning-option'
configure:12996: $? = 1
configure: failed program was:
| /* confdefs.h */
| #define PACKAGE_NAME "libXrender"
| #define PACKAGE_TARNAME "libXrender"
| #define PACKAGE_VERSION "0.9.11"
| #define PACKAGE_STRING "libXrender 0.9.11"
| #define PACKAGE_BUGREPORT "https://gitlab.freedesktop.org/xorg/lib/libxrender/-/issues"
| #define PACKAGE_URL ""
| #define PACKAGE "libXrender"
| #define VERSION "0.9.11"
| #define HAVE_STDIO_H 1
| #define HAVE_STDLIB_H 1
| #define HAVE_STRING_H 1
| #define HAVE_INTTYPES_H 1
| #define HAVE_STDINT_H 1
| #define HAVE_STRINGS_H 1
| #define HAVE_SYS_STAT_H 1
| #define HAVE_SYS_TYPES_H 1
| #define HAVE_UNISTD_H 1
| #define STDC_HEADERS 1
| #define HAVE_DLFCN_H 1
| #define LT_OBJDIR ".libs/"
| /* end confdefs.h.  */
| int i;
configure:13004: result: no
configure:13015: checking if gcc supports -Werror=unused-command-line-argument
configure:13025: gcc -c -g -O2 -Werror=unused-command-line-argument  conftest.c >&5
cc1: error: '-Werror=unused-command-line-argument': no option '-Wunused-command-line-argument'; did you mean '-Wunused-dummy-argument'?
configure:13025: $? = 1
configure: failed program was:
| /* confdefs.h */
| #define PACKAGE_NAME "libXrender"
| #define PACKAGE_TARNAME "libXrender"
| #define PACKAGE_VERSION "0.9.11"
| #define PACKAGE_STRING "libXrender 0.9.11"
| #define PACKAGE_BUGREPORT "https://gitlab.freedesktop.org/xorg/lib/libxrender/-/issues"
| #define PACKAGE_URL ""
| #define PACKAGE "libXrender"
| #define VERSION "0.9.11"
| #define HAVE_STDIO_H 1
| #define HAVE_STDLIB_H 1
| #define HAVE_STRING_H 1
| #define HAVE_INTTYPES_H 1
| #define HAVE_STDINT_H 1
| #define HAVE_STRINGS_H 1
| #define HAVE_SYS_STAT_H 1
| #define HAVE_SYS_TYPES_H 1
| #define HAVE_UNISTD_H 1
| #define STDC_HEADERS 1
| #define HAVE_DLFCN_H 1
| #define LT_OBJDIR ".libs/"
| /* end confdefs.h.  */
| int i;
configure:13033: result: no
configure:13052: checking if gcc supports -Wall
configure:13070: gcc -o conftest -g -O2 -Wall   conftest.c  >&5
configure:13070: $? = 0
configure:13084: result: yes
configure:13176: checking if gcc supports -Wpointer-arith
configure:13194: gcc -o conftest -g -O2 -Wpointer-arith   conftest.c  >&5
configure:13194: $? = 0
configure:13208: result: yes
configure:13300: checking if gcc supports -Wmissing-declarations
configure:13318: gcc -o conftest -g -O2 -Wmissing-declarations   conftest.c  >&5
configure:13318: $? = 0
configure:13332: result: yes
configure:13424: checking if gcc supports -Wformat=2
configure:13442: gcc -o conftest -g -O2 -Wformat=2   conftest.c  >&5
configure:13442: $? = 0
configure:13456: result: yes
configure:13601: checking if gcc supports -Wstrict-prototypes
configure:13619: gcc -o conftest -g -O2 -Wstrict-prototypes   conftest.c  >&5
configure:13619: $? = 0
configure:13633: result: yes
configure:13725: checking if gcc supports -Wmissing-prototypes
configure:13743: gcc -o conftest -g -O2 -Wmissing-prototypes   conftest.c  >&5
configure:13743: $? = 0
configure:13757: result: yes
configure:13849: checking if gcc supports -Wnested-externs
configure:13867: gcc -o conftest -g -O2 -Wnested-externs   conftest.c  >&5
configure:13867: $? = 0
configure:13881: result: yes
configure:13973: checking if gcc supports -Wbad-function-cast
configure:13991: gcc -o conftest -g -O2 -Wbad-function-cast   conftest.c  >&5
configure:13991: $? = 0
configure:14005: result: yes
configure:14097: checking if gcc supports -Wold-style-definition
configure:14115: gcc -o conftest -g -O2 -Wold-style-definition   conftest.c  >&5
configure:14115: $? = 0
configure:14129: result: yes
configure:14272: checking if gcc supports -Wdeclaration-after-statement
configure:14290: gcc -o conftest -g -O2 -Wdeclaration-after-statement   conftest.c  >&5
configure:14290: $? = 0
configure:14304: result: yes
configure:14400: checking if gcc supports -Wunused
configure:14418: gcc -o conftest -g -O2 -Wunused   conftest.c  >&5
configure:14418: $? = 0
configure:14432: result: yes
configure:14524: checking if gcc supports -Wuninitialized
configure:14542: gcc -o conftest -g -O2 -Wuninitialized   conftest.c  >&5
configure:14542: $? = 0
configure:14556: result: yes
configure:14648: checking if gcc supports -Wshadow
configure:14666: gcc -o conftest -g -O2 -Wshadow   conftest.c  >&5
configure:14666: $? = 0
configure:14680: result: yes
configure:14772: checking if gcc supports -Wmissing-noreturn
configure:14790: gcc -o conftest -g -O2 -Wmissing-noreturn   conftest.c  >&5
configure:14790: $? = 0
configure:14804: result: yes
configure:14896: checking if gcc supports -Wmissing-format-attribute
configure:14914: gcc -o conftest -g -O2 -Wmissing-format-attribute   conftest.c  >&5
configure:14914: $? = 0
configure:14928: result: yes
configure:15020: checking if gcc supports -Wredundant-decls
configure:15038: gcc -o conftest -g -O2 -Wredundant-decls   conftest.c  >&5
configure:15038: $? = 0
configure:15052: result: yes
configure:15144: checking if gcc supports -Wlogical-op
configure:15162: gcc -o conftest -g -O2 -Wlogical-op   conftest.c  >&5
configure:15162: $? = 0
configure:15176: result: yes
configure:15280: checking if gcc supports -Werror=implicit
configure:15298: gcc -o conftest -g -O2 -Werror=implicit   conftest.c  >&5
configure:15298: $? = 0
configure:15312: result: yes
configure:15455: checking if gcc supports -Werror=nonnull
configure:15473: gcc -o conftest -g -O2 -Werror=nonnull   conftest.c  >&5
configure:15473: $? = 0
configure:15487: result: yes
configure:15579: checking if gcc supports -Werror=init-self
configure:15597: gcc -o conftest -g -O2 -Werror=init-self   conftest.c  >&5
configure:15597: $? = 0
configure:15611: result: yes
configure:15703: checking if gcc supports -Werror=main
configure:15721: gcc -o conftest -g -O2 -Werror=main   conftest.c  >&5
configure:15721: $? = 0
configure:15735: result: yes
configure:15827: checking if gcc supports -Werror=missing-braces
configure:15845: gcc -o conftest -g -O2 -Werror=missing-braces   conftest.c  >&5
configure:15845: $? = 0
configure:15859: result: yes
configure:15951: checking if gcc supports -Werror=sequence-point
configure:15969: gcc -o conftest -g -O2 -Werror=sequence-point   conftest.c  >&5
configure:15969: $? = 0
configure:15983: result: yes
configure:16075: checking if gcc supports -Werror=return-type
configure:16093: gcc -o conftest -g -O2 -Werror=return-type   conftest.c  >&5
configure:16093: $? = 0
configure:16107: result: yes
configure:16250: checking if gcc supports -Werror=trigraphs
configure:16268: gcc -o conftest -g -O2 -Werror=trigraphs   conftest.c  >&5
configure:16268: $? = 0
configure:16282: result: yes
configure:16374: checking if gcc supports -Werror=array-bounds
configure:16392: gcc -o conftest -g -O2 -Werror=array-bounds   conftest.c  >&5
configure:16392: $? = 0
configure:16406: result: yes
configure:16498: checking if gcc supports -Werror=write-strings
configure:16516: gcc -o conftest -g -O2 -Werror=write-strings   conftest.c  >&5
configure:16516: $? = 0
configure:16530: result: yes
configure:16622: checking if gcc supports -Werror=address
configure:16640: gcc -o conftest -g -O2 -Werror=address   conftest.c  >&5
configure:16640: $? = 0
configure:16654: result: yes
configure:16746: checking if gcc supports -Werror=int-to-pointer-cast
configure:16764: gcc -o conftest -g -O2 -Werror=int-to-pointer-cast   conftest.c  >&5
configure:16764: $? = 0
configure:16778: result: yes
configure:16921: checking if gcc supports -Werror=pointer-to-int-cast
configure:16939: gcc -o conftest -g -O2 -Werror=pointer-to-int-cast   conftest.c  >&5
configure:16939: $? = 0
configure:16953: result: yes
configure:18694: checking if gcc supports -pedantic
configure:18712: gcc -o conftest -g -O2 -pedantic   conftest.c  >&5
configure:18712: $? = 0
configure:18726: result: yes
configure:18818: checking if gcc supports -Werror
configure:18836: gcc -o conftest -g -O2 -Werror   conftest.c  >&5
configure:18836: $? = 0
configure:18850: result: yes
configure:18996: checking if gcc supports -Werror=attributes
configure:19014: gcc -o conftest -g -O2 -Werror=attributes   conftest.c  >&5
configure:19014: $? = 0
configure:19028: result: yes
configure:19219: checking whether make supports nested variables
configure:19237: result: yes
configure:19259: checking whether malloc(0) returns NULL
configure:19293: gcc -o conftest -g -O2   conftest.c  >&5
configure:19293: $? = 0
configure:19293: ./conftest
configure:19293: $? = 0
configure:19307: result: yes
configure:19336: checking for RENDER
configure:19343: $PKG_CONFIG --exists --print-errors "x11 >= 1.6 renderproto >= $RENDER_VERSION"
configure:19346: $? = 0
configure:19360: $PKG_CONFIG --exists --print-errors "x11 >= 1.6 renderproto >= $RENDER_VERSION"
configure:19363: $? = 0
configure:19421: result: yes
configure:19529: checking that generated files are newer than configure
configure:19535: result: done
configure:19558: creating ./config.status

## ---------------------- ##
## Running config.status. ##
## ---------------------- ##

This file was extended by libXrender config.status 0.9.11, which was
generated by GNU Autoconf 2.71.  Invocation command line was

  CONFIG_FILES    = 
  CONFIG_HEADERS  = 
  CONFIG_LINKS    = 
  CONFIG_COMMANDS = 
  $ ./config.status 

on mearvk-X900-A8800

config.status:1131: creating Makefile
config.status:1131: creating src/Makefile
config.status:1131: creating Doxyfile
config.status:1131: creating xrender.pc
config.status:1131: creating config.h
config.status:1312: config.h is unchanged
config.status:1360: executing depfiles commands
config.status:1437: cd src       && sed -e '/# am--include-marker/d' Makefile         | make -f - am--depfiles
make[2]: Entering directory '/home/mearvk/IdeaProjects/Ubuntu.Determinant.Alpha.Restricted/userland/x11/_build/libXrender-0.9.11/src'
make[2]: Nothing to be done for 'am--depfiles'.
make[2]: Leaving directory '/home/mearvk/IdeaProjects/Ubuntu.Determinant.Alpha.Restricted/userland/x11/_build/libXrender-0.9.11/src'
config.status:1442: $? = 0
config.status:1360: executing libtool commands

## ---------------- ##
## Cache variables. ##
## ---------------- ##

ac_cv_build=x86_64-pc-linux-gnu
ac_cv_c_compiler_gnu=yes
ac_cv_c_undeclared_builtin_options='none needed'
ac_cv_env_CC_set=
ac_cv_env_CC_value=
ac_cv_env_CFLAGS_set=
ac_cv_env_CFLAGS_value=
ac_cv_env_CPPFLAGS_set=
ac_cv_env_CPPFLAGS_value=
ac_cv_env_LDFLAGS_set=
ac_cv_env_LDFLAGS_value=
ac_cv_env_LIBS_set=
ac_cv_env_LIBS_value=
ac_cv_env_LT_SYS_LIBRARY_PATH_set=
ac_cv_env_LT_SYS_LIBRARY_PATH_value=
ac_cv_env_PKG_CONFIG_LIBDIR_set=
ac_cv_env_PKG_CONFIG_LIBDIR_value=
ac_cv_env_PKG_CONFIG_PATH_set=set
ac_cv_env_PKG_CONFIG_PATH_value=/home/mearvk/IdeaProjects/Ubuntu.Determinant.Alpha.Restricted/userland/x11/_build/sysroot/usr/lib/pkgconfig:/home/mearvk/IdeaProjects/Ubuntu.Determinant.Alpha.Restricted/userland/x11/_build/sysroot/usr/lib/x86_64-linux-gnu/pkgconfig:/home/mearvk/IdeaProjects/Ubuntu.Determinant.Alpha.Restricted/userland/x11/_build/sysroot/usr/share/pkgconfig
ac_cv_env_PKG_CONFIG_set=
ac_cv_env_PKG_CONFIG_value=
ac_cv_env_RENDER_CFLAGS_set=
ac_cv_env_RENDER_CFLAGS_value=
ac_cv_env_RENDER_LIBS_set=
ac_cv_env_RENDER_LIBS_value=
ac_cv_env_build_alias_set=
ac_cv_env_build_alias_value=
ac_cv_env_host_alias_set=
ac_cv_env_host_alias_value=
ac_cv_env_target_alias_set=
ac_cv_env_target_alias_value=
ac_cv_have_decl___INTEL_COMPILER=no
ac_cv_have_decl___SUNPRO_C=no
ac_cv_have_decl___clang__=no
ac_cv_header_dlfcn_h=yes
ac_cv_header_inttypes_h=yes
ac_cv_header_stdint_h=yes
ac_cv_header_stdio_h=yes
ac_cv_header_stdlib_h=yes
ac_cv_header_string_h=yes
ac_cv_header_strings_h=yes
ac_cv_header_sys_stat_h=yes
ac_cv_header_sys_types_h=yes
ac_cv_header_unistd_h=yes
ac_cv_host=x86_64-pc-linux-gnu
ac_cv_objext=o
ac_cv_path_EGREP='/usr/bin/grep -E'
ac_cv_path_FGREP='/usr/bin/grep -F'
ac_cv_path_GREP=/usr/bin/grep
ac_cv_path_SED=/usr/bin/sed
ac_cv_path_ac_pt_PKG_CONFIG=/usr/bin/pkg-config
ac_cv_path_install='/usr/bin/install -c'
ac_cv_path_lt_DD=/usr/bin/dd
ac_cv_path_mkdir=/usr/bin/mkdir
ac_cv_prog_AWK=mawk
ac_cv_prog_ac_ct_AR=ar
ac_cv_prog_ac_ct_CC=gcc
ac_cv_prog_ac_ct_FILECMD=file
ac_cv_prog_ac_ct_MANIFEST_TOOL=mt
ac_cv_prog_ac_ct_OBJDUMP=objdump
ac_cv_prog_ac_ct_RANLIB=ranlib
ac_cv_prog_ac_ct_STRIP=strip
ac_cv_prog_cc_c11=
ac_cv_prog_cc_g=yes
ac_cv_prog_cc_stdc=
ac_cv_prog_make_make_set=yes
am_cv_CC_dependencies_compiler_type=gcc3
am_cv_make_support_nested_variables=yes
am_cv_prog_cc_c_o=yes
lt_cv_ar_at_file=@
lt_cv_archive_cmds_need_lc=no
lt_cv_deplibs_check_method=pass_all
lt_cv_file_magic_cmd='$MAGIC_CMD'
lt_cv_file_magic_test_file=
lt_cv_ld_reload_flag=-r
lt_cv_nm_interface='BSD nm'
lt_cv_objdir=.libs
lt_cv_path_LD=/usr/bin/ld
lt_cv_path_NM='/usr/bin/nm -B'
lt_cv_path_mainfest_tool=no
lt_cv_prog_compiler_c_o=yes
lt_cv_prog_compiler_pic='-fPIC -DPIC'
lt_cv_prog_compiler_pic_works=yes
lt_cv_prog_compiler_rtti_exceptions=no
lt_cv_prog_compiler_static_works=yes
lt_cv_prog_gnu_ld=yes
lt_cv_sharedlib_from_linklib_cmd='printf %s\n'
lt_cv_shlibpath_overrides_runpath=yes
lt_cv_sys_global_symbol_pipe='/usr/bin/sed -n -e '\''s/^.*[	 ]\([ABCDGIRSTW][ABCDGIRSTW]*\)[	 ][	 ]*\([_A-Za-z][_A-Za-z0-9]*\)$/\1 \2 \2/p'\'' | /usr/bin/sed '\''/ __gnu_lto/d'\'''
lt_cv_sys_global_symbol_to_c_name_address='/usr/bin/sed -n -e '\''s/^: \(.*\) .*$/  {"\1", (void *) 0},/p'\'' -e '\''s/^[ABCDGIRSTW][ABCDGIRSTW]* .* \(.*\)$/  {"\1", (void *) \&\1},/p'\'''
lt_cv_sys_global_symbol_to_c_name_address_lib_prefix='/usr/bin/sed -n -e '\''s/^: \(.*\) .*$/  {"\1", (void *) 0},/p'\'' -e '\''s/^[ABCDGIRSTW][ABCDGIRSTW]* .* \(lib.*\)$/  {"\1", (void *) \&\1},/p'\'' -e '\''s/^[ABCDGIRSTW][ABCDGIRSTW]* .* \(.*\)$/  {"lib\1", (void *) \&\1},/p'\'''
lt_cv_sys_global_symbol_to_cdecl='/usr/bin/sed -n -e '\''s/^T .* \(.*\)$/extern int \1();/p'\'' -e '\''s/^[ABCDGIRSTW][ABCDGIRSTW]* .* \(.*\)$/extern char \1;/p'\'''
lt_cv_sys_global_symbol_to_import=
lt_cv_sys_max_cmd_len=1572864
lt_cv_to_host_file_cmd=func_convert_file_noop
lt_cv_to_tool_file_cmd=func_convert_file_noop
lt_cv_truncate_bin='/usr/bin/dd bs=4096 count=1'
pkg_cv_RENDER_CFLAGS='-I/home/mearvk/IdeaProjects/Ubuntu.Determinant.Alpha.Restricted/userland/x11/_build/sysroot/usr/include '
pkg_cv_RENDER_LIBS='-L/home/mearvk/IdeaProjects/Ubuntu.Determinant.Alpha.Restricted/userland/x11/_build/sysroot/usr/lib -lX11 '
xorg_cv_cc_flag__Wall=yes
xorg_cv_cc_flag__Wbad_function_cast=yes
xorg_cv_cc_flag__Wdeclaration_after_statement=yes
xorg_cv_cc_flag__Werror=yes
xorg_cv_cc_flag__Werror_address=yes
xorg_cv_cc_flag__Werror_array_bounds=yes
xorg_cv_cc_flag__Werror_attributes=yes
xorg_cv_cc_flag__Werror_implicit=yes
xorg_cv_cc_flag__Werror_init_self=yes
xorg_cv_cc_flag__Werror_int_to_pointer_cast=yes
xorg_cv_cc_flag__Werror_main=yes
xorg_cv_cc_flag__Werror_missing_braces=yes
xorg_cv_cc_flag__Werror_nonnull=yes
xorg_cv_cc_flag__Werror_pointer_to_int_cast=yes
xorg_cv_cc_flag__Werror_return_type=yes
xorg_cv_cc_flag__Werror_sequence_point=yes
xorg_cv_cc_flag__Werror_trigraphs=yes
xorg_cv_cc_flag__Werror_write_strings=yes
xorg_cv_cc_flag__Wformat_2=yes
xorg_cv_cc_flag__Wlogical_op=yes
xorg_cv_cc_flag__Wmissing_declarations=yes
xorg_cv_cc_flag__Wmissing_format_attribute=yes
xorg_cv_cc_flag__Wmissing_noreturn=yes
xorg_cv_cc_flag__Wmissing_prototypes=yes
xorg_cv_cc_flag__Wnested_externs=yes
xorg_cv_cc_flag__Wold_style_definition=yes
xorg_cv_cc_flag__Wpointer_arith=yes
xorg_cv_cc_flag__Wredundant_decls=yes
xorg_cv_cc_flag__Wshadow=yes
xorg_cv_cc_flag__Wstrict_prototypes=yes
xorg_cv_cc_flag__Wuninitialized=yes
xorg_cv_cc_flag__Wunused=yes
xorg_cv_cc_flag__pedantic=yes
xorg_cv_cc_flag_unknown_warning_option=no
xorg_cv_cc_flag_unused_command_line_argument=no
xorg_cv_malloc0_returns_null=yes

## ----------------- ##
## Output variables. ##
## ----------------- ##

ACLOCAL='${SHELL} '\''/home/mearvk/IdeaProjects/Ubuntu.Determinant.Alpha.Restricted/userland/x11/_build/libXrender-0.9.11/missing'\'' aclocal-1.16'
ADMIN_MAN_DIR='$(mandir)/man$(ADMIN_MAN_SUFFIX)'
ADMIN_MAN_SUFFIX='8'
AMDEPBACKSLASH='\'
AMDEP_FALSE='#'
AMDEP_TRUE=''
AMTAR='$${TAR-tar}'
AM_BACKSLASH='\'
AM_DEFAULT_V='$(AM_DEFAULT_VERBOSITY)'
AM_DEFAULT_VERBOSITY='0'
AM_V='$(V)'
APP_MAN_DIR='$(mandir)/man$(APP_MAN_SUFFIX)'
APP_MAN_SUFFIX='1'
AR='ar'
AUTOCONF='${SHELL} '\''/home/mearvk/IdeaProjects/Ubuntu.Determinant.Alpha.Restricted/userland/x11/_build/libXrender-0.9.11/missing'\'' autoconf'
AUTOHEADER='${SHELL} '\''/home/mearvk/IdeaProjects/Ubuntu.Determinant.Alpha.Restricted/userland/x11/_build/libXrender-0.9.11/missing'\'' autoheader'
AUTOMAKE='${SHELL} '\''/home/mearvk/IdeaProjects/Ubuntu.Determinant.Alpha.Restricted/userland/x11/_build/libXrender-0.9.11/missing'\'' automake-1.16'
AWK='mawk'
BASE_CFLAGS=' -Wall -Wpointer-arith -Wmissing-declarations -Wformat=2 -Wstrict-prototypes -Wmissing-prototypes -Wnested-externs -Wbad-function-cast -Wold-style-definition -Wdeclaration-after-statement -Wunused -Wuninitialized -Wshadow -Wmissing-noreturn -Wmissing-format-attribute -Wredundant-decls -Wlogical-op -Werror=implicit -Werror=nonnull -Werror=init-self -Werror=main -Werror=missing-braces -Werror=sequence-point -Werror=return-type -Werror=trigraphs -Werror=array-bounds -Werror=write-strings -Werror=address -Werror=int-to-pointer-cast -Werror=pointer-to-int-cast'
CC='gcc'
CCDEPMODE='depmode=gcc3'
CFLAGS='-g -O2'
CHANGELOG_CMD='((GIT_DIR=$(top_srcdir)/.git git log > $(top_srcdir)/.changelog.tmp) 2>/dev/null && mv $(top_srcdir)/.changelog.tmp $(top_srcdir)/ChangeLog) || (rm -f $(top_srcdir)/.changelog.tmp; test -e $(top_srcdir)/ChangeLog || ( touch $(top_srcdir)/ChangeLog; echo '\''git failed to create ChangeLog: installing empty ChangeLog.'\'' >&2))'
CPPFLAGS=''
CSCOPE='cscope'
CTAGS='ctags'
CWARNFLAGS=' -Wall -Wpointer-arith -Wmissing-declarations -Wformat=2 -Wstrict-prototypes -Wmissing-prototypes -Wnested-externs -Wbad-function-cast -Wold-style-definition -Wdeclaration-after-statement -Wunused -Wuninitialized -Wshadow -Wmissing-noreturn -Wmissing-format-attribute -Wredundant-decls -Wlogical-op -Werror=implicit -Werror=nonnull -Werror=init-self -Werror=main -Werror=missing-braces -Werror=sequence-point -Werror=return-type -Werror=trigraphs -Werror=array-bounds -Werror=write-strings -Werror=address -Werror=int-to-pointer-cast -Werror=pointer-to-int-cast -fno-strict-aliasing'
CYGPATH_W='echo'
DEFS='-DHAVE_CONFIG_H'
DEPDIR='.deps'
DLLTOOL='false'
DRIVER_MAN_DIR='$(mandir)/man$(DRIVER_MAN_SUFFIX)'
DRIVER_MAN_SUFFIX='4'
DSYMUTIL=''
DUMPBIN=''
ECHO_C=''
ECHO_N='-n'
ECHO_T=''
EGREP='/usr/bin/grep -E'
ETAGS='etags'
EXEEXT=''
FGREP='/usr/bin/grep -F'
FILECMD='file'
FILE_MAN_DIR='$(mandir)/man$(FILE_MAN_SUFFIX)'
FILE_MAN_SUFFIX='5'
GREP='/usr/bin/grep'
INSTALL_CMD='(cp -f /INSTALL $(top_srcdir)/.INSTALL.tmp && mv $(top_srcdir)/.INSTALL.tmp $(top_srcdir)/INSTALL) || (rm -f $(top_srcdir)/.INSTALL.tmp; test -e $(top_srcdir)/INSTALL || ( touch $(top_srcdir)/INSTALL; echo '\''failed to copy INSTALL from util-macros: installing empty INSTALL.'\'' >&2))'
INSTALL_DATA='${INSTALL} -m 644'
INSTALL_PROGRAM='${INSTALL}'
INSTALL_SCRIPT='${INSTALL}'
INSTALL_STRIP_PROGRAM='$(install_sh) -c -s'
LD='/usr/bin/ld -m elf_x86_64'
LDFLAGS=''
LIBOBJS=''
LIBS=''
LIBTOOL='$(SHELL) $(top_builddir)/libtool'
LIB_MAN_DIR='$(mandir)/man$(LIB_MAN_SUFFIX)'
LIB_MAN_SUFFIX='3'
LIPO=''
LN_S='ln -s'
LTLIBOBJS=''
LT_SYS_LIBRARY_PATH=''
MAKEINFO='${SHELL} '\''/home/mearvk/IdeaProjects/Ubuntu.Determinant.Alpha.Restricted/userland/x11/_build/libXrender-0.9.11/missing'\'' makeinfo'
MALLOC_ZERO_CFLAGS='-DMALLOC_0_RETURNS_NULL'
MANIFEST_TOOL=':'
MAN_SUBSTS='	-e '\''s|__vendorversion__|"$(PACKAGE_STRING)" "$(XORG_MAN_PAGE)"|'\'' 	-e '\''s|__xorgversion__|"$(PACKAGE_STRING)" "$(XORG_MAN_PAGE)"|'\'' 	-e '\''s|__xservername__|Xorg|g'\'' 	-e '\''s|__xconfigfile__|xorg.conf|g'\'' 	-e '\''s|__projectroot__|$(prefix)|g'\'' 	-e '\''s|__apploaddir__|$(appdefaultdir)|g'\'' 	-e '\''s|__appmansuffix__|$(APP_MAN_SUFFIX)|g'\'' 	-e '\''s|__drivermansuffix__|$(DRIVER_MAN_SUFFIX)|g'\'' 	-e '\''s|__adminmansuffix__|$(ADMIN_MAN_SUFFIX)|g'\'' 	-e '\''s|__libmansuffix__|$(LIB_MAN_SUFFIX)|g'\'' 	-e '\''s|__miscmansuffix__|$(MISC_MAN_SUFFIX)|g'\'' 	-e '\''s|__filemansuffix__|$(FILE_MAN_SUFFIX)|g'\'''
MISC_MAN_DIR='$(mandir)/man$(MISC_MAN_SUFFIX)'
MISC_MAN_SUFFIX='7'
MKDIR_P='/usr/bin/mkdir -p'
NM='/usr/bin/nm -B'
NMEDIT=''
OBJDUMP='objdump'
OBJEXT='o'
OTOOL64=''
OTOOL=''
PACKAGE='libXrender'
PACKAGE_BRIEF='Library for the Render Extension to the X11 protocol'
PACKAGE_BUGREPORT='https://gitlab.freedesktop.org/xorg/lib/libxrender/-/issues'
PACKAGE_NAME='libXrender'
PACKAGE_STRING='libXrender 0.9.11'
PACKAGE_TARNAME='libXrender'
PACKAGE_URL=''
PACKAGE_VERSION='0.9.11'
PATH_SEPARATOR=':'
PKG_CONFIG='/usr/bin/pkg-config'
PKG_CONFIG_LIBDIR=''
PKG_CONFIG_PATH='/home/mearvk/IdeaProjects/Ubuntu.Determinant.Alpha.Restricted/userland/x11/_build/sysroot/usr/lib/pkgconfig:/home/mearvk/IdeaProjects/Ubuntu.Determinant.Alpha.Restricted/userland/x11/_build/sysroot/usr/lib/x86_64-linux-gnu/pkgconfig:/home/mearvk/IdeaProjects/Ubuntu.Determinant.Alpha.Restricted/userland/x11/_build/sysroot/usr/share/pkgconfig'
RANLIB='ranlib'
RENDER_CFLAGS='-I/home/mearvk/IdeaProjects/Ubuntu.Determinant.Alpha.Restricted/userland/x11/_build/sysroot/usr/include '
RENDER_LIBS='-L/home/mearvk/IdeaProjects/Ubuntu.Determinant.Alpha.Restricted/userland/x11/_build/sysroot/usr/lib -lX11 '
RENDER_VERSION='0.9'
SED='/usr/bin/sed'
SET_MAKE=''
SHELL='/bin/bash'
STRICT_CFLAGS=' -pedantic -Werror -Werror=attributes'
STRIP='strip'
VERSION='0.9.11'
XMALLOC_ZERO_CFLAGS='-DMALLOC_0_RETURNS_NULL'
XORG_MAN_PAGE='X Version 11'
XTMALLOC_ZERO_CFLAGS='-DMALLOC_0_RETURNS_NULL -DXTMALLOC_BC'
ac_ct_AR='ar'
ac_ct_CC='gcc'
ac_ct_DUMPBIN=''
am__EXEEXT_FALSE=''
am__EXEEXT_TRUE='#'
am__fastdepCC_FALSE='#'
am__fastdepCC_TRUE=''
am__include='include'
am__isrc=''
am__leading_dot='.'
am__nodep='_no'
am__quote=''
am__tar='$${TAR-tar} chof - "$$tardir"'
am__untar='$${TAR-tar} xf -'
bindir='${exec_prefix}/bin'
build='x86_64-pc-linux-gnu'
build_alias=''
build_cpu='x86_64'
build_os='linux-gnu'
build_vendor='pc'
datadir='${datarootdir}'
datarootdir='${prefix}/share'
docdir='${datarootdir}/doc/${PACKAGE_TARNAME}'
dvidir='${docdir}'
exec_prefix='${prefix}'
host='x86_64-pc-linux-gnu'
host_alias=''
host_cpu='x86_64'
host_os='linux-gnu'
host_vendor='pc'
htmldir='${docdir}'
includedir='${prefix}/include'
infodir='${datarootdir}/info'
install_sh='${SHELL} /home/mearvk/IdeaProjects/Ubuntu.Determinant.Alpha.Restricted/userland/x11/_build/libXrender-0.9.11/install-sh'
libdir='/usr/lib'
libexecdir='${exec_prefix}/libexec'
localedir='${datarootdir}/locale'
localstatedir='${prefix}/var'
mandir='${datarootdir}/man'
mkdir_p='$(MKDIR_P)'
oldincludedir='/usr/include'
pdfdir='${docdir}'
prefix='/usr'
program_transform_name='s,x,x,'
psdir='${docdir}'
runstatedir='${localstatedir}/run'
sbindir='${exec_prefix}/sbin'
sharedstatedir='${prefix}/com'
sysconfdir='${prefix}/etc'
target_alias=''

## ----------- ##
## confdefs.h. ##
## ----------- ##

/* confdefs.h */
#define PACKAGE_NAME "libXrender"
#define PACKAGE_TARNAME "libXrender"
#define PACKAGE_VERSION "0.9.11"
#define PACKAGE_STRING "libXrender 0.9.11"
#define PACKAGE_BUGREPORT "https://gitlab.freedesktop.org/xorg/lib/libxrender/-/issues"
#define PACKAGE_URL ""
#define PACKAGE "libXrender"
#define VERSION "0.9.11"
#define HAVE_STDIO_H 1
#define HAVE_STDLIB_H 1
#define HAVE_STRING_H 1
#define HAVE_INTTYPES_H 1
#define HAVE_STDINT_H 1
#define HAVE_STRINGS_H 1
#define HAVE_SYS_STAT_H 1
#define HAVE_SYS_TYPES_H 1
#define HAVE_UNISTD_H 1
#define STDC_HEADERS 1
#define HAVE_DLFCN_H 1
#define LT_OBJDIR ".libs/"
#define PACKAGE_VERSION_MAJOR 0
#define PACKAGE_VERSION_MINOR 9
#define PACKAGE_VERSION_PATCHLEVEL 11

configure: exit 0
