This file contains any messages produced by compilers while
running configure, to aid debugging if configure makes a mistake.

It was created by libXmu configure 1.2.1, which was
generated by GNU Autoconf 2.71.  Invocation command line was

  $ ./configure --prefix=/usr --libdir=/usr/lib PKG_CONFIG_PATH=/home/mearvk/IdeaProjects/Ubuntu.Determinant.Alpha.Restricted/userland/x11/_build/sysroot/usr/lib/pkgconfig:/home/mearvk/IdeaProjects/Ubuntu.Determinant.Alpha.Restricted/userland/x11/_build/sysroot/usr/lib/x86_64-linux-gnu/pkgconfig:/home/mearvk/IdeaProjects/Ubuntu.Determinant.Alpha.Restricted/userland/x11/_build/sysroot/usr/share/pkgconfig:/usr/lib/x86_64-linux-gnu/pkgconfig:/usr/lib/pkgconfig:/usr/share/pkgconfig 'CFLAGS=-I/home/mearvk/IdeaProjects/Ubuntu.Determinant.Alpha.Restricted/userland/x11/_build/sysroot/usr/include -w' 'LDFLAGS=-L/home/mearvk/IdeaProjects/Ubuntu.Determinant.Alpha.Restricted/userland/x11/_build/sysroot/usr/lib -Wl,-rpath-link,/home/mearvk/IdeaProjects/Ubuntu.Determinant.Alpha.Restricted/userland/x11/_build/sysroot/usr/lib'

## --------- ##
## Platform. ##
## --------- ##

hostname = mearvk-X900-A8800
uname -m = x86_64
uname -r = 6.8.0-136-generic
uname -s = Linux
uname -v = #136-Ubuntu SMP PREEMPT_DYNAMIC Wed Jul  1 21:53:05 UTC 2026

/usr/bin/uname -p = x86_64
/bin/uname -X     = unknown

/bin/arch              = x86_64
/usr/bin/arch -k       = unknown
/usr/convex/getsysinfo = unknown
/usr/bin/hostinfo      = unknown
/bin/machine           = unknown
/usr/bin/oslevel       = unknown
/bin/universe          = unknown

PATH: /home/mearvk/.opencode/bin/
PATH: /home/mearvk/.nvm/versions/node/v24.16.0/bin/
PATH: /home/mearvk/.cargo/bin/
PATH: /home/mearvk/.local/bin/
PATH: /usr/local/sbin/
PATH: /usr/local/bin/
PATH: /usr/sbin/
PATH: /usr/bin/
PATH: /sbin/
PATH: /bin/
PATH: /usr/games/
PATH: /usr/local/games/
PATH: /snap/bin/
PATH: /snap/bin/


## ----------- ##
## Core tests. ##
## ----------- ##

configure:2588: looking for aux files: tap-driver.sh config.guess config.sub ltmain.sh missing install-sh compile
configure:2601:  trying ./
configure:2630:   ./tap-driver.sh found
configure:2630:   ./config.guess found
configure:2630:   ./config.sub found
configure:2630:   ./ltmain.sh found
configure:2630:   ./missing found
configure:2612:   ./install-sh found
configure:2630:   ./compile found
configure:2816: checking for gcc
configure:2837: found /usr/bin/gcc
configure:2848: result: gcc
configure:3201: checking for C compiler version
configure:3210: gcc --version >&5
gcc (Ubuntu 13.3.0-6ubuntu2~24.04.1) 13.3.0
Copyright (C) 2023 Free Software Foundation, Inc.
This is free software; see the source for copying conditions.  There is NO
warranty; not even for MERCHANTABILITY or FITNESS FOR A PARTICULAR PURPOSE.

configure:3221: $? = 0
configure:3210: gcc -v >&5
Using built-in specs.
COLLECT_GCC=gcc
COLLECT_LTO_WRAPPER=/usr/libexec/gcc/x86_64-linux-gnu/13/lto-wrapper
OFFLOAD_TARGET_NAMES=nvptx-none:amdgcn-amdhsa
OFFLOAD_TARGET_DEFAULT=1
Target: x86_64-linux-gnu
Configured with: ../src/configure -v --with-pkgversion='Ubuntu 13.3.0-6ubuntu2~24.04.1' --with-bugurl=file:///usr/share/doc/gcc-13/README.Bugs --enable-languages=c,ada,c++,go,d,fortran,objc,obj-c++,m2 --prefix=/usr --with-gcc-major-version-only --program-suffix=-13 --program-prefix=x86_64-linux-gnu- --enable-shared --enable-linker-build-id --libexecdir=/usr/libexec --without-included-gettext --enable-threads=posix --libdir=/usr/lib --enable-nls --enable-bootstrap --enable-clocale=gnu --enable-libstdcxx-debug --enable-libstdcxx-time=yes --with-default-libstdcxx-abi=new --enable-libstdcxx-backtrace --enable-gnu-unique-object --disable-vtable-verify --enable-plugin --enable-default-pie --with-system-zlib --enable-libphobos-checking=release --with-target-system-zlib=auto --enable-objc-gc=auto --enable-multiarch --disable-werror --enable-cet --with-arch-32=i686 --with-abi=m64 --with-multilib-list=m32,m64,mx32 --enable-multilib --with-tune=generic --enable-offload-targets=nvptx-none=/build/gcc-13-EldibY/gcc-13-13.3.0/debian/tmp-nvptx/usr,amdgcn-amdhsa=/build/gcc-13-EldibY/gcc-13-13.3.0/debian/tmp-gcn/usr --enable-offload-defaulted --without-cuda-driver --enable-checking=release --build=x86_64-linux-gnu --host=x86_64-linux-gnu --target=x86_64-linux-gnu --with-build-config=bootstrap-lto-lean --enable-link-serialization=2
Thread model: posix
Supported LTO compression algorithms: zlib zstd
gcc version 13.3.0 (Ubuntu 13.3.0-6ubuntu2~24.04.1) 
... rest of stderr output deleted ...
configure:3221: $? = 0
configure:3210: gcc -V >&5
gcc: error: unrecognized command-line option '-V'
gcc: fatal error: no input files
compilation terminated.
configure:3221: $? = 1
configure:3210: gcc -qversion >&5
gcc: error: unrecognized command-line option '-qversion'; did you mean '--version'?
gcc: fatal error: no input files
compilation terminated.
configure:3221: $? = 1
configure:3210: gcc -version >&5
gcc: error: unrecognized command-line option '-version'
gcc: fatal error: no input files
compilation terminated.
configure:3221: $? = 1
configure:3241: checking whether the C compiler works
configure:3263: gcc -I/home/mearvk/IdeaProjects/Ubuntu.Determinant.Alpha.Restricted/userland/x11/_build/sysroot/usr/include -w  -L/home/mearvk/IdeaProjects/Ubuntu.Determinant.Alpha.Restricted/userland/x11/_build/sysroot/usr/lib -Wl,-rpath-link,/home/mearvk/IdeaProjects/Ubuntu.Determinant.Alpha.Restricted/userland/x11/_build/sysroot/usr/lib conftest.c  >&5
configure:3267: $? = 0
configure:3317: result: yes
configure:3320: checking for C compiler default output file name
configure:3322: result: a.out
configure:3328: checking for suffix of executables
configure:3335: gcc -o conftest -I/home/mearvk/IdeaProjects/Ubuntu.Determinant.Alpha.Restricted/userland/x11/_build/sysroot/usr/include -w  -L/home/mearvk/IdeaProjects/Ubuntu.Determinant.Alpha.Restricted/userland/x11/_build/sysroot/usr/lib -Wl,-rpath-link,/home/mearvk/IdeaProjects/Ubuntu.Determinant.Alpha.Restricted/userland/x11/_build/sysroot/usr/lib conftest.c  >&5
configure:3339: $? = 0
configure:3362: result: 
configure:3384: checking whether we are cross compiling
configure:3392: gcc -o conftest -I/home/mearvk/IdeaProjects/Ubuntu.Determinant.Alpha.Restricted/userland/x11/_build/sysroot/usr/include -w  -L/home/mearvk/IdeaProjects/Ubuntu.Determinant.Alpha.Restricted/userland/x11/_build/sysroot/usr/lib -Wl,-rpath-link,/home/mearvk/IdeaProjects/Ubuntu.Determinant.Alpha.Restricted/userland/x11/_build/sysroot/usr/lib conftest.c  >&5
configure:3396: $? = 0
configure:3403: ./conftest
configure:3407: $? = 0
configure:3422: result: no
configure:3427: checking for suffix of object files
configure:3450: gcc -c -I/home/mearvk/IdeaProjects/Ubuntu.Determinant.Alpha.Restricted/userland/x11/_build/sysroot/usr/include -w  conftest.c >&5
configure:3454: $? = 0
configure:3476: result: o
configure:3480: checking whether the compiler supports GNU C
configure:3500: gcc -c -I/home/mearvk/IdeaProjects/Ubuntu.Determinant.Alpha.Restricted/userland/x11/_build/sysroot/usr/include -w  conftest.c >&5
configure:3500: $? = 0
configure:3510: result: yes
configure:3521: checking whether gcc accepts -g
configure:3542: gcc -c -g  conftest.c >&5
configure:3542: $? = 0
configure:3586: result: yes
configure:3606: checking for gcc option to enable C11 features
configure:3621: gcc  -c -I/home/mearvk/IdeaProjects/Ubuntu.Determinant.Alpha.Restricted/userland/x11/_build/sysroot/usr/include -w  conftest.c >&5
configure:3621: $? = 0
configure:3639: result: none needed
configure:3755: checking whether gcc understands -c and -o together
configure:3778: gcc -c conftest.c -o conftest2.o
configure:3781: $? = 0
configure:3778: gcc -c conftest.c -o conftest2.o
configure:3781: $? = 0
configure:3793: result: yes
configure:3815: checking for stdio.h
configure:3815: gcc -c -I/home/mearvk/IdeaProjects/Ubuntu.Determinant.Alpha.Restricted/userland/x11/_build/sysroot/usr/include -w  conftest.c >&5
configure:3815: $? = 0
configure:3815: result: yes
configure:3815: checking for stdlib.h
configure:3815: gcc -c -I/home/mearvk/IdeaProjects/Ubuntu.Determinant.Alpha.Restricted/userland/x11/_build/sysroot/usr/include -w  conftest.c >&5
configure:3815: $? = 0
configure:3815: result: yes
configure:3815: checking for string.h
configure:3815: gcc -c -I/home/mearvk/IdeaProjects/Ubuntu.Determinant.Alpha.Restricted/userland/x11/_build/sysroot/usr/include -w  conftest.c >&5
configure:3815: $? = 0
configure:3815: result: yes
configure:3815: checking for inttypes.h
configure:3815: gcc -c -I/home/mearvk/IdeaProjects/Ubuntu.Determinant.Alpha.Restricted/userland/x11/_build/sysroot/usr/include -w  conftest.c >&5
configure:3815: $? = 0
configure:3815: result: yes
configure:3815: checking for stdint.h
configure:3815: gcc -c -I/home/mearvk/IdeaProjects/Ubuntu.Determinant.Alpha.Restricted/userland/x11/_build/sysroot/usr/include -w  conftest.c >&5
configure:3815: $? = 0
configure:3815: result: yes
configure:3815: checking for strings.h
configure:3815: gcc -c -I/home/mearvk/IdeaProjects/Ubuntu.Determinant.Alpha.Restricted/userland/x11/_build/sysroot/usr/include -w  conftest.c >&5
configure:3815: $? = 0
configure:3815: result: yes
configure:3815: checking for sys/stat.h
configure:3815: gcc -c -I/home/mearvk/IdeaProjects/Ubuntu.Determinant.Alpha.Restricted/userland/x11/_build/sysroot/usr/include -w  conftest.c >&5
configure:3815: $? = 0
configure:3815: result: yes
configure:3815: checking for sys/types.h
configure:3815: gcc -c -I/home/mearvk/IdeaProjects/Ubuntu.Determinant.Alpha.Restricted/userland/x11/_build/sysroot/usr/include -w  conftest.c >&5
configure:3815: $? = 0
configure:3815: result: yes
configure:3815: checking for unistd.h
configure:3815: gcc -c -I/home/mearvk/IdeaProjects/Ubuntu.Determinant.Alpha.Restricted/userland/x11/_build/sysroot/usr/include -w  conftest.c >&5
configure:3815: $? = 0
configure:3815: result: yes
configure:3815: checking for wchar.h
configure:3815: gcc -c -I/home/mearvk/IdeaProjects/Ubuntu.Determinant.Alpha.Restricted/userland/x11/_build/sysroot/usr/include -w  conftest.c >&5
configure:3815: $? = 0
configure:3815: result: yes
configure:3815: checking for minix/config.h
configure:3815: gcc -c -I/home/mearvk/IdeaProjects/Ubuntu.Determinant.Alpha.Restricted/userland/x11/_build/sysroot/usr/include -w  conftest.c >&5
conftest.c:47:10: fatal error: minix/config.h: No such file or directory
   47 | #include <minix/config.h>
      |          ^~~~~~~~~~~~~~~~
compilation terminated.
configure:3815: $? = 1
configure: failed program was:
| /* confdefs.h */
| #define PACKAGE_NAME "libXmu"
| #define PACKAGE_TARNAME "libXmu"
| #define PACKAGE_VERSION "1.2.1"
| #define PACKAGE_STRING "libXmu 1.2.1"
| #define PACKAGE_BUGREPORT "https://gitlab.freedesktop.org/xorg/lib/libxmu/-/issues/"
| #define PACKAGE_URL ""
| #define HAVE_STDIO_H 1
| #define HAVE_STDLIB_H 1
| #define HAVE_STRING_H 1
| #define HAVE_INTTYPES_H 1
| #define HAVE_STDINT_H 1
| #define HAVE_STRINGS_H 1
| #define HAVE_SYS_STAT_H 1
| #define HAVE_SYS_TYPES_H 1
| #define HAVE_UNISTD_H 1
| #define HAVE_WCHAR_H 1
| /* end confdefs.h.  */
| #include <stddef.h>
| #ifdef HAVE_STDIO_H
| # include <stdio.h>
| #endif
| #ifdef HAVE_STDLIB_H
| # include <stdlib.h>
| #endif
| #ifdef HAVE_STRING_H
| # include <string.h>
| #endif
| #ifdef HAVE_INTTYPES_H
| # include <inttypes.h>
| #endif
| #ifdef HAVE_STDINT_H
| # include <stdint.h>
| #endif
| #ifdef HAVE_STRINGS_H
| # include <strings.h>
| #endif
| #ifdef HAVE_SYS_TYPES_H
| # include <sys/types.h>
| #endif
| #ifdef HAVE_SYS_STAT_H
| # include <sys/stat.h>
| #endif
| #ifdef HAVE_UNISTD_H
| # include <unistd.h>
| #endif
| #include <minix/config.h>
configure:3815: result: no
configure:3846: checking whether it is safe to define __EXTENSIONS__
configure:3865: gcc -c -I/home/mearvk/IdeaProjects/Ubuntu.Determinant.Alpha.Restricted/userland/x11/_build/sysroot/usr/include -w  conftest.c >&5
configure:3865: $? = 0
configure:3873: result: yes
configure:3876: checking whether _XOPEN_SOURCE should be defined
configure:3898: gcc -c -I/home/mearvk/IdeaProjects/Ubuntu.Determinant.Alpha.Restricted/userland/x11/_build/sysroot/usr/include -w  conftest.c >&5
configure:3898: $? = 0
configure:3925: result: no
configure:4000: checking for a BSD-compatible install
configure:4073: result: /usr/bin/install -c
configure:4084: checking whether build environment is sane
configure:4139: result: yes
configure:4294: checking for a race-free mkdir -p
configure:4338: result: /usr/bin/mkdir -p
configure:4345: checking for gawk
configure:4380: result: no
configure:4345: checking for mawk
configure:4366: found /usr/bin/mawk
configure:4377: result: mawk
configure:4388: checking whether make sets $(MAKE)
configure:4411: result: yes
configure:4433: checking whether make supports the include directive
configure:4448: make -f confmf.GNU && cat confinc.out
make[2]: Entering directory '/home/mearvk/IdeaProjects/Ubuntu.Determinant.Alpha.Restricted/userland/x11/_build/libXmu-1.2.1'
make[2]: Leaving directory '/home/mearvk/IdeaProjects/Ubuntu.Determinant.Alpha.Restricted/userland/x11/_build/libXmu-1.2.1'
this is the am__doit target
configure:4451: $? = 0
configure:4470: result: yes (GNU style)
configure:4505: checking whether make supports nested variables
configure:4523: result: yes
configure:4604: checking dependency style of gcc
configure:4716: result: gcc3
configure:4822: checking build system type
configure:4837: result: x86_64-pc-linux-gnu
configure:4857: checking host system type
configure:4871: result: x86_64-pc-linux-gnu
configure:4912: checking how to print strings
configure:4939: result: printf
configure:4960: checking for a sed that does not truncate output
configure:5030: result: /usr/bin/sed
configure:5048: checking for grep that handles long lines and -e
configure:5112: result: /usr/bin/grep
configure:5117: checking for egrep
configure:5185: result: /usr/bin/grep -E
configure:5190: checking for fgrep
configure:5258: result: /usr/bin/grep -F
configure:5294: checking for ld used by gcc
configure:5362: result: /usr/bin/ld
configure:5369: checking if the linker (/usr/bin/ld) is GNU ld
configure:5385: result: yes
configure:5397: checking for BSD- or MS-compatible name lister (nm)
configure:5452: result: /usr/bin/nm -B
configure:5592: checking the name lister (/usr/bin/nm -B) interface
configure:5600: gcc -c -I/home/mearvk/IdeaProjects/Ubuntu.Determinant.Alpha.Restricted/userland/x11/_build/sysroot/usr/include -w  conftest.c >&5
configure:5603: /usr/bin/nm -B "conftest.o"
configure:5606: output
0000000000000000 B some_variable
configure:5613: result: BSD nm
configure:5616: checking whether ln -s works
configure:5620: result: yes
configure:5628: checking the maximum length of command line arguments
configure:5760: result: 1572864
configure:5808: checking how to convert x86_64-pc-linux-gnu file names to x86_64-pc-linux-gnu format
configure:5849: result: func_convert_file_noop
configure:5856: checking how to convert x86_64-pc-linux-gnu file names to toolchain format
configure:5877: result: func_convert_file_noop
configure:5884: checking for /usr/bin/ld option to reload object files
configure:5892: result: -r
configure:5971: checking for file
configure:5992: found /usr/bin/file
configure:6003: result: file
configure:6079: checking for objdump
configure:6100: found /usr/bin/objdump
configure:6111: result: objdump
configure:6143: checking how to recognize dependent libraries
configure:6344: result: pass_all
configure:6434: checking for dlltool
configure:6469: result: no
configure:6499: checking how to associate runtime and link libraries
configure:6527: result: printf %s\n
configure:6592: checking for ar
configure:6613: found /usr/bin/ar
configure:6624: result: ar
configure:6677: checking for archiver @FILE support
configure:6695: gcc -c -I/home/mearvk/IdeaProjects/Ubuntu.Determinant.Alpha.Restricted/userland/x11/_build/sysroot/usr/include -w  conftest.c >&5
configure:6695: $? = 0
configure:6699: ar cr libconftest.a @conftest.lst >&5
configure:6702: $? = 0
configure:6707: ar cr libconftest.a @conftest.lst >&5
ar: conftest.o: No such file or directory
configure:6710: $? = 1
configure:6722: result: @
configure:6785: checking for strip
configure:6806: found /usr/bin/strip
configure:6817: result: strip
configure:6894: checking for ranlib
configure:6915: found /usr/bin/ranlib
configure:6926: result: ranlib
configure:7028: checking command to parse /usr/bin/nm -B output from gcc object
configure:7182: gcc -c -I/home/mearvk/IdeaProjects/Ubuntu.Determinant.Alpha.Restricted/userland/x11/_build/sysroot/usr/include -w  conftest.c >&5
configure:7185: $? = 0
configure:7189: /usr/bin/nm -B conftest.o \| /usr/bin/sed -n -e 's/^.*[ ]\([ABCDGIRSTW][ABCDGIRSTW]*\)[ ][ ]*\([_A-Za-z][_A-Za-z0-9]*\)$/\1 \2 \2/p' | /usr/bin/sed '/ __gnu_lto/d' \> conftest.nm
configure:7192: $? = 0
configure:7258: gcc -o conftest -I/home/mearvk/IdeaProjects/Ubuntu.Determinant.Alpha.Restricted/userland/x11/_build/sysroot/usr/include -w  -L/home/mearvk/IdeaProjects/Ubuntu.Determinant.Alpha.Restricted/userland/x11/_build/sysroot/usr/lib -Wl,-rpath-link,/home/mearvk/IdeaProjects/Ubuntu.Determinant.Alpha.Restricted/userland/x11/_build/sysroot/usr/lib conftest.c conftstm.o >&5
configure:7261: $? = 0
configure:7299: result: ok
configure:7346: checking for sysroot
configure:7377: result: no
configure:7384: checking for a working dd
configure:7428: result: /usr/bin/dd
configure:7432: checking how to truncate binary pipes
configure:7448: result: /usr/bin/dd bs=4096 count=1
configure:7585: gcc -c -I/home/mearvk/IdeaProjects/Ubuntu.Determinant.Alpha.Restricted/userland/x11/_build/sysroot/usr/include -w  conftest.c >&5
configure:7588: $? = 0
configure:7785: checking for mt
configure:7806: found /usr/bin/mt
configure:7817: result: mt
configure:7840: checking if mt is a manifest tool
configure:7847: mt '-?'
configure:7855: result: no
configure:8576: checking for dlfcn.h
configure:8576: gcc -c -I/home/mearvk/IdeaProjects/Ubuntu.Determinant.Alpha.Restricted/userland/x11/_build/sysroot/usr/include -w  conftest.c >&5
configure:8576: $? = 0
configure:8576: result: yes
configure:8835: checking for objdir
configure:8851: result: .libs
configure:9115: checking if gcc supports -fno-rtti -fno-exceptions
configure:9134: gcc -c -I/home/mearvk/IdeaProjects/Ubuntu.Determinant.Alpha.Restricted/userland/x11/_build/sysroot/usr/include -w  -fno-rtti -fno-exceptions conftest.c >&5
configure:9138: $? = 0
configure:9151: result: yes
configure:9509: checking for gcc option to produce PIC
configure:9517: result: -fPIC -DPIC
configure:9525: checking if gcc PIC flag -fPIC -DPIC works
configure:9544: gcc -c -I/home/mearvk/IdeaProjects/Ubuntu.Determinant.Alpha.Restricted/userland/x11/_build/sysroot/usr/include -w  -fPIC -DPIC -DPIC conftest.c >&5
configure:9548: $? = 0
configure:9561: result: yes
configure:9590: checking if gcc static flag -static works
configure:9619: result: yes
configure:9634: checking if gcc supports -c -o file.o
configure:9656: gcc -c -I/home/mearvk/IdeaProjects/Ubuntu.Determinant.Alpha.Restricted/userland/x11/_build/sysroot/usr/include -w  -o out/conftest2.o conftest.c >&5
configure:9660: $? = 0
configure:9682: result: yes
configure:9690: checking if gcc supports -c -o file.o
configure:9738: result: yes
configure:9771: checking whether the gcc linker (/usr/bin/ld -m elf_x86_64) supports shared libraries
configure:11039: result: yes
configure:11076: checking whether -lc should be explicitly linked in
configure:11085: gcc -c -I/home/mearvk/IdeaProjects/Ubuntu.Determinant.Alpha.Restricted/userland/x11/_build/sysroot/usr/include -w  conftest.c >&5
configure:11088: $? = 0
configure:11103: gcc -shared  -fPIC -DPIC conftest.o  -v -Wl,-soname -Wl,conftest -o conftest 2\>\&1 \| /usr/bin/grep  -lc  \>/dev/null 2\>\&1
configure:11106: $? = 0
configure:11120: result: no
configure:11280: checking dynamic linker characteristics
configure:11875: gcc -o conftest -I/home/mearvk/IdeaProjects/Ubuntu.Determinant.Alpha.Restricted/userland/x11/_build/sysroot/usr/include -w  -L/home/mearvk/IdeaProjects/Ubuntu.Determinant.Alpha.Restricted/userland/x11/_build/sysroot/usr/lib -Wl,-rpath-link,/home/mearvk/IdeaProjects/Ubuntu.Determinant.Alpha.Restricted/userland/x11/_build/sysroot/usr/lib -Wl,-rpath -Wl,/foo conftest.c  >&5
configure:11875: $? = 0
configure:12114: result: GNU/Linux ld.so
configure:12236: checking how to hardcode library paths into programs
configure:12261: result: immediate
configure:12843: checking whether stripping libraries is possible
configure:12852: result: yes
configure:12894: checking if libtool supports shared libraries
configure:12896: result: yes
configure:12899: checking whether to build shared libraries
configure:12924: result: yes
configure:12927: checking whether to build static libraries
configure:12931: result: yes
configure:12981: checking for gcc options needed to detect all undeclared functions
configure:13003: gcc -c -I/home/mearvk/IdeaProjects/Ubuntu.Determinant.Alpha.Restricted/userland/x11/_build/sysroot/usr/include -w   conftest.c >&5
conftest.c: In function 'main':
conftest.c:44:8: error: 'strchr' undeclared (first use in this function)
   44 | (void) strchr;
      |        ^~~~~~
conftest.c:1:1: note: 'strchr' is defined in header '<string.h>'; did you forget to '#include <string.h>'?
    1 | /* confdefs.h */
conftest.c:44:8: note: each undeclared identifier is reported only once for each function it appears in
   44 | (void) strchr;
      |        ^~~~~~
configure:13003: $? = 1
configure: failed program was:
| /* confdefs.h */
| #define PACKAGE_NAME "libXmu"
| #define PACKAGE_TARNAME "libXmu"
| #define PACKAGE_VERSION "1.2.1"
| #define PACKAGE_STRING "libXmu 1.2.1"
| #define PACKAGE_BUGREPORT "https://gitlab.freedesktop.org/xorg/lib/libxmu/-/issues/"
| #define PACKAGE_URL ""
| #define HAVE_STDIO_H 1
| #define HAVE_STDLIB_H 1
| #define HAVE_STRING_H 1
| #define HAVE_INTTYPES_H 1
| #define HAVE_STDINT_H 1
| #define HAVE_STRINGS_H 1
| #define HAVE_SYS_STAT_H 1
| #define HAVE_SYS_TYPES_H 1
| #define HAVE_UNISTD_H 1
| #define HAVE_WCHAR_H 1
| #define STDC_HEADERS 1
| #define _ALL_SOURCE 1
| #define _DARWIN_C_SOURCE 1
| #define _GNU_SOURCE 1
| #define _HPUX_ALT_XOPEN_SOCKET_API 1
| #define _NETBSD_SOURCE 1
| #define _OPENBSD_SOURCE 1
| #define _POSIX_PTHREAD_SEMANTICS 1
| #define __STDC_WANT_IEC_60559_ATTRIBS_EXT__ 1
| #define __STDC_WANT_IEC_60559_BFP_EXT__ 1
| #define __STDC_WANT_IEC_60559_DFP_EXT__ 1
| #define __STDC_WANT_IEC_60559_FUNCS_EXT__ 1
| #define __STDC_WANT_IEC_60559_TYPES_EXT__ 1
| #define __STDC_WANT_LIB_EXT2__ 1
| #define __STDC_WANT_MATH_SPEC_FUNCS__ 1
| #define _TANDEM_SOURCE 1
| #define __EXTENSIONS__ 1
| #define PACKAGE "libXmu"
| #define VERSION "1.2.1"
| #define HAVE_DLFCN_H 1
| #define LT_OBJDIR ".libs/"
| /* end confdefs.h.  */
| 
| int
| main (void)
| {
| (void) strchr;
|   ;
|   return 0;
| }
configure:13030: gcc -c -I/home/mearvk/IdeaProjects/Ubuntu.Determinant.Alpha.Restricted/userland/x11/_build/sysroot/usr/include -w   conftest.c >&5
configure:13030: $? = 0
configure:13047: result: none needed
configure:13065: checking whether __clang__ is declared
configure:13065: gcc -c -I/home/mearvk/IdeaProjects/Ubuntu.Determinant.Alpha.Restricted/userland/x11/_build/sysroot/usr/include -w   conftest.c >&5
conftest.c: In function 'main':
conftest.c:75:10: error: '__clang__' undeclared (first use in this function)
   75 |   (void) __clang__;
      |          ^~~~~~~~~
conftest.c:75:10: note: each undeclared identifier is reported only once for each function it appears in
configure:13065: $? = 1
configure: failed program was:
| /* confdefs.h */
| #define PACKAGE_NAME "libXmu"
| #define PACKAGE_TARNAME "libXmu"
| #define PACKAGE_VERSION "1.2.1"
| #define PACKAGE_STRING "libXmu 1.2.1"
| #define PACKAGE_BUGREPORT "https://gitlab.freedesktop.org/xorg/lib/libxmu/-/issues/"
| #define PACKAGE_URL ""
| #define HAVE_STDIO_H 1
| #define HAVE_STDLIB_H 1
| #define HAVE_STRING_H 1
| #define HAVE_INTTYPES_H 1
| #define HAVE_STDINT_H 1
| #define HAVE_STRINGS_H 1
| #define HAVE_SYS_STAT_H 1
| #define HAVE_SYS_TYPES_H 1
| #define HAVE_UNISTD_H 1
| #define HAVE_WCHAR_H 1
| #define STDC_HEADERS 1
| #define _ALL_SOURCE 1
| #define _DARWIN_C_SOURCE 1
| #define _GNU_SOURCE 1
| #define _HPUX_ALT_XOPEN_SOCKET_API 1
| #define _NETBSD_SOURCE 1
| #define _OPENBSD_SOURCE 1
| #define _POSIX_PTHREAD_SEMANTICS 1
| #define __STDC_WANT_IEC_60559_ATTRIBS_EXT__ 1
| #define __STDC_WANT_IEC_60559_BFP_EXT__ 1
| #define __STDC_WANT_IEC_60559_DFP_EXT__ 1
| #define __STDC_WANT_IEC_60559_FUNCS_EXT__ 1
| #define __STDC_WANT_IEC_60559_TYPES_EXT__ 1
| #define __STDC_WANT_LIB_EXT2__ 1
| #define __STDC_WANT_MATH_SPEC_FUNCS__ 1
| #define _TANDEM_SOURCE 1
| #define __EXTENSIONS__ 1
| #define PACKAGE "libXmu"
| #define VERSION "1.2.1"
| #define HAVE_DLFCN_H 1
| #define LT_OBJDIR ".libs/"
| /* end confdefs.h.  */
| #include <stddef.h>
| #ifdef HAVE_STDIO_H
| # include <stdio.h>
| #endif
| #ifdef HAVE_STDLIB_H
| # include <stdlib.h>
| #endif
| #ifdef HAVE_STRING_H
| # include <string.h>
| #endif
| #ifdef HAVE_INTTYPES_H
| # include <inttypes.h>
| #endif
| #ifdef HAVE_STDINT_H
| # include <stdint.h>
| #endif
| #ifdef HAVE_STRINGS_H
| # include <strings.h>
| #endif
| #ifdef HAVE_SYS_TYPES_H
| # include <sys/types.h>
| #endif
| #ifdef HAVE_SYS_STAT_H
| # include <sys/stat.h>
| #endif
| #ifdef HAVE_UNISTD_H
| # include <unistd.h>
| #endif
| int
| main (void)
| {
| #ifndef __clang__
| #ifdef __cplusplus
|   (void) __clang__;
| #else
|   (void) __clang__;
| #endif
| #endif
| 
|   ;
|   return 0;
| }
configure:13065: result: no
configure:13072: checking whether __INTEL_COMPILER is declared
configure:13072: gcc -c -I/home/mearvk/IdeaProjects/Ubuntu.Determinant.Alpha.Restricted/userland/x11/_build/sysroot/usr/include -w   conftest.c >&5
conftest.c: In function 'main':
conftest.c:75:10: error: '__INTEL_COMPILER' undeclared (first use in this function)
   75 |   (void) __INTEL_COMPILER;
      |          ^~~~~~~~~~~~~~~~
conftest.c:75:10: note: each undeclared identifier is reported only once for each function it appears in
configure:13072: $? = 1
configure: failed program was:
| /* confdefs.h */
| #define PACKAGE_NAME "libXmu"
| #define PACKAGE_TARNAME "libXmu"
| #define PACKAGE_VERSION "1.2.1"
| #define PACKAGE_STRING "libXmu 1.2.1"
| #define PACKAGE_BUGREPORT "https://gitlab.freedesktop.org/xorg/lib/libxmu/-/issues/"
| #define PACKAGE_URL ""
| #define HAVE_STDIO_H 1
| #define HAVE_STDLIB_H 1
| #define HAVE_STRING_H 1
| #define HAVE_INTTYPES_H 1
| #define HAVE_STDINT_H 1
| #define HAVE_STRINGS_H 1
| #define HAVE_SYS_STAT_H 1
| #define HAVE_SYS_TYPES_H 1
| #define HAVE_UNISTD_H 1
| #define HAVE_WCHAR_H 1
| #define STDC_HEADERS 1
| #define _ALL_SOURCE 1
| #define _DARWIN_C_SOURCE 1
| #define _GNU_SOURCE 1
| #define _HPUX_ALT_XOPEN_SOCKET_API 1
| #define _NETBSD_SOURCE 1
| #define _OPENBSD_SOURCE 1
| #define _POSIX_PTHREAD_SEMANTICS 1
| #define __STDC_WANT_IEC_60559_ATTRIBS_EXT__ 1
| #define __STDC_WANT_IEC_60559_BFP_EXT__ 1
| #define __STDC_WANT_IEC_60559_DFP_EXT__ 1
| #define __STDC_WANT_IEC_60559_FUNCS_EXT__ 1
| #define __STDC_WANT_IEC_60559_TYPES_EXT__ 1
| #define __STDC_WANT_LIB_EXT2__ 1
| #define __STDC_WANT_MATH_SPEC_FUNCS__ 1
| #define _TANDEM_SOURCE 1
| #define __EXTENSIONS__ 1
| #define PACKAGE "libXmu"
| #define VERSION "1.2.1"
| #define HAVE_DLFCN_H 1
| #define LT_OBJDIR ".libs/"
| /* end confdefs.h.  */
| #include <stddef.h>
| #ifdef HAVE_STDIO_H
| # include <stdio.h>
| #endif
| #ifdef HAVE_STDLIB_H
| # include <stdlib.h>
| #endif
| #ifdef HAVE_STRING_H
| # include <string.h>
| #endif
| #ifdef HAVE_INTTYPES_H
| # include <inttypes.h>
| #endif
| #ifdef HAVE_STDINT_H
| # include <stdint.h>
| #endif
| #ifdef HAVE_STRINGS_H
| # include <strings.h>
| #endif
| #ifdef HAVE_SYS_TYPES_H
| # include <sys/types.h>
| #endif
| #ifdef HAVE_SYS_STAT_H
| # include <sys/stat.h>
| #endif
| #ifdef HAVE_UNISTD_H
| # include <unistd.h>
| #endif
| int
| main (void)
| {
| #ifndef __INTEL_COMPILER
| #ifdef __cplusplus
|   (void) __INTEL_COMPILER;
| #else
|   (void) __INTEL_COMPILER;
| #endif
| #endif
| 
|   ;
|   return 0;
| }
configure:13072: result: no
configure:13079: checking whether __SUNPRO_C is declared
configure:13079: gcc -c -I/home/mearvk/IdeaProjects/Ubuntu.Determinant.Alpha.Restricted/userland/x11/_build/sysroot/usr/include -w   conftest.c >&5
conftest.c: In function 'main':
conftest.c:75:10: error: '__SUNPRO_C' undeclared (first use in this function)
   75 |   (void) __SUNPRO_C;
      |          ^~~~~~~~~~
conftest.c:75:10: note: each undeclared identifier is reported only once for each function it appears in
configure:13079: $? = 1
configure: failed program was:
| /* confdefs.h */
| #define PACKAGE_NAME "libXmu"
| #define PACKAGE_TARNAME "libXmu"
| #define PACKAGE_VERSION "1.2.1"
| #define PACKAGE_STRING "libXmu 1.2.1"
| #define PACKAGE_BUGREPORT "https://gitlab.freedesktop.org/xorg/lib/libxmu/-/issues/"
| #define PACKAGE_URL ""
| #define HAVE_STDIO_H 1
| #define HAVE_STDLIB_H 1
| #define HAVE_STRING_H 1
| #define HAVE_INTTYPES_H 1
| #define HAVE_STDINT_H 1
| #define HAVE_STRINGS_H 1
| #define HAVE_SYS_STAT_H 1
| #define HAVE_SYS_TYPES_H 1
| #define HAVE_UNISTD_H 1
| #define HAVE_WCHAR_H 1
| #define STDC_HEADERS 1
| #define _ALL_SOURCE 1
| #define _DARWIN_C_SOURCE 1
| #define _GNU_SOURCE 1
| #define _HPUX_ALT_XOPEN_SOCKET_API 1
| #define _NETBSD_SOURCE 1
| #define _OPENBSD_SOURCE 1
| #define _POSIX_PTHREAD_SEMANTICS 1
| #define __STDC_WANT_IEC_60559_ATTRIBS_EXT__ 1
| #define __STDC_WANT_IEC_60559_BFP_EXT__ 1
| #define __STDC_WANT_IEC_60559_DFP_EXT__ 1
| #define __STDC_WANT_IEC_60559_FUNCS_EXT__ 1
| #define __STDC_WANT_IEC_60559_TYPES_EXT__ 1
| #define __STDC_WANT_LIB_EXT2__ 1
| #define __STDC_WANT_MATH_SPEC_FUNCS__ 1
| #define _TANDEM_SOURCE 1
| #define __EXTENSIONS__ 1
| #define PACKAGE "libXmu"
| #define VERSION "1.2.1"
| #define HAVE_DLFCN_H 1
| #define LT_OBJDIR ".libs/"
| /* end confdefs.h.  */
| #include <stddef.h>
| #ifdef HAVE_STDIO_H
| # include <stdio.h>
| #endif
| #ifdef HAVE_STDLIB_H
| # include <stdlib.h>
| #endif
| #ifdef HAVE_STRING_H
| # include <string.h>
| #endif
| #ifdef HAVE_INTTYPES_H
| # include <inttypes.h>
| #endif
| #ifdef HAVE_STDINT_H
| # include <stdint.h>
| #endif
| #ifdef HAVE_STRINGS_H
| # include <strings.h>
| #endif
| #ifdef HAVE_SYS_TYPES_H
| # include <sys/types.h>
| #endif
| #ifdef HAVE_SYS_STAT_H
| # include <sys/stat.h>
| #endif
| #ifdef HAVE_UNISTD_H
| # include <unistd.h>
| #endif
| int
| main (void)
| {
| #ifndef __SUNPRO_C
| #ifdef __cplusplus
|   (void) __SUNPRO_C;
| #else
|   (void) __SUNPRO_C;
| #endif
| #endif
| 
|   ;
|   return 0;
| }
configure:13079: result: no
configure:13146: checking for pkg-config
configure:13169: found /usr/bin/pkg-config
configure:13181: result: /usr/bin/pkg-config
configure:13206: checking pkg-config is at least version 0.9.0
configure:13209: result: yes
configure:13259: checking if gcc supports -Werror=unknown-warning-option
configure:13269: gcc -c -I/home/mearvk/IdeaProjects/Ubuntu.Determinant.Alpha.Restricted/userland/x11/_build/sysroot/usr/include -w -Werror=unknown-warning-option  conftest.c >&5
cc1: error: '-Werror=unknown-warning-option': no option '-Wunknown-warning-option'
configure:13269: $? = 1
configure: failed program was:
| /* confdefs.h */
| #define PACKAGE_NAME "libXmu"
| #define PACKAGE_TARNAME "libXmu"
| #define PACKAGE_VERSION "1.2.1"
| #define PACKAGE_STRING "libXmu 1.2.1"
| #define PACKAGE_BUGREPORT "https://gitlab.freedesktop.org/xorg/lib/libxmu/-/issues/"
| #define PACKAGE_URL ""
| #define HAVE_STDIO_H 1
| #define HAVE_STDLIB_H 1
| #define HAVE_STRING_H 1
| #define HAVE_INTTYPES_H 1
| #define HAVE_STDINT_H 1
| #define HAVE_STRINGS_H 1
| #define HAVE_SYS_STAT_H 1
| #define HAVE_SYS_TYPES_H 1
| #define HAVE_UNISTD_H 1
| #define HAVE_WCHAR_H 1
| #define STDC_HEADERS 1
| #define _ALL_SOURCE 1
| #define _DARWIN_C_SOURCE 1
| #define _GNU_SOURCE 1
| #define _HPUX_ALT_XOPEN_SOCKET_API 1
| #define _NETBSD_SOURCE 1
| #define _OPENBSD_SOURCE 1
| #define _POSIX_PTHREAD_SEMANTICS 1
| #define __STDC_WANT_IEC_60559_ATTRIBS_EXT__ 1
| #define __STDC_WANT_IEC_60559_BFP_EXT__ 1
| #define __STDC_WANT_IEC_60559_DFP_EXT__ 1
| #define __STDC_WANT_IEC_60559_FUNCS_EXT__ 1
| #define __STDC_WANT_IEC_60559_TYPES_EXT__ 1
| #define __STDC_WANT_LIB_EXT2__ 1
| #define __STDC_WANT_MATH_SPEC_FUNCS__ 1
| #define _TANDEM_SOURCE 1
| #define __EXTENSIONS__ 1
| #define PACKAGE "libXmu"
| #define VERSION "1.2.1"
| #define HAVE_DLFCN_H 1
| #define LT_OBJDIR ".libs/"
| /* end confdefs.h.  */
| int i;
configure:13277: result: no
configure:13288: checking if gcc supports -Werror=unused-command-line-argument
configure:13298: gcc -c -I/home/mearvk/IdeaProjects/Ubuntu.Determinant.Alpha.Restricted/userland/x11/_build/sysroot/usr/include -w -Werror=unused-command-line-argument  conftest.c >&5
cc1: error: '-Werror=unused-command-line-argument': no option '-Wunused-command-line-argument'; did you mean '-Wunused-dummy-argument'?
configure:13298: $? = 1
configure: failed program was:
| /* confdefs.h */
| #define PACKAGE_NAME "libXmu"
| #define PACKAGE_TARNAME "libXmu"
| #define PACKAGE_VERSION "1.2.1"
| #define PACKAGE_STRING "libXmu 1.2.1"
| #define PACKAGE_BUGREPORT "https://gitlab.freedesktop.org/xorg/lib/libxmu/-/issues/"
| #define PACKAGE_URL ""
| #define HAVE_STDIO_H 1
| #define HAVE_STDLIB_H 1
| #define HAVE_STRING_H 1
| #define HAVE_INTTYPES_H 1
| #define HAVE_STDINT_H 1
| #define HAVE_STRINGS_H 1
| #define HAVE_SYS_STAT_H 1
| #define HAVE_SYS_TYPES_H 1
| #define HAVE_UNISTD_H 1
| #define HAVE_WCHAR_H 1
| #define STDC_HEADERS 1
| #define _ALL_SOURCE 1
| #define _DARWIN_C_SOURCE 1
| #define _GNU_SOURCE 1
| #define _HPUX_ALT_XOPEN_SOCKET_API 1
| #define _NETBSD_SOURCE 1
| #define _OPENBSD_SOURCE 1
| #define _POSIX_PTHREAD_SEMANTICS 1
| #define __STDC_WANT_IEC_60559_ATTRIBS_EXT__ 1
| #define __STDC_WANT_IEC_60559_BFP_EXT__ 1
| #define __STDC_WANT_IEC_60559_DFP_EXT__ 1
| #define __STDC_WANT_IEC_60559_FUNCS_EXT__ 1
| #define __STDC_WANT_IEC_60559_TYPES_EXT__ 1
| #define __STDC_WANT_LIB_EXT2__ 1
| #define __STDC_WANT_MATH_SPEC_FUNCS__ 1
| #define _TANDEM_SOURCE 1
| #define __EXTENSIONS__ 1
| #define PACKAGE "libXmu"
| #define VERSION "1.2.1"
| #define HAVE_DLFCN_H 1
| #define LT_OBJDIR ".libs/"
| /* end confdefs.h.  */
| int i;
configure:13306: result: no
configure:13325: checking if gcc supports -Wall
configure:13343: gcc -o conftest -I/home/mearvk/IdeaProjects/Ubuntu.Determinant.Alpha.Restricted/userland/x11/_build/sysroot/usr/include -w -Wall  -L/home/mearvk/IdeaProjects/Ubuntu.Determinant.Alpha.Restricted/userland/x11/_build/sysroot/usr/lib -Wl,-rpath-link,/home/mearvk/IdeaProjects/Ubuntu.Determinant.Alpha.Restricted/userland/x11/_build/sysroot/usr/lib conftest.c  >&5
configure:13343: $? = 0
configure:13357: result: yes
configure:13449: checking if gcc supports -Wpointer-arith
configure:13467: gcc -o conftest -I/home/mearvk/IdeaProjects/Ubuntu.Determinant.Alpha.Restricted/userland/x11/_build/sysroot/usr/include -w -Wpointer-arith  -L/home/mearvk/IdeaProjects/Ubuntu.Determinant.Alpha.Restricted/userland/x11/_build/sysroot/usr/lib -Wl,-rpath-link,/home/mearvk/IdeaProjects/Ubuntu.Determinant.Alpha.Restricted/userland/x11/_build/sysroot/usr/lib conftest.c  >&5
configure:13467: $? = 0
configure:13481: result: yes
configure:13573: checking if gcc supports -Wmissing-declarations
configure:13591: gcc -o conftest -I/home/mearvk/IdeaProjects/Ubuntu.Determinant.Alpha.Restricted/userland/x11/_build/sysroot/usr/include -w -Wmissing-declarations  -L/home/mearvk/IdeaProjects/Ubuntu.Determinant.Alpha.Restricted/userland/x11/_build/sysroot/usr/lib -Wl,-rpath-link,/home/mearvk/IdeaProjects/Ubuntu.Determinant.Alpha.Restricted/userland/x11/_build/sysroot/usr/lib conftest.c  >&5
configure:13591: $? = 0
configure:13605: result: yes
configure:13697: checking if gcc supports -Wformat=2
configure:13715: gcc -o conftest -I/home/mearvk/IdeaProjects/Ubuntu.Determinant.Alpha.Restricted/userland/x11/_build/sysroot/usr/include -w -Wformat=2  -L/home/mearvk/IdeaProjects/Ubuntu.Determinant.Alpha.Restricted/userland/x11/_build/sysroot/usr/lib -Wl,-rpath-link,/home/mearvk/IdeaProjects/Ubuntu.Determinant.Alpha.Restricted/userland/x11/_build/sysroot/usr/lib conftest.c  >&5
configure:13715: $? = 0
configure:13729: result: yes
configure:13874: checking if gcc supports -Wstrict-prototypes
configure:13892: gcc -o conftest -I/home/mearvk/IdeaProjects/Ubuntu.Determinant.Alpha.Restricted/userland/x11/_build/sysroot/usr/include -w -Wstrict-prototypes  -L/home/mearvk/IdeaProjects/Ubuntu.Determinant.Alpha.Restricted/userland/x11/_build/sysroot/usr/lib -Wl,-rpath-link,/home/mearvk/IdeaProjects/Ubuntu.Determinant.Alpha.Restricted/userland/x11/_build/sysroot/usr/lib conftest.c  >&5
configure:13892: $? = 0
configure:13906: result: yes
configure:13998: checking if gcc supports -Wmissing-prototypes
configure:14016: gcc -o conftest -I/home/mearvk/IdeaProjects/Ubuntu.Determinant.Alpha.Restricted/userland/x11/_build/sysroot/usr/include -w -Wmissing-prototypes  -L/home/mearvk/IdeaProjects/Ubuntu.Determinant.Alpha.Restricted/userland/x11/_build/sysroot/usr/lib -Wl,-rpath-link,/home/mearvk/IdeaProjects/Ubuntu.Determinant.Alpha.Restricted/userland/x11/_build/sysroot/usr/lib conftest.c  >&5
configure:14016: $? = 0
configure:14030: result: yes
configure:14122: checking if gcc supports -Wnested-externs
configure:14140: gcc -o conftest -I/home/mearvk/IdeaProjects/Ubuntu.Determinant.Alpha.Restricted/userland/x11/_build/sysroot/usr/include -w -Wnested-externs  -L/home/mearvk/IdeaProjects/Ubuntu.Determinant.Alpha.Restricted/userland/x11/_build/sysroot/usr/lib -Wl,-rpath-link,/home/mearvk/IdeaProjects/Ubuntu.Determinant.Alpha.Restricted/userland/x11/_build/sysroot/usr/lib conftest.c  >&5
configure:14140: $? = 0
configure:14154: result: yes
configure:14246: checking if gcc supports -Wbad-function-cast
configure:14264: gcc -o conftest -I/home/mearvk/IdeaProjects/Ubuntu.Determinant.Alpha.Restricted/userland/x11/_build/sysroot/usr/include -w -Wbad-function-cast  -L/home/mearvk/IdeaProjects/Ubuntu.Determinant.Alpha.Restricted/userland/x11/_build/sysroot/usr/lib -Wl,-rpath-link,/home/mearvk/IdeaProjects/Ubuntu.Determinant.Alpha.Restricted/userland/x11/_build/sysroot/usr/lib conftest.c  >&5
configure:14264: $? = 0
configure:14278: result: yes
configure:14370: checking if gcc supports -Wold-style-definition
configure:14388: gcc -o conftest -I/home/mearvk/IdeaProjects/Ubuntu.Determinant.Alpha.Restricted/userland/x11/_build/sysroot/usr/include -w -Wold-style-definition  -L/home/mearvk/IdeaProjects/Ubuntu.Determinant.Alpha.Restricted/userland/x11/_build/sysroot/usr/lib -Wl,-rpath-link,/home/mearvk/IdeaProjects/Ubuntu.Determinant.Alpha.Restricted/userland/x11/_build/sysroot/usr/lib conftest.c  >&5
configure:14388: $? = 0
configure:14402: result: yes
configure:14545: checking if gcc supports -Wdeclaration-after-statement
configure:14563: gcc -o conftest -I/home/mearvk/IdeaProjects/Ubuntu.Determinant.Alpha.Restricted/userland/x11/_build/sysroot/usr/include -w -Wdeclaration-after-statement  -L/home/mearvk/IdeaProjects/Ubuntu.Determinant.Alpha.Restricted/userland/x11/_build/sysroot/usr/lib -Wl,-rpath-link,/home/mearvk/IdeaProjects/Ubuntu.Determinant.Alpha.Restricted/userland/x11/_build/sysroot/usr/lib conftest.c  >&5
configure:14563: $? = 0
configure:14577: result: yes
configure:14673: checking if gcc supports -Wunused
configure:14691: gcc -o conftest -I/home/mearvk/IdeaProjects/Ubuntu.Determinant.Alpha.Restricted/userland/x11/_build/sysroot/usr/include -w -Wunused  -L/home/mearvk/IdeaProjects/Ubuntu.Determinant.Alpha.Restricted/userland/x11/_build/sysroot/usr/lib -Wl,-rpath-link,/home/mearvk/IdeaProjects/Ubuntu.Determinant.Alpha.Restricted/userland/x11/_build/sysroot/usr/lib conftest.c  >&5
configure:14691: $? = 0
configure:14705: result: yes
configure:14797: checking if gcc supports -Wuninitialized
configure:14815: gcc -o conftest -I/home/mearvk/IdeaProjects/Ubuntu.Determinant.Alpha.Restricted/userland/x11/_build/sysroot/usr/include -w -Wuninitialized  -L/home/mearvk/IdeaProjects/Ubuntu.Determinant.Alpha.Restricted/userland/x11/_build/sysroot/usr/lib -Wl,-rpath-link,/home/mearvk/IdeaProjects/Ubuntu.Determinant.Alpha.Restricted/userland/x11/_build/sysroot/usr/lib conftest.c  >&5
configure:14815: $? = 0
configure:14829: result: yes
configure:14921: checking if gcc supports -Wshadow
configure:14939: gcc -o conftest -I/home/mearvk/IdeaProjects/Ubuntu.Determinant.Alpha.Restricted/userland/x11/_build/sysroot/usr/include -w -Wshadow  -L/home/mearvk/IdeaProjects/Ubuntu.Determinant.Alpha.Restricted/userland/x11/_build/sysroot/usr/lib -Wl,-rpath-link,/home/mearvk/IdeaProjects/Ubuntu.Determinant.Alpha.Restricted/userland/x11/_build/sysroot/usr/lib conftest.c  >&5
configure:14939: $? = 0
configure:14953: result: yes
configure:15045: checking if gcc supports -Wmissing-noreturn
configure:15063: gcc -o conftest -I/home/mearvk/IdeaProjects/Ubuntu.Determinant.Alpha.Restricted/userland/x11/_build/sysroot/usr/include -w -Wmissing-noreturn  -L/home/mearvk/IdeaProjects/Ubuntu.Determinant.Alpha.Restricted/userland/x11/_build/sysroot/usr/lib -Wl,-rpath-link,/home/mearvk/IdeaProjects/Ubuntu.Determinant.Alpha.Restricted/userland/x11/_build/sysroot/usr/lib conftest.c  >&5
configure:15063: $? = 0
configure:15077: result: yes
configure:15169: checking if gcc supports -Wmissing-format-attribute
configure:15187: gcc -o conftest -I/home/mearvk/IdeaProjects/Ubuntu.Determinant.Alpha.Restricted/userland/x11/_build/sysroot/usr/include -w -Wmissing-format-attribute  -L/home/mearvk/IdeaProjects/Ubuntu.Determinant.Alpha.Restricted/userland/x11/_build/sysroot/usr/lib -Wl,-rpath-link,/home/mearvk/IdeaProjects/Ubuntu.Determinant.Alpha.Restricted/userland/x11/_build/sysroot/usr/lib conftest.c  >&5
configure:15187: $? = 0
configure:15201: result: yes
configure:15293: checking if gcc supports -Wredundant-decls
configure:15311: gcc -o conftest -I/home/mearvk/IdeaProjects/Ubuntu.Determinant.Alpha.Restricted/userland/x11/_build/sysroot/usr/include -w -Wredundant-decls  -L/home/mearvk/IdeaProjects/Ubuntu.Determinant.Alpha.Restricted/userland/x11/_build/sysroot/usr/lib -Wl,-rpath-link,/home/mearvk/IdeaProjects/Ubuntu.Determinant.Alpha.Restricted/userland/x11/_build/sysroot/usr/lib conftest.c  >&5
configure:15311: $? = 0
configure:15325: result: yes
configure:15417: checking if gcc supports -Wlogical-op
configure:15435: gcc -o conftest -I/home/mearvk/IdeaProjects/Ubuntu.Determinant.Alpha.Restricted/userland/x11/_build/sysroot/usr/include -w -Wlogical-op  -L/home/mearvk/IdeaProjects/Ubuntu.Determinant.Alpha.Restricted/userland/x11/_build/sysroot/usr/lib -Wl,-rpath-link,/home/mearvk/IdeaProjects/Ubuntu.Determinant.Alpha.Restricted/userland/x11/_build/sysroot/usr/lib conftest.c  >&5
configure:15435: $? = 0
configure:15449: result: yes
configure:15553: checking if gcc supports -Werror=implicit
configure:15571: gcc -o conftest -I/home/mearvk/IdeaProjects/Ubuntu.Determinant.Alpha.Restricted/userland/x11/_build/sysroot/usr/include -w -Werror=implicit  -L/home/mearvk/IdeaProjects/Ubuntu.Determinant.Alpha.Restricted/userland/x11/_build/sysroot/usr/lib -Wl,-rpath-link,/home/mearvk/IdeaProjects/Ubuntu.Determinant.Alpha.Restricted/userland/x11/_build/sysroot/usr/lib conftest.c  >&5
configure:15571: $? = 0
configure:15585: result: yes
configure:15728: checking if gcc supports -Werror=nonnull
configure:15746: gcc -o conftest -I/home/mearvk/IdeaProjects/Ubuntu.Determinant.Alpha.Restricted/userland/x11/_build/sysroot/usr/include -w -Werror=nonnull  -L/home/mearvk/IdeaProjects/Ubuntu.Determinant.Alpha.Restricted/userland/x11/_build/sysroot/usr/lib -Wl,-rpath-link,/home/mearvk/IdeaProjects/Ubuntu.Determinant.Alpha.Restricted/userland/x11/_build/sysroot/usr/lib conftest.c  >&5
configure:15746: $? = 0
configure:15760: result: yes
configure:15852: checking if gcc supports -Werror=init-self
configure:15870: gcc -o conftest -I/home/mearvk/IdeaProjects/Ubuntu.Determinant.Alpha.Restricted/userland/x11/_build/sysroot/usr/include -w -Werror=init-self  -L/home/mearvk/IdeaProjects/Ubuntu.Determinant.Alpha.Restricted/userland/x11/_build/sysroot/usr/lib -Wl,-rpath-link,/home/mearvk/IdeaProjects/Ubuntu.Determinant.Alpha.Restricted/userland/x11/_build/sysroot/usr/lib conftest.c  >&5
configure:15870: $? = 0
configure:15884: result: yes
configure:15976: checking if gcc supports -Werror=main
configure:15994: gcc -o conftest -I/home/mearvk/IdeaProjects/Ubuntu.Determinant.Alpha.Restricted/userland/x11/_build/sysroot/usr/include -w -Werror=main  -L/home/mearvk/IdeaProjects/Ubuntu.Determinant.Alpha.Restricted/userland/x11/_build/sysroot/usr/lib -Wl,-rpath-link,/home/mearvk/IdeaProjects/Ubuntu.Determinant.Alpha.Restricted/userland/x11/_build/sysroot/usr/lib conftest.c  >&5
configure:15994: $? = 0
configure:16008: result: yes
configure:16100: checking if gcc supports -Werror=missing-braces
configure:16118: gcc -o conftest -I/home/mearvk/IdeaProjects/Ubuntu.Determinant.Alpha.Restricted/userland/x11/_build/sysroot/usr/include -w -Werror=missing-braces  -L/home/mearvk/IdeaProjects/Ubuntu.Determinant.Alpha.Restricted/userland/x11/_build/sysroot/usr/lib -Wl,-rpath-link,/home/mearvk/IdeaProjects/Ubuntu.Determinant.Alpha.Restricted/userland/x11/_build/sysroot/usr/lib conftest.c  >&5
configure:16118: $? = 0
configure:16132: result: yes
configure:16224: checking if gcc supports -Werror=sequence-point
configure:16242: gcc -o conftest -I/home/mearvk/IdeaProjects/Ubuntu.Determinant.Alpha.Restricted/userland/x11/_build/sysroot/usr/include -w -Werror=sequence-point  -L/home/mearvk/IdeaProjects/Ubuntu.Determinant.Alpha.Restricted/userland/x11/_build/sysroot/usr/lib -Wl,-rpath-link,/home/mearvk/IdeaProjects/Ubuntu.Determinant.Alpha.Restricted/userland/x11/_build/sysroot/usr/lib conftest.c  >&5
configure:16242: $? = 0
configure:16256: result: yes
configure:16348: checking if gcc supports -Werror=return-type
configure:16366: gcc -o conftest -I/home/mearvk/IdeaProjects/Ubuntu.Determinant.Alpha.Restricted/userland/x11/_build/sysroot/usr/include -w -Werror=return-type  -L/home/mearvk/IdeaProjects/Ubuntu.Determinant.Alpha.Restricted/userland/x11/_build/sysroot/usr/lib -Wl,-rpath-link,/home/mearvk/IdeaProjects/Ubuntu.Determinant.Alpha.Restricted/userland/x11/_build/sysroot/usr/lib conftest.c  >&5
configure:16366: $? = 0
configure:16380: result: yes
configure:16523: checking if gcc supports -Werror=trigraphs
configure:16541: gcc -o conftest -I/home/mearvk/IdeaProjects/Ubuntu.Determinant.Alpha.Restricted/userland/x11/_build/sysroot/usr/include -w -Werror=trigraphs  -L/home/mearvk/IdeaProjects/Ubuntu.Determinant.Alpha.Restricted/userland/x11/_build/sysroot/usr/lib -Wl,-rpath-link,/home/mearvk/IdeaProjects/Ubuntu.Determinant.Alpha.Restricted/userland/x11/_build/sysroot/usr/lib conftest.c  >&5
configure:16541: $? = 0
configure:16555: result: yes
configure:16647: checking if gcc supports -Werror=array-bounds
configure:16665: gcc -o conftest -I/home/mearvk/IdeaProjects/Ubuntu.Determinant.Alpha.Restricted/userland/x11/_build/sysroot/usr/include -w -Werror=array-bounds  -L/home/mearvk/IdeaProjects/Ubuntu.Determinant.Alpha.Restricted/userland/x11/_build/sysroot/usr/lib -Wl,-rpath-link,/home/mearvk/IdeaProjects/Ubuntu.Determinant.Alpha.Restricted/userland/x11/_build/sysroot/usr/lib conftest.c  >&5
configure:16665: $? = 0
configure:16679: result: yes
configure:16771: checking if gcc supports -Werror=write-strings
configure:16789: gcc -o conftest -I/home/mearvk/IdeaProjects/Ubuntu.Determinant.Alpha.Restricted/userland/x11/_build/sysroot/usr/include -w -Werror=write-strings  -L/home/mearvk/IdeaProjects/Ubuntu.Determinant.Alpha.Restricted/userland/x11/_build/sysroot/usr/lib -Wl,-rpath-link,/home/mearvk/IdeaProjects/Ubuntu.Determinant.Alpha.Restricted/userland/x11/_build/sysroot/usr/lib conftest.c  >&5
configure:16789: $? = 0
configure:16803: result: yes
configure:16895: checking if gcc supports -Werror=address
configure:16913: gcc -o conftest -I/home/mearvk/IdeaProjects/Ubuntu.Determinant.Alpha.Restricted/userland/x11/_build/sysroot/usr/include -w -Werror=address  -L/home/mearvk/IdeaProjects/Ubuntu.Determinant.Alpha.Restricted/userland/x11/_build/sysroot/usr/lib -Wl,-rpath-link,/home/mearvk/IdeaProjects/Ubuntu.Determinant.Alpha.Restricted/userland/x11/_build/sysroot/usr/lib conftest.c  >&5
configure:16913: $? = 0
configure:16927: result: yes
configure:17019: checking if gcc supports -Werror=int-to-pointer-cast
configure:17037: gcc -o conftest -I/home/mearvk/IdeaProjects/Ubuntu.Determinant.Alpha.Restricted/userland/x11/_build/sysroot/usr/include -w -Werror=int-to-pointer-cast  -L/home/mearvk/IdeaProjects/Ubuntu.Determinant.Alpha.Restricted/userland/x11/_build/sysroot/usr/lib -Wl,-rpath-link,/home/mearvk/IdeaProjects/Ubuntu.Determinant.Alpha.Restricted/userland/x11/_build/sysroot/usr/lib conftest.c  >&5
configure:17037: $? = 0
configure:17051: result: yes
configure:17194: checking if gcc supports -Werror=pointer-to-int-cast
configure:17212: gcc -o conftest -I/home/mearvk/IdeaProjects/Ubuntu.Determinant.Alpha.Restricted/userland/x11/_build/sysroot/usr/include -w -Werror=pointer-to-int-cast  -L/home/mearvk/IdeaProjects/Ubuntu.Determinant.Alpha.Restricted/userland/x11/_build/sysroot/usr/lib -Wl,-rpath-link,/home/mearvk/IdeaProjects/Ubuntu.Determinant.Alpha.Restricted/userland/x11/_build/sysroot/usr/lib conftest.c  >&5
configure:17212: $? = 0
configure:17226: result: yes
configure:18967: checking if gcc supports -pedantic
configure:18985: gcc -o conftest -I/home/mearvk/IdeaProjects/Ubuntu.Determinant.Alpha.Restricted/userland/x11/_build/sysroot/usr/include -w -pedantic  -L/home/mearvk/IdeaProjects/Ubuntu.Determinant.Alpha.Restricted/userland/x11/_build/sysroot/usr/lib -Wl,-rpath-link,/home/mearvk/IdeaProjects/Ubuntu.Determinant.Alpha.Restricted/userland/x11/_build/sysroot/usr/lib conftest.c  >&5
configure:18985: $? = 0
configure:18999: result: yes
configure:19091: checking if gcc supports -Werror
configure:19109: gcc -o conftest -I/home/mearvk/IdeaProjects/Ubuntu.Determinant.Alpha.Restricted/userland/x11/_build/sysroot/usr/include -w -Werror  -L/home/mearvk/IdeaProjects/Ubuntu.Determinant.Alpha.Restricted/userland/x11/_build/sysroot/usr/lib -Wl,-rpath-link,/home/mearvk/IdeaProjects/Ubuntu.Determinant.Alpha.Restricted/userland/x11/_build/sysroot/usr/lib conftest.c  >&5
configure:19109: $? = 0
configure:19123: result: yes
configure:19269: checking if gcc supports -Werror=attributes
configure:19287: gcc -o conftest -I/home/mearvk/IdeaProjects/Ubuntu.Determinant.Alpha.Restricted/userland/x11/_build/sysroot/usr/include -w -Werror=attributes  -L/home/mearvk/IdeaProjects/Ubuntu.Determinant.Alpha.Restricted/userland/x11/_build/sysroot/usr/lib -Wl,-rpath-link,/home/mearvk/IdeaProjects/Ubuntu.Determinant.Alpha.Restricted/userland/x11/_build/sysroot/usr/lib conftest.c  >&5
configure:19287: $? = 0
configure:19301: result: yes
configure:19494: checking whether make supports nested variables
configure:19512: result: yes
configure:19544: checking whether to build documentation
configure:19546: result: yes
configure:19566: checking for xmlto
configure:19589: found /usr/bin/xmlto
configure:19601: result: /usr/bin/xmlto
configure:19679: checking the xmlto version
configure:19682: result: 0.0.28
configure:19728: WARNING: xmlto cannot generate text format, this format skipped
configure:19768: checking for fop
configure:19791: found /usr/bin/fop
configure:19803: result: /usr/bin/fop
configure:19908: checking for xsltproc
configure:19931: found /usr/bin/xsltproc
configure:19943: result: /usr/bin/xsltproc
configure:20028: checking for X.Org SGML entities >= 1.8
configure:20032: $PKG_CONFIG --exists --print-errors "xorg-sgml-doctools >= 1.8"
configure:20035: $? = 0
configure:20046: result: /usr/share/sgml
configure:20071: checking for xt >= 1.1 xext x11 xextproto
configure:20078: $PKG_CONFIG --exists --print-errors "xt >= 1.1 xext x11 xextproto"
configure:20081: $? = 0
configure:20095: $PKG_CONFIG --exists --print-errors "xt >= 1.1 xext x11 xextproto"
configure:20098: $? = 0
configure:20156: result: yes
configure:20162: checking for x11
configure:20169: $PKG_CONFIG --exists --print-errors "x11"
configure:20172: $? = 0
configure:20186: $PKG_CONFIG --exists --print-errors "x11"
configure:20189: $? = 0
configure:20247: result: yes
configure:20253: checking for uname
configure:20253: gcc -o conftest -I/home/mearvk/IdeaProjects/Ubuntu.Determinant.Alpha.Restricted/userland/x11/_build/sysroot/usr/include -w  -L/home/mearvk/IdeaProjects/Ubuntu.Determinant.Alpha.Restricted/userland/x11/_build/sysroot/usr/lib -Wl,-rpath-link,/home/mearvk/IdeaProjects/Ubuntu.Determinant.Alpha.Restricted/userland/x11/_build/sysroot/usr/lib conftest.c  >&5
configure:20253: $? = 0
configure:20253: result: yes
configure:20260: checking for reallocarray
configure:20260: gcc -o conftest -I/home/mearvk/IdeaProjects/Ubuntu.Determinant.Alpha.Restricted/userland/x11/_build/sysroot/usr/include -w  -L/home/mearvk/IdeaProjects/Ubuntu.Determinant.Alpha.Restricted/userland/x11/_build/sysroot/usr/lib -Wl,-rpath-link,/home/mearvk/IdeaProjects/Ubuntu.Determinant.Alpha.Restricted/userland/x11/_build/sysroot/usr/lib conftest.c  >&5
configure:20260: $? = 0
configure:20260: result: yes
configure:20517: checking whether to build unit test cases
configure:20519: result: auto
configure:20543: checking for glib-2.0 >= 2.46
configure:20550: $PKG_CONFIG --exists --print-errors "glib-2.0 >= 2.46"
Package glib-2.0 was not found in the pkg-config search path.
Perhaps you should add the directory containing `glib-2.0.pc'
to the PKG_CONFIG_PATH environment variable
Package 'glib-2.0', required by 'virtual:world', not found
configure:20553: $? = 1
configure:20567: $PKG_CONFIG --exists --print-errors "glib-2.0 >= 2.46"
Package glib-2.0 was not found in the pkg-config search path.
Perhaps you should add the directory containing `glib-2.0.pc'
to the PKG_CONFIG_PATH environment variable
Package 'glib-2.0', required by 'virtual:world', not found
configure:20570: $? = 1
configure:20584: result: no
Package 'glib-2.0', required by 'virtual:world', not found
configure:20721: checking for malloc_usable_size
configure:20721: gcc -o conftest -I/home/mearvk/IdeaProjects/Ubuntu.Determinant.Alpha.Restricted/userland/x11/_build/sysroot/usr/include -w  -L/home/mearvk/IdeaProjects/Ubuntu.Determinant.Alpha.Restricted/userland/x11/_build/sysroot/usr/lib -Wl,-rpath-link,/home/mearvk/IdeaProjects/Ubuntu.Determinant.Alpha.Restricted/userland/x11/_build/sysroot/usr/lib conftest.c  >&5
configure:20721: $? = 0
configure:20721: result: yes
configure:20728: checking for malloc.h
configure:20728: gcc -c -I/home/mearvk/IdeaProjects/Ubuntu.Determinant.Alpha.Restricted/userland/x11/_build/sysroot/usr/include -w  conftest.c >&5
configure:20728: $? = 0
configure:20728: result: yes
configure:20840: checking that generated files are newer than configure
configure:20846: result: done
configure:20909: creating ./config.status

## ---------------------- ##
## Running config.status. ##
## ---------------------- ##

This file was extended by libXmu config.status 1.2.1, which was
generated by GNU Autoconf 2.71.  Invocation command line was

  CONFIG_FILES    = 
  CONFIG_HEADERS  = 
  CONFIG_LINKS    = 
  CONFIG_COMMANDS = 
  $ ./config.status 

on mearvk-X900-A8800

config.status:1186: creating Makefile
config.status:1186: creating doc/Makefile
config.status:1186: creating include/Makefile
config.status:1186: creating src/Makefile
config.status:1186: creating test/Makefile
config.status:1186: creating xmu.pc
config.status:1186: creating xmuu.pc
config.status:1186: creating config.h
config.status:1367: config.h is unchanged
config.status:1415: executing depfiles commands
config.status:1492: cd src       && sed -e '/# am--include-marker/d' Makefile         | make -f - am--depfiles
make[2]: Entering directory '/home/mearvk/IdeaProjects/Ubuntu.Determinant.Alpha.Restricted/userland/x11/_build/libXmu-1.2.1/src'
make[2]: Nothing to be done for 'am--depfiles'.
make[2]: Leaving directory '/home/mearvk/IdeaProjects/Ubuntu.Determinant.Alpha.Restricted/userland/x11/_build/libXmu-1.2.1/src'
config.status:1497: $? = 0
config.status:1492: cd test       && sed -e '/# am--include-marker/d' Makefile         | make -f - am--depfiles
make[2]: Entering directory '/home/mearvk/IdeaProjects/Ubuntu.Determinant.Alpha.Restricted/userland/x11/_build/libXmu-1.2.1/test'
make[2]: Nothing to be done for 'am--depfiles'.
make[2]: Leaving directory '/home/mearvk/IdeaProjects/Ubuntu.Determinant.Alpha.Restricted/userland/x11/_build/libXmu-1.2.1/test'
config.status:1497: $? = 0
config.status:1415: executing libtool commands

## ---------------- ##
## Cache variables. ##
## ---------------- ##

ac_cv_build=x86_64-pc-linux-gnu
ac_cv_c_compiler_gnu=yes
ac_cv_c_undeclared_builtin_options='none needed'
ac_cv_env_CC_set=
ac_cv_env_CC_value=
ac_cv_env_CFLAGS_set=set
ac_cv_env_CFLAGS_value='-I/home/mearvk/IdeaProjects/Ubuntu.Determinant.Alpha.Restricted/userland/x11/_build/sysroot/usr/include -w'
ac_cv_env_CPPFLAGS_set=
ac_cv_env_CPPFLAGS_value=
ac_cv_env_FOP_set=
ac_cv_env_FOP_value=
ac_cv_env_GLIB_CFLAGS_set=
ac_cv_env_GLIB_CFLAGS_value=
ac_cv_env_GLIB_LIBS_set=
ac_cv_env_GLIB_LIBS_value=
ac_cv_env_LDFLAGS_set=set
ac_cv_env_LDFLAGS_value='-L/home/mearvk/IdeaProjects/Ubuntu.Determinant.Alpha.Restricted/userland/x11/_build/sysroot/usr/lib -Wl,-rpath-link,/home/mearvk/IdeaProjects/Ubuntu.Determinant.Alpha.Restricted/userland/x11/_build/sysroot/usr/lib'
ac_cv_env_LIBS_set=
ac_cv_env_LIBS_value=
ac_cv_env_LINT_FLAGS_set=
ac_cv_env_LINT_FLAGS_value=
ac_cv_env_LINT_set=
ac_cv_env_LINT_value=
ac_cv_env_LT_SYS_LIBRARY_PATH_set=
ac_cv_env_LT_SYS_LIBRARY_PATH_value=
ac_cv_env_PKG_CONFIG_LIBDIR_set=
ac_cv_env_PKG_CONFIG_LIBDIR_value=
ac_cv_env_PKG_CONFIG_PATH_set=set
ac_cv_env_PKG_CONFIG_PATH_value=/home/mearvk/IdeaProjects/Ubuntu.Determinant.Alpha.Restricted/userland/x11/_build/sysroot/usr/lib/pkgconfig:/home/mearvk/IdeaProjects/Ubuntu.Determinant.Alpha.Restricted/userland/x11/_build/sysroot/usr/lib/x86_64-linux-gnu/pkgconfig:/home/mearvk/IdeaProjects/Ubuntu.Determinant.Alpha.Restricted/userland/x11/_build/sysroot/usr/share/pkgconfig:/usr/lib/x86_64-linux-gnu/pkgconfig:/usr/lib/pkgconfig:/usr/share/pkgconfig
ac_cv_env_PKG_CONFIG_set=
ac_cv_env_PKG_CONFIG_value=
ac_cv_env_XMLTO_set=
ac_cv_env_XMLTO_value=
ac_cv_env_XMUU_CFLAGS_set=
ac_cv_env_XMUU_CFLAGS_value=
ac_cv_env_XMUU_LIBS_set=
ac_cv_env_XMUU_LIBS_value=
ac_cv_env_XMU_CFLAGS_set=
ac_cv_env_XMU_CFLAGS_value=
ac_cv_env_XMU_LIBS_set=
ac_cv_env_XMU_LIBS_value=
ac_cv_env_XORG_MALLOC_DEBUG_ENV_set=
ac_cv_env_XORG_MALLOC_DEBUG_ENV_value=
ac_cv_env_XSLTPROC_set=
ac_cv_env_XSLTPROC_value=
ac_cv_env_build_alias_set=
ac_cv_env_build_alias_value=
ac_cv_env_host_alias_set=
ac_cv_env_host_alias_value=
ac_cv_env_target_alias_set=
ac_cv_env_target_alias_value=
ac_cv_func_malloc_usable_size=yes
ac_cv_func_reallocarray=yes
ac_cv_func_uname=yes
ac_cv_have_decl___INTEL_COMPILER=no
ac_cv_have_decl___SUNPRO_C=no
ac_cv_have_decl___clang__=no
ac_cv_header_dlfcn_h=yes
ac_cv_header_inttypes_h=yes
ac_cv_header_malloc_h=yes
ac_cv_header_minix_config_h=no
ac_cv_header_stdint_h=yes
ac_cv_header_stdio_h=yes
ac_cv_header_stdlib_h=yes
ac_cv_header_string_h=yes
ac_cv_header_strings_h=yes
ac_cv_header_sys_stat_h=yes
ac_cv_header_sys_types_h=yes
ac_cv_header_unistd_h=yes
ac_cv_header_wchar_h=yes
ac_cv_host=x86_64-pc-linux-gnu
ac_cv_objext=o
ac_cv_path_EGREP='/usr/bin/grep -E'
ac_cv_path_FGREP='/usr/bin/grep -F'
ac_cv_path_FOP=/usr/bin/fop
ac_cv_path_GREP=/usr/bin/grep
ac_cv_path_SED=/usr/bin/sed
ac_cv_path_XMLTO=/usr/bin/xmlto
ac_cv_path_XSLTPROC=/usr/bin/xsltproc
ac_cv_path_ac_pt_PKG_CONFIG=/usr/bin/pkg-config
ac_cv_path_install='/usr/bin/install -c'
ac_cv_path_lt_DD=/usr/bin/dd
ac_cv_path_mkdir=/usr/bin/mkdir
ac_cv_prog_AWK=mawk
ac_cv_prog_ac_ct_AR=ar
ac_cv_prog_ac_ct_CC=gcc
ac_cv_prog_ac_ct_FILECMD=file
ac_cv_prog_ac_ct_MANIFEST_TOOL=mt
ac_cv_prog_ac_ct_OBJDUMP=objdump
ac_cv_prog_ac_ct_RANLIB=ranlib
ac_cv_prog_ac_ct_STRIP=strip
ac_cv_prog_cc_c11=
ac_cv_prog_cc_g=yes
ac_cv_prog_cc_stdc=
ac_cv_prog_make_make_set=yes
ac_cv_safe_to_define___extensions__=yes
ac_cv_should_define__xopen_source=no
am_cv_CC_dependencies_compiler_type=gcc3
am_cv_make_support_nested_variables=yes
am_cv_prog_cc_c_o=yes
lt_cv_ar_at_file=@
lt_cv_archive_cmds_need_lc=no
lt_cv_deplibs_check_method=pass_all
lt_cv_file_magic_cmd='$MAGIC_CMD'
lt_cv_file_magic_test_file=
lt_cv_ld_reload_flag=-r
lt_cv_nm_interface='BSD nm'
lt_cv_objdir=.libs
lt_cv_path_LD=/usr/bin/ld
lt_cv_path_NM='/usr/bin/nm -B'
lt_cv_path_mainfest_tool=no
lt_cv_prog_compiler_c_o=yes
lt_cv_prog_compiler_pic='-fPIC -DPIC'
lt_cv_prog_compiler_pic_works=yes
lt_cv_prog_compiler_rtti_exceptions=yes
lt_cv_prog_compiler_static_works=yes
lt_cv_prog_gnu_ld=yes
lt_cv_sharedlib_from_linklib_cmd='printf %s\n'
lt_cv_shlibpath_overrides_runpath=yes
lt_cv_sys_global_symbol_pipe='/usr/bin/sed -n -e '\''s/^.*[	 ]\([ABCDGIRSTW][ABCDGIRSTW]*\)[	 ][	 ]*\([_A-Za-z][_A-Za-z0-9]*\)$/\1 \2 \2/p'\'' | /usr/bin/sed '\''/ __gnu_lto/d'\'''
lt_cv_sys_global_symbol_to_c_name_address='/usr/bin/sed -n -e '\''s/^: \(.*\) .*$/  {"\1", (void *) 0},/p'\'' -e '\''s/^[ABCDGIRSTW][ABCDGIRSTW]* .* \(.*\)$/  {"\1", (void *) \&\1},/p'\'''
lt_cv_sys_global_symbol_to_c_name_address_lib_prefix='/usr/bin/sed -n -e '\''s/^: \(.*\) .*$/  {"\1", (void *) 0},/p'\'' -e '\''s/^[ABCDGIRSTW][ABCDGIRSTW]* .* \(lib.*\)$/  {"\1", (void *) \&\1},/p'\'' -e '\''s/^[ABCDGIRSTW][ABCDGIRSTW]* .* \(.*\)$/  {"lib\1", (void *) \&\1},/p'\'''
lt_cv_sys_global_symbol_to_cdecl='/usr/bin/sed -n -e '\''s/^T .* \(.*\)$/extern int \1();/p'\'' -e '\''s/^[ABCDGIRSTW][ABCDGIRSTW]* .* \(.*\)$/extern char \1;/p'\'''
lt_cv_sys_global_symbol_to_import=
lt_cv_sys_max_cmd_len=1572864
lt_cv_to_host_file_cmd=func_convert_file_noop
lt_cv_to_tool_file_cmd=func_convert_file_noop
lt_cv_truncate_bin='/usr/bin/dd bs=4096 count=1'
pkg_cv_XMUU_CFLAGS=
pkg_cv_XMUU_LIBS='-lX11 '
pkg_cv_XMU_CFLAGS='-I/usr/include/uuid '
pkg_cv_XMU_LIBS='-lXt -lXext -lX11 '
xorg_cv_cc_flag__Wall=yes
xorg_cv_cc_flag__Wbad_function_cast=yes
xorg_cv_cc_flag__Wdeclaration_after_statement=yes
xorg_cv_cc_flag__Werror=yes
xorg_cv_cc_flag__Werror_address=yes
xorg_cv_cc_flag__Werror_array_bounds=yes
xorg_cv_cc_flag__Werror_attributes=yes
xorg_cv_cc_flag__Werror_implicit=yes
xorg_cv_cc_flag__Werror_init_self=yes
xorg_cv_cc_flag__Werror_int_to_pointer_cast=yes
xorg_cv_cc_flag__Werror_main=yes
xorg_cv_cc_flag__Werror_missing_braces=yes
xorg_cv_cc_flag__Werror_nonnull=yes
xorg_cv_cc_flag__Werror_pointer_to_int_cast=yes
xorg_cv_cc_flag__Werror_return_type=yes
xorg_cv_cc_flag__Werror_sequence_point=yes
xorg_cv_cc_flag__Werror_trigraphs=yes
xorg_cv_cc_flag__Werror_write_strings=yes
xorg_cv_cc_flag__Wformat_2=yes
xorg_cv_cc_flag__Wlogical_op=yes
xorg_cv_cc_flag__Wmissing_declarations=yes
xorg_cv_cc_flag__Wmissing_format_attribute=yes
xorg_cv_cc_flag__Wmissing_noreturn=yes
xorg_cv_cc_flag__Wmissing_prototypes=yes
xorg_cv_cc_flag__Wnested_externs=yes
xorg_cv_cc_flag__Wold_style_definition=yes
xorg_cv_cc_flag__Wpointer_arith=yes
xorg_cv_cc_flag__Wredundant_decls=yes
xorg_cv_cc_flag__Wshadow=yes
xorg_cv_cc_flag__Wstrict_prototypes=yes
xorg_cv_cc_flag__Wuninitialized=yes
xorg_cv_cc_flag__Wunused=yes
xorg_cv_cc_flag__pedantic=yes
xorg_cv_cc_flag_unknown_warning_option=no
xorg_cv_cc_flag_unused_command_line_argument=no

## ----------------- ##
## Output variables. ##
## ----------------- ##

ACLOCAL='${SHELL} '\''/home/mearvk/IdeaProjects/Ubuntu.Determinant.Alpha.Restricted/userland/x11/_build/libXmu-1.2.1/missing'\'' aclocal-1.16'
ADMIN_MAN_DIR='$(mandir)/man$(ADMIN_MAN_SUFFIX)'
ADMIN_MAN_SUFFIX='8'
AMDEPBACKSLASH='\'
AMDEP_FALSE='#'
AMDEP_TRUE=''
AMTAR='$${TAR-tar}'
AM_BACKSLASH='\'
AM_DEFAULT_V='$(AM_DEFAULT_VERBOSITY)'
AM_DEFAULT_VERBOSITY='0'
AM_V='$(V)'
APP_MAN_DIR='$(mandir)/man$(APP_MAN_SUFFIX)'
APP_MAN_SUFFIX='1'
AR='ar'
AUTOCONF='${SHELL} '\''/home/mearvk/IdeaProjects/Ubuntu.Determinant.Alpha.Restricted/userland/x11/_build/libXmu-1.2.1/missing'\'' autoconf'
AUTOHEADER='${SHELL} '\''/home/mearvk/IdeaProjects/Ubuntu.Determinant.Alpha.Restricted/userland/x11/_build/libXmu-1.2.1/missing'\'' autoheader'
AUTOMAKE='${SHELL} '\''/home/mearvk/IdeaProjects/Ubuntu.Determinant.Alpha.Restricted/userland/x11/_build/libXmu-1.2.1/missing'\'' automake-1.16'
AWK='mawk'
BASE_CFLAGS=' -Wall -Wpointer-arith -Wmissing-declarations -Wformat=2 -Wstrict-prototypes -Wmissing-prototypes -Wnested-externs -Wbad-function-cast -Wold-style-definition -Wdeclaration-after-statement -Wunused -Wuninitialized -Wshadow -Wmissing-noreturn -Wmissing-format-attribute -Wredundant-decls -Wlogical-op -Werror=implicit -Werror=nonnull -Werror=init-self -Werror=main -Werror=missing-braces -Werror=sequence-point -Werror=return-type -Werror=trigraphs -Werror=array-bounds -Werror=write-strings -Werror=address -Werror=int-to-pointer-cast -Werror=pointer-to-int-cast'
CC='gcc'
CCDEPMODE='depmode=gcc3'
CFLAGS='-I/home/mearvk/IdeaProjects/Ubuntu.Determinant.Alpha.Restricted/userland/x11/_build/sysroot/usr/include -w'
CHANGELOG_CMD='((GIT_DIR=$(top_srcdir)/.git git log > $(top_srcdir)/.changelog.tmp) 2>/dev/null && mv $(top_srcdir)/.changelog.tmp $(top_srcdir)/ChangeLog) || (rm -f $(top_srcdir)/.changelog.tmp; test -e $(top_srcdir)/ChangeLog || ( touch $(top_srcdir)/ChangeLog; echo '\''git failed to create ChangeLog: installing empty ChangeLog.'\'' >&2))'
CPPFLAGS=''
CSCOPE='cscope'
CTAGS='ctags'
CWARNFLAGS=' -Wall -Wpointer-arith -Wmissing-declarations -Wformat=2 -Wstrict-prototypes -Wmissing-prototypes -Wnested-externs -Wbad-function-cast -Wold-style-definition -Wdeclaration-after-statement -Wunused -Wuninitialized -Wshadow -Wmissing-noreturn -Wmissing-format-attribute -Wredundant-decls -Wlogical-op -Werror=implicit -Werror=nonnull -Werror=init-self -Werror=main -Werror=missing-braces -Werror=sequence-point -Werror=return-type -Werror=trigraphs -Werror=array-bounds -Werror=write-strings -Werror=address -Werror=int-to-pointer-cast -Werror=pointer-to-int-cast -fno-strict-aliasing'
CYGPATH_W='echo'
DEFS='-DHAVE_CONFIG_H'
DEPDIR='.deps'
DLLTOOL='false'
DRIVER_MAN_DIR='$(mandir)/man$(DRIVER_MAN_SUFFIX)'
DRIVER_MAN_SUFFIX='4'
DSYMUTIL=''
DUMPBIN=''
ECHO_C=''
ECHO_N='-n'
ECHO_T=''
EGREP='/usr/bin/grep -E'
ENABLE_DOCS_FALSE='#'
ENABLE_DOCS_TRUE=''
ENABLE_UNIT_TESTS_FALSE='#'
ENABLE_UNIT_TESTS_TRUE=''
ETAGS='etags'
EXEEXT=''
FGREP='/usr/bin/grep -F'
FILECMD='file'
FILE_MAN_DIR='$(mandir)/man$(FILE_MAN_SUFFIX)'
FILE_MAN_SUFFIX='5'
FOP='/usr/bin/fop'
GLIB_CFLAGS=''
GLIB_LIBS=''
GREP='/usr/bin/grep'
HAVE_FOP_FALSE='#'
HAVE_FOP_TRUE=''
HAVE_GLIB_FALSE=''
HAVE_GLIB_TRUE='#'
HAVE_STYLESHEETS_FALSE='#'
HAVE_STYLESHEETS_TRUE=''
HAVE_XMLTO_FALSE='#'
HAVE_XMLTO_TEXT_FALSE=''
HAVE_XMLTO_TEXT_TRUE='#'
HAVE_XMLTO_TRUE=''
HAVE_XSLTPROC_FALSE='#'
HAVE_XSLTPROC_TRUE=''
INSTALL_CMD='(cp -f /INSTALL $(top_srcdir)/.INSTALL.tmp && mv $(top_srcdir)/.INSTALL.tmp $(top_srcdir)/INSTALL) || (rm -f $(top_srcdir)/.INSTALL.tmp; test -e $(top_srcdir)/INSTALL || ( touch $(top_srcdir)/INSTALL; echo '\''failed to copy INSTALL from util-macros: installing empty INSTALL.'\'' >&2))'
INSTALL_DATA='${INSTALL} -m 644'
INSTALL_PROGRAM='${INSTALL}'
INSTALL_SCRIPT='${INSTALL}'
INSTALL_STRIP_PROGRAM='$(install_sh) -c -s'
LD='/usr/bin/ld -m elf_x86_64'
LDFLAGS='-L/home/mearvk/IdeaProjects/Ubuntu.Determinant.Alpha.Restricted/userland/x11/_build/sysroot/usr/lib -Wl,-rpath-link,/home/mearvk/IdeaProjects/Ubuntu.Determinant.Alpha.Restricted/userland/x11/_build/sysroot/usr/lib'
LIBOBJS=''
LIBS=''
LIBTOOL='$(SHELL) $(top_builddir)/libtool'
LIB_MAN_DIR='$(mandir)/man$(LIB_MAN_SUFFIX)'
LIB_MAN_SUFFIX='3'
LINT=''
LINTLIB=''
LINTLIBUU=''
LINT_FALSE=''
LINT_FLAGS='-badflag'
LINT_TRUE='#'
LIPO=''
LN_S='ln -s'
LTLIBOBJS=''
LT_SYS_LIBRARY_PATH=''
MAKEINFO='${SHELL} '\''/home/mearvk/IdeaProjects/Ubuntu.Determinant.Alpha.Restricted/userland/x11/_build/libXmu-1.2.1/missing'\'' makeinfo'
MAKE_LINT_LIB_FALSE=''
MAKE_LINT_LIB_TRUE='#'
MANIFEST_TOOL=':'
MAN_SUBSTS='	-e '\''s|__vendorversion__|"$(PACKAGE_STRING)" "$(XORG_MAN_PAGE)"|'\'' 	-e '\''s|__xorgversion__|"$(PACKAGE_STRING)" "$(XORG_MAN_PAGE)"|'\'' 	-e '\''s|__xservername__|Xorg|g'\'' 	-e '\''s|__xconfigfile__|xorg.conf|g'\'' 	-e '\''s|__projectroot__|$(prefix)|g'\'' 	-e '\''s|__apploaddir__|$(appdefaultdir)|g'\'' 	-e '\''s|__appmansuffix__|$(APP_MAN_SUFFIX)|g'\'' 	-e '\''s|__drivermansuffix__|$(DRIVER_MAN_SUFFIX)|g'\'' 	-e '\''s|__adminmansuffix__|$(ADMIN_MAN_SUFFIX)|g'\'' 	-e '\''s|__libmansuffix__|$(LIB_MAN_SUFFIX)|g'\'' 	-e '\''s|__miscmansuffix__|$(MISC_MAN_SUFFIX)|g'\'' 	-e '\''s|__filemansuffix__|$(FILE_MAN_SUFFIX)|g'\'''
MISC_MAN_DIR='$(mandir)/man$(MISC_MAN_SUFFIX)'
MISC_MAN_SUFFIX='7'
MKDIR_P='/usr/bin/mkdir -p'
NM='/usr/bin/nm -B'
NMEDIT=''
OBJDUMP='objdump'
OBJEXT='o'
OTOOL64=''
OTOOL=''
PACKAGE='libXmu'
PACKAGE_BUGREPORT='https://gitlab.freedesktop.org/xorg/lib/libxmu/-/issues/'
PACKAGE_NAME='libXmu'
PACKAGE_STRING='libXmu 1.2.1'
PACKAGE_TARNAME='libXmu'
PACKAGE_URL=''
PACKAGE_VERSION='1.2.1'
PATH_SEPARATOR=':'
PKG_CONFIG='/usr/bin/pkg-config'
PKG_CONFIG_LIBDIR=''
PKG_CONFIG_PATH='/home/mearvk/IdeaProjects/Ubuntu.Determinant.Alpha.Restricted/userland/x11/_build/sysroot/usr/lib/pkgconfig:/home/mearvk/IdeaProjects/Ubuntu.Determinant.Alpha.Restricted/userland/x11/_build/sysroot/usr/lib/x86_64-linux-gnu/pkgconfig:/home/mearvk/IdeaProjects/Ubuntu.Determinant.Alpha.Restricted/userland/x11/_build/sysroot/usr/share/pkgconfig:/usr/lib/x86_64-linux-gnu/pkgconfig:/usr/lib/pkgconfig:/usr/share/pkgconfig'
RANLIB='ranlib'
SED='/usr/bin/sed'
SET_MAKE=''
SHELL='/bin/bash'
STRICT_CFLAGS=' -pedantic -Werror -Werror=attributes'
STRIP='strip'
STYLESHEET_SRCDIR='/usr/share/sgml/X11'
VERSION='1.2.1'
XMLTO='/usr/bin/xmlto'
XMUU_CFLAGS=''
XMUU_LIBS='-lX11 '
XMU_CFLAGS='-I/usr/include/uuid '
XMU_LIBS='-lXt -lXext -lX11 '
XORG_MALLOC_DEBUG_ENV='MALLOC_PERTURB_=15'
XORG_MAN_PAGE='X Version 11'
XORG_SGML_PATH='/usr/share/sgml'
XSLTPROC='/usr/bin/xsltproc'
XSL_STYLESHEET='/usr/share/sgml/X11/xorg.xsl'
ac_ct_AR='ar'
ac_ct_CC='gcc'
ac_ct_DUMPBIN=''
am__EXEEXT_FALSE=''
am__EXEEXT_TRUE='#'
am__fastdepCC_FALSE='#'
am__fastdepCC_TRUE=''
am__include='include'
am__isrc=''
am__leading_dot='.'
am__nodep='_no'
am__quote=''
am__tar='$${TAR-tar} chof - "$$tardir"'
am__untar='$${TAR-tar} xf -'
bindir='${exec_prefix}/bin'
build='x86_64-pc-linux-gnu'
build_alias=''
build_cpu='x86_64'
build_os='linux-gnu'
build_vendor='pc'
datadir='${datarootdir}'
datarootdir='${prefix}/share'
docdir='${datarootdir}/doc/${PACKAGE_TARNAME}'
dvidir='${docdir}'
exec_prefix='${prefix}'
host='x86_64-pc-linux-gnu'
host_alias=''
host_cpu='x86_64'
host_os='linux-gnu'
host_vendor='pc'
htmldir='${docdir}'
includedir='${prefix}/include'
infodir='${datarootdir}/info'
install_sh='${SHELL} /home/mearvk/IdeaProjects/Ubuntu.Determinant.Alpha.Restricted/userland/x11/_build/libXmu-1.2.1/install-sh'
libdir='/usr/lib'
libexecdir='${exec_prefix}/libexec'
localedir='${datarootdir}/locale'
localstatedir='${prefix}/var'
mandir='${datarootdir}/man'
mkdir_p='$(MKDIR_P)'
oldincludedir='/usr/include'
pdfdir='${docdir}'
prefix='/usr'
program_transform_name='s,x,x,'
psdir='${docdir}'
runstatedir='${localstatedir}/run'
sbindir='${exec_prefix}/sbin'
sharedstatedir='${prefix}/com'
sysconfdir='${prefix}/etc'
target_alias=''

## ----------- ##
## confdefs.h. ##
## ----------- ##

/* confdefs.h */
#define PACKAGE_NAME "libXmu"
#define PACKAGE_TARNAME "libXmu"
#define PACKAGE_VERSION "1.2.1"
#define PACKAGE_STRING "libXmu 1.2.1"
#define PACKAGE_BUGREPORT "https://gitlab.freedesktop.org/xorg/lib/libxmu/-/issues/"
#define PACKAGE_URL ""
#define HAVE_STDIO_H 1
#define HAVE_STDLIB_H 1
#define HAVE_STRING_H 1
#define HAVE_INTTYPES_H 1
#define HAVE_STDINT_H 1
#define HAVE_STRINGS_H 1
#define HAVE_SYS_STAT_H 1
#define HAVE_SYS_TYPES_H 1
#define HAVE_UNISTD_H 1
#define HAVE_WCHAR_H 1
#define STDC_HEADERS 1
#define _ALL_SOURCE 1
#define _DARWIN_C_SOURCE 1
#define _GNU_SOURCE 1
#define _HPUX_ALT_XOPEN_SOCKET_API 1
#define _NETBSD_SOURCE 1
#define _OPENBSD_SOURCE 1
#define _POSIX_PTHREAD_SEMANTICS 1
#define __STDC_WANT_IEC_60559_ATTRIBS_EXT__ 1
#define __STDC_WANT_IEC_60559_BFP_EXT__ 1
#define __STDC_WANT_IEC_60559_DFP_EXT__ 1
#define __STDC_WANT_IEC_60559_FUNCS_EXT__ 1
#define __STDC_WANT_IEC_60559_TYPES_EXT__ 1
#define __STDC_WANT_LIB_EXT2__ 1
#define __STDC_WANT_MATH_SPEC_FUNCS__ 1
#define _TANDEM_SOURCE 1
#define __EXTENSIONS__ 1
#define PACKAGE "libXmu"
#define VERSION "1.2.1"
#define HAVE_DLFCN_H 1
#define LT_OBJDIR ".libs/"
#define PACKAGE_VERSION_MAJOR 1
#define PACKAGE_VERSION_MINOR 2
#define PACKAGE_VERSION_PATCHLEVEL 1
#define HAVE_UNAME 1
#define HAVE_REALLOCARRAY 1
#define HAVE_MALLOC_USABLE_SIZE 1
#define HAVE_MALLOC_H 1

configure: exit 0
