This file contains any messages produced by compilers while
running configure, to aid debugging if configure makes a mistake.

It was created by xinit configure 1.4.2, which was
generated by GNU Autoconf 2.71.  Invocation command line was

  $ ./configure --prefix=/usr PKG_CONFIG_PATH=/home/mearvk/IdeaProjects/Ubuntu.Determinant.Alpha.Restricted/userland/x11/_build/sysroot/usr/lib/pkgconfig:/home/mearvk/IdeaProjects/Ubuntu.Determinant.Alpha.Restricted/userland/x11/_build/sysroot/usr/lib/x86_64-linux-gnu/pkgconfig:/home/mearvk/IdeaProjects/Ubuntu.Determinant.Alpha.Restricted/userland/x11/_build/sysroot/usr/share/pkgconfig:/usr/lib/x86_64-linux-gnu/pkgconfig:/usr/lib/pkgconfig:/usr/share/pkgconfig

## --------- ##
## Platform. ##
## --------- ##

hostname = mearvk-X900-A8800
uname -m = x86_64
uname -r = 6.8.0-136-generic
uname -s = Linux
uname -v = #136-Ubuntu SMP PREEMPT_DYNAMIC Wed Jul  1 21:53:05 UTC 2026

/usr/bin/uname -p = x86_64
/bin/uname -X     = unknown

/bin/arch              = x86_64
/usr/bin/arch -k       = unknown
/usr/convex/getsysinfo = unknown
/usr/bin/hostinfo      = unknown
/bin/machine           = unknown
/usr/bin/oslevel       = unknown
/bin/universe          = unknown

PATH: /home/mearvk/.local/bin/
PATH: /usr/local/bin/
PATH: /usr/bin/
PATH: /home/mearvk/.cargo/bin/
PATH: /home/mearvk/.cargo/bin/
PATH: /home/mearvk/.local/bin/
PATH: /usr/local/sbin/
PATH: /usr/local/bin/
PATH: /usr/sbin/
PATH: /usr/bin/
PATH: /sbin/
PATH: /bin/
PATH: /usr/games/
PATH: /usr/local/games/
PATH: /snap/bin/
PATH: /snap/bin/


## ----------- ##
## Core tests. ##
## ----------- ##

configure:2445: looking for aux files: config.guess config.sub compile missing install-sh
configure:2458:  trying ./
configure:2487:   ./config.guess found
configure:2487:   ./config.sub found
configure:2487:   ./compile found
configure:2487:   ./missing found
configure:2469:   ./install-sh found
configure:2621: checking for a BSD-compatible install
configure:2694: result: /usr/bin/install -c
configure:2705: checking whether build environment is sane
configure:2760: result: yes
configure:2919: checking for a race-free mkdir -p
configure:2963: result: /usr/bin/mkdir -p
configure:2970: checking for gawk
configure:3005: result: no
configure:2970: checking for mawk
configure:2991: found /usr/bin/mawk
configure:3002: result: mawk
configure:3013: checking whether make sets $(MAKE)
configure:3036: result: yes
configure:3066: checking whether make supports nested variables
configure:3084: result: yes
configure:3246: checking whether make supports the include directive
configure:3261: make -f confmf.GNU && cat confinc.out
make[2]: Entering directory '/home/mearvk/IdeaProjects/Ubuntu.Determinant.Alpha.Restricted/userland/x11/_build/xinit-1.4.2'
make[2]: Leaving directory '/home/mearvk/IdeaProjects/Ubuntu.Determinant.Alpha.Restricted/userland/x11/_build/xinit-1.4.2'
this is the am__doit target
configure:3264: $? = 0
configure:3283: result: yes (GNU style)
configure:3359: checking for gcc
configure:3380: found /usr/bin/gcc
configure:3391: result: gcc
configure:3744: checking for C compiler version
configure:3753: gcc --version >&5
gcc (Ubuntu 13.3.0-6ubuntu2~24.04.1) 13.3.0
Copyright (C) 2023 Free Software Foundation, Inc.
This is free software; see the source for copying conditions.  There is NO
warranty; not even for MERCHANTABILITY or FITNESS FOR A PARTICULAR PURPOSE.

configure:3764: $? = 0
configure:3753: gcc -v >&5
Using built-in specs.
COLLECT_GCC=gcc
COLLECT_LTO_WRAPPER=/usr/libexec/gcc/x86_64-linux-gnu/13/lto-wrapper
OFFLOAD_TARGET_NAMES=nvptx-none:amdgcn-amdhsa
OFFLOAD_TARGET_DEFAULT=1
Target: x86_64-linux-gnu
Configured with: ../src/configure -v --with-pkgversion='Ubuntu 13.3.0-6ubuntu2~24.04.1' --with-bugurl=file:///usr/share/doc/gcc-13/README.Bugs --enable-languages=c,ada,c++,go,d,fortran,objc,obj-c++,m2 --prefix=/usr --with-gcc-major-version-only --program-suffix=-13 --program-prefix=x86_64-linux-gnu- --enable-shared --enable-linker-build-id --libexecdir=/usr/libexec --without-included-gettext --enable-threads=posix --libdir=/usr/lib --enable-nls --enable-bootstrap --enable-clocale=gnu --enable-libstdcxx-debug --enable-libstdcxx-time=yes --with-default-libstdcxx-abi=new --enable-libstdcxx-backtrace --enable-gnu-unique-object --disable-vtable-verify --enable-plugin --enable-default-pie --with-system-zlib --enable-libphobos-checking=release --with-target-system-zlib=auto --enable-objc-gc=auto --enable-multiarch --disable-werror --enable-cet --with-arch-32=i686 --with-abi=m64 --with-multilib-list=m32,m64,mx32 --enable-multilib --with-tune=generic --enable-offload-targets=nvptx-none=/build/gcc-13-EldibY/gcc-13-13.3.0/debian/tmp-nvptx/usr,amdgcn-amdhsa=/build/gcc-13-EldibY/gcc-13-13.3.0/debian/tmp-gcn/usr --enable-offload-defaulted --without-cuda-driver --enable-checking=release --build=x86_64-linux-gnu --host=x86_64-linux-gnu --target=x86_64-linux-gnu --with-build-config=bootstrap-lto-lean --enable-link-serialization=2
Thread model: posix
Supported LTO compression algorithms: zlib zstd
gcc version 13.3.0 (Ubuntu 13.3.0-6ubuntu2~24.04.1) 
... rest of stderr output deleted ...
configure:3764: $? = 0
configure:3753: gcc -V >&5
gcc: error: unrecognized command-line option '-V'
gcc: fatal error: no input files
compilation terminated.
configure:3764: $? = 1
configure:3753: gcc -qversion >&5
gcc: error: unrecognized command-line option '-qversion'; did you mean '--version'?
gcc: fatal error: no input files
compilation terminated.
configure:3764: $? = 1
configure:3753: gcc -version >&5
gcc: error: unrecognized command-line option '-version'
gcc: fatal error: no input files
compilation terminated.
configure:3764: $? = 1
configure:3784: checking whether the C compiler works
configure:3806: gcc    conftest.c  >&5
configure:3810: $? = 0
configure:3860: result: yes
configure:3863: checking for C compiler default output file name
configure:3865: result: a.out
configure:3871: checking for suffix of executables
configure:3878: gcc -o conftest    conftest.c  >&5
configure:3882: $? = 0
configure:3905: result: 
configure:3927: checking whether we are cross compiling
configure:3935: gcc -o conftest    conftest.c  >&5
configure:3939: $? = 0
configure:3946: ./conftest
configure:3950: $? = 0
configure:3965: result: no
configure:3970: checking for suffix of object files
configure:3993: gcc -c   conftest.c >&5
configure:3997: $? = 0
configure:4019: result: o
configure:4023: checking whether the compiler supports GNU C
configure:4043: gcc -c   conftest.c >&5
configure:4043: $? = 0
configure:4053: result: yes
configure:4064: checking whether gcc accepts -g
configure:4085: gcc -c -g  conftest.c >&5
configure:4085: $? = 0
configure:4129: result: yes
configure:4149: checking for gcc option to enable C11 features
configure:4164: gcc  -c -g -O2  conftest.c >&5
configure:4164: $? = 0
configure:4182: result: none needed
configure:4298: checking whether gcc understands -c and -o together
configure:4321: gcc -c conftest.c -o conftest2.o
configure:4324: $? = 0
configure:4321: gcc -c conftest.c -o conftest2.o
configure:4324: $? = 0
configure:4336: result: yes
configure:4355: checking dependency style of gcc
configure:4467: result: gcc3
configure:4484: checking for gcc options needed to detect all undeclared functions
configure:4506: gcc -c -g -O2   conftest.c >&5
conftest.c: In function 'main':
conftest.c:15:8: error: 'strchr' undeclared (first use in this function)
   15 | (void) strchr;
      |        ^~~~~~
conftest.c:1:1: note: 'strchr' is defined in header '<string.h>'; did you forget to '#include <string.h>'?
    1 | /* confdefs.h */
conftest.c:15:8: note: each undeclared identifier is reported only once for each function it appears in
   15 | (void) strchr;
      |        ^~~~~~
configure:4506: $? = 1
configure: failed program was:
| /* confdefs.h */
| #define PACKAGE_NAME "xinit"
| #define PACKAGE_TARNAME "xinit"
| #define PACKAGE_VERSION "1.4.2"
| #define PACKAGE_STRING "xinit 1.4.2"
| #define PACKAGE_BUGREPORT "https://gitlab.freedesktop.org/xorg/app/xinit/-/issues"
| #define PACKAGE_URL ""
| #define PACKAGE "xinit"
| #define VERSION "1.4.2"
| /* end confdefs.h.  */
| 
| int
| main (void)
| {
| (void) strchr;
|   ;
|   return 0;
| }
configure:4533: gcc -c -g -O2   conftest.c >&5
configure:4533: $? = 0
configure:4550: result: none needed
configure:4568: checking for stdio.h
configure:4568: gcc -c -g -O2  conftest.c >&5
configure:4568: $? = 0
configure:4568: result: yes
configure:4568: checking for stdlib.h
configure:4568: gcc -c -g -O2  conftest.c >&5
configure:4568: $? = 0
configure:4568: result: yes
configure:4568: checking for string.h
configure:4568: gcc -c -g -O2  conftest.c >&5
configure:4568: $? = 0
configure:4568: result: yes
configure:4568: checking for inttypes.h
configure:4568: gcc -c -g -O2  conftest.c >&5
configure:4568: $? = 0
configure:4568: result: yes
configure:4568: checking for stdint.h
configure:4568: gcc -c -g -O2  conftest.c >&5
configure:4568: $? = 0
configure:4568: result: yes
configure:4568: checking for strings.h
configure:4568: gcc -c -g -O2  conftest.c >&5
configure:4568: $? = 0
configure:4568: result: yes
configure:4568: checking for sys/stat.h
configure:4568: gcc -c -g -O2  conftest.c >&5
configure:4568: $? = 0
configure:4568: result: yes
configure:4568: checking for sys/types.h
configure:4568: gcc -c -g -O2  conftest.c >&5
configure:4568: $? = 0
configure:4568: result: yes
configure:4568: checking for unistd.h
configure:4568: gcc -c -g -O2  conftest.c >&5
configure:4568: $? = 0
configure:4568: result: yes
configure:4597: checking whether __clang__ is declared
configure:4597: gcc -c -g -O2   conftest.c >&5
conftest.c: In function 'main':
conftest.c:56:10: error: '__clang__' undeclared (first use in this function)
   56 |   (void) __clang__;
      |          ^~~~~~~~~
conftest.c:56:10: note: each undeclared identifier is reported only once for each function it appears in
configure:4597: $? = 1
configure: failed program was:
| /* confdefs.h */
| #define PACKAGE_NAME "xinit"
| #define PACKAGE_TARNAME "xinit"
| #define PACKAGE_VERSION "1.4.2"
| #define PACKAGE_STRING "xinit 1.4.2"
| #define PACKAGE_BUGREPORT "https://gitlab.freedesktop.org/xorg/app/xinit/-/issues"
| #define PACKAGE_URL ""
| #define PACKAGE "xinit"
| #define VERSION "1.4.2"
| #define HAVE_STDIO_H 1
| #define HAVE_STDLIB_H 1
| #define HAVE_STRING_H 1
| #define HAVE_INTTYPES_H 1
| #define HAVE_STDINT_H 1
| #define HAVE_STRINGS_H 1
| #define HAVE_SYS_STAT_H 1
| #define HAVE_SYS_TYPES_H 1
| #define HAVE_UNISTD_H 1
| #define STDC_HEADERS 1
| /* end confdefs.h.  */
| #include <stddef.h>
| #ifdef HAVE_STDIO_H
| # include <stdio.h>
| #endif
| #ifdef HAVE_STDLIB_H
| # include <stdlib.h>
| #endif
| #ifdef HAVE_STRING_H
| # include <string.h>
| #endif
| #ifdef HAVE_INTTYPES_H
| # include <inttypes.h>
| #endif
| #ifdef HAVE_STDINT_H
| # include <stdint.h>
| #endif
| #ifdef HAVE_STRINGS_H
| # include <strings.h>
| #endif
| #ifdef HAVE_SYS_TYPES_H
| # include <sys/types.h>
| #endif
| #ifdef HAVE_SYS_STAT_H
| # include <sys/stat.h>
| #endif
| #ifdef HAVE_UNISTD_H
| # include <unistd.h>
| #endif
| int
| main (void)
| {
| #ifndef __clang__
| #ifdef __cplusplus
|   (void) __clang__;
| #else
|   (void) __clang__;
| #endif
| #endif
| 
|   ;
|   return 0;
| }
configure:4597: result: no
configure:4604: checking whether __INTEL_COMPILER is declared
configure:4604: gcc -c -g -O2   conftest.c >&5
conftest.c: In function 'main':
conftest.c:56:10: error: '__INTEL_COMPILER' undeclared (first use in this function)
   56 |   (void) __INTEL_COMPILER;
      |          ^~~~~~~~~~~~~~~~
conftest.c:56:10: note: each undeclared identifier is reported only once for each function it appears in
configure:4604: $? = 1
configure: failed program was:
| /* confdefs.h */
| #define PACKAGE_NAME "xinit"
| #define PACKAGE_TARNAME "xinit"
| #define PACKAGE_VERSION "1.4.2"
| #define PACKAGE_STRING "xinit 1.4.2"
| #define PACKAGE_BUGREPORT "https://gitlab.freedesktop.org/xorg/app/xinit/-/issues"
| #define PACKAGE_URL ""
| #define PACKAGE "xinit"
| #define VERSION "1.4.2"
| #define HAVE_STDIO_H 1
| #define HAVE_STDLIB_H 1
| #define HAVE_STRING_H 1
| #define HAVE_INTTYPES_H 1
| #define HAVE_STDINT_H 1
| #define HAVE_STRINGS_H 1
| #define HAVE_SYS_STAT_H 1
| #define HAVE_SYS_TYPES_H 1
| #define HAVE_UNISTD_H 1
| #define STDC_HEADERS 1
| /* end confdefs.h.  */
| #include <stddef.h>
| #ifdef HAVE_STDIO_H
| # include <stdio.h>
| #endif
| #ifdef HAVE_STDLIB_H
| # include <stdlib.h>
| #endif
| #ifdef HAVE_STRING_H
| # include <string.h>
| #endif
| #ifdef HAVE_INTTYPES_H
| # include <inttypes.h>
| #endif
| #ifdef HAVE_STDINT_H
| # include <stdint.h>
| #endif
| #ifdef HAVE_STRINGS_H
| # include <strings.h>
| #endif
| #ifdef HAVE_SYS_TYPES_H
| # include <sys/types.h>
| #endif
| #ifdef HAVE_SYS_STAT_H
| # include <sys/stat.h>
| #endif
| #ifdef HAVE_UNISTD_H
| # include <unistd.h>
| #endif
| int
| main (void)
| {
| #ifndef __INTEL_COMPILER
| #ifdef __cplusplus
|   (void) __INTEL_COMPILER;
| #else
|   (void) __INTEL_COMPILER;
| #endif
| #endif
| 
|   ;
|   return 0;
| }
configure:4604: result: no
configure:4611: checking whether __SUNPRO_C is declared
configure:4611: gcc -c -g -O2   conftest.c >&5
conftest.c: In function 'main':
conftest.c:56:10: error: '__SUNPRO_C' undeclared (first use in this function)
   56 |   (void) __SUNPRO_C;
      |          ^~~~~~~~~~
conftest.c:56:10: note: each undeclared identifier is reported only once for each function it appears in
configure:4611: $? = 1
configure: failed program was:
| /* confdefs.h */
| #define PACKAGE_NAME "xinit"
| #define PACKAGE_TARNAME "xinit"
| #define PACKAGE_VERSION "1.4.2"
| #define PACKAGE_STRING "xinit 1.4.2"
| #define PACKAGE_BUGREPORT "https://gitlab.freedesktop.org/xorg/app/xinit/-/issues"
| #define PACKAGE_URL ""
| #define PACKAGE "xinit"
| #define VERSION "1.4.2"
| #define HAVE_STDIO_H 1
| #define HAVE_STDLIB_H 1
| #define HAVE_STRING_H 1
| #define HAVE_INTTYPES_H 1
| #define HAVE_STDINT_H 1
| #define HAVE_STRINGS_H 1
| #define HAVE_SYS_STAT_H 1
| #define HAVE_SYS_TYPES_H 1
| #define HAVE_UNISTD_H 1
| #define STDC_HEADERS 1
| /* end confdefs.h.  */
| #include <stddef.h>
| #ifdef HAVE_STDIO_H
| # include <stdio.h>
| #endif
| #ifdef HAVE_STDLIB_H
| # include <stdlib.h>
| #endif
| #ifdef HAVE_STRING_H
| # include <string.h>
| #endif
| #ifdef HAVE_INTTYPES_H
| # include <inttypes.h>
| #endif
| #ifdef HAVE_STDINT_H
| # include <stdint.h>
| #endif
| #ifdef HAVE_STRINGS_H
| # include <strings.h>
| #endif
| #ifdef HAVE_SYS_TYPES_H
| # include <sys/types.h>
| #endif
| #ifdef HAVE_SYS_STAT_H
| # include <sys/stat.h>
| #endif
| #ifdef HAVE_UNISTD_H
| # include <unistd.h>
| #endif
| int
| main (void)
| {
| #ifndef __SUNPRO_C
| #ifdef __cplusplus
|   (void) __SUNPRO_C;
| #else
|   (void) __SUNPRO_C;
| #endif
| #endif
| 
|   ;
|   return 0;
| }
configure:4611: result: no
configure:4678: checking for pkg-config
configure:4701: found /usr/bin/pkg-config
configure:4713: result: /usr/bin/pkg-config
configure:4738: checking pkg-config is at least version 0.9.0
configure:4741: result: yes
configure:4755: checking build system type
configure:4770: result: x86_64-pc-linux-gnu
configure:4790: checking host system type
configure:4804: result: x86_64-pc-linux-gnu
configure:4824: checking for a sed that does not truncate output
configure:4894: result: /usr/bin/sed
configure:4941: checking if gcc supports -Werror=unknown-warning-option
configure:4951: gcc -c -g -O2 -Werror=unknown-warning-option  conftest.c >&5
cc1: error: '-Werror=unknown-warning-option': no option '-Wunknown-warning-option'
configure:4951: $? = 1
configure: failed program was:
| /* confdefs.h */
| #define PACKAGE_NAME "xinit"
| #define PACKAGE_TARNAME "xinit"
| #define PACKAGE_VERSION "1.4.2"
| #define PACKAGE_STRING "xinit 1.4.2"
| #define PACKAGE_BUGREPORT "https://gitlab.freedesktop.org/xorg/app/xinit/-/issues"
| #define PACKAGE_URL ""
| #define PACKAGE "xinit"
| #define VERSION "1.4.2"
| #define HAVE_STDIO_H 1
| #define HAVE_STDLIB_H 1
| #define HAVE_STRING_H 1
| #define HAVE_INTTYPES_H 1
| #define HAVE_STDINT_H 1
| #define HAVE_STRINGS_H 1
| #define HAVE_SYS_STAT_H 1
| #define HAVE_SYS_TYPES_H 1
| #define HAVE_UNISTD_H 1
| #define STDC_HEADERS 1
| /* end confdefs.h.  */
| int i;
configure:4959: result: no
configure:4970: checking if gcc supports -Werror=unused-command-line-argument
configure:4980: gcc -c -g -O2 -Werror=unused-command-line-argument  conftest.c >&5
cc1: error: '-Werror=unused-command-line-argument': no option '-Wunused-command-line-argument'; did you mean '-Wunused-dummy-argument'?
configure:4980: $? = 1
configure: failed program was:
| /* confdefs.h */
| #define PACKAGE_NAME "xinit"
| #define PACKAGE_TARNAME "xinit"
| #define PACKAGE_VERSION "1.4.2"
| #define PACKAGE_STRING "xinit 1.4.2"
| #define PACKAGE_BUGREPORT "https://gitlab.freedesktop.org/xorg/app/xinit/-/issues"
| #define PACKAGE_URL ""
| #define PACKAGE "xinit"
| #define VERSION "1.4.2"
| #define HAVE_STDIO_H 1
| #define HAVE_STDLIB_H 1
| #define HAVE_STRING_H 1
| #define HAVE_INTTYPES_H 1
| #define HAVE_STDINT_H 1
| #define HAVE_STRINGS_H 1
| #define HAVE_SYS_STAT_H 1
| #define HAVE_SYS_TYPES_H 1
| #define HAVE_UNISTD_H 1
| #define STDC_HEADERS 1
| /* end confdefs.h.  */
| int i;
configure:4988: result: no
configure:5007: checking if gcc supports -Wall
configure:5025: gcc -o conftest -g -O2 -Wall   conftest.c  >&5
configure:5025: $? = 0
configure:5039: result: yes
configure:5131: checking if gcc supports -Wpointer-arith
configure:5149: gcc -o conftest -g -O2 -Wpointer-arith   conftest.c  >&5
configure:5149: $? = 0
configure:5163: result: yes
configure:5255: checking if gcc supports -Wmissing-declarations
configure:5273: gcc -o conftest -g -O2 -Wmissing-declarations   conftest.c  >&5
configure:5273: $? = 0
configure:5287: result: yes
configure:5379: checking if gcc supports -Wformat=2
configure:5397: gcc -o conftest -g -O2 -Wformat=2   conftest.c  >&5
configure:5397: $? = 0
configure:5411: result: yes
configure:5556: checking if gcc supports -Wstrict-prototypes
configure:5574: gcc -o conftest -g -O2 -Wstrict-prototypes   conftest.c  >&5
configure:5574: $? = 0
configure:5588: result: yes
configure:5680: checking if gcc supports -Wmissing-prototypes
configure:5698: gcc -o conftest -g -O2 -Wmissing-prototypes   conftest.c  >&5
configure:5698: $? = 0
configure:5712: result: yes
configure:5804: checking if gcc supports -Wnested-externs
configure:5822: gcc -o conftest -g -O2 -Wnested-externs   conftest.c  >&5
configure:5822: $? = 0
configure:5836: result: yes
configure:5928: checking if gcc supports -Wbad-function-cast
configure:5946: gcc -o conftest -g -O2 -Wbad-function-cast   conftest.c  >&5
configure:5946: $? = 0
configure:5960: result: yes
configure:6052: checking if gcc supports -Wold-style-definition
configure:6070: gcc -o conftest -g -O2 -Wold-style-definition   conftest.c  >&5
configure:6070: $? = 0
configure:6084: result: yes
configure:6227: checking if gcc supports -Wdeclaration-after-statement
configure:6245: gcc -o conftest -g -O2 -Wdeclaration-after-statement   conftest.c  >&5
configure:6245: $? = 0
configure:6259: result: yes
configure:6355: checking if gcc supports -Wunused
configure:6373: gcc -o conftest -g -O2 -Wunused   conftest.c  >&5
configure:6373: $? = 0
configure:6387: result: yes
configure:6479: checking if gcc supports -Wuninitialized
configure:6497: gcc -o conftest -g -O2 -Wuninitialized   conftest.c  >&5
configure:6497: $? = 0
configure:6511: result: yes
configure:6603: checking if gcc supports -Wshadow
configure:6621: gcc -o conftest -g -O2 -Wshadow   conftest.c  >&5
configure:6621: $? = 0
configure:6635: result: yes
configure:6727: checking if gcc supports -Wmissing-noreturn
configure:6745: gcc -o conftest -g -O2 -Wmissing-noreturn   conftest.c  >&5
configure:6745: $? = 0
configure:6759: result: yes
configure:6851: checking if gcc supports -Wmissing-format-attribute
configure:6869: gcc -o conftest -g -O2 -Wmissing-format-attribute   conftest.c  >&5
configure:6869: $? = 0
configure:6883: result: yes
configure:6975: checking if gcc supports -Wredundant-decls
configure:6993: gcc -o conftest -g -O2 -Wredundant-decls   conftest.c  >&5
configure:6993: $? = 0
configure:7007: result: yes
configure:7099: checking if gcc supports -Wlogical-op
configure:7117: gcc -o conftest -g -O2 -Wlogical-op   conftest.c  >&5
configure:7117: $? = 0
configure:7131: result: yes
configure:7235: checking if gcc supports -Werror=implicit
configure:7253: gcc -o conftest -g -O2 -Werror=implicit   conftest.c  >&5
configure:7253: $? = 0
configure:7267: result: yes
configure:7410: checking if gcc supports -Werror=nonnull
configure:7428: gcc -o conftest -g -O2 -Werror=nonnull   conftest.c  >&5
configure:7428: $? = 0
configure:7442: result: yes
configure:7534: checking if gcc supports -Werror=init-self
configure:7552: gcc -o conftest -g -O2 -Werror=init-self   conftest.c  >&5
configure:7552: $? = 0
configure:7566: result: yes
configure:7658: checking if gcc supports -Werror=main
configure:7676: gcc -o conftest -g -O2 -Werror=main   conftest.c  >&5
configure:7676: $? = 0
configure:7690: result: yes
configure:7782: checking if gcc supports -Werror=missing-braces
configure:7800: gcc -o conftest -g -O2 -Werror=missing-braces   conftest.c  >&5
configure:7800: $? = 0
configure:7814: result: yes
configure:7906: checking if gcc supports -Werror=sequence-point
configure:7924: gcc -o conftest -g -O2 -Werror=sequence-point   conftest.c  >&5
configure:7924: $? = 0
configure:7938: result: yes
configure:8030: checking if gcc supports -Werror=return-type
configure:8048: gcc -o conftest -g -O2 -Werror=return-type   conftest.c  >&5
configure:8048: $? = 0
configure:8062: result: yes
configure:8205: checking if gcc supports -Werror=trigraphs
configure:8223: gcc -o conftest -g -O2 -Werror=trigraphs   conftest.c  >&5
configure:8223: $? = 0
configure:8237: result: yes
configure:8329: checking if gcc supports -Werror=array-bounds
configure:8347: gcc -o conftest -g -O2 -Werror=array-bounds   conftest.c  >&5
configure:8347: $? = 0
configure:8361: result: yes
configure:8453: checking if gcc supports -Werror=write-strings
configure:8471: gcc -o conftest -g -O2 -Werror=write-strings   conftest.c  >&5
configure:8471: $? = 0
configure:8485: result: yes
configure:8577: checking if gcc supports -Werror=address
configure:8595: gcc -o conftest -g -O2 -Werror=address   conftest.c  >&5
configure:8595: $? = 0
configure:8609: result: yes
configure:8701: checking if gcc supports -Werror=int-to-pointer-cast
configure:8719: gcc -o conftest -g -O2 -Werror=int-to-pointer-cast   conftest.c  >&5
configure:8719: $? = 0
configure:8733: result: yes
configure:8876: checking if gcc supports -Werror=pointer-to-int-cast
configure:8894: gcc -o conftest -g -O2 -Werror=pointer-to-int-cast   conftest.c  >&5
configure:8894: $? = 0
configure:8908: result: yes
configure:10649: checking if gcc supports -pedantic
configure:10667: gcc -o conftest -g -O2 -pedantic   conftest.c  >&5
configure:10667: $? = 0
configure:10681: result: yes
configure:10773: checking if gcc supports -Werror
configure:10791: gcc -o conftest -g -O2 -Werror   conftest.c  >&5
configure:10791: $? = 0
configure:10805: result: yes
configure:10951: checking if gcc supports -Werror=attributes
configure:10969: gcc -o conftest -g -O2 -Werror=attributes   conftest.c  >&5
configure:10969: $? = 0
configure:10983: result: yes
configure:11174: checking whether make supports nested variables
configure:11192: result: yes
configure:11210: checking how to run the C preprocessor
configure:11236: gcc -E  conftest.c
configure:11236: $? = 0
configure:11251: gcc -E  conftest.c
conftest.c:24:10: fatal error: ac_nonexistent.h: No such file or directory
   24 | #include <ac_nonexistent.h>
      |          ^~~~~~~~~~~~~~~~~~
compilation terminated.
configure:11251: $? = 1
configure: failed program was:
| /* confdefs.h */
| #define PACKAGE_NAME "xinit"
| #define PACKAGE_TARNAME "xinit"
| #define PACKAGE_VERSION "1.4.2"
| #define PACKAGE_STRING "xinit 1.4.2"
| #define PACKAGE_BUGREPORT "https://gitlab.freedesktop.org/xorg/app/xinit/-/issues"
| #define PACKAGE_URL ""
| #define PACKAGE "xinit"
| #define VERSION "1.4.2"
| #define HAVE_STDIO_H 1
| #define HAVE_STDLIB_H 1
| #define HAVE_STRING_H 1
| #define HAVE_INTTYPES_H 1
| #define HAVE_STDINT_H 1
| #define HAVE_STRINGS_H 1
| #define HAVE_SYS_STAT_H 1
| #define HAVE_SYS_TYPES_H 1
| #define HAVE_UNISTD_H 1
| #define STDC_HEADERS 1
| #define PACKAGE_VERSION_MAJOR 1
| #define PACKAGE_VERSION_MINOR 4
| #define PACKAGE_VERSION_PATCHLEVEL 2
| /* end confdefs.h.  */
| #include <ac_nonexistent.h>
configure:11278: result: gcc -E
configure:11292: gcc -E  conftest.c
configure:11292: $? = 0
configure:11307: gcc -E  conftest.c
conftest.c:24:10: fatal error: ac_nonexistent.h: No such file or directory
   24 | #include <ac_nonexistent.h>
      |          ^~~~~~~~~~~~~~~~~~
compilation terminated.
configure:11307: $? = 1
configure: failed program was:
| /* confdefs.h */
| #define PACKAGE_NAME "xinit"
| #define PACKAGE_TARNAME "xinit"
| #define PACKAGE_VERSION "1.4.2"
| #define PACKAGE_STRING "xinit 1.4.2"
| #define PACKAGE_BUGREPORT "https://gitlab.freedesktop.org/xorg/app/xinit/-/issues"
| #define PACKAGE_URL ""
| #define PACKAGE "xinit"
| #define VERSION "1.4.2"
| #define HAVE_STDIO_H 1
| #define HAVE_STDLIB_H 1
| #define HAVE_STRING_H 1
| #define HAVE_INTTYPES_H 1
| #define HAVE_STDINT_H 1
| #define HAVE_STRINGS_H 1
| #define HAVE_SYS_STAT_H 1
| #define HAVE_SYS_TYPES_H 1
| #define HAVE_UNISTD_H 1
| #define STDC_HEADERS 1
| #define PACKAGE_VERSION_MAJOR 1
| #define PACKAGE_VERSION_MINOR 4
| #define PACKAGE_VERSION_PATCHLEVEL 2
| /* end confdefs.h.  */
| #include <ac_nonexistent.h>
configure:11391: checking for cpp
configure:11415: found /usr/bin/cpp
configure:11427: result: /usr/bin/cpp
configure:11453: checking if /usr/bin/cpp requires -undef
configure:11465: result: yes
configure:11478: checking if /usr/bin/cpp requires -traditional
configure:11491: result: yes
configure:11662: checking for launchd
configure:11695: result: no
configure:11732: checking for XINIT
configure:11739: $PKG_CONFIG --exists --print-errors "x11 xproto >= 7.0.17"
configure:11742: $? = 0
configure:11756: $PKG_CONFIG --exists --print-errors "x11 xproto >= 7.0.17"
configure:11759: $? = 0
configure:11817: result: yes
configure:11833: checking for mcookie
configure:11857: found /usr/bin/mcookie
configure:11869: result: /usr/bin/mcookie
configure:11948: startx will depend on "/usr/bin/mcookie" to generate xauth cookies
configure:12090: checking that generated files are newer than configure
configure:12096: result: done
configure:12127: creating ./config.status

## ---------------------- ##
## Running config.status. ##
## ---------------------- ##

This file was extended by xinit config.status 1.4.2, which was
generated by GNU Autoconf 2.71.  Invocation command line was

  CONFIG_FILES    = 
  CONFIG_HEADERS  = 
  CONFIG_LINKS    = 
  CONFIG_COMMANDS = 
  $ ./config.status 

on mearvk-X900-A8800

config.status:930: creating Makefile
config.status:930: creating man/Makefile
config.status:930: creating launchd/Makefile
config.status:930: creating launchd/privileged_startx/Makefile
config.status:930: creating launchd/user_startx/Makefile
config.status:930: creating config.h
config.status:1159: executing depfiles commands
config.status:1236: cd .       && sed -e '/# am--include-marker/d' Makefile         | make -f - am--depfiles
make[2]: Entering directory '/home/mearvk/IdeaProjects/Ubuntu.Determinant.Alpha.Restricted/userland/x11/_build/xinit-1.4.2'
make[2]: Leaving directory '/home/mearvk/IdeaProjects/Ubuntu.Determinant.Alpha.Restricted/userland/x11/_build/xinit-1.4.2'
config.status:1241: $? = 0
config.status:1236: cd launchd/privileged_startx       && sed -e '/# am--include-marker/d' Makefile         | make -f - am--depfiles
make[2]: Entering directory '/home/mearvk/IdeaProjects/Ubuntu.Determinant.Alpha.Restricted/userland/x11/_build/xinit-1.4.2/launchd/privileged_startx'
make[2]: Leaving directory '/home/mearvk/IdeaProjects/Ubuntu.Determinant.Alpha.Restricted/userland/x11/_build/xinit-1.4.2/launchd/privileged_startx'
config.status:1241: $? = 0
config.status:1236: cd launchd/user_startx       && sed -e '/# am--include-marker/d' Makefile         | make -f - am--depfiles
make[2]: Entering directory '/home/mearvk/IdeaProjects/Ubuntu.Determinant.Alpha.Restricted/userland/x11/_build/xinit-1.4.2/launchd/user_startx'
make[2]: Leaving directory '/home/mearvk/IdeaProjects/Ubuntu.Determinant.Alpha.Restricted/userland/x11/_build/xinit-1.4.2/launchd/user_startx'
config.status:1241: $? = 0

## ---------------- ##
## Cache variables. ##
## ---------------- ##

ac_cv_build=x86_64-pc-linux-gnu
ac_cv_c_compiler_gnu=yes
ac_cv_c_undeclared_builtin_options='none needed'
ac_cv_env_CC_set=
ac_cv_env_CC_value=
ac_cv_env_CFLAGS_set=
ac_cv_env_CFLAGS_value=
ac_cv_env_CPPFLAGS_set=
ac_cv_env_CPPFLAGS_value=
ac_cv_env_CPP_set=
ac_cv_env_CPP_value=
ac_cv_env_LDFLAGS_set=
ac_cv_env_LDFLAGS_value=
ac_cv_env_LIBS_set=
ac_cv_env_LIBS_value=
ac_cv_env_PKG_CONFIG_LIBDIR_set=
ac_cv_env_PKG_CONFIG_LIBDIR_value=
ac_cv_env_PKG_CONFIG_PATH_set=set
ac_cv_env_PKG_CONFIG_PATH_value=/home/mearvk/IdeaProjects/Ubuntu.Determinant.Alpha.Restricted/userland/x11/_build/sysroot/usr/lib/pkgconfig:/home/mearvk/IdeaProjects/Ubuntu.Determinant.Alpha.Restricted/userland/x11/_build/sysroot/usr/lib/x86_64-linux-gnu/pkgconfig:/home/mearvk/IdeaProjects/Ubuntu.Determinant.Alpha.Restricted/userland/x11/_build/sysroot/usr/share/pkgconfig:/usr/lib/x86_64-linux-gnu/pkgconfig:/usr/lib/pkgconfig:/usr/share/pkgconfig
ac_cv_env_PKG_CONFIG_set=
ac_cv_env_PKG_CONFIG_value=
ac_cv_env_XINIT_CFLAGS_set=
ac_cv_env_XINIT_CFLAGS_value=
ac_cv_env_XINIT_LIBS_set=
ac_cv_env_XINIT_LIBS_value=
ac_cv_env_build_alias_set=
ac_cv_env_build_alias_value=
ac_cv_env_host_alias_set=
ac_cv_env_host_alias_value=
ac_cv_env_target_alias_set=
ac_cv_env_target_alias_value=
ac_cv_have_decl___INTEL_COMPILER=no
ac_cv_have_decl___SUNPRO_C=no
ac_cv_have_decl___clang__=no
ac_cv_header_inttypes_h=yes
ac_cv_header_stdint_h=yes
ac_cv_header_stdio_h=yes
ac_cv_header_stdlib_h=yes
ac_cv_header_string_h=yes
ac_cv_header_strings_h=yes
ac_cv_header_sys_stat_h=yes
ac_cv_header_sys_types_h=yes
ac_cv_header_unistd_h=yes
ac_cv_host=x86_64-pc-linux-gnu
ac_cv_objext=o
ac_cv_path_MCOOKIE=/usr/bin/mcookie
ac_cv_path_SED=/usr/bin/sed
ac_cv_path_ac_pt_PKG_CONFIG=/usr/bin/pkg-config
ac_cv_path_ac_pt_RAWCPP=/usr/bin/cpp
ac_cv_path_install='/usr/bin/install -c'
ac_cv_path_mkdir=/usr/bin/mkdir
ac_cv_prog_AWK=mawk
ac_cv_prog_CPP='gcc -E'
ac_cv_prog_LAUNCHD=no
ac_cv_prog_ac_ct_CC=gcc
ac_cv_prog_cc_c11=
ac_cv_prog_cc_g=yes
ac_cv_prog_cc_stdc=
ac_cv_prog_make_make_set=yes
am_cv_CC_dependencies_compiler_type=gcc3
am_cv_make_support_nested_variables=yes
am_cv_prog_cc_c_o=yes
pkg_cv_XINIT_CFLAGS=
pkg_cv_XINIT_LIBS='-lX11 '
xorg_cv_cc_flag__Wall=yes
xorg_cv_cc_flag__Wbad_function_cast=yes
xorg_cv_cc_flag__Wdeclaration_after_statement=yes
xorg_cv_cc_flag__Werror=yes
xorg_cv_cc_flag__Werror_address=yes
xorg_cv_cc_flag__Werror_array_bounds=yes
xorg_cv_cc_flag__Werror_attributes=yes
xorg_cv_cc_flag__Werror_implicit=yes
xorg_cv_cc_flag__Werror_init_self=yes
xorg_cv_cc_flag__Werror_int_to_pointer_cast=yes
xorg_cv_cc_flag__Werror_main=yes
xorg_cv_cc_flag__Werror_missing_braces=yes
xorg_cv_cc_flag__Werror_nonnull=yes
xorg_cv_cc_flag__Werror_pointer_to_int_cast=yes
xorg_cv_cc_flag__Werror_return_type=yes
xorg_cv_cc_flag__Werror_sequence_point=yes
xorg_cv_cc_flag__Werror_trigraphs=yes
xorg_cv_cc_flag__Werror_write_strings=yes
xorg_cv_cc_flag__Wformat_2=yes
xorg_cv_cc_flag__Wlogical_op=yes
xorg_cv_cc_flag__Wmissing_declarations=yes
xorg_cv_cc_flag__Wmissing_format_attribute=yes
xorg_cv_cc_flag__Wmissing_noreturn=yes
xorg_cv_cc_flag__Wmissing_prototypes=yes
xorg_cv_cc_flag__Wnested_externs=yes
xorg_cv_cc_flag__Wold_style_definition=yes
xorg_cv_cc_flag__Wpointer_arith=yes
xorg_cv_cc_flag__Wredundant_decls=yes
xorg_cv_cc_flag__Wshadow=yes
xorg_cv_cc_flag__Wstrict_prototypes=yes
xorg_cv_cc_flag__Wuninitialized=yes
xorg_cv_cc_flag__Wunused=yes
xorg_cv_cc_flag__pedantic=yes
xorg_cv_cc_flag_unknown_warning_option=no
xorg_cv_cc_flag_unused_command_line_argument=no

## ----------------- ##
## Output variables. ##
## ----------------- ##

ACLOCAL='${SHELL} '\''/home/mearvk/IdeaProjects/Ubuntu.Determinant.Alpha.Restricted/userland/x11/_build/xinit-1.4.2/missing'\'' aclocal-1.16'
ADMIN_MAN_DIR='$(mandir)/man$(ADMIN_MAN_SUFFIX)'
ADMIN_MAN_SUFFIX='8'
AMDEPBACKSLASH='\'
AMDEP_FALSE='#'
AMDEP_TRUE=''
AMTAR='$${TAR-tar}'
AM_BACKSLASH='\'
AM_DEFAULT_V='$(AM_DEFAULT_VERBOSITY)'
AM_DEFAULT_VERBOSITY='0'
AM_V='$(V)'
APP_MAN_DIR='$(mandir)/man$(APP_MAN_SUFFIX)'
APP_MAN_SUFFIX='1'
AUTOCONF='${SHELL} '\''/home/mearvk/IdeaProjects/Ubuntu.Determinant.Alpha.Restricted/userland/x11/_build/xinit-1.4.2/missing'\'' autoconf'
AUTOHEADER='${SHELL} '\''/home/mearvk/IdeaProjects/Ubuntu.Determinant.Alpha.Restricted/userland/x11/_build/xinit-1.4.2/missing'\'' autoheader'
AUTOMAKE='${SHELL} '\''/home/mearvk/IdeaProjects/Ubuntu.Determinant.Alpha.Restricted/userland/x11/_build/xinit-1.4.2/missing'\'' automake-1.16'
AWK='mawk'
BASE_CFLAGS=' -Wall -Wpointer-arith -Wmissing-declarations -Wformat=2 -Wstrict-prototypes -Wmissing-prototypes -Wnested-externs -Wbad-function-cast -Wold-style-definition -Wdeclaration-after-statement -Wunused -Wuninitialized -Wshadow -Wmissing-noreturn -Wmissing-format-attribute -Wredundant-decls -Wlogical-op -Werror=implicit -Werror=nonnull -Werror=init-self -Werror=main -Werror=missing-braces -Werror=sequence-point -Werror=return-type -Werror=trigraphs -Werror=array-bounds -Werror=write-strings -Werror=address -Werror=int-to-pointer-cast -Werror=pointer-to-int-cast'
CC='gcc'
CCDEPMODE='depmode=gcc3'
CFLAGS='-g -O2'
CHANGELOG_CMD='((GIT_DIR=$(top_srcdir)/.git git log > $(top_srcdir)/.changelog.tmp) 2>/dev/null && mv $(top_srcdir)/.changelog.tmp $(top_srcdir)/ChangeLog) || (rm -f $(top_srcdir)/.changelog.tmp; test -e $(top_srcdir)/ChangeLog || ( touch $(top_srcdir)/ChangeLog; echo '\''git failed to create ChangeLog: installing empty ChangeLog.'\'' >&2))'
CPP='gcc -E'
CPPFLAGS=''
CSCOPE='cscope'
CTAGS='ctags'
CWARNFLAGS=' -Wall -Wpointer-arith -Wmissing-declarations -Wformat=2 -Wstrict-prototypes -Wmissing-prototypes -Wnested-externs -Wbad-function-cast -Wold-style-definition -Wdeclaration-after-statement -Wunused -Wuninitialized -Wshadow -Wmissing-noreturn -Wmissing-format-attribute -Wredundant-decls -Wlogical-op -Werror=implicit -Werror=nonnull -Werror=init-self -Werror=main -Werror=missing-braces -Werror=sequence-point -Werror=return-type -Werror=trigraphs -Werror=array-bounds -Werror=write-strings -Werror=address -Werror=int-to-pointer-cast -Werror=pointer-to-int-cast -fno-strict-aliasing'
CYGPATH_W='echo'
DEFS='-DHAVE_CONFIG_H'
DEPDIR='.deps'
DRIVER_MAN_DIR='$(mandir)/man$(DRIVER_MAN_SUFFIX)'
DRIVER_MAN_SUFFIX='4'
ECHO_C=''
ECHO_N='-n'
ECHO_T=''
ETAGS='etags'
EXEEXT=''
FILE_MAN_DIR='$(mandir)/man$(FILE_MAN_SUFFIX)'
FILE_MAN_SUFFIX='5'
INSTALL_CMD='(cp -f /INSTALL $(top_srcdir)/.INSTALL.tmp && mv $(top_srcdir)/.INSTALL.tmp $(top_srcdir)/INSTALL) || (rm -f $(top_srcdir)/.INSTALL.tmp; test -e $(top_srcdir)/INSTALL || ( touch $(top_srcdir)/INSTALL; echo '\''failed to copy INSTALL from util-macros: installing empty INSTALL.'\'' >&2))'
INSTALL_DATA='${INSTALL} -m 644'
INSTALL_PROGRAM='${INSTALL}'
INSTALL_SCRIPT='${INSTALL}'
INSTALL_STRIP_PROGRAM='$(install_sh) -c -s'
LAUNCHAGENT_XSERVER_FALSE=''
LAUNCHAGENT_XSERVER_TRUE='#'
LAUNCHD='no'
LAUNCHD_FALSE=''
LAUNCHD_TRUE='#'
LDFLAGS=''
LIBOBJS=''
LIBS=''
LIB_MAN_DIR='$(mandir)/man$(LIB_MAN_SUFFIX)'
LIB_MAN_SUFFIX='3'
LTLIBOBJS=''
MAKEINFO='${SHELL} '\''/home/mearvk/IdeaProjects/Ubuntu.Determinant.Alpha.Restricted/userland/x11/_build/xinit-1.4.2/missing'\'' makeinfo'
MAN_SUBSTS='	-e '\''s|__vendorversion__|"$(PACKAGE_STRING)" "$(XORG_MAN_PAGE)"|'\'' 	-e '\''s|__xorgversion__|"$(PACKAGE_STRING)" "$(XORG_MAN_PAGE)"|'\'' 	-e '\''s|__xservername__|Xorg|g'\'' 	-e '\''s|__xconfigfile__|xorg.conf|g'\'' 	-e '\''s|__projectroot__|$(prefix)|g'\'' 	-e '\''s|__apploaddir__|$(appdefaultdir)|g'\'' 	-e '\''s|__appmansuffix__|$(APP_MAN_SUFFIX)|g'\'' 	-e '\''s|__drivermansuffix__|$(DRIVER_MAN_SUFFIX)|g'\'' 	-e '\''s|__adminmansuffix__|$(ADMIN_MAN_SUFFIX)|g'\'' 	-e '\''s|__libmansuffix__|$(LIB_MAN_SUFFIX)|g'\'' 	-e '\''s|__miscmansuffix__|$(MISC_MAN_SUFFIX)|g'\'' 	-e '\''s|__filemansuffix__|$(FILE_MAN_SUFFIX)|g'\'''
MCOOKIE='/usr/bin/mcookie'
MISC_MAN_DIR='$(mandir)/man$(MISC_MAN_SUFFIX)'
MISC_MAN_SUFFIX='7'
MKDIR_P='/usr/bin/mkdir -p'
OBJEXT='o'
OPENSSL=''
PACKAGE='xinit'
PACKAGE_BUGREPORT='https://gitlab.freedesktop.org/xorg/app/xinit/-/issues'
PACKAGE_NAME='xinit'
PACKAGE_STRING='xinit 1.4.2'
PACKAGE_TARNAME='xinit'
PACKAGE_URL=''
PACKAGE_VERSION='1.4.2'
PATH_SEPARATOR=':'
PKG_CONFIG='/usr/bin/pkg-config'
PKG_CONFIG_LIBDIR=''
PKG_CONFIG_PATH='/home/mearvk/IdeaProjects/Ubuntu.Determinant.Alpha.Restricted/userland/x11/_build/sysroot/usr/lib/pkgconfig:/home/mearvk/IdeaProjects/Ubuntu.Determinant.Alpha.Restricted/userland/x11/_build/sysroot/usr/lib/x86_64-linux-gnu/pkgconfig:/home/mearvk/IdeaProjects/Ubuntu.Determinant.Alpha.Restricted/userland/x11/_build/sysroot/usr/share/pkgconfig:/usr/lib/x86_64-linux-gnu/pkgconfig:/usr/lib/pkgconfig:/usr/share/pkgconfig'
RAWCPP='/usr/bin/cpp'
RAWCPPFLAGS='-undef -traditional'
SED='/usr/bin/sed'
SET_MAKE=''
SHELL='/bin/bash'
SHELL_CMD='/bin/sh'
STARTX_COOKIE_FLAGS='-DHAS_COOKIE_MAKER -DMK_COOKIE="$(MCOOKIE)"'
STRICT_CFLAGS=' -pedantic -Werror -Werror=attributes'
STRIP=''
TRADITIONALCPPFLAGS='-traditional'
TWM='twm'
VERSION='1.4.2'
XAUTH='xauth'
XCLOCK='xclock'
XCONFIGFILE='xorg.conf'
XCONFIGFILEMAN='${XCONFIGFILE} (${FILE_MAN_SUFFIX})'
XINIT='xinit'
XINITDIR='${prefix}/etc/X11/xinit'
XINIT_CFLAGS=''
XINIT_LIBS='-lX11 '
XMODMAP='xmodmap'
XORG_MAN_PAGE='X Version 11'
XRDB='xrdb'
XSERVER='${exec_prefix}/bin/X'
XSERVERNAME='Xorg'
XTERM='xterm'
ac_ct_CC='gcc'
am__EXEEXT_FALSE=''
am__EXEEXT_TRUE='#'
am__fastdepCC_FALSE='#'
am__fastdepCC_TRUE=''
am__include='include'
am__isrc=''
am__leading_dot='.'
am__nodep='_no'
am__quote=''
am__tar='$${TAR-tar} chof - "$$tardir"'
am__untar='$${TAR-tar} xf -'
bindir='${exec_prefix}/bin'
build='x86_64-pc-linux-gnu'
build_alias=''
build_cpu='x86_64'
build_os='linux-gnu'
build_vendor='pc'
bundleidprefix='org.x'
datadir='${datarootdir}'
datarootdir='${prefix}/share'
docdir='${datarootdir}/doc/${PACKAGE_TARNAME}'
dvidir='${docdir}'
exec_prefix='${prefix}'
host='x86_64-pc-linux-gnu'
host_alias=''
host_cpu='x86_64'
host_os='linux-gnu'
host_vendor='pc'
htmldir='${docdir}'
includedir='${prefix}/include'
infodir='${datarootdir}/info'
install_sh='${SHELL} /home/mearvk/IdeaProjects/Ubuntu.Determinant.Alpha.Restricted/userland/x11/_build/xinit-1.4.2/install-sh'
launchagentsdir='/Library/LaunchAgents'
launchagentxserver='no'
launchdaemonsdir='/Library/LaunchDaemons'
libdir='${exec_prefix}/lib'
libexecdir='${exec_prefix}/libexec'
localedir='${datarootdir}/locale'
localstatedir='${prefix}/var'
mandir='${datarootdir}/man'
mkdir_p='$(MKDIR_P)'
oldincludedir='/usr/include'
pdfdir='${docdir}'
prefix='/usr'
program_transform_name='s,x,x,'
psdir='${docdir}'
runstatedir='${localstatedir}/run'
sbindir='${exec_prefix}/sbin'
sharedstatedir='${prefix}/com'
sysconfdir='${prefix}/etc'
target_alias=''

## ----------- ##
## confdefs.h. ##
## ----------- ##

/* confdefs.h */
#define PACKAGE_NAME "xinit"
#define PACKAGE_TARNAME "xinit"
#define PACKAGE_VERSION "1.4.2"
#define PACKAGE_STRING "xinit 1.4.2"
#define PACKAGE_BUGREPORT "https://gitlab.freedesktop.org/xorg/app/xinit/-/issues"
#define PACKAGE_URL ""
#define PACKAGE "xinit"
#define VERSION "1.4.2"
#define HAVE_STDIO_H 1
#define HAVE_STDLIB_H 1
#define HAVE_STRING_H 1
#define HAVE_INTTYPES_H 1
#define HAVE_STDINT_H 1
#define HAVE_STRINGS_H 1
#define HAVE_SYS_STAT_H 1
#define HAVE_SYS_TYPES_H 1
#define HAVE_UNISTD_H 1
#define STDC_HEADERS 1
#define PACKAGE_VERSION_MAJOR 1
#define PACKAGE_VERSION_MINOR 4
#define PACKAGE_VERSION_PATCHLEVEL 2
#define BUNDLE_ID_PREFIX "org.x"

configure: exit 0
